[2026-08-12T04:31:34.766+0000] {processor.py:186} INFO - Started process (PID=104) to work on /home/airflow/.local/lib/python3.12/site-packages/airflow/example_dags/example_task_group.py
[2026-08-12T04:31:34.768+0000] {processor.py:914} INFO - Processing file /home/airflow/.local/lib/python3.12/site-packages/airflow/example_dags/example_task_group.py for tasks to queue
[2026-08-12T04:31:34.772+0000] {logging_mixin.py:190} INFO - [2026-08-12T04:31:34.772+0000] {dagbag.py:587} INFO - Filling up the DagBag from /home/airflow/.local/lib/python3.12/site-packages/airflow/example_dags/example_task_group.py
[2026-08-12T04:31:34.784+0000] {processor.py:925} INFO - DAG(s) 'example_task_group' retrieved from /home/airflow/.local/lib/python3.12/site-packages/airflow/example_dags/example_task_group.py
[2026-08-12T04:31:34.929+0000] {logging_mixin.py:190} INFO - [2026-08-12T04:31:34.928+0000] {override.py:1858} INFO - Created Permission View: can read on DAG:example_task_group
[2026-08-12T04:31:34.944+0000] {logging_mixin.py:190} INFO - [2026-08-12T04:31:34.943+0000] {override.py:1858} INFO - Created Permission View: can edit on DAG:example_task_group
[2026-08-12T04:31:34.956+0000] {logging_mixin.py:190} INFO - [2026-08-12T04:31:34.956+0000] {override.py:1858} INFO - Created Permission View: can delete on DAG:example_task_group
[2026-08-12T04:31:34.958+0000] {logging_mixin.py:190} INFO - [2026-08-12T04:31:34.957+0000] {dag.py:3211} INFO - Sync 1 DAGs
[2026-08-12T04:31:34.977+0000] {logging_mixin.py:190} INFO - [2026-08-12T04:31:34.977+0000] {dag.py:3234} INFO - Creating ORM DAG for example_task_group
[2026-08-12T04:31:34.991+0000] {logging_mixin.py:190} INFO - [2026-08-12T04:31:34.991+0000] {dag.py:4138} INFO - Setting next_dagrun for example_task_group to 2026-08-11 00:00:00+00:00, run_after=2026-08-12 00:00:00+00:00
[2026-08-12T04:31:35.016+0000] {processor.py:208} INFO - Processing /home/airflow/.local/lib/python3.12/site-packages/airflow/example_dags/example_task_group.py took 0.257 seconds
[2026-08-12T04:32:05.940+0000] {processor.py:186} INFO - Started process (PID=166) to work on /home/airflow/.local/lib/python3.12/site-packages/airflow/example_dags/example_task_group.py
[2026-08-12T04:32:05.941+0000] {processor.py:914} INFO - Processing file /home/airflow/.local/lib/python3.12/site-packages/airflow/example_dags/example_task_group.py for tasks to queue
[2026-08-12T04:32:05.945+0000] {logging_mixin.py:190} INFO - [2026-08-12T04:32:05.944+0000] {dagbag.py:587} INFO - Filling up the DagBag from /home/airflow/.local/lib/python3.12/site-packages/airflow/example_dags/example_task_group.py
[2026-08-12T04:32:05.954+0000] {processor.py:925} INFO - DAG(s) 'example_task_group' retrieved from /home/airflow/.local/lib/python3.12/site-packages/airflow/example_dags/example_task_group.py
[2026-08-12T04:32:05.977+0000] {logging_mixin.py:190} INFO - [2026-08-12T04:32:05.977+0000] {dag.py:3211} INFO - Sync 1 DAGs
[2026-08-12T04:32:06.000+0000] {logging_mixin.py:190} INFO - [2026-08-12T04:32:05.999+0000] {dag.py:4138} INFO - Setting next_dagrun for example_task_group to 2026-08-11 00:00:00+00:00, run_after=2026-08-12 00:00:00+00:00
[2026-08-12T04:32:06.026+0000] {processor.py:208} INFO - Processing /home/airflow/.local/lib/python3.12/site-packages/airflow/example_dags/example_task_group.py took 0.093 seconds
[2026-08-12T04:33:21.755+0000] {processor.py:186} INFO - Started process (PID=91) to work on /home/airflow/.local/lib/python3.12/site-packages/airflow/example_dags/example_task_group.py
[2026-08-12T04:33:21.758+0000] {processor.py:914} INFO - Processing file /home/airflow/.local/lib/python3.12/site-packages/airflow/example_dags/example_task_group.py for tasks to queue
[2026-08-12T04:33:21.762+0000] {logging_mixin.py:190} INFO - [2026-08-12T04:33:21.761+0000] {dagbag.py:587} INFO - Filling up the DagBag from /home/airflow/.local/lib/python3.12/site-packages/airflow/example_dags/example_task_group.py
[2026-08-12T04:33:21.787+0000] {processor.py:925} INFO - DAG(s) 'example_task_group' retrieved from /home/airflow/.local/lib/python3.12/site-packages/airflow/example_dags/example_task_group.py
[2026-08-12T04:33:21.814+0000] {logging_mixin.py:190} INFO - [2026-08-12T04:33:21.813+0000] {dag.py:3211} INFO - Sync 1 DAGs
[2026-08-12T04:33:21.841+0000] {logging_mixin.py:190} INFO - [2026-08-12T04:33:21.841+0000] {dag.py:4138} INFO - Setting next_dagrun for example_task_group to 2026-08-11 00:00:00+00:00, run_after=2026-08-12 00:00:00+00:00
[2026-08-12T04:33:21.868+0000] {processor.py:208} INFO - Processing /home/airflow/.local/lib/python3.12/site-packages/airflow/example_dags/example_task_group.py took 0.120 seconds
[2026-08-12T04:33:52.621+0000] {processor.py:186} INFO - Started process (PID=153) to work on /home/airflow/.local/lib/python3.12/site-packages/airflow/example_dags/example_task_group.py
[2026-08-12T04:33:52.623+0000] {processor.py:914} INFO - Processing file /home/airflow/.local/lib/python3.12/site-packages/airflow/example_dags/example_task_group.py for tasks to queue
[2026-08-12T04:33:52.625+0000] {logging_mixin.py:190} INFO - [2026-08-12T04:33:52.625+0000] {dagbag.py:587} INFO - Filling up the DagBag from /home/airflow/.local/lib/python3.12/site-packages/airflow/example_dags/example_task_group.py
[2026-08-12T04:33:52.634+0000] {processor.py:925} INFO - DAG(s) 'example_task_group' retrieved from /home/airflow/.local/lib/python3.12/site-packages/airflow/example_dags/example_task_group.py
[2026-08-12T04:33:52.658+0000] {logging_mixin.py:190} INFO - [2026-08-12T04:33:52.658+0000] {dag.py:3211} INFO - Sync 1 DAGs
[2026-08-12T04:33:52.683+0000] {logging_mixin.py:190} INFO - [2026-08-12T04:33:52.682+0000] {dag.py:4138} INFO - Setting next_dagrun for example_task_group to 2026-08-11 00:00:00+00:00, run_after=2026-08-12 00:00:00+00:00
[2026-08-12T04:33:52.710+0000] {processor.py:208} INFO - Processing /home/airflow/.local/lib/python3.12/site-packages/airflow/example_dags/example_task_group.py took 0.095 seconds
[2026-08-12T04:34:22.932+0000] {processor.py:186} INFO - Started process (PID=215) to work on /home/airflow/.local/lib/python3.12/site-packages/airflow/example_dags/example_task_group.py
[2026-08-12T04:34:22.934+0000] {processor.py:914} INFO - Processing file /home/airflow/.local/lib/python3.12/site-packages/airflow/example_dags/example_task_group.py for tasks to queue
[2026-08-12T04:34:22.937+0000] {logging_mixin.py:190} INFO - [2026-08-12T04:34:22.936+0000] {dagbag.py:587} INFO - Filling up the DagBag from /home/airflow/.local/lib/python3.12/site-packages/airflow/example_dags/example_task_group.py
[2026-08-12T04:34:22.945+0000] {processor.py:925} INFO - DAG(s) 'example_task_group' retrieved from /home/airflow/.local/lib/python3.12/site-packages/airflow/example_dags/example_task_group.py
[2026-08-12T04:34:22.967+0000] {logging_mixin.py:190} INFO - [2026-08-12T04:34:22.967+0000] {dag.py:3211} INFO - Sync 1 DAGs
[2026-08-12T04:34:22.992+0000] {logging_mixin.py:190} INFO - [2026-08-12T04:34:22.991+0000] {dag.py:4138} INFO - Setting next_dagrun for example_task_group to 2026-08-11 00:00:00+00:00, run_after=2026-08-12 00:00:00+00:00
[2026-08-12T04:34:23.021+0000] {processor.py:208} INFO - Processing /home/airflow/.local/lib/python3.12/site-packages/airflow/example_dags/example_task_group.py took 0.094 seconds
[2026-08-12T04:34:53.177+0000] {processor.py:186} INFO - Started process (PID=276) to work on /home/airflow/.local/lib/python3.12/site-packages/airflow/example_dags/example_task_group.py
[2026-08-12T04:34:53.178+0000] {processor.py:914} INFO - Processing file /home/airflow/.local/lib/python3.12/site-packages/airflow/example_dags/example_task_group.py for tasks to queue
[2026-08-12T04:34:53.181+0000] {logging_mixin.py:190} INFO - [2026-08-12T04:34:53.181+0000] {dagbag.py:587} INFO - Filling up the DagBag from /home/airflow/.local/lib/python3.12/site-packages/airflow/example_dags/example_task_group.py
[2026-08-12T04:34:53.191+0000] {processor.py:925} INFO - DAG(s) 'example_task_group' retrieved from /home/airflow/.local/lib/python3.12/site-packages/airflow/example_dags/example_task_group.py
[2026-08-12T04:34:53.212+0000] {logging_mixin.py:190} INFO - [2026-08-12T04:34:53.212+0000] {dag.py:3211} INFO - Sync 1 DAGs
[2026-08-12T04:34:53.247+0000] {logging_mixin.py:190} INFO - [2026-08-12T04:34:53.247+0000] {dag.py:4138} INFO - Setting next_dagrun for example_task_group to 2026-08-11 00:00:00+00:00, run_after=2026-08-12 00:00:00+00:00
[2026-08-12T04:34:53.283+0000] {processor.py:208} INFO - Processing /home/airflow/.local/lib/python3.12/site-packages/airflow/example_dags/example_task_group.py took 0.112 seconds
[2026-08-12T04:35:23.352+0000] {processor.py:186} INFO - Started process (PID=339) to work on /home/airflow/.local/lib/python3.12/site-packages/airflow/example_dags/example_task_group.py
[2026-08-12T04:35:23.354+0000] {processor.py:914} INFO - Processing file /home/airflow/.local/lib/python3.12/site-packages/airflow/example_dags/example_task_group.py for tasks to queue
[2026-08-12T04:35:23.357+0000] {logging_mixin.py:190} INFO - [2026-08-12T04:35:23.356+0000] {dagbag.py:587} INFO - Filling up the DagBag from /home/airflow/.local/lib/python3.12/site-packages/airflow/example_dags/example_task_group.py
[2026-08-12T04:35:23.365+0000] {processor.py:925} INFO - DAG(s) 'example_task_group' retrieved from /home/airflow/.local/lib/python3.12/site-packages/airflow/example_dags/example_task_group.py
[2026-08-12T04:35:23.387+0000] {logging_mixin.py:190} INFO - [2026-08-12T04:35:23.386+0000] {dag.py:3211} INFO - Sync 1 DAGs
[2026-08-12T04:35:23.409+0000] {logging_mixin.py:190} INFO - [2026-08-12T04:35:23.408+0000] {dag.py:4138} INFO - Setting next_dagrun for example_task_group to 2026-08-11 00:00:00+00:00, run_after=2026-08-12 00:00:00+00:00
[2026-08-12T04:35:23.430+0000] {processor.py:208} INFO - Processing /home/airflow/.local/lib/python3.12/site-packages/airflow/example_dags/example_task_group.py took 0.083 seconds
[2026-08-12T04:35:53.508+0000] {processor.py:186} INFO - Started process (PID=401) to work on /home/airflow/.local/lib/python3.12/site-packages/airflow/example_dags/example_task_group.py
[2026-08-12T04:35:53.510+0000] {processor.py:914} INFO - Processing file /home/airflow/.local/lib/python3.12/site-packages/airflow/example_dags/example_task_group.py for tasks to queue
[2026-08-12T04:35:53.513+0000] {logging_mixin.py:190} INFO - [2026-08-12T04:35:53.513+0000] {dagbag.py:587} INFO - Filling up the DagBag from /home/airflow/.local/lib/python3.12/site-packages/airflow/example_dags/example_task_group.py
[2026-08-12T04:35:53.522+0000] {processor.py:925} INFO - DAG(s) 'example_task_group' retrieved from /home/airflow/.local/lib/python3.12/site-packages/airflow/example_dags/example_task_group.py
[2026-08-12T04:35:53.546+0000] {logging_mixin.py:190} INFO - [2026-08-12T04:35:53.546+0000] {dag.py:3211} INFO - Sync 1 DAGs
[2026-08-12T04:35:53.569+0000] {logging_mixin.py:190} INFO - [2026-08-12T04:35:53.569+0000] {dag.py:4138} INFO - Setting next_dagrun for example_task_group to 2026-08-11 00:00:00+00:00, run_after=2026-08-12 00:00:00+00:00
[2026-08-12T04:35:53.598+0000] {processor.py:208} INFO - Processing /home/airflow/.local/lib/python3.12/site-packages/airflow/example_dags/example_task_group.py took 0.096 seconds
[2026-08-12T04:36:23.977+0000] {processor.py:186} INFO - Started process (PID=463) to work on /home/airflow/.local/lib/python3.12/site-packages/airflow/example_dags/example_task_group.py
[2026-08-12T04:36:23.979+0000] {processor.py:914} INFO - Processing file /home/airflow/.local/lib/python3.12/site-packages/airflow/example_dags/example_task_group.py for tasks to queue
[2026-08-12T04:36:23.981+0000] {logging_mixin.py:190} INFO - [2026-08-12T04:36:23.981+0000] {dagbag.py:587} INFO - Filling up the DagBag from /home/airflow/.local/lib/python3.12/site-packages/airflow/example_dags/example_task_group.py
[2026-08-12T04:36:23.990+0000] {processor.py:925} INFO - DAG(s) 'example_task_group' retrieved from /home/airflow/.local/lib/python3.12/site-packages/airflow/example_dags/example_task_group.py
[2026-08-12T04:36:24.014+0000] {logging_mixin.py:190} INFO - [2026-08-12T04:36:24.013+0000] {dag.py:3211} INFO - Sync 1 DAGs
[2026-08-12T04:36:24.040+0000] {logging_mixin.py:190} INFO - [2026-08-12T04:36:24.040+0000] {dag.py:4138} INFO - Setting next_dagrun for example_task_group to 2026-08-11 00:00:00+00:00, run_after=2026-08-12 00:00:00+00:00
[2026-08-12T04:36:24.061+0000] {processor.py:208} INFO - Processing /home/airflow/.local/lib/python3.12/site-packages/airflow/example_dags/example_task_group.py took 0.090 seconds
[2026-08-12T04:36:54.569+0000] {processor.py:186} INFO - Started process (PID=525) to work on /home/airflow/.local/lib/python3.12/site-packages/airflow/example_dags/example_task_group.py
[2026-08-12T04:36:54.570+0000] {processor.py:914} INFO - Processing file /home/airflow/.local/lib/python3.12/site-packages/airflow/example_dags/example_task_group.py for tasks to queue
[2026-08-12T04:36:54.573+0000] {logging_mixin.py:190} INFO - [2026-08-12T04:36:54.573+0000] {dagbag.py:587} INFO - Filling up the DagBag from /home/airflow/.local/lib/python3.12/site-packages/airflow/example_dags/example_task_group.py
[2026-08-12T04:36:54.582+0000] {processor.py:925} INFO - DAG(s) 'example_task_group' retrieved from /home/airflow/.local/lib/python3.12/site-packages/airflow/example_dags/example_task_group.py
[2026-08-12T04:36:54.607+0000] {logging_mixin.py:190} INFO - [2026-08-12T04:36:54.607+0000] {dag.py:3211} INFO - Sync 1 DAGs
[2026-08-12T04:36:54.633+0000] {logging_mixin.py:190} INFO - [2026-08-12T04:36:54.633+0000] {dag.py:4138} INFO - Setting next_dagrun for example_task_group to 2026-08-11 00:00:00+00:00, run_after=2026-08-12 00:00:00+00:00
[2026-08-12T04:36:54.668+0000] {processor.py:208} INFO - Processing /home/airflow/.local/lib/python3.12/site-packages/airflow/example_dags/example_task_group.py took 0.105 seconds
[2026-08-12T04:37:25.474+0000] {processor.py:186} INFO - Started process (PID=587) to work on /home/airflow/.local/lib/python3.12/site-packages/airflow/example_dags/example_task_group.py
[2026-08-12T04:37:25.476+0000] {processor.py:914} INFO - Processing file /home/airflow/.local/lib/python3.12/site-packages/airflow/example_dags/example_task_group.py for tasks to queue
[2026-08-12T04:37:25.480+0000] {logging_mixin.py:190} INFO - [2026-08-12T04:37:25.480+0000] {dagbag.py:587} INFO - Filling up the DagBag from /home/airflow/.local/lib/python3.12/site-packages/airflow/example_dags/example_task_group.py
[2026-08-12T04:37:25.494+0000] {processor.py:925} INFO - DAG(s) 'example_task_group' retrieved from /home/airflow/.local/lib/python3.12/site-packages/airflow/example_dags/example_task_group.py
[2026-08-12T04:37:25.519+0000] {logging_mixin.py:190} INFO - [2026-08-12T04:37:25.518+0000] {dag.py:3211} INFO - Sync 1 DAGs
[2026-08-12T04:37:25.543+0000] {logging_mixin.py:190} INFO - [2026-08-12T04:37:25.543+0000] {dag.py:4138} INFO - Setting next_dagrun for example_task_group to 2026-08-11 00:00:00+00:00, run_after=2026-08-12 00:00:00+00:00
[2026-08-12T04:37:25.569+0000] {processor.py:208} INFO - Processing /home/airflow/.local/lib/python3.12/site-packages/airflow/example_dags/example_task_group.py took 0.103 seconds
[2026-08-12T04:37:56.085+0000] {processor.py:186} INFO - Started process (PID=649) to work on /home/airflow/.local/lib/python3.12/site-packages/airflow/example_dags/example_task_group.py
[2026-08-12T04:37:56.087+0000] {processor.py:914} INFO - Processing file /home/airflow/.local/lib/python3.12/site-packages/airflow/example_dags/example_task_group.py for tasks to queue
[2026-08-12T04:37:56.090+0000] {logging_mixin.py:190} INFO - [2026-08-12T04:37:56.089+0000] {dagbag.py:587} INFO - Filling up the DagBag from /home/airflow/.local/lib/python3.12/site-packages/airflow/example_dags/example_task_group.py
[2026-08-12T04:37:56.103+0000] {processor.py:925} INFO - DAG(s) 'example_task_group' retrieved from /home/airflow/.local/lib/python3.12/site-packages/airflow/example_dags/example_task_group.py
[2026-08-12T04:37:56.127+0000] {logging_mixin.py:190} INFO - [2026-08-12T04:37:56.127+0000] {dag.py:3211} INFO - Sync 1 DAGs
[2026-08-12T04:37:56.164+0000] {logging_mixin.py:190} INFO - [2026-08-12T04:37:56.164+0000] {dag.py:4138} INFO - Setting next_dagrun for example_task_group to 2026-08-11 00:00:00+00:00, run_after=2026-08-12 00:00:00+00:00
[2026-08-12T04:37:56.191+0000] {processor.py:208} INFO - Processing /home/airflow/.local/lib/python3.12/site-packages/airflow/example_dags/example_task_group.py took 0.113 seconds
[2026-08-12T04:38:26.272+0000] {processor.py:186} INFO - Started process (PID=711) to work on /home/airflow/.local/lib/python3.12/site-packages/airflow/example_dags/example_task_group.py
[2026-08-12T04:38:26.274+0000] {processor.py:914} INFO - Processing file /home/airflow/.local/lib/python3.12/site-packages/airflow/example_dags/example_task_group.py for tasks to queue
[2026-08-12T04:38:26.277+0000] {logging_mixin.py:190} INFO - [2026-08-12T04:38:26.277+0000] {dagbag.py:587} INFO - Filling up the DagBag from /home/airflow/.local/lib/python3.12/site-packages/airflow/example_dags/example_task_group.py
[2026-08-12T04:38:26.286+0000] {processor.py:925} INFO - DAG(s) 'example_task_group' retrieved from /home/airflow/.local/lib/python3.12/site-packages/airflow/example_dags/example_task_group.py
[2026-08-12T04:38:26.309+0000] {logging_mixin.py:190} INFO - [2026-08-12T04:38:26.309+0000] {dag.py:3211} INFO - Sync 1 DAGs
[2026-08-12T04:38:26.340+0000] {logging_mixin.py:190} INFO - [2026-08-12T04:38:26.340+0000] {dag.py:4138} INFO - Setting next_dagrun for example_task_group to 2026-08-11 00:00:00+00:00, run_after=2026-08-12 00:00:00+00:00
[2026-08-12T04:38:26.377+0000] {processor.py:208} INFO - Processing /home/airflow/.local/lib/python3.12/site-packages/airflow/example_dags/example_task_group.py took 0.110 seconds
[2026-08-12T04:38:56.745+0000] {processor.py:186} INFO - Started process (PID=773) to work on /home/airflow/.local/lib/python3.12/site-packages/airflow/example_dags/example_task_group.py
[2026-08-12T04:38:56.747+0000] {processor.py:914} INFO - Processing file /home/airflow/.local/lib/python3.12/site-packages/airflow/example_dags/example_task_group.py for tasks to queue
[2026-08-12T04:38:56.750+0000] {logging_mixin.py:190} INFO - [2026-08-12T04:38:56.749+0000] {dagbag.py:587} INFO - Filling up the DagBag from /home/airflow/.local/lib/python3.12/site-packages/airflow/example_dags/example_task_group.py
[2026-08-12T04:38:56.760+0000] {processor.py:925} INFO - DAG(s) 'example_task_group' retrieved from /home/airflow/.local/lib/python3.12/site-packages/airflow/example_dags/example_task_group.py
[2026-08-12T04:38:56.798+0000] {logging_mixin.py:190} INFO - [2026-08-12T04:38:56.798+0000] {dag.py:3211} INFO - Sync 1 DAGs
[2026-08-12T04:38:56.824+0000] {logging_mixin.py:190} INFO - [2026-08-12T04:38:56.824+0000] {dag.py:4138} INFO - Setting next_dagrun for example_task_group to 2026-08-11 00:00:00+00:00, run_after=2026-08-12 00:00:00+00:00
[2026-08-12T04:38:56.846+0000] {processor.py:208} INFO - Processing /home/airflow/.local/lib/python3.12/site-packages/airflow/example_dags/example_task_group.py took 0.106 seconds
[2026-08-12T04:39:27.013+0000] {processor.py:186} INFO - Started process (PID=835) to work on /home/airflow/.local/lib/python3.12/site-packages/airflow/example_dags/example_task_group.py
[2026-08-12T04:39:27.015+0000] {processor.py:914} INFO - Processing file /home/airflow/.local/lib/python3.12/site-packages/airflow/example_dags/example_task_group.py for tasks to queue
[2026-08-12T04:39:27.019+0000] {logging_mixin.py:190} INFO - [2026-08-12T04:39:27.019+0000] {dagbag.py:587} INFO - Filling up the DagBag from /home/airflow/.local/lib/python3.12/site-packages/airflow/example_dags/example_task_group.py
[2026-08-12T04:39:27.036+0000] {processor.py:925} INFO - DAG(s) 'example_task_group' retrieved from /home/airflow/.local/lib/python3.12/site-packages/airflow/example_dags/example_task_group.py
[2026-08-12T04:39:27.062+0000] {logging_mixin.py:190} INFO - [2026-08-12T04:39:27.062+0000] {dag.py:3211} INFO - Sync 1 DAGs
[2026-08-12T04:39:27.095+0000] {logging_mixin.py:190} INFO - [2026-08-12T04:39:27.094+0000] {dag.py:4138} INFO - Setting next_dagrun for example_task_group to 2026-08-11 00:00:00+00:00, run_after=2026-08-12 00:00:00+00:00
[2026-08-12T04:39:27.122+0000] {processor.py:208} INFO - Processing /home/airflow/.local/lib/python3.12/site-packages/airflow/example_dags/example_task_group.py took 0.117 seconds
[2026-08-12T04:39:58.671+0000] {processor.py:186} INFO - Started process (PID=897) to work on /home/airflow/.local/lib/python3.12/site-packages/airflow/example_dags/example_task_group.py
[2026-08-12T04:39:58.673+0000] {processor.py:914} INFO - Processing file /home/airflow/.local/lib/python3.12/site-packages/airflow/example_dags/example_task_group.py for tasks to queue
[2026-08-12T04:39:58.676+0000] {logging_mixin.py:190} INFO - [2026-08-12T04:39:58.676+0000] {dagbag.py:587} INFO - Filling up the DagBag from /home/airflow/.local/lib/python3.12/site-packages/airflow/example_dags/example_task_group.py
[2026-08-12T04:39:58.685+0000] {processor.py:925} INFO - DAG(s) 'example_task_group' retrieved from /home/airflow/.local/lib/python3.12/site-packages/airflow/example_dags/example_task_group.py
[2026-08-12T04:39:58.712+0000] {logging_mixin.py:190} INFO - [2026-08-12T04:39:58.712+0000] {dag.py:3211} INFO - Sync 1 DAGs
[2026-08-12T04:39:58.741+0000] {logging_mixin.py:190} INFO - [2026-08-12T04:39:58.741+0000] {dag.py:4138} INFO - Setting next_dagrun for example_task_group to 2026-08-11 00:00:00+00:00, run_after=2026-08-12 00:00:00+00:00
[2026-08-12T04:39:58.771+0000] {processor.py:208} INFO - Processing /home/airflow/.local/lib/python3.12/site-packages/airflow/example_dags/example_task_group.py took 0.107 seconds
[2026-08-12T04:40:28.825+0000] {processor.py:186} INFO - Started process (PID=959) to work on /home/airflow/.local/lib/python3.12/site-packages/airflow/example_dags/example_task_group.py
[2026-08-12T04:40:28.827+0000] {processor.py:914} INFO - Processing file /home/airflow/.local/lib/python3.12/site-packages/airflow/example_dags/example_task_group.py for tasks to queue
[2026-08-12T04:40:28.829+0000] {logging_mixin.py:190} INFO - [2026-08-12T04:40:28.829+0000] {dagbag.py:587} INFO - Filling up the DagBag from /home/airflow/.local/lib/python3.12/site-packages/airflow/example_dags/example_task_group.py
[2026-08-12T04:40:28.838+0000] {processor.py:925} INFO - DAG(s) 'example_task_group' retrieved from /home/airflow/.local/lib/python3.12/site-packages/airflow/example_dags/example_task_group.py
[2026-08-12T04:40:28.860+0000] {logging_mixin.py:190} INFO - [2026-08-12T04:40:28.859+0000] {dag.py:3211} INFO - Sync 1 DAGs
[2026-08-12T04:40:28.882+0000] {logging_mixin.py:190} INFO - [2026-08-12T04:40:28.882+0000] {dag.py:4138} INFO - Setting next_dagrun for example_task_group to 2026-08-11 00:00:00+00:00, run_after=2026-08-12 00:00:00+00:00
[2026-08-12T04:40:28.904+0000] {processor.py:208} INFO - Processing /home/airflow/.local/lib/python3.12/site-packages/airflow/example_dags/example_task_group.py took 0.085 seconds
[2026-08-12T04:40:59.023+0000] {processor.py:186} INFO - Started process (PID=1021) to work on /home/airflow/.local/lib/python3.12/site-packages/airflow/example_dags/example_task_group.py
[2026-08-12T04:40:59.025+0000] {processor.py:914} INFO - Processing file /home/airflow/.local/lib/python3.12/site-packages/airflow/example_dags/example_task_group.py for tasks to queue
[2026-08-12T04:40:59.029+0000] {logging_mixin.py:190} INFO - [2026-08-12T04:40:59.028+0000] {dagbag.py:587} INFO - Filling up the DagBag from /home/airflow/.local/lib/python3.12/site-packages/airflow/example_dags/example_task_group.py
[2026-08-12T04:40:59.037+0000] {processor.py:925} INFO - DAG(s) 'example_task_group' retrieved from /home/airflow/.local/lib/python3.12/site-packages/airflow/example_dags/example_task_group.py
[2026-08-12T04:40:59.060+0000] {logging_mixin.py:190} INFO - [2026-08-12T04:40:59.059+0000] {dag.py:3211} INFO - Sync 1 DAGs
[2026-08-12T04:40:59.085+0000] {logging_mixin.py:190} INFO - [2026-08-12T04:40:59.085+0000] {dag.py:4138} INFO - Setting next_dagrun for example_task_group to 2026-08-11 00:00:00+00:00, run_after=2026-08-12 00:00:00+00:00
[2026-08-12T04:40:59.111+0000] {processor.py:208} INFO - Processing /home/airflow/.local/lib/python3.12/site-packages/airflow/example_dags/example_task_group.py took 0.093 seconds
[2026-08-12T04:41:29.475+0000] {processor.py:186} INFO - Started process (PID=1083) to work on /home/airflow/.local/lib/python3.12/site-packages/airflow/example_dags/example_task_group.py
[2026-08-12T04:41:29.476+0000] {processor.py:914} INFO - Processing file /home/airflow/.local/lib/python3.12/site-packages/airflow/example_dags/example_task_group.py for tasks to queue
[2026-08-12T04:41:29.480+0000] {logging_mixin.py:190} INFO - [2026-08-12T04:41:29.479+0000] {dagbag.py:587} INFO - Filling up the DagBag from /home/airflow/.local/lib/python3.12/site-packages/airflow/example_dags/example_task_group.py
[2026-08-12T04:41:29.488+0000] {processor.py:925} INFO - DAG(s) 'example_task_group' retrieved from /home/airflow/.local/lib/python3.12/site-packages/airflow/example_dags/example_task_group.py
[2026-08-12T04:41:29.511+0000] {logging_mixin.py:190} INFO - [2026-08-12T04:41:29.510+0000] {dag.py:3211} INFO - Sync 1 DAGs
[2026-08-12T04:41:29.537+0000] {logging_mixin.py:190} INFO - [2026-08-12T04:41:29.537+0000] {dag.py:4138} INFO - Setting next_dagrun for example_task_group to 2026-08-11 00:00:00+00:00, run_after=2026-08-12 00:00:00+00:00
[2026-08-12T04:41:29.565+0000] {processor.py:208} INFO - Processing /home/airflow/.local/lib/python3.12/site-packages/airflow/example_dags/example_task_group.py took 0.096 seconds
[2026-08-12T04:42:00.516+0000] {processor.py:186} INFO - Started process (PID=1145) to work on /home/airflow/.local/lib/python3.12/site-packages/airflow/example_dags/example_task_group.py
[2026-08-12T04:42:00.517+0000] {processor.py:914} INFO - Processing file /home/airflow/.local/lib/python3.12/site-packages/airflow/example_dags/example_task_group.py for tasks to queue
[2026-08-12T04:42:00.520+0000] {logging_mixin.py:190} INFO - [2026-08-12T04:42:00.520+0000] {dagbag.py:587} INFO - Filling up the DagBag from /home/airflow/.local/lib/python3.12/site-packages/airflow/example_dags/example_task_group.py
[2026-08-12T04:42:00.531+0000] {processor.py:925} INFO - DAG(s) 'example_task_group' retrieved from /home/airflow/.local/lib/python3.12/site-packages/airflow/example_dags/example_task_group.py
[2026-08-12T04:42:00.556+0000] {logging_mixin.py:190} INFO - [2026-08-12T04:42:00.556+0000] {dag.py:3211} INFO - Sync 1 DAGs
[2026-08-12T04:42:00.582+0000] {logging_mixin.py:190} INFO - [2026-08-12T04:42:00.582+0000] {dag.py:4138} INFO - Setting next_dagrun for example_task_group to 2026-08-11 00:00:00+00:00, run_after=2026-08-12 00:00:00+00:00
[2026-08-12T04:42:00.606+0000] {processor.py:208} INFO - Processing /home/airflow/.local/lib/python3.12/site-packages/airflow/example_dags/example_task_group.py took 0.097 seconds
[2026-08-12T04:42:31.534+0000] {processor.py:186} INFO - Started process (PID=1207) to work on /home/airflow/.local/lib/python3.12/site-packages/airflow/example_dags/example_task_group.py
[2026-08-12T04:42:31.536+0000] {processor.py:914} INFO - Processing file /home/airflow/.local/lib/python3.12/site-packages/airflow/example_dags/example_task_group.py for tasks to queue
[2026-08-12T04:42:31.540+0000] {logging_mixin.py:190} INFO - [2026-08-12T04:42:31.540+0000] {dagbag.py:587} INFO - Filling up the DagBag from /home/airflow/.local/lib/python3.12/site-packages/airflow/example_dags/example_task_group.py
[2026-08-12T04:42:31.555+0000] {processor.py:925} INFO - DAG(s) 'example_task_group' retrieved from /home/airflow/.local/lib/python3.12/site-packages/airflow/example_dags/example_task_group.py
[2026-08-12T04:42:31.581+0000] {logging_mixin.py:190} INFO - [2026-08-12T04:42:31.580+0000] {dag.py:3211} INFO - Sync 1 DAGs
[2026-08-12T04:42:31.605+0000] {logging_mixin.py:190} INFO - [2026-08-12T04:42:31.605+0000] {dag.py:4138} INFO - Setting next_dagrun for example_task_group to 2026-08-11 00:00:00+00:00, run_after=2026-08-12 00:00:00+00:00
[2026-08-12T04:42:31.634+0000] {processor.py:208} INFO - Processing /home/airflow/.local/lib/python3.12/site-packages/airflow/example_dags/example_task_group.py took 0.108 seconds
[2026-08-12T04:43:02.573+0000] {processor.py:186} INFO - Started process (PID=1269) to work on /home/airflow/.local/lib/python3.12/site-packages/airflow/example_dags/example_task_group.py
[2026-08-12T04:43:02.575+0000] {processor.py:914} INFO - Processing file /home/airflow/.local/lib/python3.12/site-packages/airflow/example_dags/example_task_group.py for tasks to queue
[2026-08-12T04:43:02.578+0000] {logging_mixin.py:190} INFO - [2026-08-12T04:43:02.578+0000] {dagbag.py:587} INFO - Filling up the DagBag from /home/airflow/.local/lib/python3.12/site-packages/airflow/example_dags/example_task_group.py
[2026-08-12T04:43:02.589+0000] {processor.py:925} INFO - DAG(s) 'example_task_group' retrieved from /home/airflow/.local/lib/python3.12/site-packages/airflow/example_dags/example_task_group.py
[2026-08-12T04:43:02.614+0000] {logging_mixin.py:190} INFO - [2026-08-12T04:43:02.614+0000] {dag.py:3211} INFO - Sync 1 DAGs
[2026-08-12T04:43:02.641+0000] {logging_mixin.py:190} INFO - [2026-08-12T04:43:02.641+0000] {dag.py:4138} INFO - Setting next_dagrun for example_task_group to 2026-08-11 00:00:00+00:00, run_after=2026-08-12 00:00:00+00:00
[2026-08-12T04:43:02.679+0000] {processor.py:208} INFO - Processing /home/airflow/.local/lib/python3.12/site-packages/airflow/example_dags/example_task_group.py took 0.113 seconds
[2026-08-12T04:43:33.426+0000] {processor.py:186} INFO - Started process (PID=1331) to work on /home/airflow/.local/lib/python3.12/site-packages/airflow/example_dags/example_task_group.py
[2026-08-12T04:43:33.428+0000] {processor.py:914} INFO - Processing file /home/airflow/.local/lib/python3.12/site-packages/airflow/example_dags/example_task_group.py for tasks to queue
[2026-08-12T04:43:33.432+0000] {logging_mixin.py:190} INFO - [2026-08-12T04:43:33.431+0000] {dagbag.py:587} INFO - Filling up the DagBag from /home/airflow/.local/lib/python3.12/site-packages/airflow/example_dags/example_task_group.py
[2026-08-12T04:43:33.441+0000] {processor.py:925} INFO - DAG(s) 'example_task_group' retrieved from /home/airflow/.local/lib/python3.12/site-packages/airflow/example_dags/example_task_group.py
[2026-08-12T04:43:33.463+0000] {logging_mixin.py:190} INFO - [2026-08-12T04:43:33.462+0000] {dag.py:3211} INFO - Sync 1 DAGs
[2026-08-12T04:43:33.487+0000] {logging_mixin.py:190} INFO - [2026-08-12T04:43:33.487+0000] {dag.py:4138} INFO - Setting next_dagrun for example_task_group to 2026-08-11 00:00:00+00:00, run_after=2026-08-12 00:00:00+00:00
[2026-08-12T04:43:33.525+0000] {processor.py:208} INFO - Processing /home/airflow/.local/lib/python3.12/site-packages/airflow/example_dags/example_task_group.py took 0.104 seconds
[2026-08-12T04:44:04.019+0000] {processor.py:186} INFO - Started process (PID=1393) to work on /home/airflow/.local/lib/python3.12/site-packages/airflow/example_dags/example_task_group.py
[2026-08-12T04:44:04.021+0000] {processor.py:914} INFO - Processing file /home/airflow/.local/lib/python3.12/site-packages/airflow/example_dags/example_task_group.py for tasks to queue
[2026-08-12T04:44:04.024+0000] {logging_mixin.py:190} INFO - [2026-08-12T04:44:04.024+0000] {dagbag.py:587} INFO - Filling up the DagBag from /home/airflow/.local/lib/python3.12/site-packages/airflow/example_dags/example_task_group.py
[2026-08-12T04:44:04.036+0000] {processor.py:925} INFO - DAG(s) 'example_task_group' retrieved from /home/airflow/.local/lib/python3.12/site-packages/airflow/example_dags/example_task_group.py
[2026-08-12T04:44:04.059+0000] {logging_mixin.py:190} INFO - [2026-08-12T04:44:04.059+0000] {dag.py:3211} INFO - Sync 1 DAGs
[2026-08-12T04:44:04.085+0000] {logging_mixin.py:190} INFO - [2026-08-12T04:44:04.085+0000] {dag.py:4138} INFO - Setting next_dagrun for example_task_group to 2026-08-11 00:00:00+00:00, run_after=2026-08-12 00:00:00+00:00
[2026-08-12T04:44:04.108+0000] {processor.py:208} INFO - Processing /home/airflow/.local/lib/python3.12/site-packages/airflow/example_dags/example_task_group.py took 0.097 seconds
[2026-08-12T04:44:34.647+0000] {processor.py:186} INFO - Started process (PID=1456) to work on /home/airflow/.local/lib/python3.12/site-packages/airflow/example_dags/example_task_group.py
[2026-08-12T04:44:34.649+0000] {processor.py:914} INFO - Processing file /home/airflow/.local/lib/python3.12/site-packages/airflow/example_dags/example_task_group.py for tasks to queue
[2026-08-12T04:44:34.651+0000] {logging_mixin.py:190} INFO - [2026-08-12T04:44:34.651+0000] {dagbag.py:587} INFO - Filling up the DagBag from /home/airflow/.local/lib/python3.12/site-packages/airflow/example_dags/example_task_group.py
[2026-08-12T04:44:34.661+0000] {processor.py:925} INFO - DAG(s) 'example_task_group' retrieved from /home/airflow/.local/lib/python3.12/site-packages/airflow/example_dags/example_task_group.py
[2026-08-12T04:44:34.683+0000] {logging_mixin.py:190} INFO - [2026-08-12T04:44:34.683+0000] {dag.py:3211} INFO - Sync 1 DAGs
[2026-08-12T04:44:34.713+0000] {logging_mixin.py:190} INFO - [2026-08-12T04:44:34.712+0000] {dag.py:4138} INFO - Setting next_dagrun for example_task_group to 2026-08-11 00:00:00+00:00, run_after=2026-08-12 00:00:00+00:00
[2026-08-12T04:44:34.740+0000] {processor.py:208} INFO - Processing /home/airflow/.local/lib/python3.12/site-packages/airflow/example_dags/example_task_group.py took 0.099 seconds
[2026-08-12T04:45:05.909+0000] {processor.py:186} INFO - Started process (PID=1518) to work on /home/airflow/.local/lib/python3.12/site-packages/airflow/example_dags/example_task_group.py
[2026-08-12T04:45:05.911+0000] {processor.py:914} INFO - Processing file /home/airflow/.local/lib/python3.12/site-packages/airflow/example_dags/example_task_group.py for tasks to queue
[2026-08-12T04:45:05.914+0000] {logging_mixin.py:190} INFO - [2026-08-12T04:45:05.914+0000] {dagbag.py:587} INFO - Filling up the DagBag from /home/airflow/.local/lib/python3.12/site-packages/airflow/example_dags/example_task_group.py
[2026-08-12T04:45:05.926+0000] {processor.py:925} INFO - DAG(s) 'example_task_group' retrieved from /home/airflow/.local/lib/python3.12/site-packages/airflow/example_dags/example_task_group.py
[2026-08-12T04:45:05.961+0000] {logging_mixin.py:190} INFO - [2026-08-12T04:45:05.960+0000] {dag.py:3211} INFO - Sync 1 DAGs
[2026-08-12T04:45:06.001+0000] {logging_mixin.py:190} INFO - [2026-08-12T04:45:06.000+0000] {dag.py:4138} INFO - Setting next_dagrun for example_task_group to 2026-08-11 00:00:00+00:00, run_after=2026-08-12 00:00:00+00:00
[2026-08-12T04:45:06.024+0000] {processor.py:208} INFO - Processing /home/airflow/.local/lib/python3.12/site-packages/airflow/example_dags/example_task_group.py took 0.123 seconds
[2026-08-12T04:45:37.159+0000] {processor.py:186} INFO - Started process (PID=1581) to work on /home/airflow/.local/lib/python3.12/site-packages/airflow/example_dags/example_task_group.py
[2026-08-12T04:45:37.161+0000] {processor.py:914} INFO - Processing file /home/airflow/.local/lib/python3.12/site-packages/airflow/example_dags/example_task_group.py for tasks to queue
[2026-08-12T04:45:37.164+0000] {logging_mixin.py:190} INFO - [2026-08-12T04:45:37.164+0000] {dagbag.py:587} INFO - Filling up the DagBag from /home/airflow/.local/lib/python3.12/site-packages/airflow/example_dags/example_task_group.py
[2026-08-12T04:45:37.174+0000] {processor.py:925} INFO - DAG(s) 'example_task_group' retrieved from /home/airflow/.local/lib/python3.12/site-packages/airflow/example_dags/example_task_group.py
[2026-08-12T04:45:37.196+0000] {logging_mixin.py:190} INFO - [2026-08-12T04:45:37.196+0000] {dag.py:3211} INFO - Sync 1 DAGs
[2026-08-12T04:45:37.226+0000] {logging_mixin.py:190} INFO - [2026-08-12T04:45:37.225+0000] {dag.py:4138} INFO - Setting next_dagrun for example_task_group to 2026-08-11 00:00:00+00:00, run_after=2026-08-12 00:00:00+00:00
[2026-08-12T04:45:37.250+0000] {processor.py:208} INFO - Processing /home/airflow/.local/lib/python3.12/site-packages/airflow/example_dags/example_task_group.py took 0.096 seconds
[2026-08-12T04:46:07.371+0000] {processor.py:186} INFO - Started process (PID=1643) to work on /home/airflow/.local/lib/python3.12/site-packages/airflow/example_dags/example_task_group.py
[2026-08-12T04:46:07.372+0000] {processor.py:914} INFO - Processing file /home/airflow/.local/lib/python3.12/site-packages/airflow/example_dags/example_task_group.py for tasks to queue
[2026-08-12T04:46:07.376+0000] {logging_mixin.py:190} INFO - [2026-08-12T04:46:07.376+0000] {dagbag.py:587} INFO - Filling up the DagBag from /home/airflow/.local/lib/python3.12/site-packages/airflow/example_dags/example_task_group.py
[2026-08-12T04:46:07.386+0000] {processor.py:925} INFO - DAG(s) 'example_task_group' retrieved from /home/airflow/.local/lib/python3.12/site-packages/airflow/example_dags/example_task_group.py
[2026-08-12T04:46:07.410+0000] {logging_mixin.py:190} INFO - [2026-08-12T04:46:07.409+0000] {dag.py:3211} INFO - Sync 1 DAGs
[2026-08-12T04:46:07.431+0000] {logging_mixin.py:190} INFO - [2026-08-12T04:46:07.431+0000] {dag.py:4138} INFO - Setting next_dagrun for example_task_group to 2026-08-11 00:00:00+00:00, run_after=2026-08-12 00:00:00+00:00
[2026-08-12T04:46:07.469+0000] {processor.py:208} INFO - Processing /home/airflow/.local/lib/python3.12/site-packages/airflow/example_dags/example_task_group.py took 0.103 seconds
[2026-08-12T04:46:37.807+0000] {processor.py:186} INFO - Started process (PID=1704) to work on /home/airflow/.local/lib/python3.12/site-packages/airflow/example_dags/example_task_group.py
[2026-08-12T04:46:37.809+0000] {processor.py:914} INFO - Processing file /home/airflow/.local/lib/python3.12/site-packages/airflow/example_dags/example_task_group.py for tasks to queue
[2026-08-12T04:46:37.812+0000] {logging_mixin.py:190} INFO - [2026-08-12T04:46:37.812+0000] {dagbag.py:587} INFO - Filling up the DagBag from /home/airflow/.local/lib/python3.12/site-packages/airflow/example_dags/example_task_group.py
[2026-08-12T04:46:37.821+0000] {processor.py:925} INFO - DAG(s) 'example_task_group' retrieved from /home/airflow/.local/lib/python3.12/site-packages/airflow/example_dags/example_task_group.py
[2026-08-12T04:46:37.843+0000] {logging_mixin.py:190} INFO - [2026-08-12T04:46:37.842+0000] {dag.py:3211} INFO - Sync 1 DAGs
[2026-08-12T04:46:37.866+0000] {logging_mixin.py:190} INFO - [2026-08-12T04:46:37.866+0000] {dag.py:4138} INFO - Setting next_dagrun for example_task_group to 2026-08-11 00:00:00+00:00, run_after=2026-08-12 00:00:00+00:00
[2026-08-12T04:46:37.890+0000] {processor.py:208} INFO - Processing /home/airflow/.local/lib/python3.12/site-packages/airflow/example_dags/example_task_group.py took 0.088 seconds
[2026-08-12T04:47:08.741+0000] {processor.py:186} INFO - Started process (PID=1766) to work on /home/airflow/.local/lib/python3.12/site-packages/airflow/example_dags/example_task_group.py
[2026-08-12T04:47:08.742+0000] {processor.py:914} INFO - Processing file /home/airflow/.local/lib/python3.12/site-packages/airflow/example_dags/example_task_group.py for tasks to queue
[2026-08-12T04:47:08.745+0000] {logging_mixin.py:190} INFO - [2026-08-12T04:47:08.745+0000] {dagbag.py:587} INFO - Filling up the DagBag from /home/airflow/.local/lib/python3.12/site-packages/airflow/example_dags/example_task_group.py
[2026-08-12T04:47:08.754+0000] {processor.py:925} INFO - DAG(s) 'example_task_group' retrieved from /home/airflow/.local/lib/python3.12/site-packages/airflow/example_dags/example_task_group.py
[2026-08-12T04:47:08.790+0000] {logging_mixin.py:190} INFO - [2026-08-12T04:47:08.790+0000] {dag.py:3211} INFO - Sync 1 DAGs
[2026-08-12T04:47:08.813+0000] {logging_mixin.py:190} INFO - [2026-08-12T04:47:08.813+0000] {dag.py:4138} INFO - Setting next_dagrun for example_task_group to 2026-08-11 00:00:00+00:00, run_after=2026-08-12 00:00:00+00:00
[2026-08-12T04:47:08.838+0000] {processor.py:208} INFO - Processing /home/airflow/.local/lib/python3.12/site-packages/airflow/example_dags/example_task_group.py took 0.103 seconds
[2026-08-12T04:47:38.898+0000] {processor.py:186} INFO - Started process (PID=1828) to work on /home/airflow/.local/lib/python3.12/site-packages/airflow/example_dags/example_task_group.py
[2026-08-12T04:47:38.900+0000] {processor.py:914} INFO - Processing file /home/airflow/.local/lib/python3.12/site-packages/airflow/example_dags/example_task_group.py for tasks to queue
[2026-08-12T04:47:38.903+0000] {logging_mixin.py:190} INFO - [2026-08-12T04:47:38.903+0000] {dagbag.py:587} INFO - Filling up the DagBag from /home/airflow/.local/lib/python3.12/site-packages/airflow/example_dags/example_task_group.py
[2026-08-12T04:47:38.912+0000] {processor.py:925} INFO - DAG(s) 'example_task_group' retrieved from /home/airflow/.local/lib/python3.12/site-packages/airflow/example_dags/example_task_group.py
[2026-08-12T04:47:38.935+0000] {logging_mixin.py:190} INFO - [2026-08-12T04:47:38.934+0000] {dag.py:3211} INFO - Sync 1 DAGs
[2026-08-12T04:47:38.955+0000] {logging_mixin.py:190} INFO - [2026-08-12T04:47:38.955+0000] {dag.py:4138} INFO - Setting next_dagrun for example_task_group to 2026-08-11 00:00:00+00:00, run_after=2026-08-12 00:00:00+00:00
[2026-08-12T04:47:38.978+0000] {processor.py:208} INFO - Processing /home/airflow/.local/lib/python3.12/site-packages/airflow/example_dags/example_task_group.py took 0.085 seconds
[2026-08-12T04:48:09.416+0000] {processor.py:186} INFO - Started process (PID=1890) to work on /home/airflow/.local/lib/python3.12/site-packages/airflow/example_dags/example_task_group.py
[2026-08-12T04:48:09.417+0000] {processor.py:914} INFO - Processing file /home/airflow/.local/lib/python3.12/site-packages/airflow/example_dags/example_task_group.py for tasks to queue
[2026-08-12T04:48:09.421+0000] {logging_mixin.py:190} INFO - [2026-08-12T04:48:09.420+0000] {dagbag.py:587} INFO - Filling up the DagBag from /home/airflow/.local/lib/python3.12/site-packages/airflow/example_dags/example_task_group.py
[2026-08-12T04:48:09.432+0000] {processor.py:925} INFO - DAG(s) 'example_task_group' retrieved from /home/airflow/.local/lib/python3.12/site-packages/airflow/example_dags/example_task_group.py
[2026-08-12T04:48:09.459+0000] {logging_mixin.py:190} INFO - [2026-08-12T04:48:09.459+0000] {dag.py:3211} INFO - Sync 1 DAGs
[2026-08-12T04:48:09.489+0000] {logging_mixin.py:190} INFO - [2026-08-12T04:48:09.489+0000] {dag.py:4138} INFO - Setting next_dagrun for example_task_group to 2026-08-11 00:00:00+00:00, run_after=2026-08-12 00:00:00+00:00
[2026-08-12T04:48:09.520+0000] {processor.py:208} INFO - Processing /home/airflow/.local/lib/python3.12/site-packages/airflow/example_dags/example_task_group.py took 0.111 seconds
