[2026-08-12T04:31:33.725+0000] {processor.py:186} INFO - Started process (PID=98) to work on /home/airflow/.local/lib/python3.12/site-packages/airflow/example_dags/example_complex.py
[2026-08-12T04:31:33.728+0000] {processor.py:914} INFO - Processing file /home/airflow/.local/lib/python3.12/site-packages/airflow/example_dags/example_complex.py for tasks to queue
[2026-08-12T04:31:33.733+0000] {logging_mixin.py:190} INFO - [2026-08-12T04:31:33.732+0000] {dagbag.py:587} INFO - Filling up the DagBag from /home/airflow/.local/lib/python3.12/site-packages/airflow/example_dags/example_complex.py
[2026-08-12T04:31:33.751+0000] {processor.py:925} INFO - DAG(s) 'example_complex' retrieved from /home/airflow/.local/lib/python3.12/site-packages/airflow/example_dags/example_complex.py
[2026-08-12T04:31:33.923+0000] {logging_mixin.py:190} INFO - [2026-08-12T04:31:33.922+0000] {override.py:1858} INFO - Created Permission View: can read on DAG:example_complex
[2026-08-12T04:31:33.938+0000] {logging_mixin.py:190} INFO - [2026-08-12T04:31:33.938+0000] {override.py:1858} INFO - Created Permission View: can edit on DAG:example_complex
[2026-08-12T04:31:33.950+0000] {logging_mixin.py:190} INFO - [2026-08-12T04:31:33.950+0000] {override.py:1858} INFO - Created Permission View: can delete on DAG:example_complex
[2026-08-12T04:31:33.951+0000] {logging_mixin.py:190} INFO - [2026-08-12T04:31:33.951+0000] {dag.py:3211} INFO - Sync 1 DAGs
[2026-08-12T04:31:33.979+0000] {logging_mixin.py:190} INFO - [2026-08-12T04:31:33.979+0000] {dag.py:3234} INFO - Creating ORM DAG for example_complex
[2026-08-12T04:31:33.982+0000] {logging_mixin.py:190} INFO - [2026-08-12T04:31:33.981+0000] {dag.py:4138} INFO - Setting next_dagrun for example_complex to None, run_after=None
[2026-08-12T04:31:34.006+0000] {processor.py:208} INFO - Processing /home/airflow/.local/lib/python3.12/site-packages/airflow/example_dags/example_complex.py took 0.289 seconds
[2026-08-12T04:32:04.564+0000] {processor.py:186} INFO - Started process (PID=160) to work on /home/airflow/.local/lib/python3.12/site-packages/airflow/example_dags/example_complex.py
[2026-08-12T04:32:04.566+0000] {processor.py:914} INFO - Processing file /home/airflow/.local/lib/python3.12/site-packages/airflow/example_dags/example_complex.py for tasks to queue
[2026-08-12T04:32:04.570+0000] {logging_mixin.py:190} INFO - [2026-08-12T04:32:04.570+0000] {dagbag.py:587} INFO - Filling up the DagBag from /home/airflow/.local/lib/python3.12/site-packages/airflow/example_dags/example_complex.py
[2026-08-12T04:32:04.585+0000] {processor.py:925} INFO - DAG(s) 'example_complex' retrieved from /home/airflow/.local/lib/python3.12/site-packages/airflow/example_dags/example_complex.py
[2026-08-12T04:32:04.619+0000] {logging_mixin.py:190} INFO - [2026-08-12T04:32:04.619+0000] {dag.py:3211} INFO - Sync 1 DAGs
[2026-08-12T04:32:04.650+0000] {logging_mixin.py:190} INFO - [2026-08-12T04:32:04.650+0000] {dag.py:4138} INFO - Setting next_dagrun for example_complex to None, run_after=None
[2026-08-12T04:32:04.676+0000] {processor.py:208} INFO - Processing /home/airflow/.local/lib/python3.12/site-packages/airflow/example_dags/example_complex.py took 0.121 seconds
[2026-08-12T04:33:21.104+0000] {processor.py:186} INFO - Started process (PID=85) to work on /home/airflow/.local/lib/python3.12/site-packages/airflow/example_dags/example_complex.py
[2026-08-12T04:33:21.106+0000] {processor.py:914} INFO - Processing file /home/airflow/.local/lib/python3.12/site-packages/airflow/example_dags/example_complex.py for tasks to queue
[2026-08-12T04:33:21.110+0000] {logging_mixin.py:190} INFO - [2026-08-12T04:33:21.109+0000] {dagbag.py:587} INFO - Filling up the DagBag from /home/airflow/.local/lib/python3.12/site-packages/airflow/example_dags/example_complex.py
[2026-08-12T04:33:21.136+0000] {processor.py:925} INFO - DAG(s) 'example_complex' retrieved from /home/airflow/.local/lib/python3.12/site-packages/airflow/example_dags/example_complex.py
[2026-08-12T04:33:21.166+0000] {logging_mixin.py:190} INFO - [2026-08-12T04:33:21.166+0000] {dag.py:3211} INFO - Sync 1 DAGs
[2026-08-12T04:33:21.185+0000] {logging_mixin.py:190} INFO - [2026-08-12T04:33:21.182+0000] {dag.py:4138} INFO - Setting next_dagrun for example_complex to None, run_after=None
[2026-08-12T04:33:21.232+0000] {processor.py:208} INFO - Processing /home/airflow/.local/lib/python3.12/site-packages/airflow/example_dags/example_complex.py took 0.136 seconds
[2026-08-12T04:33:52.168+0000] {processor.py:186} INFO - Started process (PID=147) to work on /home/airflow/.local/lib/python3.12/site-packages/airflow/example_dags/example_complex.py
[2026-08-12T04:33:52.171+0000] {processor.py:914} INFO - Processing file /home/airflow/.local/lib/python3.12/site-packages/airflow/example_dags/example_complex.py for tasks to queue
[2026-08-12T04:33:52.174+0000] {logging_mixin.py:190} INFO - [2026-08-12T04:33:52.174+0000] {dagbag.py:587} INFO - Filling up the DagBag from /home/airflow/.local/lib/python3.12/site-packages/airflow/example_dags/example_complex.py
[2026-08-12T04:33:52.188+0000] {processor.py:925} INFO - DAG(s) 'example_complex' retrieved from /home/airflow/.local/lib/python3.12/site-packages/airflow/example_dags/example_complex.py
[2026-08-12T04:33:52.216+0000] {logging_mixin.py:190} INFO - [2026-08-12T04:33:52.216+0000] {dag.py:3211} INFO - Sync 1 DAGs
[2026-08-12T04:33:52.231+0000] {logging_mixin.py:190} INFO - [2026-08-12T04:33:52.231+0000] {dag.py:4138} INFO - Setting next_dagrun for example_complex to None, run_after=None
[2026-08-12T04:33:52.261+0000] {processor.py:208} INFO - Processing /home/airflow/.local/lib/python3.12/site-packages/airflow/example_dags/example_complex.py took 0.099 seconds
[2026-08-12T04:34:22.500+0000] {processor.py:186} INFO - Started process (PID=209) to work on /home/airflow/.local/lib/python3.12/site-packages/airflow/example_dags/example_complex.py
[2026-08-12T04:34:22.502+0000] {processor.py:914} INFO - Processing file /home/airflow/.local/lib/python3.12/site-packages/airflow/example_dags/example_complex.py for tasks to queue
[2026-08-12T04:34:22.507+0000] {logging_mixin.py:190} INFO - [2026-08-12T04:34:22.507+0000] {dagbag.py:587} INFO - Filling up the DagBag from /home/airflow/.local/lib/python3.12/site-packages/airflow/example_dags/example_complex.py
[2026-08-12T04:34:22.524+0000] {processor.py:925} INFO - DAG(s) 'example_complex' retrieved from /home/airflow/.local/lib/python3.12/site-packages/airflow/example_dags/example_complex.py
[2026-08-12T04:34:22.564+0000] {logging_mixin.py:190} INFO - [2026-08-12T04:34:22.564+0000] {dag.py:3211} INFO - Sync 1 DAGs
[2026-08-12T04:34:22.584+0000] {logging_mixin.py:190} INFO - [2026-08-12T04:34:22.584+0000] {dag.py:4138} INFO - Setting next_dagrun for example_complex to None, run_after=None
[2026-08-12T04:34:22.609+0000] {processor.py:208} INFO - Processing /home/airflow/.local/lib/python3.12/site-packages/airflow/example_dags/example_complex.py took 0.130 seconds
[2026-08-12T04:34:52.776+0000] {processor.py:186} INFO - Started process (PID=271) to work on /home/airflow/.local/lib/python3.12/site-packages/airflow/example_dags/example_complex.py
[2026-08-12T04:34:52.777+0000] {processor.py:914} INFO - Processing file /home/airflow/.local/lib/python3.12/site-packages/airflow/example_dags/example_complex.py for tasks to queue
[2026-08-12T04:34:52.780+0000] {logging_mixin.py:190} INFO - [2026-08-12T04:34:52.780+0000] {dagbag.py:587} INFO - Filling up the DagBag from /home/airflow/.local/lib/python3.12/site-packages/airflow/example_dags/example_complex.py
[2026-08-12T04:34:52.793+0000] {processor.py:925} INFO - DAG(s) 'example_complex' retrieved from /home/airflow/.local/lib/python3.12/site-packages/airflow/example_dags/example_complex.py
[2026-08-12T04:34:52.827+0000] {logging_mixin.py:190} INFO - [2026-08-12T04:34:52.826+0000] {dag.py:3211} INFO - Sync 1 DAGs
[2026-08-12T04:34:52.844+0000] {logging_mixin.py:190} INFO - [2026-08-12T04:34:52.844+0000] {dag.py:4138} INFO - Setting next_dagrun for example_complex to None, run_after=None
[2026-08-12T04:34:52.877+0000] {processor.py:208} INFO - Processing /home/airflow/.local/lib/python3.12/site-packages/airflow/example_dags/example_complex.py took 0.108 seconds
[2026-08-12T04:35:22.965+0000] {processor.py:186} INFO - Started process (PID=334) to work on /home/airflow/.local/lib/python3.12/site-packages/airflow/example_dags/example_complex.py
[2026-08-12T04:35:22.967+0000] {processor.py:914} INFO - Processing file /home/airflow/.local/lib/python3.12/site-packages/airflow/example_dags/example_complex.py for tasks to queue
[2026-08-12T04:35:22.971+0000] {logging_mixin.py:190} INFO - [2026-08-12T04:35:22.970+0000] {dagbag.py:587} INFO - Filling up the DagBag from /home/airflow/.local/lib/python3.12/site-packages/airflow/example_dags/example_complex.py
[2026-08-12T04:35:22.986+0000] {processor.py:925} INFO - DAG(s) 'example_complex' retrieved from /home/airflow/.local/lib/python3.12/site-packages/airflow/example_dags/example_complex.py
[2026-08-12T04:35:23.016+0000] {logging_mixin.py:190} INFO - [2026-08-12T04:35:23.015+0000] {dag.py:3211} INFO - Sync 1 DAGs
[2026-08-12T04:35:23.033+0000] {logging_mixin.py:190} INFO - [2026-08-12T04:35:23.033+0000] {dag.py:4138} INFO - Setting next_dagrun for example_complex to None, run_after=None
[2026-08-12T04:35:23.057+0000] {processor.py:208} INFO - Processing /home/airflow/.local/lib/python3.12/site-packages/airflow/example_dags/example_complex.py took 0.098 seconds
[2026-08-12T04:35:53.186+0000] {processor.py:186} INFO - Started process (PID=396) to work on /home/airflow/.local/lib/python3.12/site-packages/airflow/example_dags/example_complex.py
[2026-08-12T04:35:53.188+0000] {processor.py:914} INFO - Processing file /home/airflow/.local/lib/python3.12/site-packages/airflow/example_dags/example_complex.py for tasks to queue
[2026-08-12T04:35:53.192+0000] {logging_mixin.py:190} INFO - [2026-08-12T04:35:53.191+0000] {dagbag.py:587} INFO - Filling up the DagBag from /home/airflow/.local/lib/python3.12/site-packages/airflow/example_dags/example_complex.py
[2026-08-12T04:35:53.204+0000] {processor.py:925} INFO - DAG(s) 'example_complex' retrieved from /home/airflow/.local/lib/python3.12/site-packages/airflow/example_dags/example_complex.py
[2026-08-12T04:35:53.236+0000] {logging_mixin.py:190} INFO - [2026-08-12T04:35:53.236+0000] {dag.py:3211} INFO - Sync 1 DAGs
[2026-08-12T04:35:53.252+0000] {logging_mixin.py:190} INFO - [2026-08-12T04:35:53.252+0000] {dag.py:4138} INFO - Setting next_dagrun for example_complex to None, run_after=None
[2026-08-12T04:35:53.277+0000] {processor.py:208} INFO - Processing /home/airflow/.local/lib/python3.12/site-packages/airflow/example_dags/example_complex.py took 0.098 seconds
[2026-08-12T04:36:23.674+0000] {processor.py:186} INFO - Started process (PID=458) to work on /home/airflow/.local/lib/python3.12/site-packages/airflow/example_dags/example_complex.py
[2026-08-12T04:36:23.675+0000] {processor.py:914} INFO - Processing file /home/airflow/.local/lib/python3.12/site-packages/airflow/example_dags/example_complex.py for tasks to queue
[2026-08-12T04:36:23.678+0000] {logging_mixin.py:190} INFO - [2026-08-12T04:36:23.678+0000] {dagbag.py:587} INFO - Filling up the DagBag from /home/airflow/.local/lib/python3.12/site-packages/airflow/example_dags/example_complex.py
[2026-08-12T04:36:23.689+0000] {processor.py:925} INFO - DAG(s) 'example_complex' retrieved from /home/airflow/.local/lib/python3.12/site-packages/airflow/example_dags/example_complex.py
[2026-08-12T04:36:23.721+0000] {logging_mixin.py:190} INFO - [2026-08-12T04:36:23.721+0000] {dag.py:3211} INFO - Sync 1 DAGs
[2026-08-12T04:36:23.738+0000] {logging_mixin.py:190} INFO - [2026-08-12T04:36:23.737+0000] {dag.py:4138} INFO - Setting next_dagrun for example_complex to None, run_after=None
[2026-08-12T04:36:23.764+0000] {processor.py:208} INFO - Processing /home/airflow/.local/lib/python3.12/site-packages/airflow/example_dags/example_complex.py took 0.096 seconds
[2026-08-12T04:36:54.223+0000] {processor.py:186} INFO - Started process (PID=520) to work on /home/airflow/.local/lib/python3.12/site-packages/airflow/example_dags/example_complex.py
[2026-08-12T04:36:54.225+0000] {processor.py:914} INFO - Processing file /home/airflow/.local/lib/python3.12/site-packages/airflow/example_dags/example_complex.py for tasks to queue
[2026-08-12T04:36:54.228+0000] {logging_mixin.py:190} INFO - [2026-08-12T04:36:54.228+0000] {dagbag.py:587} INFO - Filling up the DagBag from /home/airflow/.local/lib/python3.12/site-packages/airflow/example_dags/example_complex.py
[2026-08-12T04:36:54.240+0000] {processor.py:925} INFO - DAG(s) 'example_complex' retrieved from /home/airflow/.local/lib/python3.12/site-packages/airflow/example_dags/example_complex.py
[2026-08-12T04:36:54.272+0000] {logging_mixin.py:190} INFO - [2026-08-12T04:36:54.272+0000] {dag.py:3211} INFO - Sync 1 DAGs
[2026-08-12T04:36:54.287+0000] {logging_mixin.py:190} INFO - [2026-08-12T04:36:54.287+0000] {dag.py:4138} INFO - Setting next_dagrun for example_complex to None, run_after=None
[2026-08-12T04:36:54.317+0000] {processor.py:208} INFO - Processing /home/airflow/.local/lib/python3.12/site-packages/airflow/example_dags/example_complex.py took 0.100 seconds
[2026-08-12T04:37:25.067+0000] {processor.py:186} INFO - Started process (PID=582) to work on /home/airflow/.local/lib/python3.12/site-packages/airflow/example_dags/example_complex.py
[2026-08-12T04:37:25.069+0000] {processor.py:914} INFO - Processing file /home/airflow/.local/lib/python3.12/site-packages/airflow/example_dags/example_complex.py for tasks to queue
[2026-08-12T04:37:25.072+0000] {logging_mixin.py:190} INFO - [2026-08-12T04:37:25.072+0000] {dagbag.py:587} INFO - Filling up the DagBag from /home/airflow/.local/lib/python3.12/site-packages/airflow/example_dags/example_complex.py
[2026-08-12T04:37:25.084+0000] {processor.py:925} INFO - DAG(s) 'example_complex' retrieved from /home/airflow/.local/lib/python3.12/site-packages/airflow/example_dags/example_complex.py
[2026-08-12T04:37:25.119+0000] {logging_mixin.py:190} INFO - [2026-08-12T04:37:25.118+0000] {dag.py:3211} INFO - Sync 1 DAGs
[2026-08-12T04:37:25.134+0000] {logging_mixin.py:190} INFO - [2026-08-12T04:37:25.134+0000] {dag.py:4138} INFO - Setting next_dagrun for example_complex to None, run_after=None
[2026-08-12T04:37:25.163+0000] {processor.py:208} INFO - Processing /home/airflow/.local/lib/python3.12/site-packages/airflow/example_dags/example_complex.py took 0.101 seconds
[2026-08-12T04:37:55.682+0000] {processor.py:186} INFO - Started process (PID=643) to work on /home/airflow/.local/lib/python3.12/site-packages/airflow/example_dags/example_complex.py
[2026-08-12T04:37:55.684+0000] {processor.py:914} INFO - Processing file /home/airflow/.local/lib/python3.12/site-packages/airflow/example_dags/example_complex.py for tasks to queue
[2026-08-12T04:37:55.689+0000] {logging_mixin.py:190} INFO - [2026-08-12T04:37:55.688+0000] {dagbag.py:587} INFO - Filling up the DagBag from /home/airflow/.local/lib/python3.12/site-packages/airflow/example_dags/example_complex.py
[2026-08-12T04:37:55.704+0000] {processor.py:925} INFO - DAG(s) 'example_complex' retrieved from /home/airflow/.local/lib/python3.12/site-packages/airflow/example_dags/example_complex.py
[2026-08-12T04:37:55.750+0000] {logging_mixin.py:190} INFO - [2026-08-12T04:37:55.750+0000] {dag.py:3211} INFO - Sync 1 DAGs
[2026-08-12T04:37:55.769+0000] {logging_mixin.py:190} INFO - [2026-08-12T04:37:55.769+0000] {dag.py:4138} INFO - Setting next_dagrun for example_complex to None, run_after=None
[2026-08-12T04:37:55.795+0000] {processor.py:208} INFO - Processing /home/airflow/.local/lib/python3.12/site-packages/airflow/example_dags/example_complex.py took 0.121 seconds
[2026-08-12T04:38:25.881+0000] {processor.py:186} INFO - Started process (PID=705) to work on /home/airflow/.local/lib/python3.12/site-packages/airflow/example_dags/example_complex.py
[2026-08-12T04:38:25.883+0000] {processor.py:914} INFO - Processing file /home/airflow/.local/lib/python3.12/site-packages/airflow/example_dags/example_complex.py for tasks to queue
[2026-08-12T04:38:25.887+0000] {logging_mixin.py:190} INFO - [2026-08-12T04:38:25.886+0000] {dagbag.py:587} INFO - Filling up the DagBag from /home/airflow/.local/lib/python3.12/site-packages/airflow/example_dags/example_complex.py
[2026-08-12T04:38:25.898+0000] {processor.py:925} INFO - DAG(s) 'example_complex' retrieved from /home/airflow/.local/lib/python3.12/site-packages/airflow/example_dags/example_complex.py
[2026-08-12T04:38:25.935+0000] {logging_mixin.py:190} INFO - [2026-08-12T04:38:25.935+0000] {dag.py:3211} INFO - Sync 1 DAGs
[2026-08-12T04:38:25.953+0000] {logging_mixin.py:190} INFO - [2026-08-12T04:38:25.953+0000] {dag.py:4138} INFO - Setting next_dagrun for example_complex to None, run_after=None
[2026-08-12T04:38:25.977+0000] {processor.py:208} INFO - Processing /home/airflow/.local/lib/python3.12/site-packages/airflow/example_dags/example_complex.py took 0.114 seconds
[2026-08-12T04:38:56.417+0000] {processor.py:186} INFO - Started process (PID=768) to work on /home/airflow/.local/lib/python3.12/site-packages/airflow/example_dags/example_complex.py
[2026-08-12T04:38:56.420+0000] {processor.py:914} INFO - Processing file /home/airflow/.local/lib/python3.12/site-packages/airflow/example_dags/example_complex.py for tasks to queue
[2026-08-12T04:38:56.424+0000] {logging_mixin.py:190} INFO - [2026-08-12T04:38:56.424+0000] {dagbag.py:587} INFO - Filling up the DagBag from /home/airflow/.local/lib/python3.12/site-packages/airflow/example_dags/example_complex.py
[2026-08-12T04:38:56.441+0000] {processor.py:925} INFO - DAG(s) 'example_complex' retrieved from /home/airflow/.local/lib/python3.12/site-packages/airflow/example_dags/example_complex.py
[2026-08-12T04:38:56.475+0000] {logging_mixin.py:190} INFO - [2026-08-12T04:38:56.475+0000] {dag.py:3211} INFO - Sync 1 DAGs
[2026-08-12T04:38:56.504+0000] {logging_mixin.py:190} INFO - [2026-08-12T04:38:56.504+0000] {dag.py:4138} INFO - Setting next_dagrun for example_complex to None, run_after=None
[2026-08-12T04:38:56.527+0000] {processor.py:208} INFO - Processing /home/airflow/.local/lib/python3.12/site-packages/airflow/example_dags/example_complex.py took 0.116 seconds
[2026-08-12T04:39:26.664+0000] {processor.py:186} INFO - Started process (PID=830) to work on /home/airflow/.local/lib/python3.12/site-packages/airflow/example_dags/example_complex.py
[2026-08-12T04:39:26.665+0000] {processor.py:914} INFO - Processing file /home/airflow/.local/lib/python3.12/site-packages/airflow/example_dags/example_complex.py for tasks to queue
[2026-08-12T04:39:26.669+0000] {logging_mixin.py:190} INFO - [2026-08-12T04:39:26.668+0000] {dagbag.py:587} INFO - Filling up the DagBag from /home/airflow/.local/lib/python3.12/site-packages/airflow/example_dags/example_complex.py
[2026-08-12T04:39:26.685+0000] {processor.py:925} INFO - DAG(s) 'example_complex' retrieved from /home/airflow/.local/lib/python3.12/site-packages/airflow/example_dags/example_complex.py
[2026-08-12T04:39:26.729+0000] {logging_mixin.py:190} INFO - [2026-08-12T04:39:26.729+0000] {dag.py:3211} INFO - Sync 1 DAGs
[2026-08-12T04:39:26.753+0000] {logging_mixin.py:190} INFO - [2026-08-12T04:39:26.752+0000] {dag.py:4138} INFO - Setting next_dagrun for example_complex to None, run_after=None
[2026-08-12T04:39:26.782+0000] {processor.py:208} INFO - Processing /home/airflow/.local/lib/python3.12/site-packages/airflow/example_dags/example_complex.py took 0.124 seconds
[2026-08-12T04:39:58.229+0000] {processor.py:186} INFO - Started process (PID=892) to work on /home/airflow/.local/lib/python3.12/site-packages/airflow/example_dags/example_complex.py
[2026-08-12T04:39:58.231+0000] {processor.py:914} INFO - Processing file /home/airflow/.local/lib/python3.12/site-packages/airflow/example_dags/example_complex.py for tasks to queue
[2026-08-12T04:39:58.235+0000] {logging_mixin.py:190} INFO - [2026-08-12T04:39:58.234+0000] {dagbag.py:587} INFO - Filling up the DagBag from /home/airflow/.local/lib/python3.12/site-packages/airflow/example_dags/example_complex.py
[2026-08-12T04:39:58.250+0000] {processor.py:925} INFO - DAG(s) 'example_complex' retrieved from /home/airflow/.local/lib/python3.12/site-packages/airflow/example_dags/example_complex.py
[2026-08-12T04:39:58.300+0000] {logging_mixin.py:190} INFO - [2026-08-12T04:39:58.299+0000] {dag.py:3211} INFO - Sync 1 DAGs
[2026-08-12T04:39:58.318+0000] {logging_mixin.py:190} INFO - [2026-08-12T04:39:58.318+0000] {dag.py:4138} INFO - Setting next_dagrun for example_complex to None, run_after=None
[2026-08-12T04:39:58.347+0000] {processor.py:208} INFO - Processing /home/airflow/.local/lib/python3.12/site-packages/airflow/example_dags/example_complex.py took 0.126 seconds
[2026-08-12T04:40:28.428+0000] {processor.py:186} INFO - Started process (PID=954) to work on /home/airflow/.local/lib/python3.12/site-packages/airflow/example_dags/example_complex.py
[2026-08-12T04:40:28.434+0000] {processor.py:914} INFO - Processing file /home/airflow/.local/lib/python3.12/site-packages/airflow/example_dags/example_complex.py for tasks to queue
[2026-08-12T04:40:28.446+0000] {logging_mixin.py:190} INFO - [2026-08-12T04:40:28.446+0000] {dagbag.py:587} INFO - Filling up the DagBag from /home/airflow/.local/lib/python3.12/site-packages/airflow/example_dags/example_complex.py
[2026-08-12T04:40:28.457+0000] {processor.py:925} INFO - DAG(s) 'example_complex' retrieved from /home/airflow/.local/lib/python3.12/site-packages/airflow/example_dags/example_complex.py
[2026-08-12T04:40:28.487+0000] {logging_mixin.py:190} INFO - [2026-08-12T04:40:28.486+0000] {dag.py:3211} INFO - Sync 1 DAGs
[2026-08-12T04:40:28.504+0000] {logging_mixin.py:190} INFO - [2026-08-12T04:40:28.503+0000] {dag.py:4138} INFO - Setting next_dagrun for example_complex to None, run_after=None
[2026-08-12T04:40:28.531+0000] {processor.py:208} INFO - Processing /home/airflow/.local/lib/python3.12/site-packages/airflow/example_dags/example_complex.py took 0.108 seconds
[2026-08-12T04:40:58.613+0000] {processor.py:186} INFO - Started process (PID=1016) to work on /home/airflow/.local/lib/python3.12/site-packages/airflow/example_dags/example_complex.py
[2026-08-12T04:40:58.615+0000] {processor.py:914} INFO - Processing file /home/airflow/.local/lib/python3.12/site-packages/airflow/example_dags/example_complex.py for tasks to queue
[2026-08-12T04:40:58.617+0000] {logging_mixin.py:190} INFO - [2026-08-12T04:40:58.617+0000] {dagbag.py:587} INFO - Filling up the DagBag from /home/airflow/.local/lib/python3.12/site-packages/airflow/example_dags/example_complex.py
[2026-08-12T04:40:58.631+0000] {processor.py:925} INFO - DAG(s) 'example_complex' retrieved from /home/airflow/.local/lib/python3.12/site-packages/airflow/example_dags/example_complex.py
[2026-08-12T04:40:58.671+0000] {logging_mixin.py:190} INFO - [2026-08-12T04:40:58.671+0000] {dag.py:3211} INFO - Sync 1 DAGs
[2026-08-12T04:40:58.692+0000] {logging_mixin.py:190} INFO - [2026-08-12T04:40:58.692+0000] {dag.py:4138} INFO - Setting next_dagrun for example_complex to None, run_after=None
[2026-08-12T04:40:58.718+0000] {processor.py:208} INFO - Processing /home/airflow/.local/lib/python3.12/site-packages/airflow/example_dags/example_complex.py took 0.111 seconds
[2026-08-12T04:41:29.139+0000] {processor.py:186} INFO - Started process (PID=1078) to work on /home/airflow/.local/lib/python3.12/site-packages/airflow/example_dags/example_complex.py
[2026-08-12T04:41:29.140+0000] {processor.py:914} INFO - Processing file /home/airflow/.local/lib/python3.12/site-packages/airflow/example_dags/example_complex.py for tasks to queue
[2026-08-12T04:41:29.144+0000] {logging_mixin.py:190} INFO - [2026-08-12T04:41:29.143+0000] {dagbag.py:587} INFO - Filling up the DagBag from /home/airflow/.local/lib/python3.12/site-packages/airflow/example_dags/example_complex.py
[2026-08-12T04:41:29.156+0000] {processor.py:925} INFO - DAG(s) 'example_complex' retrieved from /home/airflow/.local/lib/python3.12/site-packages/airflow/example_dags/example_complex.py
[2026-08-12T04:41:29.191+0000] {logging_mixin.py:190} INFO - [2026-08-12T04:41:29.191+0000] {dag.py:3211} INFO - Sync 1 DAGs
[2026-08-12T04:41:29.209+0000] {logging_mixin.py:190} INFO - [2026-08-12T04:41:29.209+0000] {dag.py:4138} INFO - Setting next_dagrun for example_complex to None, run_after=None
[2026-08-12T04:41:29.250+0000] {processor.py:208} INFO - Processing /home/airflow/.local/lib/python3.12/site-packages/airflow/example_dags/example_complex.py took 0.116 seconds
[2026-08-12T04:42:00.154+0000] {processor.py:186} INFO - Started process (PID=1140) to work on /home/airflow/.local/lib/python3.12/site-packages/airflow/example_dags/example_complex.py
[2026-08-12T04:42:00.155+0000] {processor.py:914} INFO - Processing file /home/airflow/.local/lib/python3.12/site-packages/airflow/example_dags/example_complex.py for tasks to queue
[2026-08-12T04:42:00.158+0000] {logging_mixin.py:190} INFO - [2026-08-12T04:42:00.158+0000] {dagbag.py:587} INFO - Filling up the DagBag from /home/airflow/.local/lib/python3.12/site-packages/airflow/example_dags/example_complex.py
[2026-08-12T04:42:00.170+0000] {processor.py:925} INFO - DAG(s) 'example_complex' retrieved from /home/airflow/.local/lib/python3.12/site-packages/airflow/example_dags/example_complex.py
[2026-08-12T04:42:00.204+0000] {logging_mixin.py:190} INFO - [2026-08-12T04:42:00.204+0000] {dag.py:3211} INFO - Sync 1 DAGs
[2026-08-12T04:42:00.222+0000] {logging_mixin.py:190} INFO - [2026-08-12T04:42:00.221+0000] {dag.py:4138} INFO - Setting next_dagrun for example_complex to None, run_after=None
[2026-08-12T04:42:00.249+0000] {processor.py:208} INFO - Processing /home/airflow/.local/lib/python3.12/site-packages/airflow/example_dags/example_complex.py took 0.101 seconds
[2026-08-12T04:42:31.107+0000] {processor.py:186} INFO - Started process (PID=1202) to work on /home/airflow/.local/lib/python3.12/site-packages/airflow/example_dags/example_complex.py
[2026-08-12T04:42:31.108+0000] {processor.py:914} INFO - Processing file /home/airflow/.local/lib/python3.12/site-packages/airflow/example_dags/example_complex.py for tasks to queue
[2026-08-12T04:42:31.113+0000] {logging_mixin.py:190} INFO - [2026-08-12T04:42:31.112+0000] {dagbag.py:587} INFO - Filling up the DagBag from /home/airflow/.local/lib/python3.12/site-packages/airflow/example_dags/example_complex.py
[2026-08-12T04:42:31.128+0000] {processor.py:925} INFO - DAG(s) 'example_complex' retrieved from /home/airflow/.local/lib/python3.12/site-packages/airflow/example_dags/example_complex.py
[2026-08-12T04:42:31.167+0000] {logging_mixin.py:190} INFO - [2026-08-12T04:42:31.167+0000] {dag.py:3211} INFO - Sync 1 DAGs
[2026-08-12T04:42:31.182+0000] {logging_mixin.py:190} INFO - [2026-08-12T04:42:31.181+0000] {dag.py:4138} INFO - Setting next_dagrun for example_complex to None, run_after=None
[2026-08-12T04:42:31.208+0000] {processor.py:208} INFO - Processing /home/airflow/.local/lib/python3.12/site-packages/airflow/example_dags/example_complex.py took 0.108 seconds
[2026-08-12T04:43:02.217+0000] {processor.py:186} INFO - Started process (PID=1264) to work on /home/airflow/.local/lib/python3.12/site-packages/airflow/example_dags/example_complex.py
[2026-08-12T04:43:02.221+0000] {processor.py:914} INFO - Processing file /home/airflow/.local/lib/python3.12/site-packages/airflow/example_dags/example_complex.py for tasks to queue
[2026-08-12T04:43:02.225+0000] {logging_mixin.py:190} INFO - [2026-08-12T04:43:02.224+0000] {dagbag.py:587} INFO - Filling up the DagBag from /home/airflow/.local/lib/python3.12/site-packages/airflow/example_dags/example_complex.py
[2026-08-12T04:43:02.245+0000] {processor.py:925} INFO - DAG(s) 'example_complex' retrieved from /home/airflow/.local/lib/python3.12/site-packages/airflow/example_dags/example_complex.py
[2026-08-12T04:43:02.283+0000] {logging_mixin.py:190} INFO - [2026-08-12T04:43:02.283+0000] {dag.py:3211} INFO - Sync 1 DAGs
[2026-08-12T04:43:02.300+0000] {logging_mixin.py:190} INFO - [2026-08-12T04:43:02.300+0000] {dag.py:4138} INFO - Setting next_dagrun for example_complex to None, run_after=None
[2026-08-12T04:43:02.324+0000] {processor.py:208} INFO - Processing /home/airflow/.local/lib/python3.12/site-packages/airflow/example_dags/example_complex.py took 0.120 seconds
[2026-08-12T04:43:33.067+0000] {processor.py:186} INFO - Started process (PID=1326) to work on /home/airflow/.local/lib/python3.12/site-packages/airflow/example_dags/example_complex.py
[2026-08-12T04:43:33.068+0000] {processor.py:914} INFO - Processing file /home/airflow/.local/lib/python3.12/site-packages/airflow/example_dags/example_complex.py for tasks to queue
[2026-08-12T04:43:33.071+0000] {logging_mixin.py:190} INFO - [2026-08-12T04:43:33.071+0000] {dagbag.py:587} INFO - Filling up the DagBag from /home/airflow/.local/lib/python3.12/site-packages/airflow/example_dags/example_complex.py
[2026-08-12T04:43:33.082+0000] {processor.py:925} INFO - DAG(s) 'example_complex' retrieved from /home/airflow/.local/lib/python3.12/site-packages/airflow/example_dags/example_complex.py
[2026-08-12T04:43:33.125+0000] {logging_mixin.py:190} INFO - [2026-08-12T04:43:33.125+0000] {dag.py:3211} INFO - Sync 1 DAGs
[2026-08-12T04:43:33.140+0000] {logging_mixin.py:190} INFO - [2026-08-12T04:43:33.140+0000] {dag.py:4138} INFO - Setting next_dagrun for example_complex to None, run_after=None
[2026-08-12T04:43:33.167+0000] {processor.py:208} INFO - Processing /home/airflow/.local/lib/python3.12/site-packages/airflow/example_dags/example_complex.py took 0.106 seconds
[2026-08-12T04:44:03.713+0000] {processor.py:186} INFO - Started process (PID=1388) to work on /home/airflow/.local/lib/python3.12/site-packages/airflow/example_dags/example_complex.py
[2026-08-12T04:44:03.715+0000] {processor.py:914} INFO - Processing file /home/airflow/.local/lib/python3.12/site-packages/airflow/example_dags/example_complex.py for tasks to queue
[2026-08-12T04:44:03.718+0000] {logging_mixin.py:190} INFO - [2026-08-12T04:44:03.717+0000] {dagbag.py:587} INFO - Filling up the DagBag from /home/airflow/.local/lib/python3.12/site-packages/airflow/example_dags/example_complex.py
[2026-08-12T04:44:03.733+0000] {processor.py:925} INFO - DAG(s) 'example_complex' retrieved from /home/airflow/.local/lib/python3.12/site-packages/airflow/example_dags/example_complex.py
[2026-08-12T04:44:03.766+0000] {logging_mixin.py:190} INFO - [2026-08-12T04:44:03.765+0000] {dag.py:3211} INFO - Sync 1 DAGs
[2026-08-12T04:44:03.781+0000] {logging_mixin.py:190} INFO - [2026-08-12T04:44:03.781+0000] {dag.py:4138} INFO - Setting next_dagrun for example_complex to None, run_after=None
[2026-08-12T04:44:03.804+0000] {processor.py:208} INFO - Processing /home/airflow/.local/lib/python3.12/site-packages/airflow/example_dags/example_complex.py took 0.096 seconds
[2026-08-12T04:44:34.280+0000] {processor.py:186} INFO - Started process (PID=1451) to work on /home/airflow/.local/lib/python3.12/site-packages/airflow/example_dags/example_complex.py
[2026-08-12T04:44:34.283+0000] {processor.py:914} INFO - Processing file /home/airflow/.local/lib/python3.12/site-packages/airflow/example_dags/example_complex.py for tasks to queue
[2026-08-12T04:44:34.288+0000] {logging_mixin.py:190} INFO - [2026-08-12T04:44:34.287+0000] {dagbag.py:587} INFO - Filling up the DagBag from /home/airflow/.local/lib/python3.12/site-packages/airflow/example_dags/example_complex.py
[2026-08-12T04:44:34.308+0000] {processor.py:925} INFO - DAG(s) 'example_complex' retrieved from /home/airflow/.local/lib/python3.12/site-packages/airflow/example_dags/example_complex.py
[2026-08-12T04:44:34.346+0000] {logging_mixin.py:190} INFO - [2026-08-12T04:44:34.346+0000] {dag.py:3211} INFO - Sync 1 DAGs
[2026-08-12T04:44:34.366+0000] {logging_mixin.py:190} INFO - [2026-08-12T04:44:34.365+0000] {dag.py:4138} INFO - Setting next_dagrun for example_complex to None, run_after=None
[2026-08-12T04:44:34.398+0000] {processor.py:208} INFO - Processing /home/airflow/.local/lib/python3.12/site-packages/airflow/example_dags/example_complex.py took 0.125 seconds
[2026-08-12T04:45:05.448+0000] {processor.py:186} INFO - Started process (PID=1513) to work on /home/airflow/.local/lib/python3.12/site-packages/airflow/example_dags/example_complex.py
[2026-08-12T04:45:05.450+0000] {processor.py:914} INFO - Processing file /home/airflow/.local/lib/python3.12/site-packages/airflow/example_dags/example_complex.py for tasks to queue
[2026-08-12T04:45:05.454+0000] {logging_mixin.py:190} INFO - [2026-08-12T04:45:05.453+0000] {dagbag.py:587} INFO - Filling up the DagBag from /home/airflow/.local/lib/python3.12/site-packages/airflow/example_dags/example_complex.py
[2026-08-12T04:45:05.466+0000] {processor.py:925} INFO - DAG(s) 'example_complex' retrieved from /home/airflow/.local/lib/python3.12/site-packages/airflow/example_dags/example_complex.py
[2026-08-12T04:45:05.503+0000] {logging_mixin.py:190} INFO - [2026-08-12T04:45:05.503+0000] {dag.py:3211} INFO - Sync 1 DAGs
[2026-08-12T04:45:05.532+0000] {logging_mixin.py:190} INFO - [2026-08-12T04:45:05.532+0000] {dag.py:4138} INFO - Setting next_dagrun for example_complex to None, run_after=None
[2026-08-12T04:45:05.563+0000] {processor.py:208} INFO - Processing /home/airflow/.local/lib/python3.12/site-packages/airflow/example_dags/example_complex.py took 0.120 seconds
[2026-08-12T04:45:36.733+0000] {processor.py:186} INFO - Started process (PID=1575) to work on /home/airflow/.local/lib/python3.12/site-packages/airflow/example_dags/example_complex.py
[2026-08-12T04:45:36.735+0000] {processor.py:914} INFO - Processing file /home/airflow/.local/lib/python3.12/site-packages/airflow/example_dags/example_complex.py for tasks to queue
[2026-08-12T04:45:36.739+0000] {logging_mixin.py:190} INFO - [2026-08-12T04:45:36.739+0000] {dagbag.py:587} INFO - Filling up the DagBag from /home/airflow/.local/lib/python3.12/site-packages/airflow/example_dags/example_complex.py
[2026-08-12T04:45:36.754+0000] {processor.py:925} INFO - DAG(s) 'example_complex' retrieved from /home/airflow/.local/lib/python3.12/site-packages/airflow/example_dags/example_complex.py
[2026-08-12T04:45:36.787+0000] {logging_mixin.py:190} INFO - [2026-08-12T04:45:36.787+0000] {dag.py:3211} INFO - Sync 1 DAGs
[2026-08-12T04:45:36.804+0000] {logging_mixin.py:190} INFO - [2026-08-12T04:45:36.804+0000] {dag.py:4138} INFO - Setting next_dagrun for example_complex to None, run_after=None
[2026-08-12T04:45:36.830+0000] {processor.py:208} INFO - Processing /home/airflow/.local/lib/python3.12/site-packages/airflow/example_dags/example_complex.py took 0.104 seconds
[2026-08-12T04:46:06.954+0000] {processor.py:186} INFO - Started process (PID=1637) to work on /home/airflow/.local/lib/python3.12/site-packages/airflow/example_dags/example_complex.py
[2026-08-12T04:46:06.956+0000] {processor.py:914} INFO - Processing file /home/airflow/.local/lib/python3.12/site-packages/airflow/example_dags/example_complex.py for tasks to queue
[2026-08-12T04:46:06.961+0000] {logging_mixin.py:190} INFO - [2026-08-12T04:46:06.961+0000] {dagbag.py:587} INFO - Filling up the DagBag from /home/airflow/.local/lib/python3.12/site-packages/airflow/example_dags/example_complex.py
[2026-08-12T04:46:06.975+0000] {processor.py:925} INFO - DAG(s) 'example_complex' retrieved from /home/airflow/.local/lib/python3.12/site-packages/airflow/example_dags/example_complex.py
[2026-08-12T04:46:07.007+0000] {logging_mixin.py:190} INFO - [2026-08-12T04:46:07.007+0000] {dag.py:3211} INFO - Sync 1 DAGs
[2026-08-12T04:46:07.022+0000] {logging_mixin.py:190} INFO - [2026-08-12T04:46:07.022+0000] {dag.py:4138} INFO - Setting next_dagrun for example_complex to None, run_after=None
[2026-08-12T04:46:07.050+0000] {processor.py:208} INFO - Processing /home/airflow/.local/lib/python3.12/site-packages/airflow/example_dags/example_complex.py took 0.101 seconds
[2026-08-12T04:46:37.530+0000] {processor.py:186} INFO - Started process (PID=1699) to work on /home/airflow/.local/lib/python3.12/site-packages/airflow/example_dags/example_complex.py
[2026-08-12T04:46:37.532+0000] {processor.py:914} INFO - Processing file /home/airflow/.local/lib/python3.12/site-packages/airflow/example_dags/example_complex.py for tasks to queue
[2026-08-12T04:46:37.535+0000] {logging_mixin.py:190} INFO - [2026-08-12T04:46:37.534+0000] {dagbag.py:587} INFO - Filling up the DagBag from /home/airflow/.local/lib/python3.12/site-packages/airflow/example_dags/example_complex.py
[2026-08-12T04:46:37.550+0000] {processor.py:925} INFO - DAG(s) 'example_complex' retrieved from /home/airflow/.local/lib/python3.12/site-packages/airflow/example_dags/example_complex.py
[2026-08-12T04:46:37.580+0000] {logging_mixin.py:190} INFO - [2026-08-12T04:46:37.579+0000] {dag.py:3211} INFO - Sync 1 DAGs
[2026-08-12T04:46:37.596+0000] {logging_mixin.py:190} INFO - [2026-08-12T04:46:37.596+0000] {dag.py:4138} INFO - Setting next_dagrun for example_complex to None, run_after=None
[2026-08-12T04:46:37.618+0000] {processor.py:208} INFO - Processing /home/airflow/.local/lib/python3.12/site-packages/airflow/example_dags/example_complex.py took 0.095 seconds
[2026-08-12T04:47:08.296+0000] {processor.py:186} INFO - Started process (PID=1761) to work on /home/airflow/.local/lib/python3.12/site-packages/airflow/example_dags/example_complex.py
[2026-08-12T04:47:08.298+0000] {processor.py:914} INFO - Processing file /home/airflow/.local/lib/python3.12/site-packages/airflow/example_dags/example_complex.py for tasks to queue
[2026-08-12T04:47:08.302+0000] {logging_mixin.py:190} INFO - [2026-08-12T04:47:08.301+0000] {dagbag.py:587} INFO - Filling up the DagBag from /home/airflow/.local/lib/python3.12/site-packages/airflow/example_dags/example_complex.py
[2026-08-12T04:47:08.314+0000] {processor.py:925} INFO - DAG(s) 'example_complex' retrieved from /home/airflow/.local/lib/python3.12/site-packages/airflow/example_dags/example_complex.py
[2026-08-12T04:47:08.345+0000] {logging_mixin.py:190} INFO - [2026-08-12T04:47:08.345+0000] {dag.py:3211} INFO - Sync 1 DAGs
[2026-08-12T04:47:08.360+0000] {logging_mixin.py:190} INFO - [2026-08-12T04:47:08.359+0000] {dag.py:4138} INFO - Setting next_dagrun for example_complex to None, run_after=None
[2026-08-12T04:47:08.385+0000] {processor.py:208} INFO - Processing /home/airflow/.local/lib/python3.12/site-packages/airflow/example_dags/example_complex.py took 0.096 seconds
[2026-08-12T04:47:38.534+0000] {processor.py:186} INFO - Started process (PID=1823) to work on /home/airflow/.local/lib/python3.12/site-packages/airflow/example_dags/example_complex.py
[2026-08-12T04:47:38.537+0000] {processor.py:914} INFO - Processing file /home/airflow/.local/lib/python3.12/site-packages/airflow/example_dags/example_complex.py for tasks to queue
[2026-08-12T04:47:38.543+0000] {logging_mixin.py:190} INFO - [2026-08-12T04:47:38.543+0000] {dagbag.py:587} INFO - Filling up the DagBag from /home/airflow/.local/lib/python3.12/site-packages/airflow/example_dags/example_complex.py
[2026-08-12T04:47:38.563+0000] {processor.py:925} INFO - DAG(s) 'example_complex' retrieved from /home/airflow/.local/lib/python3.12/site-packages/airflow/example_dags/example_complex.py
[2026-08-12T04:47:38.611+0000] {logging_mixin.py:190} INFO - [2026-08-12T04:47:38.610+0000] {dag.py:3211} INFO - Sync 1 DAGs
[2026-08-12T04:47:38.631+0000] {logging_mixin.py:190} INFO - [2026-08-12T04:47:38.630+0000] {dag.py:4138} INFO - Setting next_dagrun for example_complex to None, run_after=None
[2026-08-12T04:47:38.659+0000] {processor.py:208} INFO - Processing /home/airflow/.local/lib/python3.12/site-packages/airflow/example_dags/example_complex.py took 0.135 seconds
[2026-08-12T04:48:09.004+0000] {processor.py:186} INFO - Started process (PID=1885) to work on /home/airflow/.local/lib/python3.12/site-packages/airflow/example_dags/example_complex.py
[2026-08-12T04:48:09.005+0000] {processor.py:914} INFO - Processing file /home/airflow/.local/lib/python3.12/site-packages/airflow/example_dags/example_complex.py for tasks to queue
[2026-08-12T04:48:09.009+0000] {logging_mixin.py:190} INFO - [2026-08-12T04:48:09.008+0000] {dagbag.py:587} INFO - Filling up the DagBag from /home/airflow/.local/lib/python3.12/site-packages/airflow/example_dags/example_complex.py
[2026-08-12T04:48:09.025+0000] {processor.py:925} INFO - DAG(s) 'example_complex' retrieved from /home/airflow/.local/lib/python3.12/site-packages/airflow/example_dags/example_complex.py
[2026-08-12T04:48:09.058+0000] {logging_mixin.py:190} INFO - [2026-08-12T04:48:09.058+0000] {dag.py:3211} INFO - Sync 1 DAGs
[2026-08-12T04:48:09.088+0000] {logging_mixin.py:190} INFO - [2026-08-12T04:48:09.088+0000] {dag.py:4138} INFO - Setting next_dagrun for example_complex to None, run_after=None
[2026-08-12T04:48:09.113+0000] {processor.py:208} INFO - Processing /home/airflow/.local/lib/python3.12/site-packages/airflow/example_dags/example_complex.py took 0.117 seconds
