[2026-08-12T04:31:33.097+0000] {processor.py:186} INFO - Started process (PID=94) to work on /home/airflow/.local/lib/python3.12/site-packages/airflow/example_dags/example_display_name.py
[2026-08-12T04:31:33.099+0000] {processor.py:914} INFO - Processing file /home/airflow/.local/lib/python3.12/site-packages/airflow/example_dags/example_display_name.py for tasks to queue
[2026-08-12T04:31:33.103+0000] {logging_mixin.py:190} INFO - [2026-08-12T04:31:33.102+0000] {dagbag.py:587} INFO - Filling up the DagBag from /home/airflow/.local/lib/python3.12/site-packages/airflow/example_dags/example_display_name.py
[2026-08-12T04:31:33.113+0000] {processor.py:925} INFO - DAG(s) 'example_display_name' retrieved from /home/airflow/.local/lib/python3.12/site-packages/airflow/example_dags/example_display_name.py
[2026-08-12T04:31:33.276+0000] {logging_mixin.py:190} INFO - [2026-08-12T04:31:33.276+0000] {override.py:1858} INFO - Created Permission View: can read on DAG:example_display_name
[2026-08-12T04:31:33.292+0000] {logging_mixin.py:190} INFO - [2026-08-12T04:31:33.292+0000] {override.py:1858} INFO - Created Permission View: can edit on DAG:example_display_name
[2026-08-12T04:31:33.304+0000] {logging_mixin.py:190} INFO - [2026-08-12T04:31:33.303+0000] {override.py:1858} INFO - Created Permission View: can delete on DAG:example_display_name
[2026-08-12T04:31:33.306+0000] {logging_mixin.py:190} INFO - [2026-08-12T04:31:33.305+0000] {dag.py:3211} INFO - Sync 1 DAGs
[2026-08-12T04:31:33.323+0000] {logging_mixin.py:190} INFO - [2026-08-12T04:31:33.323+0000] {dag.py:3234} INFO - Creating ORM DAG for example_display_name
[2026-08-12T04:31:33.325+0000] {logging_mixin.py:190} INFO - [2026-08-12T04:31:33.324+0000] {dag.py:4138} INFO - Setting next_dagrun for example_display_name to None, run_after=None
[2026-08-12T04:31:33.350+0000] {processor.py:208} INFO - Processing /home/airflow/.local/lib/python3.12/site-packages/airflow/example_dags/example_display_name.py took 0.260 seconds
[2026-08-12T04:32:04.212+0000] {processor.py:186} INFO - Started process (PID=156) to work on /home/airflow/.local/lib/python3.12/site-packages/airflow/example_dags/example_display_name.py
[2026-08-12T04:32:04.214+0000] {processor.py:914} INFO - Processing file /home/airflow/.local/lib/python3.12/site-packages/airflow/example_dags/example_display_name.py for tasks to queue
[2026-08-12T04:32:04.218+0000] {logging_mixin.py:190} INFO - [2026-08-12T04:32:04.218+0000] {dagbag.py:587} INFO - Filling up the DagBag from /home/airflow/.local/lib/python3.12/site-packages/airflow/example_dags/example_display_name.py
[2026-08-12T04:32:04.228+0000] {processor.py:925} INFO - DAG(s) 'example_display_name' retrieved from /home/airflow/.local/lib/python3.12/site-packages/airflow/example_dags/example_display_name.py
[2026-08-12T04:32:04.253+0000] {logging_mixin.py:190} INFO - [2026-08-12T04:32:04.252+0000] {dag.py:3211} INFO - Sync 1 DAGs
[2026-08-12T04:32:04.270+0000] {logging_mixin.py:190} INFO - [2026-08-12T04:32:04.270+0000] {dag.py:4138} INFO - Setting next_dagrun for example_display_name to None, run_after=None
[2026-08-12T04:32:04.298+0000] {processor.py:208} INFO - Processing /home/airflow/.local/lib/python3.12/site-packages/airflow/example_dags/example_display_name.py took 0.093 seconds
[2026-08-12T04:33:20.804+0000] {processor.py:186} INFO - Started process (PID=81) to work on /home/airflow/.local/lib/python3.12/site-packages/airflow/example_dags/example_display_name.py
[2026-08-12T04:33:20.806+0000] {processor.py:914} INFO - Processing file /home/airflow/.local/lib/python3.12/site-packages/airflow/example_dags/example_display_name.py for tasks to queue
[2026-08-12T04:33:20.811+0000] {logging_mixin.py:190} INFO - [2026-08-12T04:33:20.810+0000] {dagbag.py:587} INFO - Filling up the DagBag from /home/airflow/.local/lib/python3.12/site-packages/airflow/example_dags/example_display_name.py
[2026-08-12T04:33:20.820+0000] {processor.py:925} INFO - DAG(s) 'example_display_name' retrieved from /home/airflow/.local/lib/python3.12/site-packages/airflow/example_dags/example_display_name.py
[2026-08-12T04:33:20.844+0000] {logging_mixin.py:190} INFO - [2026-08-12T04:33:20.844+0000] {dag.py:3211} INFO - Sync 1 DAGs
[2026-08-12T04:33:20.862+0000] {logging_mixin.py:190} INFO - [2026-08-12T04:33:20.862+0000] {dag.py:4138} INFO - Setting next_dagrun for example_display_name to None, run_after=None
[2026-08-12T04:33:20.893+0000] {processor.py:208} INFO - Processing /home/airflow/.local/lib/python3.12/site-packages/airflow/example_dags/example_display_name.py took 0.096 seconds
[2026-08-12T04:33:51.715+0000] {processor.py:186} INFO - Started process (PID=143) to work on /home/airflow/.local/lib/python3.12/site-packages/airflow/example_dags/example_display_name.py
[2026-08-12T04:33:51.717+0000] {processor.py:914} INFO - Processing file /home/airflow/.local/lib/python3.12/site-packages/airflow/example_dags/example_display_name.py for tasks to queue
[2026-08-12T04:33:51.721+0000] {logging_mixin.py:190} INFO - [2026-08-12T04:33:51.721+0000] {dagbag.py:587} INFO - Filling up the DagBag from /home/airflow/.local/lib/python3.12/site-packages/airflow/example_dags/example_display_name.py
[2026-08-12T04:33:51.728+0000] {processor.py:925} INFO - DAG(s) 'example_display_name' retrieved from /home/airflow/.local/lib/python3.12/site-packages/airflow/example_dags/example_display_name.py
[2026-08-12T04:33:51.748+0000] {logging_mixin.py:190} INFO - [2026-08-12T04:33:51.747+0000] {dag.py:3211} INFO - Sync 1 DAGs
[2026-08-12T04:33:51.761+0000] {logging_mixin.py:190} INFO - [2026-08-12T04:33:51.761+0000] {dag.py:4138} INFO - Setting next_dagrun for example_display_name to None, run_after=None
[2026-08-12T04:33:51.785+0000] {processor.py:208} INFO - Processing /home/airflow/.local/lib/python3.12/site-packages/airflow/example_dags/example_display_name.py took 0.078 seconds
[2026-08-12T04:34:22.048+0000] {processor.py:186} INFO - Started process (PID=205) to work on /home/airflow/.local/lib/python3.12/site-packages/airflow/example_dags/example_display_name.py
[2026-08-12T04:34:22.049+0000] {processor.py:914} INFO - Processing file /home/airflow/.local/lib/python3.12/site-packages/airflow/example_dags/example_display_name.py for tasks to queue
[2026-08-12T04:34:22.064+0000] {logging_mixin.py:190} INFO - [2026-08-12T04:34:22.057+0000] {dagbag.py:587} INFO - Filling up the DagBag from /home/airflow/.local/lib/python3.12/site-packages/airflow/example_dags/example_display_name.py
[2026-08-12T04:34:22.073+0000] {processor.py:925} INFO - DAG(s) 'example_display_name' retrieved from /home/airflow/.local/lib/python3.12/site-packages/airflow/example_dags/example_display_name.py
[2026-08-12T04:34:22.094+0000] {logging_mixin.py:190} INFO - [2026-08-12T04:34:22.094+0000] {dag.py:3211} INFO - Sync 1 DAGs
[2026-08-12T04:34:22.108+0000] {logging_mixin.py:190} INFO - [2026-08-12T04:34:22.108+0000] {dag.py:4138} INFO - Setting next_dagrun for example_display_name to None, run_after=None
[2026-08-12T04:34:22.133+0000] {processor.py:208} INFO - Processing /home/airflow/.local/lib/python3.12/site-packages/airflow/example_dags/example_display_name.py took 0.090 seconds
[2026-08-12T04:34:52.209+0000] {processor.py:186} INFO - Started process (PID=267) to work on /home/airflow/.local/lib/python3.12/site-packages/airflow/example_dags/example_display_name.py
[2026-08-12T04:34:52.211+0000] {processor.py:914} INFO - Processing file /home/airflow/.local/lib/python3.12/site-packages/airflow/example_dags/example_display_name.py for tasks to queue
[2026-08-12T04:34:52.215+0000] {logging_mixin.py:190} INFO - [2026-08-12T04:34:52.214+0000] {dagbag.py:587} INFO - Filling up the DagBag from /home/airflow/.local/lib/python3.12/site-packages/airflow/example_dags/example_display_name.py
[2026-08-12T04:34:52.225+0000] {processor.py:925} INFO - DAG(s) 'example_display_name' retrieved from /home/airflow/.local/lib/python3.12/site-packages/airflow/example_dags/example_display_name.py
[2026-08-12T04:34:52.253+0000] {logging_mixin.py:190} INFO - [2026-08-12T04:34:52.252+0000] {dag.py:3211} INFO - Sync 1 DAGs
[2026-08-12T04:34:52.268+0000] {logging_mixin.py:190} INFO - [2026-08-12T04:34:52.268+0000] {dag.py:4138} INFO - Setting next_dagrun for example_display_name to None, run_after=None
[2026-08-12T04:34:52.293+0000] {processor.py:208} INFO - Processing /home/airflow/.local/lib/python3.12/site-packages/airflow/example_dags/example_display_name.py took 0.092 seconds
[2026-08-12T04:35:22.463+0000] {processor.py:186} INFO - Started process (PID=330) to work on /home/airflow/.local/lib/python3.12/site-packages/airflow/example_dags/example_display_name.py
[2026-08-12T04:35:22.465+0000] {processor.py:914} INFO - Processing file /home/airflow/.local/lib/python3.12/site-packages/airflow/example_dags/example_display_name.py for tasks to queue
[2026-08-12T04:35:22.468+0000] {logging_mixin.py:190} INFO - [2026-08-12T04:35:22.468+0000] {dagbag.py:587} INFO - Filling up the DagBag from /home/airflow/.local/lib/python3.12/site-packages/airflow/example_dags/example_display_name.py
[2026-08-12T04:35:22.476+0000] {processor.py:925} INFO - DAG(s) 'example_display_name' retrieved from /home/airflow/.local/lib/python3.12/site-packages/airflow/example_dags/example_display_name.py
[2026-08-12T04:35:22.496+0000] {logging_mixin.py:190} INFO - [2026-08-12T04:35:22.496+0000] {dag.py:3211} INFO - Sync 1 DAGs
[2026-08-12T04:35:22.510+0000] {logging_mixin.py:190} INFO - [2026-08-12T04:35:22.509+0000] {dag.py:4138} INFO - Setting next_dagrun for example_display_name to None, run_after=None
[2026-08-12T04:35:22.535+0000] {processor.py:208} INFO - Processing /home/airflow/.local/lib/python3.12/site-packages/airflow/example_dags/example_display_name.py took 0.077 seconds
[2026-08-12T04:35:52.930+0000] {processor.py:186} INFO - Started process (PID=392) to work on /home/airflow/.local/lib/python3.12/site-packages/airflow/example_dags/example_display_name.py
[2026-08-12T04:35:52.931+0000] {processor.py:914} INFO - Processing file /home/airflow/.local/lib/python3.12/site-packages/airflow/example_dags/example_display_name.py for tasks to queue
[2026-08-12T04:35:52.935+0000] {logging_mixin.py:190} INFO - [2026-08-12T04:35:52.935+0000] {dagbag.py:587} INFO - Filling up the DagBag from /home/airflow/.local/lib/python3.12/site-packages/airflow/example_dags/example_display_name.py
[2026-08-12T04:35:52.944+0000] {processor.py:925} INFO - DAG(s) 'example_display_name' retrieved from /home/airflow/.local/lib/python3.12/site-packages/airflow/example_dags/example_display_name.py
[2026-08-12T04:35:52.966+0000] {logging_mixin.py:190} INFO - [2026-08-12T04:35:52.966+0000] {dag.py:3211} INFO - Sync 1 DAGs
[2026-08-12T04:35:52.980+0000] {logging_mixin.py:190} INFO - [2026-08-12T04:35:52.980+0000] {dag.py:4138} INFO - Setting next_dagrun for example_display_name to None, run_after=None
[2026-08-12T04:35:53.005+0000] {processor.py:208} INFO - Processing /home/airflow/.local/lib/python3.12/site-packages/airflow/example_dags/example_display_name.py took 0.082 seconds
[2026-08-12T04:36:23.420+0000] {processor.py:186} INFO - Started process (PID=454) to work on /home/airflow/.local/lib/python3.12/site-packages/airflow/example_dags/example_display_name.py
[2026-08-12T04:36:23.422+0000] {processor.py:914} INFO - Processing file /home/airflow/.local/lib/python3.12/site-packages/airflow/example_dags/example_display_name.py for tasks to queue
[2026-08-12T04:36:23.425+0000] {logging_mixin.py:190} INFO - [2026-08-12T04:36:23.425+0000] {dagbag.py:587} INFO - Filling up the DagBag from /home/airflow/.local/lib/python3.12/site-packages/airflow/example_dags/example_display_name.py
[2026-08-12T04:36:23.434+0000] {processor.py:925} INFO - DAG(s) 'example_display_name' retrieved from /home/airflow/.local/lib/python3.12/site-packages/airflow/example_dags/example_display_name.py
[2026-08-12T04:36:23.453+0000] {logging_mixin.py:190} INFO - [2026-08-12T04:36:23.452+0000] {dag.py:3211} INFO - Sync 1 DAGs
[2026-08-12T04:36:23.468+0000] {logging_mixin.py:190} INFO - [2026-08-12T04:36:23.467+0000] {dag.py:4138} INFO - Setting next_dagrun for example_display_name to None, run_after=None
[2026-08-12T04:36:23.496+0000] {processor.py:208} INFO - Processing /home/airflow/.local/lib/python3.12/site-packages/airflow/example_dags/example_display_name.py took 0.080 seconds
[2026-08-12T04:36:53.962+0000] {processor.py:186} INFO - Started process (PID=516) to work on /home/airflow/.local/lib/python3.12/site-packages/airflow/example_dags/example_display_name.py
[2026-08-12T04:36:53.963+0000] {processor.py:914} INFO - Processing file /home/airflow/.local/lib/python3.12/site-packages/airflow/example_dags/example_display_name.py for tasks to queue
[2026-08-12T04:36:53.966+0000] {logging_mixin.py:190} INFO - [2026-08-12T04:36:53.966+0000] {dagbag.py:587} INFO - Filling up the DagBag from /home/airflow/.local/lib/python3.12/site-packages/airflow/example_dags/example_display_name.py
[2026-08-12T04:36:53.974+0000] {processor.py:925} INFO - DAG(s) 'example_display_name' retrieved from /home/airflow/.local/lib/python3.12/site-packages/airflow/example_dags/example_display_name.py
[2026-08-12T04:36:53.998+0000] {logging_mixin.py:190} INFO - [2026-08-12T04:36:53.998+0000] {dag.py:3211} INFO - Sync 1 DAGs
[2026-08-12T04:36:54.013+0000] {logging_mixin.py:190} INFO - [2026-08-12T04:36:54.013+0000] {dag.py:4138} INFO - Setting next_dagrun for example_display_name to None, run_after=None
[2026-08-12T04:36:54.051+0000] {processor.py:208} INFO - Processing /home/airflow/.local/lib/python3.12/site-packages/airflow/example_dags/example_display_name.py took 0.095 seconds
[2026-08-12T04:37:24.622+0000] {processor.py:186} INFO - Started process (PID=578) to work on /home/airflow/.local/lib/python3.12/site-packages/airflow/example_dags/example_display_name.py
[2026-08-12T04:37:24.624+0000] {processor.py:914} INFO - Processing file /home/airflow/.local/lib/python3.12/site-packages/airflow/example_dags/example_display_name.py for tasks to queue
[2026-08-12T04:37:24.628+0000] {logging_mixin.py:190} INFO - [2026-08-12T04:37:24.628+0000] {dagbag.py:587} INFO - Filling up the DagBag from /home/airflow/.local/lib/python3.12/site-packages/airflow/example_dags/example_display_name.py
[2026-08-12T04:37:24.639+0000] {processor.py:925} INFO - DAG(s) 'example_display_name' retrieved from /home/airflow/.local/lib/python3.12/site-packages/airflow/example_dags/example_display_name.py
[2026-08-12T04:37:24.667+0000] {logging_mixin.py:190} INFO - [2026-08-12T04:37:24.667+0000] {dag.py:3211} INFO - Sync 1 DAGs
[2026-08-12T04:37:24.691+0000] {logging_mixin.py:190} INFO - [2026-08-12T04:37:24.691+0000] {dag.py:4138} INFO - Setting next_dagrun for example_display_name to None, run_after=None
[2026-08-12T04:37:24.722+0000] {processor.py:208} INFO - Processing /home/airflow/.local/lib/python3.12/site-packages/airflow/example_dags/example_display_name.py took 0.112 seconds
[2026-08-12T04:37:55.350+0000] {processor.py:186} INFO - Started process (PID=640) to work on /home/airflow/.local/lib/python3.12/site-packages/airflow/example_dags/example_display_name.py
[2026-08-12T04:37:55.353+0000] {processor.py:914} INFO - Processing file /home/airflow/.local/lib/python3.12/site-packages/airflow/example_dags/example_display_name.py for tasks to queue
[2026-08-12T04:37:55.356+0000] {logging_mixin.py:190} INFO - [2026-08-12T04:37:55.356+0000] {dagbag.py:587} INFO - Filling up the DagBag from /home/airflow/.local/lib/python3.12/site-packages/airflow/example_dags/example_display_name.py
[2026-08-12T04:37:55.371+0000] {processor.py:925} INFO - DAG(s) 'example_display_name' retrieved from /home/airflow/.local/lib/python3.12/site-packages/airflow/example_dags/example_display_name.py
[2026-08-12T04:37:55.437+0000] {logging_mixin.py:190} INFO - [2026-08-12T04:37:55.437+0000] {dag.py:3211} INFO - Sync 1 DAGs
[2026-08-12T04:37:55.465+0000] {logging_mixin.py:190} INFO - [2026-08-12T04:37:55.465+0000] {dag.py:4138} INFO - Setting next_dagrun for example_display_name to None, run_after=None
[2026-08-12T04:37:55.511+0000] {processor.py:208} INFO - Processing /home/airflow/.local/lib/python3.12/site-packages/airflow/example_dags/example_display_name.py took 0.173 seconds
[2026-08-12T04:38:25.673+0000] {processor.py:186} INFO - Started process (PID=702) to work on /home/airflow/.local/lib/python3.12/site-packages/airflow/example_dags/example_display_name.py
[2026-08-12T04:38:25.675+0000] {processor.py:914} INFO - Processing file /home/airflow/.local/lib/python3.12/site-packages/airflow/example_dags/example_display_name.py for tasks to queue
[2026-08-12T04:38:25.678+0000] {logging_mixin.py:190} INFO - [2026-08-12T04:38:25.678+0000] {dagbag.py:587} INFO - Filling up the DagBag from /home/airflow/.local/lib/python3.12/site-packages/airflow/example_dags/example_display_name.py
[2026-08-12T04:38:25.687+0000] {processor.py:925} INFO - DAG(s) 'example_display_name' retrieved from /home/airflow/.local/lib/python3.12/site-packages/airflow/example_dags/example_display_name.py
[2026-08-12T04:38:25.709+0000] {logging_mixin.py:190} INFO - [2026-08-12T04:38:25.709+0000] {dag.py:3211} INFO - Sync 1 DAGs
[2026-08-12T04:38:25.726+0000] {logging_mixin.py:190} INFO - [2026-08-12T04:38:25.726+0000] {dag.py:4138} INFO - Setting next_dagrun for example_display_name to None, run_after=None
[2026-08-12T04:38:25.755+0000] {processor.py:208} INFO - Processing /home/airflow/.local/lib/python3.12/site-packages/airflow/example_dags/example_display_name.py took 0.087 seconds
[2026-08-12T04:38:56.128+0000] {processor.py:186} INFO - Started process (PID=764) to work on /home/airflow/.local/lib/python3.12/site-packages/airflow/example_dags/example_display_name.py
[2026-08-12T04:38:56.132+0000] {processor.py:914} INFO - Processing file /home/airflow/.local/lib/python3.12/site-packages/airflow/example_dags/example_display_name.py for tasks to queue
[2026-08-12T04:38:56.136+0000] {logging_mixin.py:190} INFO - [2026-08-12T04:38:56.135+0000] {dagbag.py:587} INFO - Filling up the DagBag from /home/airflow/.local/lib/python3.12/site-packages/airflow/example_dags/example_display_name.py
[2026-08-12T04:38:56.144+0000] {processor.py:925} INFO - DAG(s) 'example_display_name' retrieved from /home/airflow/.local/lib/python3.12/site-packages/airflow/example_dags/example_display_name.py
[2026-08-12T04:38:56.166+0000] {logging_mixin.py:190} INFO - [2026-08-12T04:38:56.165+0000] {dag.py:3211} INFO - Sync 1 DAGs
[2026-08-12T04:38:56.195+0000] {logging_mixin.py:190} INFO - [2026-08-12T04:38:56.194+0000] {dag.py:4138} INFO - Setting next_dagrun for example_display_name to None, run_after=None
[2026-08-12T04:38:56.222+0000] {processor.py:208} INFO - Processing /home/airflow/.local/lib/python3.12/site-packages/airflow/example_dags/example_display_name.py took 0.101 seconds
[2026-08-12T04:39:26.395+0000] {processor.py:186} INFO - Started process (PID=826) to work on /home/airflow/.local/lib/python3.12/site-packages/airflow/example_dags/example_display_name.py
[2026-08-12T04:39:26.396+0000] {processor.py:914} INFO - Processing file /home/airflow/.local/lib/python3.12/site-packages/airflow/example_dags/example_display_name.py for tasks to queue
[2026-08-12T04:39:26.399+0000] {logging_mixin.py:190} INFO - [2026-08-12T04:39:26.399+0000] {dagbag.py:587} INFO - Filling up the DagBag from /home/airflow/.local/lib/python3.12/site-packages/airflow/example_dags/example_display_name.py
[2026-08-12T04:39:26.408+0000] {processor.py:925} INFO - DAG(s) 'example_display_name' retrieved from /home/airflow/.local/lib/python3.12/site-packages/airflow/example_dags/example_display_name.py
[2026-08-12T04:39:26.431+0000] {logging_mixin.py:190} INFO - [2026-08-12T04:39:26.431+0000] {dag.py:3211} INFO - Sync 1 DAGs
[2026-08-12T04:39:26.447+0000] {logging_mixin.py:190} INFO - [2026-08-12T04:39:26.446+0000] {dag.py:4138} INFO - Setting next_dagrun for example_display_name to None, run_after=None
[2026-08-12T04:39:26.470+0000] {processor.py:208} INFO - Processing /home/airflow/.local/lib/python3.12/site-packages/airflow/example_dags/example_display_name.py took 0.081 seconds
[2026-08-12T04:39:57.760+0000] {processor.py:186} INFO - Started process (PID=888) to work on /home/airflow/.local/lib/python3.12/site-packages/airflow/example_dags/example_display_name.py
[2026-08-12T04:39:57.761+0000] {processor.py:914} INFO - Processing file /home/airflow/.local/lib/python3.12/site-packages/airflow/example_dags/example_display_name.py for tasks to queue
[2026-08-12T04:39:57.764+0000] {logging_mixin.py:190} INFO - [2026-08-12T04:39:57.764+0000] {dagbag.py:587} INFO - Filling up the DagBag from /home/airflow/.local/lib/python3.12/site-packages/airflow/example_dags/example_display_name.py
[2026-08-12T04:39:57.773+0000] {processor.py:925} INFO - DAG(s) 'example_display_name' retrieved from /home/airflow/.local/lib/python3.12/site-packages/airflow/example_dags/example_display_name.py
[2026-08-12T04:39:57.794+0000] {logging_mixin.py:190} INFO - [2026-08-12T04:39:57.794+0000] {dag.py:3211} INFO - Sync 1 DAGs
[2026-08-12T04:39:57.808+0000] {logging_mixin.py:190} INFO - [2026-08-12T04:39:57.808+0000] {dag.py:4138} INFO - Setting next_dagrun for example_display_name to None, run_after=None
[2026-08-12T04:39:57.832+0000] {processor.py:208} INFO - Processing /home/airflow/.local/lib/python3.12/site-packages/airflow/example_dags/example_display_name.py took 0.079 seconds
[2026-08-12T04:40:28.003+0000] {processor.py:186} INFO - Started process (PID=950) to work on /home/airflow/.local/lib/python3.12/site-packages/airflow/example_dags/example_display_name.py
[2026-08-12T04:40:28.005+0000] {processor.py:914} INFO - Processing file /home/airflow/.local/lib/python3.12/site-packages/airflow/example_dags/example_display_name.py for tasks to queue
[2026-08-12T04:40:28.008+0000] {logging_mixin.py:190} INFO - [2026-08-12T04:40:28.008+0000] {dagbag.py:587} INFO - Filling up the DagBag from /home/airflow/.local/lib/python3.12/site-packages/airflow/example_dags/example_display_name.py
[2026-08-12T04:40:28.016+0000] {processor.py:925} INFO - DAG(s) 'example_display_name' retrieved from /home/airflow/.local/lib/python3.12/site-packages/airflow/example_dags/example_display_name.py
[2026-08-12T04:40:28.036+0000] {logging_mixin.py:190} INFO - [2026-08-12T04:40:28.035+0000] {dag.py:3211} INFO - Sync 1 DAGs
[2026-08-12T04:40:28.049+0000] {logging_mixin.py:190} INFO - [2026-08-12T04:40:28.049+0000] {dag.py:4138} INFO - Setting next_dagrun for example_display_name to None, run_after=None
[2026-08-12T04:40:28.069+0000] {processor.py:208} INFO - Processing /home/airflow/.local/lib/python3.12/site-packages/airflow/example_dags/example_display_name.py took 0.071 seconds
[2026-08-12T04:40:58.245+0000] {processor.py:186} INFO - Started process (PID=1012) to work on /home/airflow/.local/lib/python3.12/site-packages/airflow/example_dags/example_display_name.py
[2026-08-12T04:40:58.247+0000] {processor.py:914} INFO - Processing file /home/airflow/.local/lib/python3.12/site-packages/airflow/example_dags/example_display_name.py for tasks to queue
[2026-08-12T04:40:58.250+0000] {logging_mixin.py:190} INFO - [2026-08-12T04:40:58.249+0000] {dagbag.py:587} INFO - Filling up the DagBag from /home/airflow/.local/lib/python3.12/site-packages/airflow/example_dags/example_display_name.py
[2026-08-12T04:40:58.257+0000] {processor.py:925} INFO - DAG(s) 'example_display_name' retrieved from /home/airflow/.local/lib/python3.12/site-packages/airflow/example_dags/example_display_name.py
[2026-08-12T04:40:58.277+0000] {logging_mixin.py:190} INFO - [2026-08-12T04:40:58.277+0000] {dag.py:3211} INFO - Sync 1 DAGs
[2026-08-12T04:40:58.292+0000] {logging_mixin.py:190} INFO - [2026-08-12T04:40:58.292+0000] {dag.py:4138} INFO - Setting next_dagrun for example_display_name to None, run_after=None
[2026-08-12T04:40:58.317+0000] {processor.py:208} INFO - Processing /home/airflow/.local/lib/python3.12/site-packages/airflow/example_dags/example_display_name.py took 0.078 seconds
[2026-08-12T04:41:28.862+0000] {processor.py:186} INFO - Started process (PID=1074) to work on /home/airflow/.local/lib/python3.12/site-packages/airflow/example_dags/example_display_name.py
[2026-08-12T04:41:28.864+0000] {processor.py:914} INFO - Processing file /home/airflow/.local/lib/python3.12/site-packages/airflow/example_dags/example_display_name.py for tasks to queue
[2026-08-12T04:41:28.868+0000] {logging_mixin.py:190} INFO - [2026-08-12T04:41:28.867+0000] {dagbag.py:587} INFO - Filling up the DagBag from /home/airflow/.local/lib/python3.12/site-packages/airflow/example_dags/example_display_name.py
[2026-08-12T04:41:28.877+0000] {processor.py:925} INFO - DAG(s) 'example_display_name' retrieved from /home/airflow/.local/lib/python3.12/site-packages/airflow/example_dags/example_display_name.py
[2026-08-12T04:41:28.902+0000] {logging_mixin.py:190} INFO - [2026-08-12T04:41:28.902+0000] {dag.py:3211} INFO - Sync 1 DAGs
[2026-08-12T04:41:28.925+0000] {logging_mixin.py:190} INFO - [2026-08-12T04:41:28.925+0000] {dag.py:4138} INFO - Setting next_dagrun for example_display_name to None, run_after=None
[2026-08-12T04:41:28.956+0000] {processor.py:208} INFO - Processing /home/airflow/.local/lib/python3.12/site-packages/airflow/example_dags/example_display_name.py took 0.100 seconds
[2026-08-12T04:41:59.853+0000] {processor.py:186} INFO - Started process (PID=1136) to work on /home/airflow/.local/lib/python3.12/site-packages/airflow/example_dags/example_display_name.py
[2026-08-12T04:41:59.856+0000] {processor.py:914} INFO - Processing file /home/airflow/.local/lib/python3.12/site-packages/airflow/example_dags/example_display_name.py for tasks to queue
[2026-08-12T04:41:59.861+0000] {logging_mixin.py:190} INFO - [2026-08-12T04:41:59.860+0000] {dagbag.py:587} INFO - Filling up the DagBag from /home/airflow/.local/lib/python3.12/site-packages/airflow/example_dags/example_display_name.py
[2026-08-12T04:41:59.875+0000] {processor.py:925} INFO - DAG(s) 'example_display_name' retrieved from /home/airflow/.local/lib/python3.12/site-packages/airflow/example_dags/example_display_name.py
[2026-08-12T04:41:59.908+0000] {logging_mixin.py:190} INFO - [2026-08-12T04:41:59.907+0000] {dag.py:3211} INFO - Sync 1 DAGs
[2026-08-12T04:41:59.925+0000] {logging_mixin.py:190} INFO - [2026-08-12T04:41:59.925+0000] {dag.py:4138} INFO - Setting next_dagrun for example_display_name to None, run_after=None
[2026-08-12T04:41:59.953+0000] {processor.py:208} INFO - Processing /home/airflow/.local/lib/python3.12/site-packages/airflow/example_dags/example_display_name.py took 0.113 seconds
[2026-08-12T04:42:30.858+0000] {processor.py:186} INFO - Started process (PID=1198) to work on /home/airflow/.local/lib/python3.12/site-packages/airflow/example_dags/example_display_name.py
[2026-08-12T04:42:30.860+0000] {processor.py:914} INFO - Processing file /home/airflow/.local/lib/python3.12/site-packages/airflow/example_dags/example_display_name.py for tasks to queue
[2026-08-12T04:42:30.863+0000] {logging_mixin.py:190} INFO - [2026-08-12T04:42:30.863+0000] {dagbag.py:587} INFO - Filling up the DagBag from /home/airflow/.local/lib/python3.12/site-packages/airflow/example_dags/example_display_name.py
[2026-08-12T04:42:30.872+0000] {processor.py:925} INFO - DAG(s) 'example_display_name' retrieved from /home/airflow/.local/lib/python3.12/site-packages/airflow/example_dags/example_display_name.py
[2026-08-12T04:42:30.895+0000] {logging_mixin.py:190} INFO - [2026-08-12T04:42:30.895+0000] {dag.py:3211} INFO - Sync 1 DAGs
[2026-08-12T04:42:30.908+0000] {logging_mixin.py:190} INFO - [2026-08-12T04:42:30.908+0000] {dag.py:4138} INFO - Setting next_dagrun for example_display_name to None, run_after=None
[2026-08-12T04:42:30.934+0000] {processor.py:208} INFO - Processing /home/airflow/.local/lib/python3.12/site-packages/airflow/example_dags/example_display_name.py took 0.093 seconds
[2026-08-12T04:43:01.873+0000] {processor.py:186} INFO - Started process (PID=1260) to work on /home/airflow/.local/lib/python3.12/site-packages/airflow/example_dags/example_display_name.py
[2026-08-12T04:43:01.875+0000] {processor.py:914} INFO - Processing file /home/airflow/.local/lib/python3.12/site-packages/airflow/example_dags/example_display_name.py for tasks to queue
[2026-08-12T04:43:01.879+0000] {logging_mixin.py:190} INFO - [2026-08-12T04:43:01.879+0000] {dagbag.py:587} INFO - Filling up the DagBag from /home/airflow/.local/lib/python3.12/site-packages/airflow/example_dags/example_display_name.py
[2026-08-12T04:43:01.888+0000] {processor.py:925} INFO - DAG(s) 'example_display_name' retrieved from /home/airflow/.local/lib/python3.12/site-packages/airflow/example_dags/example_display_name.py
[2026-08-12T04:43:01.909+0000] {logging_mixin.py:190} INFO - [2026-08-12T04:43:01.909+0000] {dag.py:3211} INFO - Sync 1 DAGs
[2026-08-12T04:43:01.924+0000] {logging_mixin.py:190} INFO - [2026-08-12T04:43:01.923+0000] {dag.py:4138} INFO - Setting next_dagrun for example_display_name to None, run_after=None
[2026-08-12T04:43:01.951+0000] {processor.py:208} INFO - Processing /home/airflow/.local/lib/python3.12/site-packages/airflow/example_dags/example_display_name.py took 0.083 seconds
[2026-08-12T04:43:32.800+0000] {processor.py:186} INFO - Started process (PID=1322) to work on /home/airflow/.local/lib/python3.12/site-packages/airflow/example_dags/example_display_name.py
[2026-08-12T04:43:32.802+0000] {processor.py:914} INFO - Processing file /home/airflow/.local/lib/python3.12/site-packages/airflow/example_dags/example_display_name.py for tasks to queue
[2026-08-12T04:43:32.805+0000] {logging_mixin.py:190} INFO - [2026-08-12T04:43:32.805+0000] {dagbag.py:587} INFO - Filling up the DagBag from /home/airflow/.local/lib/python3.12/site-packages/airflow/example_dags/example_display_name.py
[2026-08-12T04:43:32.814+0000] {processor.py:925} INFO - DAG(s) 'example_display_name' retrieved from /home/airflow/.local/lib/python3.12/site-packages/airflow/example_dags/example_display_name.py
[2026-08-12T04:43:32.836+0000] {logging_mixin.py:190} INFO - [2026-08-12T04:43:32.836+0000] {dag.py:3211} INFO - Sync 1 DAGs
[2026-08-12T04:43:32.853+0000] {logging_mixin.py:190} INFO - [2026-08-12T04:43:32.852+0000] {dag.py:4138} INFO - Setting next_dagrun for example_display_name to None, run_after=None
[2026-08-12T04:43:32.876+0000] {processor.py:208} INFO - Processing /home/airflow/.local/lib/python3.12/site-packages/airflow/example_dags/example_display_name.py took 0.083 seconds
[2026-08-12T04:44:03.466+0000] {processor.py:186} INFO - Started process (PID=1384) to work on /home/airflow/.local/lib/python3.12/site-packages/airflow/example_dags/example_display_name.py
[2026-08-12T04:44:03.468+0000] {processor.py:914} INFO - Processing file /home/airflow/.local/lib/python3.12/site-packages/airflow/example_dags/example_display_name.py for tasks to queue
[2026-08-12T04:44:03.472+0000] {logging_mixin.py:190} INFO - [2026-08-12T04:44:03.472+0000] {dagbag.py:587} INFO - Filling up the DagBag from /home/airflow/.local/lib/python3.12/site-packages/airflow/example_dags/example_display_name.py
[2026-08-12T04:44:03.482+0000] {processor.py:925} INFO - DAG(s) 'example_display_name' retrieved from /home/airflow/.local/lib/python3.12/site-packages/airflow/example_dags/example_display_name.py
[2026-08-12T04:44:03.504+0000] {logging_mixin.py:190} INFO - [2026-08-12T04:44:03.504+0000] {dag.py:3211} INFO - Sync 1 DAGs
[2026-08-12T04:44:03.519+0000] {logging_mixin.py:190} INFO - [2026-08-12T04:44:03.519+0000] {dag.py:4138} INFO - Setting next_dagrun for example_display_name to None, run_after=None
[2026-08-12T04:44:03.544+0000] {processor.py:208} INFO - Processing /home/airflow/.local/lib/python3.12/site-packages/airflow/example_dags/example_display_name.py took 0.084 seconds
[2026-08-12T04:44:33.985+0000] {processor.py:186} INFO - Started process (PID=1447) to work on /home/airflow/.local/lib/python3.12/site-packages/airflow/example_dags/example_display_name.py
[2026-08-12T04:44:33.987+0000] {processor.py:914} INFO - Processing file /home/airflow/.local/lib/python3.12/site-packages/airflow/example_dags/example_display_name.py for tasks to queue
[2026-08-12T04:44:33.991+0000] {logging_mixin.py:190} INFO - [2026-08-12T04:44:33.991+0000] {dagbag.py:587} INFO - Filling up the DagBag from /home/airflow/.local/lib/python3.12/site-packages/airflow/example_dags/example_display_name.py
[2026-08-12T04:44:33.999+0000] {processor.py:925} INFO - DAG(s) 'example_display_name' retrieved from /home/airflow/.local/lib/python3.12/site-packages/airflow/example_dags/example_display_name.py
[2026-08-12T04:44:34.022+0000] {logging_mixin.py:190} INFO - [2026-08-12T04:44:34.022+0000] {dag.py:3211} INFO - Sync 1 DAGs
[2026-08-12T04:44:34.039+0000] {logging_mixin.py:190} INFO - [2026-08-12T04:44:34.039+0000] {dag.py:4138} INFO - Setting next_dagrun for example_display_name to None, run_after=None
[2026-08-12T04:44:34.070+0000] {processor.py:208} INFO - Processing /home/airflow/.local/lib/python3.12/site-packages/airflow/example_dags/example_display_name.py took 0.091 seconds
[2026-08-12T04:45:05.170+0000] {processor.py:186} INFO - Started process (PID=1509) to work on /home/airflow/.local/lib/python3.12/site-packages/airflow/example_dags/example_display_name.py
[2026-08-12T04:45:05.172+0000] {processor.py:914} INFO - Processing file /home/airflow/.local/lib/python3.12/site-packages/airflow/example_dags/example_display_name.py for tasks to queue
[2026-08-12T04:45:05.175+0000] {logging_mixin.py:190} INFO - [2026-08-12T04:45:05.175+0000] {dagbag.py:587} INFO - Filling up the DagBag from /home/airflow/.local/lib/python3.12/site-packages/airflow/example_dags/example_display_name.py
[2026-08-12T04:45:05.183+0000] {processor.py:925} INFO - DAG(s) 'example_display_name' retrieved from /home/airflow/.local/lib/python3.12/site-packages/airflow/example_dags/example_display_name.py
[2026-08-12T04:45:05.203+0000] {logging_mixin.py:190} INFO - [2026-08-12T04:45:05.203+0000] {dag.py:3211} INFO - Sync 1 DAGs
[2026-08-12T04:45:05.219+0000] {logging_mixin.py:190} INFO - [2026-08-12T04:45:05.218+0000] {dag.py:4138} INFO - Setting next_dagrun for example_display_name to None, run_after=None
[2026-08-12T04:45:05.246+0000] {processor.py:208} INFO - Processing /home/airflow/.local/lib/python3.12/site-packages/airflow/example_dags/example_display_name.py took 0.082 seconds
[2026-08-12T04:45:36.453+0000] {processor.py:186} INFO - Started process (PID=1571) to work on /home/airflow/.local/lib/python3.12/site-packages/airflow/example_dags/example_display_name.py
[2026-08-12T04:45:36.455+0000] {processor.py:914} INFO - Processing file /home/airflow/.local/lib/python3.12/site-packages/airflow/example_dags/example_display_name.py for tasks to queue
[2026-08-12T04:45:36.459+0000] {logging_mixin.py:190} INFO - [2026-08-12T04:45:36.458+0000] {dagbag.py:587} INFO - Filling up the DagBag from /home/airflow/.local/lib/python3.12/site-packages/airflow/example_dags/example_display_name.py
[2026-08-12T04:45:36.469+0000] {processor.py:925} INFO - DAG(s) 'example_display_name' retrieved from /home/airflow/.local/lib/python3.12/site-packages/airflow/example_dags/example_display_name.py
[2026-08-12T04:45:36.491+0000] {logging_mixin.py:190} INFO - [2026-08-12T04:45:36.491+0000] {dag.py:3211} INFO - Sync 1 DAGs
[2026-08-12T04:45:36.509+0000] {logging_mixin.py:190} INFO - [2026-08-12T04:45:36.509+0000] {dag.py:4138} INFO - Setting next_dagrun for example_display_name to None, run_after=None
[2026-08-12T04:45:36.534+0000] {processor.py:208} INFO - Processing /home/airflow/.local/lib/python3.12/site-packages/airflow/example_dags/example_display_name.py took 0.088 seconds
[2026-08-12T04:46:06.681+0000] {processor.py:186} INFO - Started process (PID=1633) to work on /home/airflow/.local/lib/python3.12/site-packages/airflow/example_dags/example_display_name.py
[2026-08-12T04:46:06.683+0000] {processor.py:914} INFO - Processing file /home/airflow/.local/lib/python3.12/site-packages/airflow/example_dags/example_display_name.py for tasks to queue
[2026-08-12T04:46:06.686+0000] {logging_mixin.py:190} INFO - [2026-08-12T04:46:06.686+0000] {dagbag.py:587} INFO - Filling up the DagBag from /home/airflow/.local/lib/python3.12/site-packages/airflow/example_dags/example_display_name.py
[2026-08-12T04:46:06.695+0000] {processor.py:925} INFO - DAG(s) 'example_display_name' retrieved from /home/airflow/.local/lib/python3.12/site-packages/airflow/example_dags/example_display_name.py
[2026-08-12T04:46:06.717+0000] {logging_mixin.py:190} INFO - [2026-08-12T04:46:06.717+0000] {dag.py:3211} INFO - Sync 1 DAGs
[2026-08-12T04:46:06.734+0000] {logging_mixin.py:190} INFO - [2026-08-12T04:46:06.733+0000] {dag.py:4138} INFO - Setting next_dagrun for example_display_name to None, run_after=None
[2026-08-12T04:46:06.760+0000] {processor.py:208} INFO - Processing /home/airflow/.local/lib/python3.12/site-packages/airflow/example_dags/example_display_name.py took 0.086 seconds
[2026-08-12T04:46:37.205+0000] {processor.py:186} INFO - Started process (PID=1695) to work on /home/airflow/.local/lib/python3.12/site-packages/airflow/example_dags/example_display_name.py
[2026-08-12T04:46:37.206+0000] {processor.py:914} INFO - Processing file /home/airflow/.local/lib/python3.12/site-packages/airflow/example_dags/example_display_name.py for tasks to queue
[2026-08-12T04:46:37.210+0000] {logging_mixin.py:190} INFO - [2026-08-12T04:46:37.210+0000] {dagbag.py:587} INFO - Filling up the DagBag from /home/airflow/.local/lib/python3.12/site-packages/airflow/example_dags/example_display_name.py
[2026-08-12T04:46:37.218+0000] {processor.py:925} INFO - DAG(s) 'example_display_name' retrieved from /home/airflow/.local/lib/python3.12/site-packages/airflow/example_dags/example_display_name.py
[2026-08-12T04:46:37.238+0000] {logging_mixin.py:190} INFO - [2026-08-12T04:46:37.238+0000] {dag.py:3211} INFO - Sync 1 DAGs
[2026-08-12T04:46:37.253+0000] {logging_mixin.py:190} INFO - [2026-08-12T04:46:37.252+0000] {dag.py:4138} INFO - Setting next_dagrun for example_display_name to None, run_after=None
[2026-08-12T04:46:37.276+0000] {processor.py:208} INFO - Processing /home/airflow/.local/lib/python3.12/site-packages/airflow/example_dags/example_display_name.py took 0.076 seconds
[2026-08-12T04:47:07.818+0000] {processor.py:186} INFO - Started process (PID=1757) to work on /home/airflow/.local/lib/python3.12/site-packages/airflow/example_dags/example_display_name.py
[2026-08-12T04:47:07.820+0000] {processor.py:914} INFO - Processing file /home/airflow/.local/lib/python3.12/site-packages/airflow/example_dags/example_display_name.py for tasks to queue
[2026-08-12T04:47:07.826+0000] {logging_mixin.py:190} INFO - [2026-08-12T04:47:07.826+0000] {dagbag.py:587} INFO - Filling up the DagBag from /home/airflow/.local/lib/python3.12/site-packages/airflow/example_dags/example_display_name.py
[2026-08-12T04:47:07.838+0000] {processor.py:925} INFO - DAG(s) 'example_display_name' retrieved from /home/airflow/.local/lib/python3.12/site-packages/airflow/example_dags/example_display_name.py
[2026-08-12T04:47:07.864+0000] {logging_mixin.py:190} INFO - [2026-08-12T04:47:07.863+0000] {dag.py:3211} INFO - Sync 1 DAGs
[2026-08-12T04:47:07.878+0000] {logging_mixin.py:190} INFO - [2026-08-12T04:47:07.878+0000] {dag.py:4138} INFO - Setting next_dagrun for example_display_name to None, run_after=None
[2026-08-12T04:47:07.902+0000] {processor.py:208} INFO - Processing /home/airflow/.local/lib/python3.12/site-packages/airflow/example_dags/example_display_name.py took 0.093 seconds
[2026-08-12T04:47:38.225+0000] {processor.py:186} INFO - Started process (PID=1819) to work on /home/airflow/.local/lib/python3.12/site-packages/airflow/example_dags/example_display_name.py
[2026-08-12T04:47:38.227+0000] {processor.py:914} INFO - Processing file /home/airflow/.local/lib/python3.12/site-packages/airflow/example_dags/example_display_name.py for tasks to queue
[2026-08-12T04:47:38.231+0000] {logging_mixin.py:190} INFO - [2026-08-12T04:47:38.231+0000] {dagbag.py:587} INFO - Filling up the DagBag from /home/airflow/.local/lib/python3.12/site-packages/airflow/example_dags/example_display_name.py
[2026-08-12T04:47:38.241+0000] {processor.py:925} INFO - DAG(s) 'example_display_name' retrieved from /home/airflow/.local/lib/python3.12/site-packages/airflow/example_dags/example_display_name.py
[2026-08-12T04:47:38.265+0000] {logging_mixin.py:190} INFO - [2026-08-12T04:47:38.265+0000] {dag.py:3211} INFO - Sync 1 DAGs
[2026-08-12T04:47:38.295+0000] {logging_mixin.py:190} INFO - [2026-08-12T04:47:38.295+0000] {dag.py:4138} INFO - Setting next_dagrun for example_display_name to None, run_after=None
[2026-08-12T04:47:38.323+0000] {processor.py:208} INFO - Processing /home/airflow/.local/lib/python3.12/site-packages/airflow/example_dags/example_display_name.py took 0.107 seconds
[2026-08-12T04:48:08.567+0000] {processor.py:186} INFO - Started process (PID=1881) to work on /home/airflow/.local/lib/python3.12/site-packages/airflow/example_dags/example_display_name.py
[2026-08-12T04:48:08.568+0000] {processor.py:914} INFO - Processing file /home/airflow/.local/lib/python3.12/site-packages/airflow/example_dags/example_display_name.py for tasks to queue
[2026-08-12T04:48:08.572+0000] {logging_mixin.py:190} INFO - [2026-08-12T04:48:08.571+0000] {dagbag.py:587} INFO - Filling up the DagBag from /home/airflow/.local/lib/python3.12/site-packages/airflow/example_dags/example_display_name.py
[2026-08-12T04:48:08.579+0000] {processor.py:925} INFO - DAG(s) 'example_display_name' retrieved from /home/airflow/.local/lib/python3.12/site-packages/airflow/example_dags/example_display_name.py
[2026-08-12T04:48:08.601+0000] {logging_mixin.py:190} INFO - [2026-08-12T04:48:08.601+0000] {dag.py:3211} INFO - Sync 1 DAGs
[2026-08-12T04:48:08.616+0000] {logging_mixin.py:190} INFO - [2026-08-12T04:48:08.616+0000] {dag.py:4138} INFO - Setting next_dagrun for example_display_name to None, run_after=None
[2026-08-12T04:48:08.659+0000] {processor.py:208} INFO - Processing /home/airflow/.local/lib/python3.12/site-packages/airflow/example_dags/example_display_name.py took 0.098 seconds
