[2026-08-12T04:31:33.398+0000] {processor.py:186} INFO - Started process (PID=96) to work on /home/airflow/.local/lib/python3.12/site-packages/airflow/example_dags/example_task_group_decorator.py
[2026-08-12T04:31:33.400+0000] {processor.py:914} INFO - Processing file /home/airflow/.local/lib/python3.12/site-packages/airflow/example_dags/example_task_group_decorator.py for tasks to queue
[2026-08-12T04:31:33.405+0000] {logging_mixin.py:190} INFO - [2026-08-12T04:31:33.404+0000] {dagbag.py:587} INFO - Filling up the DagBag from /home/airflow/.local/lib/python3.12/site-packages/airflow/example_dags/example_task_group_decorator.py
[2026-08-12T04:31:33.426+0000] {processor.py:925} INFO - DAG(s) 'example_task_group_decorator' retrieved from /home/airflow/.local/lib/python3.12/site-packages/airflow/example_dags/example_task_group_decorator.py
[2026-08-12T04:31:33.587+0000] {logging_mixin.py:190} INFO - [2026-08-12T04:31:33.587+0000] {override.py:1858} INFO - Created Permission View: can read on DAG:example_task_group_decorator
[2026-08-12T04:31:33.604+0000] {logging_mixin.py:190} INFO - [2026-08-12T04:31:33.604+0000] {override.py:1858} INFO - Created Permission View: can edit on DAG:example_task_group_decorator
[2026-08-12T04:31:33.618+0000] {logging_mixin.py:190} INFO - [2026-08-12T04:31:33.618+0000] {override.py:1858} INFO - Created Permission View: can delete on DAG:example_task_group_decorator
[2026-08-12T04:31:33.620+0000] {logging_mixin.py:190} INFO - [2026-08-12T04:31:33.620+0000] {dag.py:3211} INFO - Sync 1 DAGs
[2026-08-12T04:31:33.637+0000] {logging_mixin.py:190} INFO - [2026-08-12T04:31:33.637+0000] {dag.py:3234} INFO - Creating ORM DAG for example_task_group_decorator
[2026-08-12T04:31:33.650+0000] {logging_mixin.py:190} INFO - [2026-08-12T04:31:33.650+0000] {dag.py:4138} INFO - Setting next_dagrun for example_task_group_decorator to 2026-08-11 00:00:00+00:00, run_after=2026-08-12 00:00:00+00:00
[2026-08-12T04:31:33.675+0000] {processor.py:208} INFO - Processing /home/airflow/.local/lib/python3.12/site-packages/airflow/example_dags/example_task_group_decorator.py took 0.285 seconds
[2026-08-12T04:32:04.366+0000] {processor.py:186} INFO - Started process (PID=158) to work on /home/airflow/.local/lib/python3.12/site-packages/airflow/example_dags/example_task_group_decorator.py
[2026-08-12T04:32:04.369+0000] {processor.py:914} INFO - Processing file /home/airflow/.local/lib/python3.12/site-packages/airflow/example_dags/example_task_group_decorator.py for tasks to queue
[2026-08-12T04:32:04.373+0000] {logging_mixin.py:190} INFO - [2026-08-12T04:32:04.372+0000] {dagbag.py:587} INFO - Filling up the DagBag from /home/airflow/.local/lib/python3.12/site-packages/airflow/example_dags/example_task_group_decorator.py
[2026-08-12T04:32:04.389+0000] {processor.py:925} INFO - DAG(s) 'example_task_group_decorator' retrieved from /home/airflow/.local/lib/python3.12/site-packages/airflow/example_dags/example_task_group_decorator.py
[2026-08-12T04:32:04.429+0000] {logging_mixin.py:190} INFO - [2026-08-12T04:32:04.428+0000] {dag.py:3211} INFO - Sync 1 DAGs
[2026-08-12T04:32:04.467+0000] {logging_mixin.py:190} INFO - [2026-08-12T04:32:04.467+0000] {dag.py:4138} INFO - Setting next_dagrun for example_task_group_decorator to 2026-08-11 00:00:00+00:00, run_after=2026-08-12 00:00:00+00:00
[2026-08-12T04:32:04.491+0000] {processor.py:208} INFO - Processing /home/airflow/.local/lib/python3.12/site-packages/airflow/example_dags/example_task_group_decorator.py took 0.133 seconds
[2026-08-12T04:33:20.937+0000] {processor.py:186} INFO - Started process (PID=83) to work on /home/airflow/.local/lib/python3.12/site-packages/airflow/example_dags/example_task_group_decorator.py
[2026-08-12T04:33:20.939+0000] {processor.py:914} INFO - Processing file /home/airflow/.local/lib/python3.12/site-packages/airflow/example_dags/example_task_group_decorator.py for tasks to queue
[2026-08-12T04:33:20.943+0000] {logging_mixin.py:190} INFO - [2026-08-12T04:33:20.942+0000] {dagbag.py:587} INFO - Filling up the DagBag from /home/airflow/.local/lib/python3.12/site-packages/airflow/example_dags/example_task_group_decorator.py
[2026-08-12T04:33:20.960+0000] {processor.py:925} INFO - DAG(s) 'example_task_group_decorator' retrieved from /home/airflow/.local/lib/python3.12/site-packages/airflow/example_dags/example_task_group_decorator.py
[2026-08-12T04:33:20.994+0000] {logging_mixin.py:190} INFO - [2026-08-12T04:33:20.994+0000] {dag.py:3211} INFO - Sync 1 DAGs
[2026-08-12T04:33:21.032+0000] {logging_mixin.py:190} INFO - [2026-08-12T04:33:21.032+0000] {dag.py:4138} INFO - Setting next_dagrun for example_task_group_decorator to 2026-08-11 00:00:00+00:00, run_after=2026-08-12 00:00:00+00:00
[2026-08-12T04:33:21.060+0000] {processor.py:208} INFO - Processing /home/airflow/.local/lib/python3.12/site-packages/airflow/example_dags/example_task_group_decorator.py took 0.129 seconds
[2026-08-12T04:33:51.977+0000] {processor.py:186} INFO - Started process (PID=145) to work on /home/airflow/.local/lib/python3.12/site-packages/airflow/example_dags/example_task_group_decorator.py
[2026-08-12T04:33:51.978+0000] {processor.py:914} INFO - Processing file /home/airflow/.local/lib/python3.12/site-packages/airflow/example_dags/example_task_group_decorator.py for tasks to queue
[2026-08-12T04:33:51.981+0000] {logging_mixin.py:190} INFO - [2026-08-12T04:33:51.981+0000] {dagbag.py:587} INFO - Filling up the DagBag from /home/airflow/.local/lib/python3.12/site-packages/airflow/example_dags/example_task_group_decorator.py
[2026-08-12T04:33:51.998+0000] {processor.py:925} INFO - DAG(s) 'example_task_group_decorator' retrieved from /home/airflow/.local/lib/python3.12/site-packages/airflow/example_dags/example_task_group_decorator.py
[2026-08-12T04:33:52.031+0000] {logging_mixin.py:190} INFO - [2026-08-12T04:33:52.031+0000] {dag.py:3211} INFO - Sync 1 DAGs
[2026-08-12T04:33:52.063+0000] {logging_mixin.py:190} INFO - [2026-08-12T04:33:52.063+0000] {dag.py:4138} INFO - Setting next_dagrun for example_task_group_decorator to 2026-08-11 00:00:00+00:00, run_after=2026-08-12 00:00:00+00:00
[2026-08-12T04:33:52.107+0000] {processor.py:208} INFO - Processing /home/airflow/.local/lib/python3.12/site-packages/airflow/example_dags/example_task_group_decorator.py took 0.136 seconds
[2026-08-12T04:34:22.179+0000] {processor.py:186} INFO - Started process (PID=207) to work on /home/airflow/.local/lib/python3.12/site-packages/airflow/example_dags/example_task_group_decorator.py
[2026-08-12T04:34:22.181+0000] {processor.py:914} INFO - Processing file /home/airflow/.local/lib/python3.12/site-packages/airflow/example_dags/example_task_group_decorator.py for tasks to queue
[2026-08-12T04:34:22.184+0000] {logging_mixin.py:190} INFO - [2026-08-12T04:34:22.184+0000] {dagbag.py:587} INFO - Filling up the DagBag from /home/airflow/.local/lib/python3.12/site-packages/airflow/example_dags/example_task_group_decorator.py
[2026-08-12T04:34:22.205+0000] {processor.py:925} INFO - DAG(s) 'example_task_group_decorator' retrieved from /home/airflow/.local/lib/python3.12/site-packages/airflow/example_dags/example_task_group_decorator.py
[2026-08-12T04:34:22.249+0000] {logging_mixin.py:190} INFO - [2026-08-12T04:34:22.249+0000] {dag.py:3211} INFO - Sync 1 DAGs
[2026-08-12T04:34:22.276+0000] {logging_mixin.py:190} INFO - [2026-08-12T04:34:22.276+0000] {dag.py:4138} INFO - Setting next_dagrun for example_task_group_decorator to 2026-08-11 00:00:00+00:00, run_after=2026-08-12 00:00:00+00:00
[2026-08-12T04:34:22.301+0000] {processor.py:208} INFO - Processing /home/airflow/.local/lib/python3.12/site-packages/airflow/example_dags/example_task_group_decorator.py took 0.128 seconds
[2026-08-12T04:34:52.450+0000] {processor.py:186} INFO - Started process (PID=269) to work on /home/airflow/.local/lib/python3.12/site-packages/airflow/example_dags/example_task_group_decorator.py
[2026-08-12T04:34:52.451+0000] {processor.py:914} INFO - Processing file /home/airflow/.local/lib/python3.12/site-packages/airflow/example_dags/example_task_group_decorator.py for tasks to queue
[2026-08-12T04:34:52.454+0000] {logging_mixin.py:190} INFO - [2026-08-12T04:34:52.454+0000] {dagbag.py:587} INFO - Filling up the DagBag from /home/airflow/.local/lib/python3.12/site-packages/airflow/example_dags/example_task_group_decorator.py
[2026-08-12T04:34:52.468+0000] {processor.py:925} INFO - DAG(s) 'example_task_group_decorator' retrieved from /home/airflow/.local/lib/python3.12/site-packages/airflow/example_dags/example_task_group_decorator.py
[2026-08-12T04:34:52.491+0000] {logging_mixin.py:190} INFO - [2026-08-12T04:34:52.491+0000] {dag.py:3211} INFO - Sync 1 DAGs
[2026-08-12T04:34:52.523+0000] {logging_mixin.py:190} INFO - [2026-08-12T04:34:52.523+0000] {dag.py:4138} INFO - Setting next_dagrun for example_task_group_decorator to 2026-08-11 00:00:00+00:00, run_after=2026-08-12 00:00:00+00:00
[2026-08-12T04:34:52.546+0000] {processor.py:208} INFO - Processing /home/airflow/.local/lib/python3.12/site-packages/airflow/example_dags/example_task_group_decorator.py took 0.101 seconds
[2026-08-12T04:35:22.670+0000] {processor.py:186} INFO - Started process (PID=332) to work on /home/airflow/.local/lib/python3.12/site-packages/airflow/example_dags/example_task_group_decorator.py
[2026-08-12T04:35:22.672+0000] {processor.py:914} INFO - Processing file /home/airflow/.local/lib/python3.12/site-packages/airflow/example_dags/example_task_group_decorator.py for tasks to queue
[2026-08-12T04:35:22.675+0000] {logging_mixin.py:190} INFO - [2026-08-12T04:35:22.675+0000] {dagbag.py:587} INFO - Filling up the DagBag from /home/airflow/.local/lib/python3.12/site-packages/airflow/example_dags/example_task_group_decorator.py
[2026-08-12T04:35:22.695+0000] {processor.py:925} INFO - DAG(s) 'example_task_group_decorator' retrieved from /home/airflow/.local/lib/python3.12/site-packages/airflow/example_dags/example_task_group_decorator.py
[2026-08-12T04:35:22.725+0000] {logging_mixin.py:190} INFO - [2026-08-12T04:35:22.724+0000] {dag.py:3211} INFO - Sync 1 DAGs
[2026-08-12T04:35:22.750+0000] {logging_mixin.py:190} INFO - [2026-08-12T04:35:22.750+0000] {dag.py:4138} INFO - Setting next_dagrun for example_task_group_decorator to 2026-08-11 00:00:00+00:00, run_after=2026-08-12 00:00:00+00:00
[2026-08-12T04:35:22.773+0000] {processor.py:208} INFO - Processing /home/airflow/.local/lib/python3.12/site-packages/airflow/example_dags/example_task_group_decorator.py took 0.110 seconds
[2026-08-12T04:35:53.045+0000] {processor.py:186} INFO - Started process (PID=394) to work on /home/airflow/.local/lib/python3.12/site-packages/airflow/example_dags/example_task_group_decorator.py
[2026-08-12T04:35:53.046+0000] {processor.py:914} INFO - Processing file /home/airflow/.local/lib/python3.12/site-packages/airflow/example_dags/example_task_group_decorator.py for tasks to queue
[2026-08-12T04:35:53.049+0000] {logging_mixin.py:190} INFO - [2026-08-12T04:35:53.049+0000] {dagbag.py:587} INFO - Filling up the DagBag from /home/airflow/.local/lib/python3.12/site-packages/airflow/example_dags/example_task_group_decorator.py
[2026-08-12T04:35:53.063+0000] {processor.py:925} INFO - DAG(s) 'example_task_group_decorator' retrieved from /home/airflow/.local/lib/python3.12/site-packages/airflow/example_dags/example_task_group_decorator.py
[2026-08-12T04:35:53.092+0000] {logging_mixin.py:190} INFO - [2026-08-12T04:35:53.092+0000] {dag.py:3211} INFO - Sync 1 DAGs
[2026-08-12T04:35:53.118+0000] {logging_mixin.py:190} INFO - [2026-08-12T04:35:53.117+0000] {dag.py:4138} INFO - Setting next_dagrun for example_task_group_decorator to 2026-08-11 00:00:00+00:00, run_after=2026-08-12 00:00:00+00:00
[2026-08-12T04:35:53.144+0000] {processor.py:208} INFO - Processing /home/airflow/.local/lib/python3.12/site-packages/airflow/example_dags/example_task_group_decorator.py took 0.105 seconds
[2026-08-12T04:36:23.531+0000] {processor.py:186} INFO - Started process (PID=456) to work on /home/airflow/.local/lib/python3.12/site-packages/airflow/example_dags/example_task_group_decorator.py
[2026-08-12T04:36:23.533+0000] {processor.py:914} INFO - Processing file /home/airflow/.local/lib/python3.12/site-packages/airflow/example_dags/example_task_group_decorator.py for tasks to queue
[2026-08-12T04:36:23.536+0000] {logging_mixin.py:190} INFO - [2026-08-12T04:36:23.536+0000] {dagbag.py:587} INFO - Filling up the DagBag from /home/airflow/.local/lib/python3.12/site-packages/airflow/example_dags/example_task_group_decorator.py
[2026-08-12T04:36:23.552+0000] {processor.py:925} INFO - DAG(s) 'example_task_group_decorator' retrieved from /home/airflow/.local/lib/python3.12/site-packages/airflow/example_dags/example_task_group_decorator.py
[2026-08-12T04:36:23.579+0000] {logging_mixin.py:190} INFO - [2026-08-12T04:36:23.579+0000] {dag.py:3211} INFO - Sync 1 DAGs
[2026-08-12T04:36:23.603+0000] {logging_mixin.py:190} INFO - [2026-08-12T04:36:23.603+0000] {dag.py:4138} INFO - Setting next_dagrun for example_task_group_decorator to 2026-08-11 00:00:00+00:00, run_after=2026-08-12 00:00:00+00:00
[2026-08-12T04:36:23.639+0000] {processor.py:208} INFO - Processing /home/airflow/.local/lib/python3.12/site-packages/airflow/example_dags/example_task_group_decorator.py took 0.113 seconds
[2026-08-12T04:36:54.090+0000] {processor.py:186} INFO - Started process (PID=518) to work on /home/airflow/.local/lib/python3.12/site-packages/airflow/example_dags/example_task_group_decorator.py
[2026-08-12T04:36:54.092+0000] {processor.py:914} INFO - Processing file /home/airflow/.local/lib/python3.12/site-packages/airflow/example_dags/example_task_group_decorator.py for tasks to queue
[2026-08-12T04:36:54.095+0000] {logging_mixin.py:190} INFO - [2026-08-12T04:36:54.095+0000] {dagbag.py:587} INFO - Filling up the DagBag from /home/airflow/.local/lib/python3.12/site-packages/airflow/example_dags/example_task_group_decorator.py
[2026-08-12T04:36:54.109+0000] {processor.py:925} INFO - DAG(s) 'example_task_group_decorator' retrieved from /home/airflow/.local/lib/python3.12/site-packages/airflow/example_dags/example_task_group_decorator.py
[2026-08-12T04:36:54.135+0000] {logging_mixin.py:190} INFO - [2026-08-12T04:36:54.135+0000] {dag.py:3211} INFO - Sync 1 DAGs
[2026-08-12T04:36:54.160+0000] {logging_mixin.py:190} INFO - [2026-08-12T04:36:54.159+0000] {dag.py:4138} INFO - Setting next_dagrun for example_task_group_decorator to 2026-08-11 00:00:00+00:00, run_after=2026-08-12 00:00:00+00:00
[2026-08-12T04:36:54.186+0000] {processor.py:208} INFO - Processing /home/airflow/.local/lib/python3.12/site-packages/airflow/example_dags/example_task_group_decorator.py took 0.101 seconds
[2026-08-12T04:37:24.902+0000] {processor.py:186} INFO - Started process (PID=580) to work on /home/airflow/.local/lib/python3.12/site-packages/airflow/example_dags/example_task_group_decorator.py
[2026-08-12T04:37:24.904+0000] {processor.py:914} INFO - Processing file /home/airflow/.local/lib/python3.12/site-packages/airflow/example_dags/example_task_group_decorator.py for tasks to queue
[2026-08-12T04:37:24.907+0000] {logging_mixin.py:190} INFO - [2026-08-12T04:37:24.907+0000] {dagbag.py:587} INFO - Filling up the DagBag from /home/airflow/.local/lib/python3.12/site-packages/airflow/example_dags/example_task_group_decorator.py
[2026-08-12T04:37:24.928+0000] {processor.py:925} INFO - DAG(s) 'example_task_group_decorator' retrieved from /home/airflow/.local/lib/python3.12/site-packages/airflow/example_dags/example_task_group_decorator.py
[2026-08-12T04:37:24.958+0000] {logging_mixin.py:190} INFO - [2026-08-12T04:37:24.958+0000] {dag.py:3211} INFO - Sync 1 DAGs
[2026-08-12T04:37:24.985+0000] {logging_mixin.py:190} INFO - [2026-08-12T04:37:24.985+0000] {dag.py:4138} INFO - Setting next_dagrun for example_task_group_decorator to 2026-08-11 00:00:00+00:00, run_after=2026-08-12 00:00:00+00:00
[2026-08-12T04:37:25.018+0000] {processor.py:208} INFO - Processing /home/airflow/.local/lib/python3.12/site-packages/airflow/example_dags/example_task_group_decorator.py took 0.123 seconds
[2026-08-12T04:37:55.573+0000] {processor.py:186} INFO - Started process (PID=642) to work on /home/airflow/.local/lib/python3.12/site-packages/airflow/example_dags/example_task_group_decorator.py
[2026-08-12T04:37:55.575+0000] {processor.py:914} INFO - Processing file /home/airflow/.local/lib/python3.12/site-packages/airflow/example_dags/example_task_group_decorator.py for tasks to queue
[2026-08-12T04:37:55.579+0000] {logging_mixin.py:190} INFO - [2026-08-12T04:37:55.578+0000] {dagbag.py:587} INFO - Filling up the DagBag from /home/airflow/.local/lib/python3.12/site-packages/airflow/example_dags/example_task_group_decorator.py
[2026-08-12T04:37:55.602+0000] {processor.py:925} INFO - DAG(s) 'example_task_group_decorator' retrieved from /home/airflow/.local/lib/python3.12/site-packages/airflow/example_dags/example_task_group_decorator.py
[2026-08-12T04:37:55.639+0000] {logging_mixin.py:190} INFO - [2026-08-12T04:37:55.638+0000] {dag.py:3211} INFO - Sync 1 DAGs
[2026-08-12T04:37:55.669+0000] {logging_mixin.py:190} INFO - [2026-08-12T04:37:55.668+0000] {dag.py:4138} INFO - Setting next_dagrun for example_task_group_decorator to 2026-08-11 00:00:00+00:00, run_after=2026-08-12 00:00:00+00:00
[2026-08-12T04:37:55.703+0000] {processor.py:208} INFO - Processing /home/airflow/.local/lib/python3.12/site-packages/airflow/example_dags/example_task_group_decorator.py took 0.138 seconds
[2026-08-12T04:38:25.797+0000] {processor.py:186} INFO - Started process (PID=704) to work on /home/airflow/.local/lib/python3.12/site-packages/airflow/example_dags/example_task_group_decorator.py
[2026-08-12T04:38:25.799+0000] {processor.py:914} INFO - Processing file /home/airflow/.local/lib/python3.12/site-packages/airflow/example_dags/example_task_group_decorator.py for tasks to queue
[2026-08-12T04:38:25.803+0000] {logging_mixin.py:190} INFO - [2026-08-12T04:38:25.802+0000] {dagbag.py:587} INFO - Filling up the DagBag from /home/airflow/.local/lib/python3.12/site-packages/airflow/example_dags/example_task_group_decorator.py
[2026-08-12T04:38:25.819+0000] {processor.py:925} INFO - DAG(s) 'example_task_group_decorator' retrieved from /home/airflow/.local/lib/python3.12/site-packages/airflow/example_dags/example_task_group_decorator.py
[2026-08-12T04:38:25.851+0000] {logging_mixin.py:190} INFO - [2026-08-12T04:38:25.851+0000] {dag.py:3211} INFO - Sync 1 DAGs
[2026-08-12T04:38:25.891+0000] {logging_mixin.py:190} INFO - [2026-08-12T04:38:25.891+0000] {dag.py:4138} INFO - Setting next_dagrun for example_task_group_decorator to 2026-08-11 00:00:00+00:00, run_after=2026-08-12 00:00:00+00:00
[2026-08-12T04:38:25.915+0000] {processor.py:208} INFO - Processing /home/airflow/.local/lib/python3.12/site-packages/airflow/example_dags/example_task_group_decorator.py took 0.124 seconds
[2026-08-12T04:38:56.260+0000] {processor.py:186} INFO - Started process (PID=766) to work on /home/airflow/.local/lib/python3.12/site-packages/airflow/example_dags/example_task_group_decorator.py
[2026-08-12T04:38:56.262+0000] {processor.py:914} INFO - Processing file /home/airflow/.local/lib/python3.12/site-packages/airflow/example_dags/example_task_group_decorator.py for tasks to queue
[2026-08-12T04:38:56.266+0000] {logging_mixin.py:190} INFO - [2026-08-12T04:38:56.265+0000] {dagbag.py:587} INFO - Filling up the DagBag from /home/airflow/.local/lib/python3.12/site-packages/airflow/example_dags/example_task_group_decorator.py
[2026-08-12T04:38:56.284+0000] {processor.py:925} INFO - DAG(s) 'example_task_group_decorator' retrieved from /home/airflow/.local/lib/python3.12/site-packages/airflow/example_dags/example_task_group_decorator.py
[2026-08-12T04:38:56.312+0000] {logging_mixin.py:190} INFO - [2026-08-12T04:38:56.312+0000] {dag.py:3211} INFO - Sync 1 DAGs
[2026-08-12T04:38:56.341+0000] {logging_mixin.py:190} INFO - [2026-08-12T04:38:56.341+0000] {dag.py:4138} INFO - Setting next_dagrun for example_task_group_decorator to 2026-08-11 00:00:00+00:00, run_after=2026-08-12 00:00:00+00:00
[2026-08-12T04:38:56.367+0000] {processor.py:208} INFO - Processing /home/airflow/.local/lib/python3.12/site-packages/airflow/example_dags/example_task_group_decorator.py took 0.113 seconds
[2026-08-12T04:39:26.516+0000] {processor.py:186} INFO - Started process (PID=828) to work on /home/airflow/.local/lib/python3.12/site-packages/airflow/example_dags/example_task_group_decorator.py
[2026-08-12T04:39:26.519+0000] {processor.py:914} INFO - Processing file /home/airflow/.local/lib/python3.12/site-packages/airflow/example_dags/example_task_group_decorator.py for tasks to queue
[2026-08-12T04:39:26.524+0000] {logging_mixin.py:190} INFO - [2026-08-12T04:39:26.523+0000] {dagbag.py:587} INFO - Filling up the DagBag from /home/airflow/.local/lib/python3.12/site-packages/airflow/example_dags/example_task_group_decorator.py
[2026-08-12T04:39:26.540+0000] {processor.py:925} INFO - DAG(s) 'example_task_group_decorator' retrieved from /home/airflow/.local/lib/python3.12/site-packages/airflow/example_dags/example_task_group_decorator.py
[2026-08-12T04:39:26.568+0000] {logging_mixin.py:190} INFO - [2026-08-12T04:39:26.568+0000] {dag.py:3211} INFO - Sync 1 DAGs
[2026-08-12T04:39:26.595+0000] {logging_mixin.py:190} INFO - [2026-08-12T04:39:26.595+0000] {dag.py:4138} INFO - Setting next_dagrun for example_task_group_decorator to 2026-08-11 00:00:00+00:00, run_after=2026-08-12 00:00:00+00:00
[2026-08-12T04:39:26.619+0000] {processor.py:208} INFO - Processing /home/airflow/.local/lib/python3.12/site-packages/airflow/example_dags/example_task_group_decorator.py took 0.110 seconds
[2026-08-12T04:39:57.899+0000] {processor.py:186} INFO - Started process (PID=890) to work on /home/airflow/.local/lib/python3.12/site-packages/airflow/example_dags/example_task_group_decorator.py
[2026-08-12T04:39:57.901+0000] {processor.py:914} INFO - Processing file /home/airflow/.local/lib/python3.12/site-packages/airflow/example_dags/example_task_group_decorator.py for tasks to queue
[2026-08-12T04:39:57.906+0000] {logging_mixin.py:190} INFO - [2026-08-12T04:39:57.905+0000] {dagbag.py:587} INFO - Filling up the DagBag from /home/airflow/.local/lib/python3.12/site-packages/airflow/example_dags/example_task_group_decorator.py
[2026-08-12T04:39:57.928+0000] {processor.py:925} INFO - DAG(s) 'example_task_group_decorator' retrieved from /home/airflow/.local/lib/python3.12/site-packages/airflow/example_dags/example_task_group_decorator.py
[2026-08-12T04:39:57.966+0000] {logging_mixin.py:190} INFO - [2026-08-12T04:39:57.966+0000] {dag.py:3211} INFO - Sync 1 DAGs
[2026-08-12T04:39:58.003+0000] {logging_mixin.py:190} INFO - [2026-08-12T04:39:58.003+0000] {dag.py:4138} INFO - Setting next_dagrun for example_task_group_decorator to 2026-08-11 00:00:00+00:00, run_after=2026-08-12 00:00:00+00:00
[2026-08-12T04:39:58.034+0000] {processor.py:208} INFO - Processing /home/airflow/.local/lib/python3.12/site-packages/airflow/example_dags/example_task_group_decorator.py took 0.141 seconds
[2026-08-12T04:40:28.116+0000] {processor.py:186} INFO - Started process (PID=952) to work on /home/airflow/.local/lib/python3.12/site-packages/airflow/example_dags/example_task_group_decorator.py
[2026-08-12T04:40:28.118+0000] {processor.py:914} INFO - Processing file /home/airflow/.local/lib/python3.12/site-packages/airflow/example_dags/example_task_group_decorator.py for tasks to queue
[2026-08-12T04:40:28.121+0000] {logging_mixin.py:190} INFO - [2026-08-12T04:40:28.121+0000] {dagbag.py:587} INFO - Filling up the DagBag from /home/airflow/.local/lib/python3.12/site-packages/airflow/example_dags/example_task_group_decorator.py
[2026-08-12T04:40:28.142+0000] {processor.py:925} INFO - DAG(s) 'example_task_group_decorator' retrieved from /home/airflow/.local/lib/python3.12/site-packages/airflow/example_dags/example_task_group_decorator.py
[2026-08-12T04:40:28.185+0000] {logging_mixin.py:190} INFO - [2026-08-12T04:40:28.185+0000] {dag.py:3211} INFO - Sync 1 DAGs
[2026-08-12T04:40:28.214+0000] {logging_mixin.py:190} INFO - [2026-08-12T04:40:28.213+0000] {dag.py:4138} INFO - Setting next_dagrun for example_task_group_decorator to 2026-08-11 00:00:00+00:00, run_after=2026-08-12 00:00:00+00:00
[2026-08-12T04:40:28.242+0000] {processor.py:208} INFO - Processing /home/airflow/.local/lib/python3.12/site-packages/airflow/example_dags/example_task_group_decorator.py took 0.132 seconds
[2026-08-12T04:40:58.359+0000] {processor.py:186} INFO - Started process (PID=1014) to work on /home/airflow/.local/lib/python3.12/site-packages/airflow/example_dags/example_task_group_decorator.py
[2026-08-12T04:40:58.361+0000] {processor.py:914} INFO - Processing file /home/airflow/.local/lib/python3.12/site-packages/airflow/example_dags/example_task_group_decorator.py for tasks to queue
[2026-08-12T04:40:58.364+0000] {logging_mixin.py:190} INFO - [2026-08-12T04:40:58.364+0000] {dagbag.py:587} INFO - Filling up the DagBag from /home/airflow/.local/lib/python3.12/site-packages/airflow/example_dags/example_task_group_decorator.py
[2026-08-12T04:40:58.380+0000] {processor.py:925} INFO - DAG(s) 'example_task_group_decorator' retrieved from /home/airflow/.local/lib/python3.12/site-packages/airflow/example_dags/example_task_group_decorator.py
[2026-08-12T04:40:58.404+0000] {logging_mixin.py:190} INFO - [2026-08-12T04:40:58.404+0000] {dag.py:3211} INFO - Sync 1 DAGs
[2026-08-12T04:40:58.429+0000] {logging_mixin.py:190} INFO - [2026-08-12T04:40:58.428+0000] {dag.py:4138} INFO - Setting next_dagrun for example_task_group_decorator to 2026-08-11 00:00:00+00:00, run_after=2026-08-12 00:00:00+00:00
[2026-08-12T04:40:58.455+0000] {processor.py:208} INFO - Processing /home/airflow/.local/lib/python3.12/site-packages/airflow/example_dags/example_task_group_decorator.py took 0.102 seconds
[2026-08-12T04:41:28.994+0000] {processor.py:186} INFO - Started process (PID=1076) to work on /home/airflow/.local/lib/python3.12/site-packages/airflow/example_dags/example_task_group_decorator.py
[2026-08-12T04:41:28.996+0000] {processor.py:914} INFO - Processing file /home/airflow/.local/lib/python3.12/site-packages/airflow/example_dags/example_task_group_decorator.py for tasks to queue
[2026-08-12T04:41:29.000+0000] {logging_mixin.py:190} INFO - [2026-08-12T04:41:28.999+0000] {dagbag.py:587} INFO - Filling up the DagBag from /home/airflow/.local/lib/python3.12/site-packages/airflow/example_dags/example_task_group_decorator.py
[2026-08-12T04:41:29.018+0000] {processor.py:925} INFO - DAG(s) 'example_task_group_decorator' retrieved from /home/airflow/.local/lib/python3.12/site-packages/airflow/example_dags/example_task_group_decorator.py
[2026-08-12T04:41:29.044+0000] {logging_mixin.py:190} INFO - [2026-08-12T04:41:29.044+0000] {dag.py:3211} INFO - Sync 1 DAGs
[2026-08-12T04:41:29.072+0000] {logging_mixin.py:190} INFO - [2026-08-12T04:41:29.072+0000] {dag.py:4138} INFO - Setting next_dagrun for example_task_group_decorator to 2026-08-11 00:00:00+00:00, run_after=2026-08-12 00:00:00+00:00
[2026-08-12T04:41:29.099+0000] {processor.py:208} INFO - Processing /home/airflow/.local/lib/python3.12/site-packages/airflow/example_dags/example_task_group_decorator.py took 0.111 seconds
[2026-08-12T04:41:59.997+0000] {processor.py:186} INFO - Started process (PID=1138) to work on /home/airflow/.local/lib/python3.12/site-packages/airflow/example_dags/example_task_group_decorator.py
[2026-08-12T04:41:59.998+0000] {processor.py:914} INFO - Processing file /home/airflow/.local/lib/python3.12/site-packages/airflow/example_dags/example_task_group_decorator.py for tasks to queue
[2026-08-12T04:42:00.002+0000] {logging_mixin.py:190} INFO - [2026-08-12T04:42:00.002+0000] {dagbag.py:587} INFO - Filling up the DagBag from /home/airflow/.local/lib/python3.12/site-packages/airflow/example_dags/example_task_group_decorator.py
[2026-08-12T04:42:00.024+0000] {processor.py:925} INFO - DAG(s) 'example_task_group_decorator' retrieved from /home/airflow/.local/lib/python3.12/site-packages/airflow/example_dags/example_task_group_decorator.py
[2026-08-12T04:42:00.058+0000] {logging_mixin.py:190} INFO - [2026-08-12T04:42:00.058+0000] {dag.py:3211} INFO - Sync 1 DAGs
[2026-08-12T04:42:00.090+0000] {logging_mixin.py:190} INFO - [2026-08-12T04:42:00.090+0000] {dag.py:4138} INFO - Setting next_dagrun for example_task_group_decorator to 2026-08-11 00:00:00+00:00, run_after=2026-08-12 00:00:00+00:00
[2026-08-12T04:42:00.114+0000] {processor.py:208} INFO - Processing /home/airflow/.local/lib/python3.12/site-packages/airflow/example_dags/example_task_group_decorator.py took 0.125 seconds
[2026-08-12T04:42:30.975+0000] {processor.py:186} INFO - Started process (PID=1200) to work on /home/airflow/.local/lib/python3.12/site-packages/airflow/example_dags/example_task_group_decorator.py
[2026-08-12T04:42:30.977+0000] {processor.py:914} INFO - Processing file /home/airflow/.local/lib/python3.12/site-packages/airflow/example_dags/example_task_group_decorator.py for tasks to queue
[2026-08-12T04:42:30.980+0000] {logging_mixin.py:190} INFO - [2026-08-12T04:42:30.980+0000] {dagbag.py:587} INFO - Filling up the DagBag from /home/airflow/.local/lib/python3.12/site-packages/airflow/example_dags/example_task_group_decorator.py
[2026-08-12T04:42:30.994+0000] {processor.py:925} INFO - DAG(s) 'example_task_group_decorator' retrieved from /home/airflow/.local/lib/python3.12/site-packages/airflow/example_dags/example_task_group_decorator.py
[2026-08-12T04:42:31.019+0000] {logging_mixin.py:190} INFO - [2026-08-12T04:42:31.019+0000] {dag.py:3211} INFO - Sync 1 DAGs
[2026-08-12T04:42:31.041+0000] {logging_mixin.py:190} INFO - [2026-08-12T04:42:31.041+0000] {dag.py:4138} INFO - Setting next_dagrun for example_task_group_decorator to 2026-08-11 00:00:00+00:00, run_after=2026-08-12 00:00:00+00:00
[2026-08-12T04:42:31.064+0000] {processor.py:208} INFO - Processing /home/airflow/.local/lib/python3.12/site-packages/airflow/example_dags/example_task_group_decorator.py took 0.095 seconds
[2026-08-12T04:43:02.007+0000] {processor.py:186} INFO - Started process (PID=1262) to work on /home/airflow/.local/lib/python3.12/site-packages/airflow/example_dags/example_task_group_decorator.py
[2026-08-12T04:43:02.009+0000] {processor.py:914} INFO - Processing file /home/airflow/.local/lib/python3.12/site-packages/airflow/example_dags/example_task_group_decorator.py for tasks to queue
[2026-08-12T04:43:02.012+0000] {logging_mixin.py:190} INFO - [2026-08-12T04:43:02.012+0000] {dagbag.py:587} INFO - Filling up the DagBag from /home/airflow/.local/lib/python3.12/site-packages/airflow/example_dags/example_task_group_decorator.py
[2026-08-12T04:43:02.027+0000] {processor.py:925} INFO - DAG(s) 'example_task_group_decorator' retrieved from /home/airflow/.local/lib/python3.12/site-packages/airflow/example_dags/example_task_group_decorator.py
[2026-08-12T04:43:02.053+0000] {logging_mixin.py:190} INFO - [2026-08-12T04:43:02.052+0000] {dag.py:3211} INFO - Sync 1 DAGs
[2026-08-12T04:43:02.074+0000] {logging_mixin.py:190} INFO - [2026-08-12T04:43:02.074+0000] {dag.py:4138} INFO - Setting next_dagrun for example_task_group_decorator to 2026-08-11 00:00:00+00:00, run_after=2026-08-12 00:00:00+00:00
[2026-08-12T04:43:02.100+0000] {processor.py:208} INFO - Processing /home/airflow/.local/lib/python3.12/site-packages/airflow/example_dags/example_task_group_decorator.py took 0.099 seconds
[2026-08-12T04:43:32.917+0000] {processor.py:186} INFO - Started process (PID=1324) to work on /home/airflow/.local/lib/python3.12/site-packages/airflow/example_dags/example_task_group_decorator.py
[2026-08-12T04:43:32.919+0000] {processor.py:914} INFO - Processing file /home/airflow/.local/lib/python3.12/site-packages/airflow/example_dags/example_task_group_decorator.py for tasks to queue
[2026-08-12T04:43:32.922+0000] {logging_mixin.py:190} INFO - [2026-08-12T04:43:32.922+0000] {dagbag.py:587} INFO - Filling up the DagBag from /home/airflow/.local/lib/python3.12/site-packages/airflow/example_dags/example_task_group_decorator.py
[2026-08-12T04:43:32.941+0000] {processor.py:925} INFO - DAG(s) 'example_task_group_decorator' retrieved from /home/airflow/.local/lib/python3.12/site-packages/airflow/example_dags/example_task_group_decorator.py
[2026-08-12T04:43:32.983+0000] {logging_mixin.py:190} INFO - [2026-08-12T04:43:32.983+0000] {dag.py:3211} INFO - Sync 1 DAGs
[2026-08-12T04:43:33.010+0000] {logging_mixin.py:190} INFO - [2026-08-12T04:43:33.009+0000] {dag.py:4138} INFO - Setting next_dagrun for example_task_group_decorator to 2026-08-11 00:00:00+00:00, run_after=2026-08-12 00:00:00+00:00
[2026-08-12T04:43:33.031+0000] {processor.py:208} INFO - Processing /home/airflow/.local/lib/python3.12/site-packages/airflow/example_dags/example_task_group_decorator.py took 0.119 seconds
[2026-08-12T04:44:03.582+0000] {processor.py:186} INFO - Started process (PID=1386) to work on /home/airflow/.local/lib/python3.12/site-packages/airflow/example_dags/example_task_group_decorator.py
[2026-08-12T04:44:03.584+0000] {processor.py:914} INFO - Processing file /home/airflow/.local/lib/python3.12/site-packages/airflow/example_dags/example_task_group_decorator.py for tasks to queue
[2026-08-12T04:44:03.587+0000] {logging_mixin.py:190} INFO - [2026-08-12T04:44:03.587+0000] {dagbag.py:587} INFO - Filling up the DagBag from /home/airflow/.local/lib/python3.12/site-packages/airflow/example_dags/example_task_group_decorator.py
[2026-08-12T04:44:03.603+0000] {processor.py:925} INFO - DAG(s) 'example_task_group_decorator' retrieved from /home/airflow/.local/lib/python3.12/site-packages/airflow/example_dags/example_task_group_decorator.py
[2026-08-12T04:44:03.628+0000] {logging_mixin.py:190} INFO - [2026-08-12T04:44:03.628+0000] {dag.py:3211} INFO - Sync 1 DAGs
[2026-08-12T04:44:03.653+0000] {logging_mixin.py:190} INFO - [2026-08-12T04:44:03.653+0000] {dag.py:4138} INFO - Setting next_dagrun for example_task_group_decorator to 2026-08-11 00:00:00+00:00, run_after=2026-08-12 00:00:00+00:00
[2026-08-12T04:44:03.676+0000] {processor.py:208} INFO - Processing /home/airflow/.local/lib/python3.12/site-packages/airflow/example_dags/example_task_group_decorator.py took 0.100 seconds
[2026-08-12T04:44:34.124+0000] {processor.py:186} INFO - Started process (PID=1449) to work on /home/airflow/.local/lib/python3.12/site-packages/airflow/example_dags/example_task_group_decorator.py
[2026-08-12T04:44:34.126+0000] {processor.py:914} INFO - Processing file /home/airflow/.local/lib/python3.12/site-packages/airflow/example_dags/example_task_group_decorator.py for tasks to queue
[2026-08-12T04:44:34.131+0000] {logging_mixin.py:190} INFO - [2026-08-12T04:44:34.131+0000] {dagbag.py:587} INFO - Filling up the DagBag from /home/airflow/.local/lib/python3.12/site-packages/airflow/example_dags/example_task_group_decorator.py
[2026-08-12T04:44:34.150+0000] {processor.py:925} INFO - DAG(s) 'example_task_group_decorator' retrieved from /home/airflow/.local/lib/python3.12/site-packages/airflow/example_dags/example_task_group_decorator.py
[2026-08-12T04:44:34.176+0000] {logging_mixin.py:190} INFO - [2026-08-12T04:44:34.176+0000] {dag.py:3211} INFO - Sync 1 DAGs
[2026-08-12T04:44:34.206+0000] {logging_mixin.py:190} INFO - [2026-08-12T04:44:34.206+0000] {dag.py:4138} INFO - Setting next_dagrun for example_task_group_decorator to 2026-08-11 00:00:00+00:00, run_after=2026-08-12 00:00:00+00:00
[2026-08-12T04:44:34.237+0000] {processor.py:208} INFO - Processing /home/airflow/.local/lib/python3.12/site-packages/airflow/example_dags/example_task_group_decorator.py took 0.121 seconds
[2026-08-12T04:45:05.288+0000] {processor.py:186} INFO - Started process (PID=1511) to work on /home/airflow/.local/lib/python3.12/site-packages/airflow/example_dags/example_task_group_decorator.py
[2026-08-12T04:45:05.290+0000] {processor.py:914} INFO - Processing file /home/airflow/.local/lib/python3.12/site-packages/airflow/example_dags/example_task_group_decorator.py for tasks to queue
[2026-08-12T04:45:05.293+0000] {logging_mixin.py:190} INFO - [2026-08-12T04:45:05.292+0000] {dagbag.py:587} INFO - Filling up the DagBag from /home/airflow/.local/lib/python3.12/site-packages/airflow/example_dags/example_task_group_decorator.py
[2026-08-12T04:45:05.308+0000] {processor.py:925} INFO - DAG(s) 'example_task_group_decorator' retrieved from /home/airflow/.local/lib/python3.12/site-packages/airflow/example_dags/example_task_group_decorator.py
[2026-08-12T04:45:05.334+0000] {logging_mixin.py:190} INFO - [2026-08-12T04:45:05.334+0000] {dag.py:3211} INFO - Sync 1 DAGs
[2026-08-12T04:45:05.373+0000] {logging_mixin.py:190} INFO - [2026-08-12T04:45:05.373+0000] {dag.py:4138} INFO - Setting next_dagrun for example_task_group_decorator to 2026-08-11 00:00:00+00:00, run_after=2026-08-12 00:00:00+00:00
[2026-08-12T04:45:05.400+0000] {processor.py:208} INFO - Processing /home/airflow/.local/lib/python3.12/site-packages/airflow/example_dags/example_task_group_decorator.py took 0.118 seconds
[2026-08-12T04:45:36.588+0000] {processor.py:186} INFO - Started process (PID=1573) to work on /home/airflow/.local/lib/python3.12/site-packages/airflow/example_dags/example_task_group_decorator.py
[2026-08-12T04:45:36.590+0000] {processor.py:914} INFO - Processing file /home/airflow/.local/lib/python3.12/site-packages/airflow/example_dags/example_task_group_decorator.py for tasks to queue
[2026-08-12T04:45:36.593+0000] {logging_mixin.py:190} INFO - [2026-08-12T04:45:36.593+0000] {dagbag.py:587} INFO - Filling up the DagBag from /home/airflow/.local/lib/python3.12/site-packages/airflow/example_dags/example_task_group_decorator.py
[2026-08-12T04:45:36.608+0000] {processor.py:925} INFO - DAG(s) 'example_task_group_decorator' retrieved from /home/airflow/.local/lib/python3.12/site-packages/airflow/example_dags/example_task_group_decorator.py
[2026-08-12T04:45:36.630+0000] {logging_mixin.py:190} INFO - [2026-08-12T04:45:36.630+0000] {dag.py:3211} INFO - Sync 1 DAGs
[2026-08-12T04:45:36.655+0000] {logging_mixin.py:190} INFO - [2026-08-12T04:45:36.655+0000] {dag.py:4138} INFO - Setting next_dagrun for example_task_group_decorator to 2026-08-11 00:00:00+00:00, run_after=2026-08-12 00:00:00+00:00
[2026-08-12T04:45:36.691+0000] {processor.py:208} INFO - Processing /home/airflow/.local/lib/python3.12/site-packages/airflow/example_dags/example_task_group_decorator.py took 0.110 seconds
[2026-08-12T04:46:06.815+0000] {processor.py:186} INFO - Started process (PID=1635) to work on /home/airflow/.local/lib/python3.12/site-packages/airflow/example_dags/example_task_group_decorator.py
[2026-08-12T04:46:06.816+0000] {processor.py:914} INFO - Processing file /home/airflow/.local/lib/python3.12/site-packages/airflow/example_dags/example_task_group_decorator.py for tasks to queue
[2026-08-12T04:46:06.819+0000] {logging_mixin.py:190} INFO - [2026-08-12T04:46:06.819+0000] {dagbag.py:587} INFO - Filling up the DagBag from /home/airflow/.local/lib/python3.12/site-packages/airflow/example_dags/example_task_group_decorator.py
[2026-08-12T04:46:06.837+0000] {processor.py:925} INFO - DAG(s) 'example_task_group_decorator' retrieved from /home/airflow/.local/lib/python3.12/site-packages/airflow/example_dags/example_task_group_decorator.py
[2026-08-12T04:46:06.863+0000] {logging_mixin.py:190} INFO - [2026-08-12T04:46:06.863+0000] {dag.py:3211} INFO - Sync 1 DAGs
[2026-08-12T04:46:06.889+0000] {logging_mixin.py:190} INFO - [2026-08-12T04:46:06.889+0000] {dag.py:4138} INFO - Setting next_dagrun for example_task_group_decorator to 2026-08-11 00:00:00+00:00, run_after=2026-08-12 00:00:00+00:00
[2026-08-12T04:46:06.913+0000] {processor.py:208} INFO - Processing /home/airflow/.local/lib/python3.12/site-packages/airflow/example_dags/example_task_group_decorator.py took 0.104 seconds
[2026-08-12T04:46:37.317+0000] {processor.py:186} INFO - Started process (PID=1697) to work on /home/airflow/.local/lib/python3.12/site-packages/airflow/example_dags/example_task_group_decorator.py
[2026-08-12T04:46:37.319+0000] {processor.py:914} INFO - Processing file /home/airflow/.local/lib/python3.12/site-packages/airflow/example_dags/example_task_group_decorator.py for tasks to queue
[2026-08-12T04:46:37.322+0000] {logging_mixin.py:190} INFO - [2026-08-12T04:46:37.321+0000] {dagbag.py:587} INFO - Filling up the DagBag from /home/airflow/.local/lib/python3.12/site-packages/airflow/example_dags/example_task_group_decorator.py
[2026-08-12T04:46:37.337+0000] {processor.py:925} INFO - DAG(s) 'example_task_group_decorator' retrieved from /home/airflow/.local/lib/python3.12/site-packages/airflow/example_dags/example_task_group_decorator.py
[2026-08-12T04:46:37.367+0000] {logging_mixin.py:190} INFO - [2026-08-12T04:46:37.366+0000] {dag.py:3211} INFO - Sync 1 DAGs
[2026-08-12T04:46:37.416+0000] {logging_mixin.py:190} INFO - [2026-08-12T04:46:37.415+0000] {dag.py:4138} INFO - Setting next_dagrun for example_task_group_decorator to 2026-08-11 00:00:00+00:00, run_after=2026-08-12 00:00:00+00:00
[2026-08-12T04:46:37.458+0000] {processor.py:208} INFO - Processing /home/airflow/.local/lib/python3.12/site-packages/airflow/example_dags/example_task_group_decorator.py took 0.146 seconds
[2026-08-12T04:47:07.949+0000] {processor.py:186} INFO - Started process (PID=1759) to work on /home/airflow/.local/lib/python3.12/site-packages/airflow/example_dags/example_task_group_decorator.py
[2026-08-12T04:47:07.951+0000] {processor.py:914} INFO - Processing file /home/airflow/.local/lib/python3.12/site-packages/airflow/example_dags/example_task_group_decorator.py for tasks to queue
[2026-08-12T04:47:07.956+0000] {logging_mixin.py:190} INFO - [2026-08-12T04:47:07.955+0000] {dagbag.py:587} INFO - Filling up the DagBag from /home/airflow/.local/lib/python3.12/site-packages/airflow/example_dags/example_task_group_decorator.py
[2026-08-12T04:47:07.972+0000] {processor.py:925} INFO - DAG(s) 'example_task_group_decorator' retrieved from /home/airflow/.local/lib/python3.12/site-packages/airflow/example_dags/example_task_group_decorator.py
[2026-08-12T04:47:07.999+0000] {logging_mixin.py:190} INFO - [2026-08-12T04:47:07.999+0000] {dag.py:3211} INFO - Sync 1 DAGs
[2026-08-12T04:47:08.022+0000] {logging_mixin.py:190} INFO - [2026-08-12T04:47:08.022+0000] {dag.py:4138} INFO - Setting next_dagrun for example_task_group_decorator to 2026-08-11 00:00:00+00:00, run_after=2026-08-12 00:00:00+00:00
[2026-08-12T04:47:08.049+0000] {processor.py:208} INFO - Processing /home/airflow/.local/lib/python3.12/site-packages/airflow/example_dags/example_task_group_decorator.py took 0.107 seconds
[2026-08-12T04:47:38.389+0000] {processor.py:186} INFO - Started process (PID=1821) to work on /home/airflow/.local/lib/python3.12/site-packages/airflow/example_dags/example_task_group_decorator.py
[2026-08-12T04:47:38.390+0000] {processor.py:914} INFO - Processing file /home/airflow/.local/lib/python3.12/site-packages/airflow/example_dags/example_task_group_decorator.py for tasks to queue
[2026-08-12T04:47:38.393+0000] {logging_mixin.py:190} INFO - [2026-08-12T04:47:38.393+0000] {dagbag.py:587} INFO - Filling up the DagBag from /home/airflow/.local/lib/python3.12/site-packages/airflow/example_dags/example_task_group_decorator.py
[2026-08-12T04:47:38.409+0000] {processor.py:925} INFO - DAG(s) 'example_task_group_decorator' retrieved from /home/airflow/.local/lib/python3.12/site-packages/airflow/example_dags/example_task_group_decorator.py
[2026-08-12T04:47:38.436+0000] {logging_mixin.py:190} INFO - [2026-08-12T04:47:38.436+0000] {dag.py:3211} INFO - Sync 1 DAGs
[2026-08-12T04:47:38.460+0000] {logging_mixin.py:190} INFO - [2026-08-12T04:47:38.460+0000] {dag.py:4138} INFO - Setting next_dagrun for example_task_group_decorator to 2026-08-11 00:00:00+00:00, run_after=2026-08-12 00:00:00+00:00
[2026-08-12T04:47:38.487+0000] {processor.py:208} INFO - Processing /home/airflow/.local/lib/python3.12/site-packages/airflow/example_dags/example_task_group_decorator.py took 0.105 seconds
[2026-08-12T04:48:08.711+0000] {processor.py:186} INFO - Started process (PID=1883) to work on /home/airflow/.local/lib/python3.12/site-packages/airflow/example_dags/example_task_group_decorator.py
[2026-08-12T04:48:08.712+0000] {processor.py:914} INFO - Processing file /home/airflow/.local/lib/python3.12/site-packages/airflow/example_dags/example_task_group_decorator.py for tasks to queue
[2026-08-12T04:48:08.715+0000] {logging_mixin.py:190} INFO - [2026-08-12T04:48:08.715+0000] {dagbag.py:587} INFO - Filling up the DagBag from /home/airflow/.local/lib/python3.12/site-packages/airflow/example_dags/example_task_group_decorator.py
[2026-08-12T04:48:08.731+0000] {processor.py:925} INFO - DAG(s) 'example_task_group_decorator' retrieved from /home/airflow/.local/lib/python3.12/site-packages/airflow/example_dags/example_task_group_decorator.py
[2026-08-12T04:48:08.767+0000] {logging_mixin.py:190} INFO - [2026-08-12T04:48:08.767+0000] {dag.py:3211} INFO - Sync 1 DAGs
[2026-08-12T04:48:08.791+0000] {logging_mixin.py:190} INFO - [2026-08-12T04:48:08.791+0000] {dag.py:4138} INFO - Setting next_dagrun for example_task_group_decorator to 2026-08-11 00:00:00+00:00, run_after=2026-08-12 00:00:00+00:00
[2026-08-12T04:48:08.821+0000] {processor.py:208} INFO - Processing /home/airflow/.local/lib/python3.12/site-packages/airflow/example_dags/example_task_group_decorator.py took 0.118 seconds
