[2026-08-12T04:31:34.703+0000] {processor.py:186} INFO - Started process (PID=103) to work on /home/airflow/.local/lib/python3.12/site-packages/airflow/example_dags/example_dataset_alias_with_no_taskflow.py
[2026-08-12T04:31:34.705+0000] {processor.py:914} INFO - Processing file /home/airflow/.local/lib/python3.12/site-packages/airflow/example_dags/example_dataset_alias_with_no_taskflow.py for tasks to queue
[2026-08-12T04:31:34.722+0000] {logging_mixin.py:190} INFO - [2026-08-12T04:31:34.721+0000] {dagbag.py:587} INFO - Filling up the DagBag from /home/airflow/.local/lib/python3.12/site-packages/airflow/example_dags/example_dataset_alias_with_no_taskflow.py
[2026-08-12T04:31:34.892+0000] {processor.py:925} INFO - DAG(s) 'dataset_alias_example_alias_producer_with_no_taskflow', 'dataset_s3_bucket_consumer_with_no_taskflow', 'dataset_alias_example_alias_consumer_with_no_taskflow', 'dataset_s3_bucket_producer_with_no_taskflow' retrieved from /home/airflow/.local/lib/python3.12/site-packages/airflow/example_dags/example_dataset_alias_with_no_taskflow.py
[2026-08-12T04:31:34.997+0000] {logging_mixin.py:190} INFO - [2026-08-12T04:31:34.996+0000] {override.py:1858} INFO - Created Permission View: can read on DAG:dataset_alias_example_alias_producer_with_no_taskflow
[2026-08-12T04:31:35.086+0000] {logging_mixin.py:190} INFO - [2026-08-12T04:31:35.085+0000] {override.py:1858} INFO - Created Permission View: can edit on DAG:dataset_alias_example_alias_producer_with_no_taskflow
[2026-08-12T04:31:35.119+0000] {logging_mixin.py:190} INFO - [2026-08-12T04:31:35.115+0000] {override.py:1858} INFO - Created Permission View: can delete on DAG:dataset_alias_example_alias_producer_with_no_taskflow
[2026-08-12T04:31:35.147+0000] {logging_mixin.py:190} INFO - [2026-08-12T04:31:35.146+0000] {override.py:1858} INFO - Created Permission View: can read on DAG:dataset_s3_bucket_consumer_with_no_taskflow
[2026-08-12T04:31:35.159+0000] {logging_mixin.py:190} INFO - [2026-08-12T04:31:35.159+0000] {override.py:1858} INFO - Created Permission View: can edit on DAG:dataset_s3_bucket_consumer_with_no_taskflow
[2026-08-12T04:31:35.171+0000] {logging_mixin.py:190} INFO - [2026-08-12T04:31:35.171+0000] {override.py:1858} INFO - Created Permission View: can delete on DAG:dataset_s3_bucket_consumer_with_no_taskflow
[2026-08-12T04:31:35.196+0000] {logging_mixin.py:190} INFO - [2026-08-12T04:31:35.196+0000] {override.py:1858} INFO - Created Permission View: can read on DAG:dataset_alias_example_alias_consumer_with_no_taskflow
[2026-08-12T04:31:35.210+0000] {logging_mixin.py:190} INFO - [2026-08-12T04:31:35.210+0000] {override.py:1858} INFO - Created Permission View: can edit on DAG:dataset_alias_example_alias_consumer_with_no_taskflow
[2026-08-12T04:31:35.222+0000] {logging_mixin.py:190} INFO - [2026-08-12T04:31:35.221+0000] {override.py:1858} INFO - Created Permission View: can delete on DAG:dataset_alias_example_alias_consumer_with_no_taskflow
[2026-08-12T04:31:35.244+0000] {logging_mixin.py:190} INFO - [2026-08-12T04:31:35.243+0000] {override.py:1858} INFO - Created Permission View: can read on DAG:dataset_s3_bucket_producer_with_no_taskflow
[2026-08-12T04:31:35.256+0000] {logging_mixin.py:190} INFO - [2026-08-12T04:31:35.255+0000] {override.py:1858} INFO - Created Permission View: can edit on DAG:dataset_s3_bucket_producer_with_no_taskflow
[2026-08-12T04:31:35.267+0000] {logging_mixin.py:190} INFO - [2026-08-12T04:31:35.267+0000] {override.py:1858} INFO - Created Permission View: can delete on DAG:dataset_s3_bucket_producer_with_no_taskflow
[2026-08-12T04:31:35.269+0000] {logging_mixin.py:190} INFO - [2026-08-12T04:31:35.269+0000] {dag.py:3211} INFO - Sync 4 DAGs
[2026-08-12T04:31:35.285+0000] {logging_mixin.py:190} INFO - [2026-08-12T04:31:35.284+0000] {dag.py:3234} INFO - Creating ORM DAG for dataset_alias_example_alias_producer_with_no_taskflow
[2026-08-12T04:31:35.286+0000] {logging_mixin.py:190} INFO - [2026-08-12T04:31:35.286+0000] {dag.py:3234} INFO - Creating ORM DAG for dataset_s3_bucket_consumer_with_no_taskflow
[2026-08-12T04:31:35.288+0000] {logging_mixin.py:190} INFO - [2026-08-12T04:31:35.288+0000] {dag.py:3234} INFO - Creating ORM DAG for dataset_alias_example_alias_consumer_with_no_taskflow
[2026-08-12T04:31:35.290+0000] {logging_mixin.py:190} INFO - [2026-08-12T04:31:35.290+0000] {dag.py:3234} INFO - Creating ORM DAG for dataset_s3_bucket_producer_with_no_taskflow
[2026-08-12T04:31:35.303+0000] {logging_mixin.py:190} INFO - [2026-08-12T04:31:35.303+0000] {dag.py:4138} INFO - Setting next_dagrun for dataset_alias_example_alias_consumer_with_no_taskflow to None, run_after=None
[2026-08-12T04:31:35.305+0000] {logging_mixin.py:190} INFO - [2026-08-12T04:31:35.305+0000] {dag.py:4138} INFO - Setting next_dagrun for dataset_alias_example_alias_producer_with_no_taskflow to None, run_after=None
[2026-08-12T04:31:35.307+0000] {logging_mixin.py:190} INFO - [2026-08-12T04:31:35.307+0000] {dag.py:4138} INFO - Setting next_dagrun for dataset_s3_bucket_consumer_with_no_taskflow to None, run_after=None
[2026-08-12T04:31:35.309+0000] {logging_mixin.py:190} INFO - [2026-08-12T04:31:35.309+0000] {dag.py:4138} INFO - Setting next_dagrun for dataset_s3_bucket_producer_with_no_taskflow to None, run_after=None
[2026-08-12T04:31:35.347+0000] {processor.py:208} INFO - Processing /home/airflow/.local/lib/python3.12/site-packages/airflow/example_dags/example_dataset_alias_with_no_taskflow.py took 0.652 seconds
[2026-08-12T04:32:05.940+0000] {processor.py:186} INFO - Started process (PID=165) to work on /home/airflow/.local/lib/python3.12/site-packages/airflow/example_dags/example_dataset_alias_with_no_taskflow.py
[2026-08-12T04:32:05.941+0000] {processor.py:914} INFO - Processing file /home/airflow/.local/lib/python3.12/site-packages/airflow/example_dags/example_dataset_alias_with_no_taskflow.py for tasks to queue
[2026-08-12T04:32:05.945+0000] {logging_mixin.py:190} INFO - [2026-08-12T04:32:05.944+0000] {dagbag.py:587} INFO - Filling up the DagBag from /home/airflow/.local/lib/python3.12/site-packages/airflow/example_dags/example_dataset_alias_with_no_taskflow.py
[2026-08-12T04:32:06.105+0000] {processor.py:925} INFO - DAG(s) 'dataset_s3_bucket_producer_with_no_taskflow', 'dataset_alias_example_alias_producer_with_no_taskflow', 'dataset_s3_bucket_consumer_with_no_taskflow', 'dataset_alias_example_alias_consumer_with_no_taskflow' retrieved from /home/airflow/.local/lib/python3.12/site-packages/airflow/example_dags/example_dataset_alias_with_no_taskflow.py
[2026-08-12T04:32:06.129+0000] {logging_mixin.py:190} INFO - [2026-08-12T04:32:06.129+0000] {dag.py:3211} INFO - Sync 4 DAGs
[2026-08-12T04:32:06.165+0000] {logging_mixin.py:190} INFO - [2026-08-12T04:32:06.165+0000] {dag.py:4138} INFO - Setting next_dagrun for dataset_alias_example_alias_consumer_with_no_taskflow to None, run_after=None
[2026-08-12T04:32:06.169+0000] {logging_mixin.py:190} INFO - [2026-08-12T04:32:06.169+0000] {dag.py:4138} INFO - Setting next_dagrun for dataset_alias_example_alias_producer_with_no_taskflow to None, run_after=None
[2026-08-12T04:32:06.171+0000] {logging_mixin.py:190} INFO - [2026-08-12T04:32:06.171+0000] {dag.py:4138} INFO - Setting next_dagrun for dataset_s3_bucket_consumer_with_no_taskflow to None, run_after=None
[2026-08-12T04:32:06.174+0000] {logging_mixin.py:190} INFO - [2026-08-12T04:32:06.174+0000] {dag.py:4138} INFO - Setting next_dagrun for dataset_s3_bucket_producer_with_no_taskflow to None, run_after=None
[2026-08-12T04:32:06.204+0000] {processor.py:208} INFO - Processing /home/airflow/.local/lib/python3.12/site-packages/airflow/example_dags/example_dataset_alias_with_no_taskflow.py took 0.270 seconds
[2026-08-12T04:33:21.607+0000] {processor.py:186} INFO - Started process (PID=90) to work on /home/airflow/.local/lib/python3.12/site-packages/airflow/example_dags/example_dataset_alias_with_no_taskflow.py
[2026-08-12T04:33:21.609+0000] {processor.py:914} INFO - Processing file /home/airflow/.local/lib/python3.12/site-packages/airflow/example_dags/example_dataset_alias_with_no_taskflow.py for tasks to queue
[2026-08-12T04:33:21.612+0000] {logging_mixin.py:190} INFO - [2026-08-12T04:33:21.612+0000] {dagbag.py:587} INFO - Filling up the DagBag from /home/airflow/.local/lib/python3.12/site-packages/airflow/example_dags/example_dataset_alias_with_no_taskflow.py
[2026-08-12T04:33:21.801+0000] {processor.py:925} INFO - DAG(s) 'dataset_s3_bucket_consumer_with_no_taskflow', 'dataset_alias_example_alias_producer_with_no_taskflow', 'dataset_alias_example_alias_consumer_with_no_taskflow', 'dataset_s3_bucket_producer_with_no_taskflow' retrieved from /home/airflow/.local/lib/python3.12/site-packages/airflow/example_dags/example_dataset_alias_with_no_taskflow.py
[2026-08-12T04:33:21.827+0000] {logging_mixin.py:190} INFO - [2026-08-12T04:33:21.827+0000] {dag.py:3211} INFO - Sync 4 DAGs
[2026-08-12T04:33:21.850+0000] {logging_mixin.py:190} INFO - [2026-08-12T04:33:21.850+0000] {dag.py:4138} INFO - Setting next_dagrun for dataset_alias_example_alias_consumer_with_no_taskflow to None, run_after=None
[2026-08-12T04:33:21.855+0000] {logging_mixin.py:190} INFO - [2026-08-12T04:33:21.854+0000] {dag.py:4138} INFO - Setting next_dagrun for dataset_alias_example_alias_producer_with_no_taskflow to None, run_after=None
[2026-08-12T04:33:21.857+0000] {logging_mixin.py:190} INFO - [2026-08-12T04:33:21.856+0000] {dag.py:4138} INFO - Setting next_dagrun for dataset_s3_bucket_consumer_with_no_taskflow to None, run_after=None
[2026-08-12T04:33:21.859+0000] {logging_mixin.py:190} INFO - [2026-08-12T04:33:21.859+0000] {dag.py:4138} INFO - Setting next_dagrun for dataset_s3_bucket_producer_with_no_taskflow to None, run_after=None
[2026-08-12T04:33:21.902+0000] {processor.py:208} INFO - Processing /home/airflow/.local/lib/python3.12/site-packages/airflow/example_dags/example_dataset_alias_with_no_taskflow.py took 0.312 seconds
[2026-08-12T04:33:52.591+0000] {processor.py:186} INFO - Started process (PID=152) to work on /home/airflow/.local/lib/python3.12/site-packages/airflow/example_dags/example_dataset_alias_with_no_taskflow.py
[2026-08-12T04:33:52.593+0000] {processor.py:914} INFO - Processing file /home/airflow/.local/lib/python3.12/site-packages/airflow/example_dags/example_dataset_alias_with_no_taskflow.py for tasks to queue
[2026-08-12T04:33:52.597+0000] {logging_mixin.py:190} INFO - [2026-08-12T04:33:52.596+0000] {dagbag.py:587} INFO - Filling up the DagBag from /home/airflow/.local/lib/python3.12/site-packages/airflow/example_dags/example_dataset_alias_with_no_taskflow.py
[2026-08-12T04:33:52.755+0000] {processor.py:925} INFO - DAG(s) 'dataset_alias_example_alias_consumer_with_no_taskflow', 'dataset_s3_bucket_consumer_with_no_taskflow', 'dataset_s3_bucket_producer_with_no_taskflow', 'dataset_alias_example_alias_producer_with_no_taskflow' retrieved from /home/airflow/.local/lib/python3.12/site-packages/airflow/example_dags/example_dataset_alias_with_no_taskflow.py
[2026-08-12T04:33:52.779+0000] {logging_mixin.py:190} INFO - [2026-08-12T04:33:52.779+0000] {dag.py:3211} INFO - Sync 4 DAGs
[2026-08-12T04:33:52.801+0000] {logging_mixin.py:190} INFO - [2026-08-12T04:33:52.801+0000] {dag.py:4138} INFO - Setting next_dagrun for dataset_alias_example_alias_consumer_with_no_taskflow to None, run_after=None
[2026-08-12T04:33:52.804+0000] {logging_mixin.py:190} INFO - [2026-08-12T04:33:52.804+0000] {dag.py:4138} INFO - Setting next_dagrun for dataset_alias_example_alias_producer_with_no_taskflow to None, run_after=None
[2026-08-12T04:33:52.807+0000] {logging_mixin.py:190} INFO - [2026-08-12T04:33:52.807+0000] {dag.py:4138} INFO - Setting next_dagrun for dataset_s3_bucket_consumer_with_no_taskflow to None, run_after=None
[2026-08-12T04:33:52.809+0000] {logging_mixin.py:190} INFO - [2026-08-12T04:33:52.809+0000] {dag.py:4138} INFO - Setting next_dagrun for dataset_s3_bucket_producer_with_no_taskflow to None, run_after=None
[2026-08-12T04:33:52.842+0000] {processor.py:208} INFO - Processing /home/airflow/.local/lib/python3.12/site-packages/airflow/example_dags/example_dataset_alias_with_no_taskflow.py took 0.256 seconds
[2026-08-12T04:34:22.910+0000] {processor.py:186} INFO - Started process (PID=214) to work on /home/airflow/.local/lib/python3.12/site-packages/airflow/example_dags/example_dataset_alias_with_no_taskflow.py
[2026-08-12T04:34:22.912+0000] {processor.py:914} INFO - Processing file /home/airflow/.local/lib/python3.12/site-packages/airflow/example_dags/example_dataset_alias_with_no_taskflow.py for tasks to queue
[2026-08-12T04:34:22.915+0000] {logging_mixin.py:190} INFO - [2026-08-12T04:34:22.915+0000] {dagbag.py:587} INFO - Filling up the DagBag from /home/airflow/.local/lib/python3.12/site-packages/airflow/example_dags/example_dataset_alias_with_no_taskflow.py
[2026-08-12T04:34:23.064+0000] {processor.py:925} INFO - DAG(s) 'dataset_alias_example_alias_producer_with_no_taskflow', 'dataset_alias_example_alias_consumer_with_no_taskflow', 'dataset_s3_bucket_consumer_with_no_taskflow', 'dataset_s3_bucket_producer_with_no_taskflow' retrieved from /home/airflow/.local/lib/python3.12/site-packages/airflow/example_dags/example_dataset_alias_with_no_taskflow.py
[2026-08-12T04:34:23.089+0000] {logging_mixin.py:190} INFO - [2026-08-12T04:34:23.088+0000] {dag.py:3211} INFO - Sync 4 DAGs
[2026-08-12T04:34:23.111+0000] {logging_mixin.py:190} INFO - [2026-08-12T04:34:23.111+0000] {dag.py:4138} INFO - Setting next_dagrun for dataset_alias_example_alias_consumer_with_no_taskflow to None, run_after=None
[2026-08-12T04:34:23.114+0000] {logging_mixin.py:190} INFO - [2026-08-12T04:34:23.114+0000] {dag.py:4138} INFO - Setting next_dagrun for dataset_alias_example_alias_producer_with_no_taskflow to None, run_after=None
[2026-08-12T04:34:23.117+0000] {logging_mixin.py:190} INFO - [2026-08-12T04:34:23.117+0000] {dag.py:4138} INFO - Setting next_dagrun for dataset_s3_bucket_consumer_with_no_taskflow to None, run_after=None
[2026-08-12T04:34:23.120+0000] {logging_mixin.py:190} INFO - [2026-08-12T04:34:23.119+0000] {dag.py:4138} INFO - Setting next_dagrun for dataset_s3_bucket_producer_with_no_taskflow to None, run_after=None
[2026-08-12T04:34:23.151+0000] {processor.py:208} INFO - Processing /home/airflow/.local/lib/python3.12/site-packages/airflow/example_dags/example_dataset_alias_with_no_taskflow.py took 0.248 seconds
[2026-08-12T04:34:53.357+0000] {processor.py:186} INFO - Started process (PID=277) to work on /home/airflow/.local/lib/python3.12/site-packages/airflow/example_dags/example_dataset_alias_with_no_taskflow.py
[2026-08-12T04:34:53.359+0000] {processor.py:914} INFO - Processing file /home/airflow/.local/lib/python3.12/site-packages/airflow/example_dags/example_dataset_alias_with_no_taskflow.py for tasks to queue
[2026-08-12T04:34:53.362+0000] {logging_mixin.py:190} INFO - [2026-08-12T04:34:53.362+0000] {dagbag.py:587} INFO - Filling up the DagBag from /home/airflow/.local/lib/python3.12/site-packages/airflow/example_dags/example_dataset_alias_with_no_taskflow.py
[2026-08-12T04:34:53.562+0000] {processor.py:925} INFO - DAG(s) 'dataset_s3_bucket_consumer_with_no_taskflow', 'dataset_alias_example_alias_consumer_with_no_taskflow', 'dataset_s3_bucket_producer_with_no_taskflow', 'dataset_alias_example_alias_producer_with_no_taskflow' retrieved from /home/airflow/.local/lib/python3.12/site-packages/airflow/example_dags/example_dataset_alias_with_no_taskflow.py
[2026-08-12T04:34:53.595+0000] {logging_mixin.py:190} INFO - [2026-08-12T04:34:53.594+0000] {dag.py:3211} INFO - Sync 4 DAGs
[2026-08-12T04:34:53.622+0000] {logging_mixin.py:190} INFO - [2026-08-12T04:34:53.622+0000] {dag.py:4138} INFO - Setting next_dagrun for dataset_alias_example_alias_consumer_with_no_taskflow to None, run_after=None
[2026-08-12T04:34:53.626+0000] {logging_mixin.py:190} INFO - [2026-08-12T04:34:53.626+0000] {dag.py:4138} INFO - Setting next_dagrun for dataset_alias_example_alias_producer_with_no_taskflow to None, run_after=None
[2026-08-12T04:34:53.628+0000] {logging_mixin.py:190} INFO - [2026-08-12T04:34:53.628+0000] {dag.py:4138} INFO - Setting next_dagrun for dataset_s3_bucket_consumer_with_no_taskflow to None, run_after=None
[2026-08-12T04:34:53.631+0000] {logging_mixin.py:190} INFO - [2026-08-12T04:34:53.631+0000] {dag.py:4138} INFO - Setting next_dagrun for dataset_s3_bucket_producer_with_no_taskflow to None, run_after=None
[2026-08-12T04:34:53.665+0000] {processor.py:208} INFO - Processing /home/airflow/.local/lib/python3.12/site-packages/airflow/example_dags/example_dataset_alias_with_no_taskflow.py took 0.315 seconds
[2026-08-12T04:35:24.375+0000] {processor.py:186} INFO - Started process (PID=340) to work on /home/airflow/.local/lib/python3.12/site-packages/airflow/example_dags/example_dataset_alias_with_no_taskflow.py
[2026-08-12T04:35:24.377+0000] {processor.py:914} INFO - Processing file /home/airflow/.local/lib/python3.12/site-packages/airflow/example_dags/example_dataset_alias_with_no_taskflow.py for tasks to queue
[2026-08-12T04:35:24.380+0000] {logging_mixin.py:190} INFO - [2026-08-12T04:35:24.380+0000] {dagbag.py:587} INFO - Filling up the DagBag from /home/airflow/.local/lib/python3.12/site-packages/airflow/example_dags/example_dataset_alias_with_no_taskflow.py
[2026-08-12T04:35:24.525+0000] {processor.py:925} INFO - DAG(s) 'dataset_alias_example_alias_producer_with_no_taskflow', 'dataset_alias_example_alias_consumer_with_no_taskflow', 'dataset_s3_bucket_producer_with_no_taskflow', 'dataset_s3_bucket_consumer_with_no_taskflow' retrieved from /home/airflow/.local/lib/python3.12/site-packages/airflow/example_dags/example_dataset_alias_with_no_taskflow.py
[2026-08-12T04:35:24.548+0000] {logging_mixin.py:190} INFO - [2026-08-12T04:35:24.548+0000] {dag.py:3211} INFO - Sync 4 DAGs
[2026-08-12T04:35:24.571+0000] {logging_mixin.py:190} INFO - [2026-08-12T04:35:24.571+0000] {dag.py:4138} INFO - Setting next_dagrun for dataset_alias_example_alias_consumer_with_no_taskflow to None, run_after=None
[2026-08-12T04:35:24.574+0000] {logging_mixin.py:190} INFO - [2026-08-12T04:35:24.574+0000] {dag.py:4138} INFO - Setting next_dagrun for dataset_alias_example_alias_producer_with_no_taskflow to None, run_after=None
[2026-08-12T04:35:24.576+0000] {logging_mixin.py:190} INFO - [2026-08-12T04:35:24.576+0000] {dag.py:4138} INFO - Setting next_dagrun for dataset_s3_bucket_consumer_with_no_taskflow to None, run_after=None
[2026-08-12T04:35:24.578+0000] {logging_mixin.py:190} INFO - [2026-08-12T04:35:24.578+0000] {dag.py:4138} INFO - Setting next_dagrun for dataset_s3_bucket_producer_with_no_taskflow to None, run_after=None
[2026-08-12T04:35:24.604+0000] {processor.py:208} INFO - Processing /home/airflow/.local/lib/python3.12/site-packages/airflow/example_dags/example_dataset_alias_with_no_taskflow.py took 0.235 seconds
[2026-08-12T04:35:54.641+0000] {processor.py:186} INFO - Started process (PID=403) to work on /home/airflow/.local/lib/python3.12/site-packages/airflow/example_dags/example_dataset_alias_with_no_taskflow.py
[2026-08-12T04:35:54.643+0000] {processor.py:914} INFO - Processing file /home/airflow/.local/lib/python3.12/site-packages/airflow/example_dags/example_dataset_alias_with_no_taskflow.py for tasks to queue
[2026-08-12T04:35:54.647+0000] {logging_mixin.py:190} INFO - [2026-08-12T04:35:54.646+0000] {dagbag.py:587} INFO - Filling up the DagBag from /home/airflow/.local/lib/python3.12/site-packages/airflow/example_dags/example_dataset_alias_with_no_taskflow.py
[2026-08-12T04:35:54.837+0000] {processor.py:925} INFO - DAG(s) 'dataset_alias_example_alias_producer_with_no_taskflow', 'dataset_alias_example_alias_consumer_with_no_taskflow', 'dataset_s3_bucket_consumer_with_no_taskflow', 'dataset_s3_bucket_producer_with_no_taskflow' retrieved from /home/airflow/.local/lib/python3.12/site-packages/airflow/example_dags/example_dataset_alias_with_no_taskflow.py
[2026-08-12T04:35:54.869+0000] {logging_mixin.py:190} INFO - [2026-08-12T04:35:54.869+0000] {dag.py:3211} INFO - Sync 4 DAGs
[2026-08-12T04:35:54.891+0000] {logging_mixin.py:190} INFO - [2026-08-12T04:35:54.890+0000] {dag.py:4138} INFO - Setting next_dagrun for dataset_alias_example_alias_consumer_with_no_taskflow to None, run_after=None
[2026-08-12T04:35:54.895+0000] {logging_mixin.py:190} INFO - [2026-08-12T04:35:54.895+0000] {dag.py:4138} INFO - Setting next_dagrun for dataset_alias_example_alias_producer_with_no_taskflow to None, run_after=None
[2026-08-12T04:35:54.899+0000] {logging_mixin.py:190} INFO - [2026-08-12T04:35:54.898+0000] {dag.py:4138} INFO - Setting next_dagrun for dataset_s3_bucket_consumer_with_no_taskflow to None, run_after=None
[2026-08-12T04:35:54.902+0000] {logging_mixin.py:190} INFO - [2026-08-12T04:35:54.901+0000] {dag.py:4138} INFO - Setting next_dagrun for dataset_s3_bucket_producer_with_no_taskflow to None, run_after=None
[2026-08-12T04:35:54.936+0000] {processor.py:208} INFO - Processing /home/airflow/.local/lib/python3.12/site-packages/airflow/example_dags/example_dataset_alias_with_no_taskflow.py took 0.301 seconds
[2026-08-12T04:36:25.071+0000] {processor.py:186} INFO - Started process (PID=464) to work on /home/airflow/.local/lib/python3.12/site-packages/airflow/example_dags/example_dataset_alias_with_no_taskflow.py
[2026-08-12T04:36:25.073+0000] {processor.py:914} INFO - Processing file /home/airflow/.local/lib/python3.12/site-packages/airflow/example_dags/example_dataset_alias_with_no_taskflow.py for tasks to queue
[2026-08-12T04:36:25.076+0000] {logging_mixin.py:190} INFO - [2026-08-12T04:36:25.075+0000] {dagbag.py:587} INFO - Filling up the DagBag from /home/airflow/.local/lib/python3.12/site-packages/airflow/example_dags/example_dataset_alias_with_no_taskflow.py
[2026-08-12T04:36:25.236+0000] {processor.py:925} INFO - DAG(s) 'dataset_alias_example_alias_producer_with_no_taskflow', 'dataset_alias_example_alias_consumer_with_no_taskflow', 'dataset_s3_bucket_consumer_with_no_taskflow', 'dataset_s3_bucket_producer_with_no_taskflow' retrieved from /home/airflow/.local/lib/python3.12/site-packages/airflow/example_dags/example_dataset_alias_with_no_taskflow.py
[2026-08-12T04:36:25.266+0000] {logging_mixin.py:190} INFO - [2026-08-12T04:36:25.266+0000] {dag.py:3211} INFO - Sync 4 DAGs
[2026-08-12T04:36:25.293+0000] {logging_mixin.py:190} INFO - [2026-08-12T04:36:25.292+0000] {dag.py:4138} INFO - Setting next_dagrun for dataset_alias_example_alias_consumer_with_no_taskflow to None, run_after=None
[2026-08-12T04:36:25.298+0000] {logging_mixin.py:190} INFO - [2026-08-12T04:36:25.297+0000] {dag.py:4138} INFO - Setting next_dagrun for dataset_alias_example_alias_producer_with_no_taskflow to None, run_after=None
[2026-08-12T04:36:25.300+0000] {logging_mixin.py:190} INFO - [2026-08-12T04:36:25.299+0000] {dag.py:4138} INFO - Setting next_dagrun for dataset_s3_bucket_consumer_with_no_taskflow to None, run_after=None
[2026-08-12T04:36:25.302+0000] {logging_mixin.py:190} INFO - [2026-08-12T04:36:25.302+0000] {dag.py:4138} INFO - Setting next_dagrun for dataset_s3_bucket_producer_with_no_taskflow to None, run_after=None
[2026-08-12T04:36:25.333+0000] {processor.py:208} INFO - Processing /home/airflow/.local/lib/python3.12/site-packages/airflow/example_dags/example_dataset_alias_with_no_taskflow.py took 0.268 seconds
[2026-08-12T04:36:55.634+0000] {processor.py:186} INFO - Started process (PID=526) to work on /home/airflow/.local/lib/python3.12/site-packages/airflow/example_dags/example_dataset_alias_with_no_taskflow.py
[2026-08-12T04:36:55.636+0000] {processor.py:914} INFO - Processing file /home/airflow/.local/lib/python3.12/site-packages/airflow/example_dags/example_dataset_alias_with_no_taskflow.py for tasks to queue
[2026-08-12T04:36:55.639+0000] {logging_mixin.py:190} INFO - [2026-08-12T04:36:55.639+0000] {dagbag.py:587} INFO - Filling up the DagBag from /home/airflow/.local/lib/python3.12/site-packages/airflow/example_dags/example_dataset_alias_with_no_taskflow.py
[2026-08-12T04:36:55.811+0000] {processor.py:925} INFO - DAG(s) 'dataset_alias_example_alias_consumer_with_no_taskflow', 'dataset_s3_bucket_producer_with_no_taskflow', 'dataset_s3_bucket_consumer_with_no_taskflow', 'dataset_alias_example_alias_producer_with_no_taskflow' retrieved from /home/airflow/.local/lib/python3.12/site-packages/airflow/example_dags/example_dataset_alias_with_no_taskflow.py
[2026-08-12T04:36:55.840+0000] {logging_mixin.py:190} INFO - [2026-08-12T04:36:55.839+0000] {dag.py:3211} INFO - Sync 4 DAGs
[2026-08-12T04:36:55.867+0000] {logging_mixin.py:190} INFO - [2026-08-12T04:36:55.867+0000] {dag.py:4138} INFO - Setting next_dagrun for dataset_alias_example_alias_consumer_with_no_taskflow to None, run_after=None
[2026-08-12T04:36:55.871+0000] {logging_mixin.py:190} INFO - [2026-08-12T04:36:55.871+0000] {dag.py:4138} INFO - Setting next_dagrun for dataset_alias_example_alias_producer_with_no_taskflow to None, run_after=None
[2026-08-12T04:36:55.874+0000] {logging_mixin.py:190} INFO - [2026-08-12T04:36:55.873+0000] {dag.py:4138} INFO - Setting next_dagrun for dataset_s3_bucket_consumer_with_no_taskflow to None, run_after=None
[2026-08-12T04:36:55.876+0000] {logging_mixin.py:190} INFO - [2026-08-12T04:36:55.876+0000] {dag.py:4138} INFO - Setting next_dagrun for dataset_s3_bucket_producer_with_no_taskflow to None, run_after=None
[2026-08-12T04:36:55.907+0000] {processor.py:208} INFO - Processing /home/airflow/.local/lib/python3.12/site-packages/airflow/example_dags/example_dataset_alias_with_no_taskflow.py took 0.280 seconds
[2026-08-12T04:37:26.557+0000] {processor.py:186} INFO - Started process (PID=588) to work on /home/airflow/.local/lib/python3.12/site-packages/airflow/example_dags/example_dataset_alias_with_no_taskflow.py
[2026-08-12T04:37:26.560+0000] {processor.py:914} INFO - Processing file /home/airflow/.local/lib/python3.12/site-packages/airflow/example_dags/example_dataset_alias_with_no_taskflow.py for tasks to queue
[2026-08-12T04:37:26.563+0000] {logging_mixin.py:190} INFO - [2026-08-12T04:37:26.563+0000] {dagbag.py:587} INFO - Filling up the DagBag from /home/airflow/.local/lib/python3.12/site-packages/airflow/example_dags/example_dataset_alias_with_no_taskflow.py
[2026-08-12T04:37:26.707+0000] {processor.py:925} INFO - DAG(s) 'dataset_alias_example_alias_consumer_with_no_taskflow', 'dataset_s3_bucket_producer_with_no_taskflow', 'dataset_alias_example_alias_producer_with_no_taskflow', 'dataset_s3_bucket_consumer_with_no_taskflow' retrieved from /home/airflow/.local/lib/python3.12/site-packages/airflow/example_dags/example_dataset_alias_with_no_taskflow.py
[2026-08-12T04:37:26.735+0000] {logging_mixin.py:190} INFO - [2026-08-12T04:37:26.734+0000] {dag.py:3211} INFO - Sync 4 DAGs
[2026-08-12T04:37:26.761+0000] {logging_mixin.py:190} INFO - [2026-08-12T04:37:26.761+0000] {dag.py:4138} INFO - Setting next_dagrun for dataset_alias_example_alias_consumer_with_no_taskflow to None, run_after=None
[2026-08-12T04:37:26.765+0000] {logging_mixin.py:190} INFO - [2026-08-12T04:37:26.765+0000] {dag.py:4138} INFO - Setting next_dagrun for dataset_alias_example_alias_producer_with_no_taskflow to None, run_after=None
[2026-08-12T04:37:26.767+0000] {logging_mixin.py:190} INFO - [2026-08-12T04:37:26.767+0000] {dag.py:4138} INFO - Setting next_dagrun for dataset_s3_bucket_consumer_with_no_taskflow to None, run_after=None
[2026-08-12T04:37:26.769+0000] {logging_mixin.py:190} INFO - [2026-08-12T04:37:26.769+0000] {dag.py:4138} INFO - Setting next_dagrun for dataset_s3_bucket_producer_with_no_taskflow to None, run_after=None
[2026-08-12T04:37:26.803+0000] {processor.py:208} INFO - Processing /home/airflow/.local/lib/python3.12/site-packages/airflow/example_dags/example_dataset_alias_with_no_taskflow.py took 0.252 seconds
[2026-08-12T04:37:57.206+0000] {processor.py:186} INFO - Started process (PID=650) to work on /home/airflow/.local/lib/python3.12/site-packages/airflow/example_dags/example_dataset_alias_with_no_taskflow.py
[2026-08-12T04:37:57.208+0000] {processor.py:914} INFO - Processing file /home/airflow/.local/lib/python3.12/site-packages/airflow/example_dags/example_dataset_alias_with_no_taskflow.py for tasks to queue
[2026-08-12T04:37:57.211+0000] {logging_mixin.py:190} INFO - [2026-08-12T04:37:57.211+0000] {dagbag.py:587} INFO - Filling up the DagBag from /home/airflow/.local/lib/python3.12/site-packages/airflow/example_dags/example_dataset_alias_with_no_taskflow.py
[2026-08-12T04:37:57.354+0000] {processor.py:925} INFO - DAG(s) 'dataset_alias_example_alias_producer_with_no_taskflow', 'dataset_alias_example_alias_consumer_with_no_taskflow', 'dataset_s3_bucket_consumer_with_no_taskflow', 'dataset_s3_bucket_producer_with_no_taskflow' retrieved from /home/airflow/.local/lib/python3.12/site-packages/airflow/example_dags/example_dataset_alias_with_no_taskflow.py
[2026-08-12T04:37:57.380+0000] {logging_mixin.py:190} INFO - [2026-08-12T04:37:57.380+0000] {dag.py:3211} INFO - Sync 4 DAGs
[2026-08-12T04:37:57.408+0000] {logging_mixin.py:190} INFO - [2026-08-12T04:37:57.407+0000] {dag.py:4138} INFO - Setting next_dagrun for dataset_alias_example_alias_consumer_with_no_taskflow to None, run_after=None
[2026-08-12T04:37:57.411+0000] {logging_mixin.py:190} INFO - [2026-08-12T04:37:57.411+0000] {dag.py:4138} INFO - Setting next_dagrun for dataset_alias_example_alias_producer_with_no_taskflow to None, run_after=None
[2026-08-12T04:37:57.414+0000] {logging_mixin.py:190} INFO - [2026-08-12T04:37:57.413+0000] {dag.py:4138} INFO - Setting next_dagrun for dataset_s3_bucket_consumer_with_no_taskflow to None, run_after=None
[2026-08-12T04:37:57.417+0000] {logging_mixin.py:190} INFO - [2026-08-12T04:37:57.416+0000] {dag.py:4138} INFO - Setting next_dagrun for dataset_s3_bucket_producer_with_no_taskflow to None, run_after=None
[2026-08-12T04:37:57.442+0000] {processor.py:208} INFO - Processing /home/airflow/.local/lib/python3.12/site-packages/airflow/example_dags/example_dataset_alias_with_no_taskflow.py took 0.241 seconds
[2026-08-12T04:38:27.699+0000] {processor.py:186} INFO - Started process (PID=713) to work on /home/airflow/.local/lib/python3.12/site-packages/airflow/example_dags/example_dataset_alias_with_no_taskflow.py
[2026-08-12T04:38:27.701+0000] {processor.py:914} INFO - Processing file /home/airflow/.local/lib/python3.12/site-packages/airflow/example_dags/example_dataset_alias_with_no_taskflow.py for tasks to queue
[2026-08-12T04:38:27.705+0000] {logging_mixin.py:190} INFO - [2026-08-12T04:38:27.705+0000] {dagbag.py:587} INFO - Filling up the DagBag from /home/airflow/.local/lib/python3.12/site-packages/airflow/example_dags/example_dataset_alias_with_no_taskflow.py
[2026-08-12T04:38:27.976+0000] {processor.py:925} INFO - DAG(s) 'dataset_s3_bucket_producer_with_no_taskflow', 'dataset_s3_bucket_consumer_with_no_taskflow', 'dataset_alias_example_alias_producer_with_no_taskflow', 'dataset_alias_example_alias_consumer_with_no_taskflow' retrieved from /home/airflow/.local/lib/python3.12/site-packages/airflow/example_dags/example_dataset_alias_with_no_taskflow.py
[2026-08-12T04:38:28.003+0000] {logging_mixin.py:190} INFO - [2026-08-12T04:38:28.003+0000] {dag.py:3211} INFO - Sync 4 DAGs
[2026-08-12T04:38:28.029+0000] {logging_mixin.py:190} INFO - [2026-08-12T04:38:28.029+0000] {dag.py:4138} INFO - Setting next_dagrun for dataset_alias_example_alias_consumer_with_no_taskflow to None, run_after=None
[2026-08-12T04:38:28.032+0000] {logging_mixin.py:190} INFO - [2026-08-12T04:38:28.032+0000] {dag.py:4138} INFO - Setting next_dagrun for dataset_alias_example_alias_producer_with_no_taskflow to None, run_after=None
[2026-08-12T04:38:28.048+0000] {logging_mixin.py:190} INFO - [2026-08-12T04:38:28.048+0000] {dag.py:4138} INFO - Setting next_dagrun for dataset_s3_bucket_consumer_with_no_taskflow to None, run_after=None
[2026-08-12T04:38:28.052+0000] {logging_mixin.py:190} INFO - [2026-08-12T04:38:28.051+0000] {dag.py:4138} INFO - Setting next_dagrun for dataset_s3_bucket_producer_with_no_taskflow to None, run_after=None
[2026-08-12T04:38:28.083+0000] {processor.py:208} INFO - Processing /home/airflow/.local/lib/python3.12/site-packages/airflow/example_dags/example_dataset_alias_with_no_taskflow.py took 0.391 seconds
[2026-08-12T04:38:58.273+0000] {processor.py:186} INFO - Started process (PID=776) to work on /home/airflow/.local/lib/python3.12/site-packages/airflow/example_dags/example_dataset_alias_with_no_taskflow.py
[2026-08-12T04:38:58.274+0000] {processor.py:914} INFO - Processing file /home/airflow/.local/lib/python3.12/site-packages/airflow/example_dags/example_dataset_alias_with_no_taskflow.py for tasks to queue
[2026-08-12T04:38:58.278+0000] {logging_mixin.py:190} INFO - [2026-08-12T04:38:58.278+0000] {dagbag.py:587} INFO - Filling up the DagBag from /home/airflow/.local/lib/python3.12/site-packages/airflow/example_dags/example_dataset_alias_with_no_taskflow.py
[2026-08-12T04:38:58.444+0000] {processor.py:925} INFO - DAG(s) 'dataset_s3_bucket_consumer_with_no_taskflow', 'dataset_s3_bucket_producer_with_no_taskflow', 'dataset_alias_example_alias_producer_with_no_taskflow', 'dataset_alias_example_alias_consumer_with_no_taskflow' retrieved from /home/airflow/.local/lib/python3.12/site-packages/airflow/example_dags/example_dataset_alias_with_no_taskflow.py
[2026-08-12T04:38:58.466+0000] {logging_mixin.py:190} INFO - [2026-08-12T04:38:58.466+0000] {dag.py:3211} INFO - Sync 4 DAGs
[2026-08-12T04:38:58.493+0000] {logging_mixin.py:190} INFO - [2026-08-12T04:38:58.493+0000] {dag.py:4138} INFO - Setting next_dagrun for dataset_alias_example_alias_consumer_with_no_taskflow to None, run_after=None
[2026-08-12T04:38:58.497+0000] {logging_mixin.py:190} INFO - [2026-08-12T04:38:58.497+0000] {dag.py:4138} INFO - Setting next_dagrun for dataset_alias_example_alias_producer_with_no_taskflow to None, run_after=None
[2026-08-12T04:38:58.500+0000] {logging_mixin.py:190} INFO - [2026-08-12T04:38:58.499+0000] {dag.py:4138} INFO - Setting next_dagrun for dataset_s3_bucket_consumer_with_no_taskflow to None, run_after=None
[2026-08-12T04:38:58.503+0000] {logging_mixin.py:190} INFO - [2026-08-12T04:38:58.502+0000] {dag.py:4138} INFO - Setting next_dagrun for dataset_s3_bucket_producer_with_no_taskflow to None, run_after=None
[2026-08-12T04:38:58.533+0000] {processor.py:208} INFO - Processing /home/airflow/.local/lib/python3.12/site-packages/airflow/example_dags/example_dataset_alias_with_no_taskflow.py took 0.269 seconds
[2026-08-12T04:39:28.598+0000] {processor.py:186} INFO - Started process (PID=839) to work on /home/airflow/.local/lib/python3.12/site-packages/airflow/example_dags/example_dataset_alias_with_no_taskflow.py
[2026-08-12T04:39:28.600+0000] {processor.py:914} INFO - Processing file /home/airflow/.local/lib/python3.12/site-packages/airflow/example_dags/example_dataset_alias_with_no_taskflow.py for tasks to queue
[2026-08-12T04:39:28.605+0000] {logging_mixin.py:190} INFO - [2026-08-12T04:39:28.605+0000] {dagbag.py:587} INFO - Filling up the DagBag from /home/airflow/.local/lib/python3.12/site-packages/airflow/example_dags/example_dataset_alias_with_no_taskflow.py
[2026-08-12T04:39:28.769+0000] {processor.py:925} INFO - DAG(s) 'dataset_alias_example_alias_producer_with_no_taskflow', 'dataset_s3_bucket_consumer_with_no_taskflow', 'dataset_s3_bucket_producer_with_no_taskflow', 'dataset_alias_example_alias_consumer_with_no_taskflow' retrieved from /home/airflow/.local/lib/python3.12/site-packages/airflow/example_dags/example_dataset_alias_with_no_taskflow.py
[2026-08-12T04:39:28.808+0000] {logging_mixin.py:190} INFO - [2026-08-12T04:39:28.808+0000] {dag.py:3211} INFO - Sync 4 DAGs
[2026-08-12T04:39:28.840+0000] {logging_mixin.py:190} INFO - [2026-08-12T04:39:28.839+0000] {dag.py:4138} INFO - Setting next_dagrun for dataset_alias_example_alias_consumer_with_no_taskflow to None, run_after=None
[2026-08-12T04:39:28.843+0000] {logging_mixin.py:190} INFO - [2026-08-12T04:39:28.843+0000] {dag.py:4138} INFO - Setting next_dagrun for dataset_alias_example_alias_producer_with_no_taskflow to None, run_after=None
[2026-08-12T04:39:28.846+0000] {logging_mixin.py:190} INFO - [2026-08-12T04:39:28.846+0000] {dag.py:4138} INFO - Setting next_dagrun for dataset_s3_bucket_consumer_with_no_taskflow to None, run_after=None
[2026-08-12T04:39:28.848+0000] {logging_mixin.py:190} INFO - [2026-08-12T04:39:28.848+0000] {dag.py:4138} INFO - Setting next_dagrun for dataset_s3_bucket_producer_with_no_taskflow to None, run_after=None
[2026-08-12T04:39:28.878+0000] {processor.py:208} INFO - Processing /home/airflow/.local/lib/python3.12/site-packages/airflow/example_dags/example_dataset_alias_with_no_taskflow.py took 0.287 seconds
[2026-08-12T04:39:58.964+0000] {processor.py:186} INFO - Started process (PID=901) to work on /home/airflow/.local/lib/python3.12/site-packages/airflow/example_dags/example_dataset_alias_with_no_taskflow.py
[2026-08-12T04:39:58.965+0000] {processor.py:914} INFO - Processing file /home/airflow/.local/lib/python3.12/site-packages/airflow/example_dags/example_dataset_alias_with_no_taskflow.py for tasks to queue
[2026-08-12T04:39:58.968+0000] {logging_mixin.py:190} INFO - [2026-08-12T04:39:58.968+0000] {dagbag.py:587} INFO - Filling up the DagBag from /home/airflow/.local/lib/python3.12/site-packages/airflow/example_dags/example_dataset_alias_with_no_taskflow.py
[2026-08-12T04:39:59.167+0000] {processor.py:925} INFO - DAG(s) 'dataset_s3_bucket_producer_with_no_taskflow', 'dataset_alias_example_alias_producer_with_no_taskflow', 'dataset_s3_bucket_consumer_with_no_taskflow', 'dataset_alias_example_alias_consumer_with_no_taskflow' retrieved from /home/airflow/.local/lib/python3.12/site-packages/airflow/example_dags/example_dataset_alias_with_no_taskflow.py
[2026-08-12T04:39:59.200+0000] {logging_mixin.py:190} INFO - [2026-08-12T04:39:59.200+0000] {dag.py:3211} INFO - Sync 4 DAGs
[2026-08-12T04:39:59.233+0000] {logging_mixin.py:190} INFO - [2026-08-12T04:39:59.232+0000] {dag.py:4138} INFO - Setting next_dagrun for dataset_alias_example_alias_consumer_with_no_taskflow to None, run_after=None
[2026-08-12T04:39:59.238+0000] {logging_mixin.py:190} INFO - [2026-08-12T04:39:59.238+0000] {dag.py:4138} INFO - Setting next_dagrun for dataset_alias_example_alias_producer_with_no_taskflow to None, run_after=None
[2026-08-12T04:39:59.241+0000] {logging_mixin.py:190} INFO - [2026-08-12T04:39:59.240+0000] {dag.py:4138} INFO - Setting next_dagrun for dataset_s3_bucket_consumer_with_no_taskflow to None, run_after=None
[2026-08-12T04:39:59.243+0000] {logging_mixin.py:190} INFO - [2026-08-12T04:39:59.243+0000] {dag.py:4138} INFO - Setting next_dagrun for dataset_s3_bucket_producer_with_no_taskflow to None, run_after=None
[2026-08-12T04:39:59.296+0000] {processor.py:208} INFO - Processing /home/airflow/.local/lib/python3.12/site-packages/airflow/example_dags/example_dataset_alias_with_no_taskflow.py took 0.337 seconds
[2026-08-12T04:40:29.431+0000] {processor.py:186} INFO - Started process (PID=964) to work on /home/airflow/.local/lib/python3.12/site-packages/airflow/example_dags/example_dataset_alias_with_no_taskflow.py
[2026-08-12T04:40:29.432+0000] {processor.py:914} INFO - Processing file /home/airflow/.local/lib/python3.12/site-packages/airflow/example_dags/example_dataset_alias_with_no_taskflow.py for tasks to queue
[2026-08-12T04:40:29.435+0000] {logging_mixin.py:190} INFO - [2026-08-12T04:40:29.435+0000] {dagbag.py:587} INFO - Filling up the DagBag from /home/airflow/.local/lib/python3.12/site-packages/airflow/example_dags/example_dataset_alias_with_no_taskflow.py
[2026-08-12T04:40:29.606+0000] {processor.py:925} INFO - DAG(s) 'dataset_alias_example_alias_producer_with_no_taskflow', 'dataset_s3_bucket_producer_with_no_taskflow', 'dataset_alias_example_alias_consumer_with_no_taskflow', 'dataset_s3_bucket_consumer_with_no_taskflow' retrieved from /home/airflow/.local/lib/python3.12/site-packages/airflow/example_dags/example_dataset_alias_with_no_taskflow.py
[2026-08-12T04:40:29.630+0000] {logging_mixin.py:190} INFO - [2026-08-12T04:40:29.629+0000] {dag.py:3211} INFO - Sync 4 DAGs
[2026-08-12T04:40:29.654+0000] {logging_mixin.py:190} INFO - [2026-08-12T04:40:29.654+0000] {dag.py:4138} INFO - Setting next_dagrun for dataset_alias_example_alias_consumer_with_no_taskflow to None, run_after=None
[2026-08-12T04:40:29.659+0000] {logging_mixin.py:190} INFO - [2026-08-12T04:40:29.659+0000] {dag.py:4138} INFO - Setting next_dagrun for dataset_alias_example_alias_producer_with_no_taskflow to None, run_after=None
[2026-08-12T04:40:29.661+0000] {logging_mixin.py:190} INFO - [2026-08-12T04:40:29.661+0000] {dag.py:4138} INFO - Setting next_dagrun for dataset_s3_bucket_consumer_with_no_taskflow to None, run_after=None
[2026-08-12T04:40:29.664+0000] {logging_mixin.py:190} INFO - [2026-08-12T04:40:29.664+0000] {dag.py:4138} INFO - Setting next_dagrun for dataset_s3_bucket_producer_with_no_taskflow to None, run_after=None
[2026-08-12T04:40:29.700+0000] {processor.py:208} INFO - Processing /home/airflow/.local/lib/python3.12/site-packages/airflow/example_dags/example_dataset_alias_with_no_taskflow.py took 0.276 seconds
[2026-08-12T04:40:59.839+0000] {processor.py:186} INFO - Started process (PID=1027) to work on /home/airflow/.local/lib/python3.12/site-packages/airflow/example_dags/example_dataset_alias_with_no_taskflow.py
[2026-08-12T04:40:59.842+0000] {processor.py:914} INFO - Processing file /home/airflow/.local/lib/python3.12/site-packages/airflow/example_dags/example_dataset_alias_with_no_taskflow.py for tasks to queue
[2026-08-12T04:40:59.846+0000] {logging_mixin.py:190} INFO - [2026-08-12T04:40:59.846+0000] {dagbag.py:587} INFO - Filling up the DagBag from /home/airflow/.local/lib/python3.12/site-packages/airflow/example_dags/example_dataset_alias_with_no_taskflow.py
[2026-08-12T04:41:00.034+0000] {processor.py:925} INFO - DAG(s) 'dataset_s3_bucket_producer_with_no_taskflow', 'dataset_alias_example_alias_consumer_with_no_taskflow', 'dataset_alias_example_alias_producer_with_no_taskflow', 'dataset_s3_bucket_consumer_with_no_taskflow' retrieved from /home/airflow/.local/lib/python3.12/site-packages/airflow/example_dags/example_dataset_alias_with_no_taskflow.py
[2026-08-12T04:41:00.059+0000] {logging_mixin.py:190} INFO - [2026-08-12T04:41:00.058+0000] {dag.py:3211} INFO - Sync 4 DAGs
[2026-08-12T04:41:00.097+0000] {logging_mixin.py:190} INFO - [2026-08-12T04:41:00.096+0000] {dag.py:4138} INFO - Setting next_dagrun for dataset_alias_example_alias_consumer_with_no_taskflow to None, run_after=None
[2026-08-12T04:41:00.101+0000] {logging_mixin.py:190} INFO - [2026-08-12T04:41:00.101+0000] {dag.py:4138} INFO - Setting next_dagrun for dataset_alias_example_alias_producer_with_no_taskflow to None, run_after=None
[2026-08-12T04:41:00.104+0000] {logging_mixin.py:190} INFO - [2026-08-12T04:41:00.103+0000] {dag.py:4138} INFO - Setting next_dagrun for dataset_s3_bucket_consumer_with_no_taskflow to None, run_after=None
[2026-08-12T04:41:00.106+0000] {logging_mixin.py:190} INFO - [2026-08-12T04:41:00.106+0000] {dag.py:4138} INFO - Setting next_dagrun for dataset_s3_bucket_producer_with_no_taskflow to None, run_after=None
[2026-08-12T04:41:00.137+0000] {processor.py:208} INFO - Processing /home/airflow/.local/lib/python3.12/site-packages/airflow/example_dags/example_dataset_alias_with_no_taskflow.py took 0.310 seconds
[2026-08-12T04:41:31.099+0000] {processor.py:186} INFO - Started process (PID=1090) to work on /home/airflow/.local/lib/python3.12/site-packages/airflow/example_dags/example_dataset_alias_with_no_taskflow.py
[2026-08-12T04:41:31.101+0000] {processor.py:914} INFO - Processing file /home/airflow/.local/lib/python3.12/site-packages/airflow/example_dags/example_dataset_alias_with_no_taskflow.py for tasks to queue
[2026-08-12T04:41:31.104+0000] {logging_mixin.py:190} INFO - [2026-08-12T04:41:31.104+0000] {dagbag.py:587} INFO - Filling up the DagBag from /home/airflow/.local/lib/python3.12/site-packages/airflow/example_dags/example_dataset_alias_with_no_taskflow.py
[2026-08-12T04:41:31.262+0000] {processor.py:925} INFO - DAG(s) 'dataset_alias_example_alias_consumer_with_no_taskflow', 'dataset_s3_bucket_consumer_with_no_taskflow', 'dataset_alias_example_alias_producer_with_no_taskflow', 'dataset_s3_bucket_producer_with_no_taskflow' retrieved from /home/airflow/.local/lib/python3.12/site-packages/airflow/example_dags/example_dataset_alias_with_no_taskflow.py
[2026-08-12T04:41:31.286+0000] {logging_mixin.py:190} INFO - [2026-08-12T04:41:31.285+0000] {dag.py:3211} INFO - Sync 4 DAGs
[2026-08-12T04:41:31.317+0000] {logging_mixin.py:190} INFO - [2026-08-12T04:41:31.312+0000] {dag.py:4138} INFO - Setting next_dagrun for dataset_alias_example_alias_consumer_with_no_taskflow to None, run_after=None
[2026-08-12T04:41:31.326+0000] {logging_mixin.py:190} INFO - [2026-08-12T04:41:31.326+0000] {dag.py:4138} INFO - Setting next_dagrun for dataset_alias_example_alias_producer_with_no_taskflow to None, run_after=None
[2026-08-12T04:41:31.328+0000] {logging_mixin.py:190} INFO - [2026-08-12T04:41:31.328+0000] {dag.py:4138} INFO - Setting next_dagrun for dataset_s3_bucket_consumer_with_no_taskflow to None, run_after=None
[2026-08-12T04:41:31.331+0000] {logging_mixin.py:190} INFO - [2026-08-12T04:41:31.330+0000] {dag.py:4138} INFO - Setting next_dagrun for dataset_s3_bucket_producer_with_no_taskflow to None, run_after=None
[2026-08-12T04:41:31.375+0000] {processor.py:208} INFO - Processing /home/airflow/.local/lib/python3.12/site-packages/airflow/example_dags/example_dataset_alias_with_no_taskflow.py took 0.282 seconds
[2026-08-12T04:42:02.067+0000] {processor.py:186} INFO - Started process (PID=1152) to work on /home/airflow/.local/lib/python3.12/site-packages/airflow/example_dags/example_dataset_alias_with_no_taskflow.py
[2026-08-12T04:42:02.069+0000] {processor.py:914} INFO - Processing file /home/airflow/.local/lib/python3.12/site-packages/airflow/example_dags/example_dataset_alias_with_no_taskflow.py for tasks to queue
[2026-08-12T04:42:02.074+0000] {logging_mixin.py:190} INFO - [2026-08-12T04:42:02.073+0000] {dagbag.py:587} INFO - Filling up the DagBag from /home/airflow/.local/lib/python3.12/site-packages/airflow/example_dags/example_dataset_alias_with_no_taskflow.py
[2026-08-12T04:42:02.260+0000] {processor.py:925} INFO - DAG(s) 'dataset_alias_example_alias_producer_with_no_taskflow', 'dataset_alias_example_alias_consumer_with_no_taskflow', 'dataset_s3_bucket_consumer_with_no_taskflow', 'dataset_s3_bucket_producer_with_no_taskflow' retrieved from /home/airflow/.local/lib/python3.12/site-packages/airflow/example_dags/example_dataset_alias_with_no_taskflow.py
[2026-08-12T04:42:02.287+0000] {logging_mixin.py:190} INFO - [2026-08-12T04:42:02.286+0000] {dag.py:3211} INFO - Sync 4 DAGs
[2026-08-12T04:42:02.324+0000] {logging_mixin.py:190} INFO - [2026-08-12T04:42:02.324+0000] {dag.py:4138} INFO - Setting next_dagrun for dataset_alias_example_alias_consumer_with_no_taskflow to None, run_after=None
[2026-08-12T04:42:02.328+0000] {logging_mixin.py:190} INFO - [2026-08-12T04:42:02.328+0000] {dag.py:4138} INFO - Setting next_dagrun for dataset_alias_example_alias_producer_with_no_taskflow to None, run_after=None
[2026-08-12T04:42:02.332+0000] {logging_mixin.py:190} INFO - [2026-08-12T04:42:02.332+0000] {dag.py:4138} INFO - Setting next_dagrun for dataset_s3_bucket_consumer_with_no_taskflow to None, run_after=None
[2026-08-12T04:42:02.335+0000] {logging_mixin.py:190} INFO - [2026-08-12T04:42:02.335+0000] {dag.py:4138} INFO - Setting next_dagrun for dataset_s3_bucket_producer_with_no_taskflow to None, run_after=None
[2026-08-12T04:42:02.366+0000] {processor.py:208} INFO - Processing /home/airflow/.local/lib/python3.12/site-packages/airflow/example_dags/example_dataset_alias_with_no_taskflow.py took 0.307 seconds
[2026-08-12T04:42:33.067+0000] {processor.py:186} INFO - Started process (PID=1214) to work on /home/airflow/.local/lib/python3.12/site-packages/airflow/example_dags/example_dataset_alias_with_no_taskflow.py
[2026-08-12T04:42:33.069+0000] {processor.py:914} INFO - Processing file /home/airflow/.local/lib/python3.12/site-packages/airflow/example_dags/example_dataset_alias_with_no_taskflow.py for tasks to queue
[2026-08-12T04:42:33.073+0000] {logging_mixin.py:190} INFO - [2026-08-12T04:42:33.073+0000] {dagbag.py:587} INFO - Filling up the DagBag from /home/airflow/.local/lib/python3.12/site-packages/airflow/example_dags/example_dataset_alias_with_no_taskflow.py
[2026-08-12T04:42:33.243+0000] {processor.py:925} INFO - DAG(s) 'dataset_s3_bucket_consumer_with_no_taskflow', 'dataset_alias_example_alias_producer_with_no_taskflow', 'dataset_alias_example_alias_consumer_with_no_taskflow', 'dataset_s3_bucket_producer_with_no_taskflow' retrieved from /home/airflow/.local/lib/python3.12/site-packages/airflow/example_dags/example_dataset_alias_with_no_taskflow.py
[2026-08-12T04:42:33.269+0000] {logging_mixin.py:190} INFO - [2026-08-12T04:42:33.269+0000] {dag.py:3211} INFO - Sync 4 DAGs
[2026-08-12T04:42:33.291+0000] {logging_mixin.py:190} INFO - [2026-08-12T04:42:33.291+0000] {dag.py:4138} INFO - Setting next_dagrun for dataset_alias_example_alias_consumer_with_no_taskflow to None, run_after=None
[2026-08-12T04:42:33.296+0000] {logging_mixin.py:190} INFO - [2026-08-12T04:42:33.296+0000] {dag.py:4138} INFO - Setting next_dagrun for dataset_alias_example_alias_producer_with_no_taskflow to None, run_after=None
[2026-08-12T04:42:33.298+0000] {logging_mixin.py:190} INFO - [2026-08-12T04:42:33.298+0000] {dag.py:4138} INFO - Setting next_dagrun for dataset_s3_bucket_consumer_with_no_taskflow to None, run_after=None
[2026-08-12T04:42:33.301+0000] {logging_mixin.py:190} INFO - [2026-08-12T04:42:33.301+0000] {dag.py:4138} INFO - Setting next_dagrun for dataset_s3_bucket_producer_with_no_taskflow to None, run_after=None
[2026-08-12T04:42:33.330+0000] {processor.py:208} INFO - Processing /home/airflow/.local/lib/python3.12/site-packages/airflow/example_dags/example_dataset_alias_with_no_taskflow.py took 0.270 seconds
[2026-08-12T04:43:03.374+0000] {processor.py:186} INFO - Started process (PID=1276) to work on /home/airflow/.local/lib/python3.12/site-packages/airflow/example_dags/example_dataset_alias_with_no_taskflow.py
[2026-08-12T04:43:03.375+0000] {processor.py:914} INFO - Processing file /home/airflow/.local/lib/python3.12/site-packages/airflow/example_dags/example_dataset_alias_with_no_taskflow.py for tasks to queue
[2026-08-12T04:43:03.379+0000] {logging_mixin.py:190} INFO - [2026-08-12T04:43:03.378+0000] {dagbag.py:587} INFO - Filling up the DagBag from /home/airflow/.local/lib/python3.12/site-packages/airflow/example_dags/example_dataset_alias_with_no_taskflow.py
[2026-08-12T04:43:03.529+0000] {processor.py:925} INFO - DAG(s) 'dataset_s3_bucket_consumer_with_no_taskflow', 'dataset_alias_example_alias_producer_with_no_taskflow', 'dataset_s3_bucket_producer_with_no_taskflow', 'dataset_alias_example_alias_consumer_with_no_taskflow' retrieved from /home/airflow/.local/lib/python3.12/site-packages/airflow/example_dags/example_dataset_alias_with_no_taskflow.py
[2026-08-12T04:43:03.553+0000] {logging_mixin.py:190} INFO - [2026-08-12T04:43:03.553+0000] {dag.py:3211} INFO - Sync 4 DAGs
[2026-08-12T04:43:03.578+0000] {logging_mixin.py:190} INFO - [2026-08-12T04:43:03.578+0000] {dag.py:4138} INFO - Setting next_dagrun for dataset_alias_example_alias_consumer_with_no_taskflow to None, run_after=None
[2026-08-12T04:43:03.583+0000] {logging_mixin.py:190} INFO - [2026-08-12T04:43:03.583+0000] {dag.py:4138} INFO - Setting next_dagrun for dataset_alias_example_alias_producer_with_no_taskflow to None, run_after=None
[2026-08-12T04:43:03.586+0000] {logging_mixin.py:190} INFO - [2026-08-12T04:43:03.586+0000] {dag.py:4138} INFO - Setting next_dagrun for dataset_s3_bucket_consumer_with_no_taskflow to None, run_after=None
[2026-08-12T04:43:03.588+0000] {logging_mixin.py:190} INFO - [2026-08-12T04:43:03.588+0000] {dag.py:4138} INFO - Setting next_dagrun for dataset_s3_bucket_producer_with_no_taskflow to None, run_after=None
[2026-08-12T04:43:03.617+0000] {processor.py:208} INFO - Processing /home/airflow/.local/lib/python3.12/site-packages/airflow/example_dags/example_dataset_alias_with_no_taskflow.py took 0.248 seconds
[2026-08-12T04:43:33.708+0000] {processor.py:186} INFO - Started process (PID=1334) to work on /home/airflow/.local/lib/python3.12/site-packages/airflow/example_dags/example_dataset_alias_with_no_taskflow.py
[2026-08-12T04:43:33.709+0000] {processor.py:914} INFO - Processing file /home/airflow/.local/lib/python3.12/site-packages/airflow/example_dags/example_dataset_alias_with_no_taskflow.py for tasks to queue
[2026-08-12T04:43:33.711+0000] {logging_mixin.py:190} INFO - [2026-08-12T04:43:33.711+0000] {dagbag.py:587} INFO - Filling up the DagBag from /home/airflow/.local/lib/python3.12/site-packages/airflow/example_dags/example_dataset_alias_with_no_taskflow.py
[2026-08-12T04:43:33.833+0000] {processor.py:925} INFO - DAG(s) 'dataset_alias_example_alias_consumer_with_no_taskflow', 'dataset_s3_bucket_consumer_with_no_taskflow', 'dataset_alias_example_alias_producer_with_no_taskflow', 'dataset_s3_bucket_producer_with_no_taskflow' retrieved from /home/airflow/.local/lib/python3.12/site-packages/airflow/example_dags/example_dataset_alias_with_no_taskflow.py
[2026-08-12T04:43:33.853+0000] {logging_mixin.py:190} INFO - [2026-08-12T04:43:33.853+0000] {dag.py:3211} INFO - Sync 4 DAGs
[2026-08-12T04:43:33.874+0000] {logging_mixin.py:190} INFO - [2026-08-12T04:43:33.873+0000] {dag.py:4138} INFO - Setting next_dagrun for dataset_alias_example_alias_consumer_with_no_taskflow to None, run_after=None
[2026-08-12T04:43:33.877+0000] {logging_mixin.py:190} INFO - [2026-08-12T04:43:33.877+0000] {dag.py:4138} INFO - Setting next_dagrun for dataset_alias_example_alias_producer_with_no_taskflow to None, run_after=None
[2026-08-12T04:43:33.879+0000] {logging_mixin.py:190} INFO - [2026-08-12T04:43:33.879+0000] {dag.py:4138} INFO - Setting next_dagrun for dataset_s3_bucket_consumer_with_no_taskflow to None, run_after=None
[2026-08-12T04:43:33.882+0000] {logging_mixin.py:190} INFO - [2026-08-12T04:43:33.881+0000] {dag.py:4138} INFO - Setting next_dagrun for dataset_s3_bucket_producer_with_no_taskflow to None, run_after=None
[2026-08-12T04:43:33.906+0000] {processor.py:208} INFO - Processing /home/airflow/.local/lib/python3.12/site-packages/airflow/example_dags/example_dataset_alias_with_no_taskflow.py took 0.204 seconds
[2026-08-12T04:44:04.287+0000] {processor.py:186} INFO - Started process (PID=1396) to work on /home/airflow/.local/lib/python3.12/site-packages/airflow/example_dags/example_dataset_alias_with_no_taskflow.py
[2026-08-12T04:44:04.288+0000] {processor.py:914} INFO - Processing file /home/airflow/.local/lib/python3.12/site-packages/airflow/example_dags/example_dataset_alias_with_no_taskflow.py for tasks to queue
[2026-08-12T04:44:04.291+0000] {logging_mixin.py:190} INFO - [2026-08-12T04:44:04.291+0000] {dagbag.py:587} INFO - Filling up the DagBag from /home/airflow/.local/lib/python3.12/site-packages/airflow/example_dags/example_dataset_alias_with_no_taskflow.py
[2026-08-12T04:44:04.434+0000] {processor.py:925} INFO - DAG(s) 'dataset_s3_bucket_producer_with_no_taskflow', 'dataset_alias_example_alias_consumer_with_no_taskflow', 'dataset_s3_bucket_consumer_with_no_taskflow', 'dataset_alias_example_alias_producer_with_no_taskflow' retrieved from /home/airflow/.local/lib/python3.12/site-packages/airflow/example_dags/example_dataset_alias_with_no_taskflow.py
[2026-08-12T04:44:04.456+0000] {logging_mixin.py:190} INFO - [2026-08-12T04:44:04.456+0000] {dag.py:3211} INFO - Sync 4 DAGs
[2026-08-12T04:44:04.483+0000] {logging_mixin.py:190} INFO - [2026-08-12T04:44:04.483+0000] {dag.py:4138} INFO - Setting next_dagrun for dataset_alias_example_alias_consumer_with_no_taskflow to None, run_after=None
[2026-08-12T04:44:04.487+0000] {logging_mixin.py:190} INFO - [2026-08-12T04:44:04.487+0000] {dag.py:4138} INFO - Setting next_dagrun for dataset_alias_example_alias_producer_with_no_taskflow to None, run_after=None
[2026-08-12T04:44:04.490+0000] {logging_mixin.py:190} INFO - [2026-08-12T04:44:04.490+0000] {dag.py:4138} INFO - Setting next_dagrun for dataset_s3_bucket_consumer_with_no_taskflow to None, run_after=None
[2026-08-12T04:44:04.492+0000] {logging_mixin.py:190} INFO - [2026-08-12T04:44:04.492+0000] {dag.py:4138} INFO - Setting next_dagrun for dataset_s3_bucket_producer_with_no_taskflow to None, run_after=None
[2026-08-12T04:44:04.522+0000] {processor.py:208} INFO - Processing /home/airflow/.local/lib/python3.12/site-packages/airflow/example_dags/example_dataset_alias_with_no_taskflow.py took 0.242 seconds
[2026-08-12T04:44:34.902+0000] {processor.py:186} INFO - Started process (PID=1460) to work on /home/airflow/.local/lib/python3.12/site-packages/airflow/example_dags/example_dataset_alias_with_no_taskflow.py
[2026-08-12T04:44:34.904+0000] {processor.py:914} INFO - Processing file /home/airflow/.local/lib/python3.12/site-packages/airflow/example_dags/example_dataset_alias_with_no_taskflow.py for tasks to queue
[2026-08-12T04:44:34.907+0000] {logging_mixin.py:190} INFO - [2026-08-12T04:44:34.907+0000] {dagbag.py:587} INFO - Filling up the DagBag from /home/airflow/.local/lib/python3.12/site-packages/airflow/example_dags/example_dataset_alias_with_no_taskflow.py
[2026-08-12T04:44:35.057+0000] {processor.py:925} INFO - DAG(s) 'dataset_s3_bucket_consumer_with_no_taskflow', 'dataset_s3_bucket_producer_with_no_taskflow', 'dataset_alias_example_alias_producer_with_no_taskflow', 'dataset_alias_example_alias_consumer_with_no_taskflow' retrieved from /home/airflow/.local/lib/python3.12/site-packages/airflow/example_dags/example_dataset_alias_with_no_taskflow.py
[2026-08-12T04:44:35.081+0000] {logging_mixin.py:190} INFO - [2026-08-12T04:44:35.081+0000] {dag.py:3211} INFO - Sync 4 DAGs
[2026-08-12T04:44:35.120+0000] {logging_mixin.py:190} INFO - [2026-08-12T04:44:35.120+0000] {dag.py:4138} INFO - Setting next_dagrun for dataset_alias_example_alias_consumer_with_no_taskflow to None, run_after=None
[2026-08-12T04:44:35.124+0000] {logging_mixin.py:190} INFO - [2026-08-12T04:44:35.124+0000] {dag.py:4138} INFO - Setting next_dagrun for dataset_alias_example_alias_producer_with_no_taskflow to None, run_after=None
[2026-08-12T04:44:35.127+0000] {logging_mixin.py:190} INFO - [2026-08-12T04:44:35.126+0000] {dag.py:4138} INFO - Setting next_dagrun for dataset_s3_bucket_consumer_with_no_taskflow to None, run_after=None
[2026-08-12T04:44:35.129+0000] {logging_mixin.py:190} INFO - [2026-08-12T04:44:35.128+0000] {dag.py:4138} INFO - Setting next_dagrun for dataset_s3_bucket_producer_with_no_taskflow to None, run_after=None
[2026-08-12T04:44:35.160+0000] {processor.py:208} INFO - Processing /home/airflow/.local/lib/python3.12/site-packages/airflow/example_dags/example_dataset_alias_with_no_taskflow.py took 0.264 seconds
[2026-08-12T04:45:05.974+0000] {processor.py:186} INFO - Started process (PID=1519) to work on /home/airflow/.local/lib/python3.12/site-packages/airflow/example_dags/example_dataset_alias_with_no_taskflow.py
[2026-08-12T04:45:05.976+0000] {processor.py:914} INFO - Processing file /home/airflow/.local/lib/python3.12/site-packages/airflow/example_dags/example_dataset_alias_with_no_taskflow.py for tasks to queue
[2026-08-12T04:45:05.979+0000] {logging_mixin.py:190} INFO - [2026-08-12T04:45:05.979+0000] {dagbag.py:587} INFO - Filling up the DagBag from /home/airflow/.local/lib/python3.12/site-packages/airflow/example_dags/example_dataset_alias_with_no_taskflow.py
[2026-08-12T04:45:06.135+0000] {processor.py:925} INFO - DAG(s) 'dataset_alias_example_alias_consumer_with_no_taskflow', 'dataset_s3_bucket_consumer_with_no_taskflow', 'dataset_s3_bucket_producer_with_no_taskflow', 'dataset_alias_example_alias_producer_with_no_taskflow' retrieved from /home/airflow/.local/lib/python3.12/site-packages/airflow/example_dags/example_dataset_alias_with_no_taskflow.py
[2026-08-12T04:45:06.158+0000] {logging_mixin.py:190} INFO - [2026-08-12T04:45:06.158+0000] {dag.py:3211} INFO - Sync 4 DAGs
[2026-08-12T04:45:06.182+0000] {logging_mixin.py:190} INFO - [2026-08-12T04:45:06.182+0000] {dag.py:4138} INFO - Setting next_dagrun for dataset_alias_example_alias_consumer_with_no_taskflow to None, run_after=None
[2026-08-12T04:45:06.186+0000] {logging_mixin.py:190} INFO - [2026-08-12T04:45:06.185+0000] {dag.py:4138} INFO - Setting next_dagrun for dataset_alias_example_alias_producer_with_no_taskflow to None, run_after=None
[2026-08-12T04:45:06.189+0000] {logging_mixin.py:190} INFO - [2026-08-12T04:45:06.189+0000] {dag.py:4138} INFO - Setting next_dagrun for dataset_s3_bucket_consumer_with_no_taskflow to None, run_after=None
[2026-08-12T04:45:06.191+0000] {logging_mixin.py:190} INFO - [2026-08-12T04:45:06.191+0000] {dag.py:4138} INFO - Setting next_dagrun for dataset_s3_bucket_producer_with_no_taskflow to None, run_after=None
[2026-08-12T04:45:06.225+0000] {processor.py:208} INFO - Processing /home/airflow/.local/lib/python3.12/site-packages/airflow/example_dags/example_dataset_alias_with_no_taskflow.py took 0.259 seconds
[2026-08-12T04:45:37.055+0000] {processor.py:186} INFO - Started process (PID=1580) to work on /home/airflow/.local/lib/python3.12/site-packages/airflow/example_dags/example_dataset_alias_with_no_taskflow.py
[2026-08-12T04:45:37.056+0000] {processor.py:914} INFO - Processing file /home/airflow/.local/lib/python3.12/site-packages/airflow/example_dags/example_dataset_alias_with_no_taskflow.py for tasks to queue
[2026-08-12T04:45:37.060+0000] {logging_mixin.py:190} INFO - [2026-08-12T04:45:37.059+0000] {dagbag.py:587} INFO - Filling up the DagBag from /home/airflow/.local/lib/python3.12/site-packages/airflow/example_dags/example_dataset_alias_with_no_taskflow.py
[2026-08-12T04:45:37.213+0000] {processor.py:925} INFO - DAG(s) 'dataset_s3_bucket_consumer_with_no_taskflow', 'dataset_s3_bucket_producer_with_no_taskflow', 'dataset_alias_example_alias_consumer_with_no_taskflow', 'dataset_alias_example_alias_producer_with_no_taskflow' retrieved from /home/airflow/.local/lib/python3.12/site-packages/airflow/example_dags/example_dataset_alias_with_no_taskflow.py
[2026-08-12T04:45:37.240+0000] {logging_mixin.py:190} INFO - [2026-08-12T04:45:37.240+0000] {dag.py:3211} INFO - Sync 4 DAGs
[2026-08-12T04:45:37.263+0000] {logging_mixin.py:190} INFO - [2026-08-12T04:45:37.263+0000] {dag.py:4138} INFO - Setting next_dagrun for dataset_alias_example_alias_consumer_with_no_taskflow to None, run_after=None
[2026-08-12T04:45:37.267+0000] {logging_mixin.py:190} INFO - [2026-08-12T04:45:37.267+0000] {dag.py:4138} INFO - Setting next_dagrun for dataset_alias_example_alias_producer_with_no_taskflow to None, run_after=None
[2026-08-12T04:45:37.270+0000] {logging_mixin.py:190} INFO - [2026-08-12T04:45:37.270+0000] {dag.py:4138} INFO - Setting next_dagrun for dataset_s3_bucket_consumer_with_no_taskflow to None, run_after=None
[2026-08-12T04:45:37.275+0000] {logging_mixin.py:190} INFO - [2026-08-12T04:45:37.275+0000] {dag.py:4138} INFO - Setting next_dagrun for dataset_s3_bucket_producer_with_no_taskflow to None, run_after=None
[2026-08-12T04:45:37.304+0000] {processor.py:208} INFO - Processing /home/airflow/.local/lib/python3.12/site-packages/airflow/example_dags/example_dataset_alias_with_no_taskflow.py took 0.256 seconds
[2026-08-12T04:46:07.371+0000] {processor.py:186} INFO - Started process (PID=1642) to work on /home/airflow/.local/lib/python3.12/site-packages/airflow/example_dags/example_dataset_alias_with_no_taskflow.py
[2026-08-12T04:46:07.372+0000] {processor.py:914} INFO - Processing file /home/airflow/.local/lib/python3.12/site-packages/airflow/example_dags/example_dataset_alias_with_no_taskflow.py for tasks to queue
[2026-08-12T04:46:07.376+0000] {logging_mixin.py:190} INFO - [2026-08-12T04:46:07.375+0000] {dagbag.py:587} INFO - Filling up the DagBag from /home/airflow/.local/lib/python3.12/site-packages/airflow/example_dags/example_dataset_alias_with_no_taskflow.py
[2026-08-12T04:46:07.537+0000] {processor.py:925} INFO - DAG(s) 'dataset_s3_bucket_producer_with_no_taskflow', 'dataset_alias_example_alias_producer_with_no_taskflow', 'dataset_alias_example_alias_consumer_with_no_taskflow', 'dataset_s3_bucket_consumer_with_no_taskflow' retrieved from /home/airflow/.local/lib/python3.12/site-packages/airflow/example_dags/example_dataset_alias_with_no_taskflow.py
[2026-08-12T04:46:07.560+0000] {logging_mixin.py:190} INFO - [2026-08-12T04:46:07.560+0000] {dag.py:3211} INFO - Sync 4 DAGs
[2026-08-12T04:46:07.584+0000] {logging_mixin.py:190} INFO - [2026-08-12T04:46:07.584+0000] {dag.py:4138} INFO - Setting next_dagrun for dataset_alias_example_alias_consumer_with_no_taskflow to None, run_after=None
[2026-08-12T04:46:07.588+0000] {logging_mixin.py:190} INFO - [2026-08-12T04:46:07.588+0000] {dag.py:4138} INFO - Setting next_dagrun for dataset_alias_example_alias_producer_with_no_taskflow to None, run_after=None
[2026-08-12T04:46:07.592+0000] {logging_mixin.py:190} INFO - [2026-08-12T04:46:07.591+0000] {dag.py:4138} INFO - Setting next_dagrun for dataset_s3_bucket_consumer_with_no_taskflow to None, run_after=None
[2026-08-12T04:46:07.594+0000] {logging_mixin.py:190} INFO - [2026-08-12T04:46:07.594+0000] {dag.py:4138} INFO - Setting next_dagrun for dataset_s3_bucket_producer_with_no_taskflow to None, run_after=None
[2026-08-12T04:46:07.625+0000] {processor.py:208} INFO - Processing /home/airflow/.local/lib/python3.12/site-packages/airflow/example_dags/example_dataset_alias_with_no_taskflow.py took 0.260 seconds
[2026-08-12T04:46:37.921+0000] {processor.py:186} INFO - Started process (PID=1705) to work on /home/airflow/.local/lib/python3.12/site-packages/airflow/example_dags/example_dataset_alias_with_no_taskflow.py
[2026-08-12T04:46:37.923+0000] {processor.py:914} INFO - Processing file /home/airflow/.local/lib/python3.12/site-packages/airflow/example_dags/example_dataset_alias_with_no_taskflow.py for tasks to queue
[2026-08-12T04:46:37.926+0000] {logging_mixin.py:190} INFO - [2026-08-12T04:46:37.925+0000] {dagbag.py:587} INFO - Filling up the DagBag from /home/airflow/.local/lib/python3.12/site-packages/airflow/example_dags/example_dataset_alias_with_no_taskflow.py
[2026-08-12T04:46:38.069+0000] {processor.py:925} INFO - DAG(s) 'dataset_alias_example_alias_producer_with_no_taskflow', 'dataset_s3_bucket_consumer_with_no_taskflow', 'dataset_s3_bucket_producer_with_no_taskflow', 'dataset_alias_example_alias_consumer_with_no_taskflow' retrieved from /home/airflow/.local/lib/python3.12/site-packages/airflow/example_dags/example_dataset_alias_with_no_taskflow.py
[2026-08-12T04:46:38.092+0000] {logging_mixin.py:190} INFO - [2026-08-12T04:46:38.092+0000] {dag.py:3211} INFO - Sync 4 DAGs
[2026-08-12T04:46:38.112+0000] {logging_mixin.py:190} INFO - [2026-08-12T04:46:38.112+0000] {dag.py:4138} INFO - Setting next_dagrun for dataset_alias_example_alias_consumer_with_no_taskflow to None, run_after=None
[2026-08-12T04:46:38.116+0000] {logging_mixin.py:190} INFO - [2026-08-12T04:46:38.115+0000] {dag.py:4138} INFO - Setting next_dagrun for dataset_alias_example_alias_producer_with_no_taskflow to None, run_after=None
[2026-08-12T04:46:38.118+0000] {logging_mixin.py:190} INFO - [2026-08-12T04:46:38.117+0000] {dag.py:4138} INFO - Setting next_dagrun for dataset_s3_bucket_consumer_with_no_taskflow to None, run_after=None
[2026-08-12T04:46:38.120+0000] {logging_mixin.py:190} INFO - [2026-08-12T04:46:38.119+0000] {dag.py:4138} INFO - Setting next_dagrun for dataset_s3_bucket_producer_with_no_taskflow to None, run_after=None
[2026-08-12T04:46:38.146+0000] {processor.py:208} INFO - Processing /home/airflow/.local/lib/python3.12/site-packages/airflow/example_dags/example_dataset_alias_with_no_taskflow.py took 0.230 seconds
[2026-08-12T04:47:08.891+0000] {processor.py:186} INFO - Started process (PID=1767) to work on /home/airflow/.local/lib/python3.12/site-packages/airflow/example_dags/example_dataset_alias_with_no_taskflow.py
[2026-08-12T04:47:08.892+0000] {processor.py:914} INFO - Processing file /home/airflow/.local/lib/python3.12/site-packages/airflow/example_dags/example_dataset_alias_with_no_taskflow.py for tasks to queue
[2026-08-12T04:47:08.908+0000] {logging_mixin.py:190} INFO - [2026-08-12T04:47:08.908+0000] {dagbag.py:587} INFO - Filling up the DagBag from /home/airflow/.local/lib/python3.12/site-packages/airflow/example_dags/example_dataset_alias_with_no_taskflow.py
[2026-08-12T04:47:09.069+0000] {processor.py:925} INFO - DAG(s) 'dataset_alias_example_alias_consumer_with_no_taskflow', 'dataset_alias_example_alias_producer_with_no_taskflow', 'dataset_s3_bucket_producer_with_no_taskflow', 'dataset_s3_bucket_consumer_with_no_taskflow' retrieved from /home/airflow/.local/lib/python3.12/site-packages/airflow/example_dags/example_dataset_alias_with_no_taskflow.py
[2026-08-12T04:47:09.095+0000] {logging_mixin.py:190} INFO - [2026-08-12T04:47:09.094+0000] {dag.py:3211} INFO - Sync 4 DAGs
[2026-08-12T04:47:09.118+0000] {logging_mixin.py:190} INFO - [2026-08-12T04:47:09.118+0000] {dag.py:4138} INFO - Setting next_dagrun for dataset_alias_example_alias_consumer_with_no_taskflow to None, run_after=None
[2026-08-12T04:47:09.122+0000] {logging_mixin.py:190} INFO - [2026-08-12T04:47:09.122+0000] {dag.py:4138} INFO - Setting next_dagrun for dataset_alias_example_alias_producer_with_no_taskflow to None, run_after=None
[2026-08-12T04:47:09.124+0000] {logging_mixin.py:190} INFO - [2026-08-12T04:47:09.124+0000] {dag.py:4138} INFO - Setting next_dagrun for dataset_s3_bucket_consumer_with_no_taskflow to None, run_after=None
[2026-08-12T04:47:09.126+0000] {logging_mixin.py:190} INFO - [2026-08-12T04:47:09.126+0000] {dag.py:4138} INFO - Setting next_dagrun for dataset_s3_bucket_producer_with_no_taskflow to None, run_after=None
[2026-08-12T04:47:09.155+0000] {processor.py:208} INFO - Processing /home/airflow/.local/lib/python3.12/site-packages/airflow/example_dags/example_dataset_alias_with_no_taskflow.py took 0.271 seconds
[2026-08-12T04:47:39.975+0000] {processor.py:186} INFO - Started process (PID=1829) to work on /home/airflow/.local/lib/python3.12/site-packages/airflow/example_dags/example_dataset_alias_with_no_taskflow.py
[2026-08-12T04:47:39.977+0000] {processor.py:914} INFO - Processing file /home/airflow/.local/lib/python3.12/site-packages/airflow/example_dags/example_dataset_alias_with_no_taskflow.py for tasks to queue
[2026-08-12T04:47:39.982+0000] {logging_mixin.py:190} INFO - [2026-08-12T04:47:39.981+0000] {dagbag.py:587} INFO - Filling up the DagBag from /home/airflow/.local/lib/python3.12/site-packages/airflow/example_dags/example_dataset_alias_with_no_taskflow.py
[2026-08-12T04:47:40.238+0000] {processor.py:925} INFO - DAG(s) 'dataset_s3_bucket_producer_with_no_taskflow', 'dataset_s3_bucket_consumer_with_no_taskflow', 'dataset_alias_example_alias_consumer_with_no_taskflow', 'dataset_alias_example_alias_producer_with_no_taskflow' retrieved from /home/airflow/.local/lib/python3.12/site-packages/airflow/example_dags/example_dataset_alias_with_no_taskflow.py
[2026-08-12T04:47:40.264+0000] {logging_mixin.py:190} INFO - [2026-08-12T04:47:40.264+0000] {dag.py:3211} INFO - Sync 4 DAGs
[2026-08-12T04:47:40.505+0000] {logging_mixin.py:190} INFO - [2026-08-12T04:47:40.505+0000] {dag.py:4138} INFO - Setting next_dagrun for dataset_alias_example_alias_consumer_with_no_taskflow to None, run_after=None
[2026-08-12T04:47:40.510+0000] {logging_mixin.py:190} INFO - [2026-08-12T04:47:40.509+0000] {dag.py:4138} INFO - Setting next_dagrun for dataset_alias_example_alias_producer_with_no_taskflow to None, run_after=None
[2026-08-12T04:47:40.512+0000] {logging_mixin.py:190} INFO - [2026-08-12T04:47:40.512+0000] {dag.py:4138} INFO - Setting next_dagrun for dataset_s3_bucket_consumer_with_no_taskflow to None, run_after=None
[2026-08-12T04:47:40.515+0000] {logging_mixin.py:190} INFO - [2026-08-12T04:47:40.514+0000] {dag.py:4138} INFO - Setting next_dagrun for dataset_s3_bucket_producer_with_no_taskflow to None, run_after=None
[2026-08-12T04:47:40.559+0000] {processor.py:208} INFO - Processing /home/airflow/.local/lib/python3.12/site-packages/airflow/example_dags/example_dataset_alias_with_no_taskflow.py took 0.594 seconds
[2026-08-12T04:48:10.706+0000] {processor.py:186} INFO - Started process (PID=1894) to work on /home/airflow/.local/lib/python3.12/site-packages/airflow/example_dags/example_dataset_alias_with_no_taskflow.py
[2026-08-12T04:48:10.708+0000] {processor.py:914} INFO - Processing file /home/airflow/.local/lib/python3.12/site-packages/airflow/example_dags/example_dataset_alias_with_no_taskflow.py for tasks to queue
[2026-08-12T04:48:10.711+0000] {logging_mixin.py:190} INFO - [2026-08-12T04:48:10.711+0000] {dagbag.py:587} INFO - Filling up the DagBag from /home/airflow/.local/lib/python3.12/site-packages/airflow/example_dags/example_dataset_alias_with_no_taskflow.py
[2026-08-12T04:48:10.900+0000] {processor.py:925} INFO - DAG(s) 'dataset_s3_bucket_consumer_with_no_taskflow', 'dataset_alias_example_alias_consumer_with_no_taskflow', 'dataset_s3_bucket_producer_with_no_taskflow', 'dataset_alias_example_alias_producer_with_no_taskflow' retrieved from /home/airflow/.local/lib/python3.12/site-packages/airflow/example_dags/example_dataset_alias_with_no_taskflow.py
[2026-08-12T04:48:10.928+0000] {logging_mixin.py:190} INFO - [2026-08-12T04:48:10.927+0000] {dag.py:3211} INFO - Sync 4 DAGs
[2026-08-12T04:48:10.958+0000] {logging_mixin.py:190} INFO - [2026-08-12T04:48:10.958+0000] {dag.py:4138} INFO - Setting next_dagrun for dataset_alias_example_alias_consumer_with_no_taskflow to None, run_after=None
[2026-08-12T04:48:10.962+0000] {logging_mixin.py:190} INFO - [2026-08-12T04:48:10.962+0000] {dag.py:4138} INFO - Setting next_dagrun for dataset_alias_example_alias_producer_with_no_taskflow to None, run_after=None
[2026-08-12T04:48:10.965+0000] {logging_mixin.py:190} INFO - [2026-08-12T04:48:10.965+0000] {dag.py:4138} INFO - Setting next_dagrun for dataset_s3_bucket_consumer_with_no_taskflow to None, run_after=None
[2026-08-12T04:48:10.968+0000] {logging_mixin.py:190} INFO - [2026-08-12T04:48:10.967+0000] {dag.py:4138} INFO - Setting next_dagrun for dataset_s3_bucket_producer_with_no_taskflow to None, run_after=None
[2026-08-12T04:48:11.233+0000] {processor.py:208} INFO - Processing /home/airflow/.local/lib/python3.12/site-packages/airflow/example_dags/example_dataset_alias_with_no_taskflow.py took 0.537 seconds
