[2026-08-12T04:31:32.473+0000] {processor.py:186} INFO - Started process (PID=90) to work on /home/airflow/.local/lib/python3.12/site-packages/airflow/example_dags/example_xcom.py
[2026-08-12T04:31:32.476+0000] {processor.py:914} INFO - Processing file /home/airflow/.local/lib/python3.12/site-packages/airflow/example_dags/example_xcom.py for tasks to queue
[2026-08-12T04:31:32.480+0000] {logging_mixin.py:190} INFO - [2026-08-12T04:31:32.480+0000] {dagbag.py:587} INFO - Filling up the DagBag from /home/airflow/.local/lib/python3.12/site-packages/airflow/example_dags/example_xcom.py
[2026-08-12T04:31:32.497+0000] {processor.py:925} INFO - DAG(s) 'example_xcom' retrieved from /home/airflow/.local/lib/python3.12/site-packages/airflow/example_dags/example_xcom.py
[2026-08-12T04:31:32.624+0000] {logging_mixin.py:190} INFO - [2026-08-12T04:31:32.623+0000] {override.py:1858} INFO - Created Permission View: can read on DAG:example_xcom
[2026-08-12T04:31:32.644+0000] {logging_mixin.py:190} INFO - [2026-08-12T04:31:32.643+0000] {override.py:1858} INFO - Created Permission View: can edit on DAG:example_xcom
[2026-08-12T04:31:32.658+0000] {logging_mixin.py:190} INFO - [2026-08-12T04:31:32.657+0000] {override.py:1858} INFO - Created Permission View: can delete on DAG:example_xcom
[2026-08-12T04:31:32.659+0000] {logging_mixin.py:190} INFO - [2026-08-12T04:31:32.659+0000] {dag.py:3211} INFO - Sync 1 DAGs
[2026-08-12T04:31:32.677+0000] {logging_mixin.py:190} INFO - [2026-08-12T04:31:32.677+0000] {dag.py:3234} INFO - Creating ORM DAG for example_xcom
[2026-08-12T04:31:32.689+0000] {logging_mixin.py:190} INFO - [2026-08-12T04:31:32.689+0000] {dag.py:4138} INFO - Setting next_dagrun for example_xcom to 2021-01-01 00:00:00+00:00, run_after=2021-01-01 00:00:00+00:00
[2026-08-12T04:31:32.722+0000] {processor.py:208} INFO - Processing /home/airflow/.local/lib/python3.12/site-packages/airflow/example_dags/example_xcom.py took 0.256 seconds
[2026-08-12T04:32:02.876+0000] {processor.py:186} INFO - Started process (PID=152) to work on /home/airflow/.local/lib/python3.12/site-packages/airflow/example_dags/example_xcom.py
[2026-08-12T04:32:02.877+0000] {processor.py:914} INFO - Processing file /home/airflow/.local/lib/python3.12/site-packages/airflow/example_dags/example_xcom.py for tasks to queue
[2026-08-12T04:32:02.880+0000] {logging_mixin.py:190} INFO - [2026-08-12T04:32:02.880+0000] {dagbag.py:587} INFO - Filling up the DagBag from /home/airflow/.local/lib/python3.12/site-packages/airflow/example_dags/example_xcom.py
[2026-08-12T04:32:02.905+0000] {processor.py:925} INFO - DAG(s) 'example_xcom' retrieved from /home/airflow/.local/lib/python3.12/site-packages/airflow/example_dags/example_xcom.py
[2026-08-12T04:32:02.931+0000] {logging_mixin.py:190} INFO - [2026-08-12T04:32:02.931+0000] {dag.py:3211} INFO - Sync 1 DAGs
[2026-08-12T04:32:02.972+0000] {logging_mixin.py:190} INFO - [2026-08-12T04:32:02.972+0000] {dag.py:4138} INFO - Setting next_dagrun for example_xcom to 2021-01-01 00:00:00+00:00, run_after=2021-01-01 00:00:00+00:00
[2026-08-12T04:32:03.001+0000] {processor.py:208} INFO - Processing /home/airflow/.local/lib/python3.12/site-packages/airflow/example_dags/example_xcom.py took 0.131 seconds
[2026-08-12T04:33:20.422+0000] {processor.py:186} INFO - Started process (PID=77) to work on /home/airflow/.local/lib/python3.12/site-packages/airflow/example_dags/example_xcom.py
[2026-08-12T04:33:20.424+0000] {processor.py:914} INFO - Processing file /home/airflow/.local/lib/python3.12/site-packages/airflow/example_dags/example_xcom.py for tasks to queue
[2026-08-12T04:33:20.428+0000] {logging_mixin.py:190} INFO - [2026-08-12T04:33:20.428+0000] {dagbag.py:587} INFO - Filling up the DagBag from /home/airflow/.local/lib/python3.12/site-packages/airflow/example_dags/example_xcom.py
[2026-08-12T04:33:20.440+0000] {processor.py:925} INFO - DAG(s) 'example_xcom' retrieved from /home/airflow/.local/lib/python3.12/site-packages/airflow/example_dags/example_xcom.py
[2026-08-12T04:33:20.467+0000] {logging_mixin.py:190} INFO - [2026-08-12T04:33:20.466+0000] {dag.py:3211} INFO - Sync 1 DAGs
[2026-08-12T04:33:20.502+0000] {logging_mixin.py:190} INFO - [2026-08-12T04:33:20.502+0000] {dag.py:4138} INFO - Setting next_dagrun for example_xcom to 2021-01-01 00:00:00+00:00, run_after=2021-01-01 00:00:00+00:00
[2026-08-12T04:33:20.534+0000] {processor.py:208} INFO - Processing /home/airflow/.local/lib/python3.12/site-packages/airflow/example_dags/example_xcom.py took 0.118 seconds
[2026-08-12T04:33:51.407+0000] {processor.py:186} INFO - Started process (PID=139) to work on /home/airflow/.local/lib/python3.12/site-packages/airflow/example_dags/example_xcom.py
[2026-08-12T04:33:51.408+0000] {processor.py:914} INFO - Processing file /home/airflow/.local/lib/python3.12/site-packages/airflow/example_dags/example_xcom.py for tasks to queue
[2026-08-12T04:33:51.411+0000] {logging_mixin.py:190} INFO - [2026-08-12T04:33:51.411+0000] {dagbag.py:587} INFO - Filling up the DagBag from /home/airflow/.local/lib/python3.12/site-packages/airflow/example_dags/example_xcom.py
[2026-08-12T04:33:51.422+0000] {processor.py:925} INFO - DAG(s) 'example_xcom' retrieved from /home/airflow/.local/lib/python3.12/site-packages/airflow/example_dags/example_xcom.py
[2026-08-12T04:33:51.453+0000] {logging_mixin.py:190} INFO - [2026-08-12T04:33:51.452+0000] {dag.py:3211} INFO - Sync 1 DAGs
[2026-08-12T04:33:51.480+0000] {logging_mixin.py:190} INFO - [2026-08-12T04:33:51.480+0000] {dag.py:4138} INFO - Setting next_dagrun for example_xcom to 2021-01-01 00:00:00+00:00, run_after=2021-01-01 00:00:00+00:00
[2026-08-12T04:33:51.511+0000] {processor.py:208} INFO - Processing /home/airflow/.local/lib/python3.12/site-packages/airflow/example_dags/example_xcom.py took 0.109 seconds
[2026-08-12T04:34:21.589+0000] {processor.py:186} INFO - Started process (PID=201) to work on /home/airflow/.local/lib/python3.12/site-packages/airflow/example_dags/example_xcom.py
[2026-08-12T04:34:21.591+0000] {processor.py:914} INFO - Processing file /home/airflow/.local/lib/python3.12/site-packages/airflow/example_dags/example_xcom.py for tasks to queue
[2026-08-12T04:34:21.595+0000] {logging_mixin.py:190} INFO - [2026-08-12T04:34:21.595+0000] {dagbag.py:587} INFO - Filling up the DagBag from /home/airflow/.local/lib/python3.12/site-packages/airflow/example_dags/example_xcom.py
[2026-08-12T04:34:21.609+0000] {processor.py:925} INFO - DAG(s) 'example_xcom' retrieved from /home/airflow/.local/lib/python3.12/site-packages/airflow/example_dags/example_xcom.py
[2026-08-12T04:34:21.638+0000] {logging_mixin.py:190} INFO - [2026-08-12T04:34:21.637+0000] {dag.py:3211} INFO - Sync 1 DAGs
[2026-08-12T04:34:21.671+0000] {logging_mixin.py:190} INFO - [2026-08-12T04:34:21.670+0000] {dag.py:4138} INFO - Setting next_dagrun for example_xcom to 2021-01-01 00:00:00+00:00, run_after=2021-01-01 00:00:00+00:00
[2026-08-12T04:34:21.697+0000] {processor.py:208} INFO - Processing /home/airflow/.local/lib/python3.12/site-packages/airflow/example_dags/example_xcom.py took 0.115 seconds
[2026-08-12T04:34:51.942+0000] {processor.py:186} INFO - Started process (PID=263) to work on /home/airflow/.local/lib/python3.12/site-packages/airflow/example_dags/example_xcom.py
[2026-08-12T04:34:51.944+0000] {processor.py:914} INFO - Processing file /home/airflow/.local/lib/python3.12/site-packages/airflow/example_dags/example_xcom.py for tasks to queue
[2026-08-12T04:34:51.948+0000] {logging_mixin.py:190} INFO - [2026-08-12T04:34:51.948+0000] {dagbag.py:587} INFO - Filling up the DagBag from /home/airflow/.local/lib/python3.12/site-packages/airflow/example_dags/example_xcom.py
[2026-08-12T04:34:51.960+0000] {processor.py:925} INFO - DAG(s) 'example_xcom' retrieved from /home/airflow/.local/lib/python3.12/site-packages/airflow/example_dags/example_xcom.py
[2026-08-12T04:34:51.988+0000] {logging_mixin.py:190} INFO - [2026-08-12T04:34:51.988+0000] {dag.py:3211} INFO - Sync 1 DAGs
[2026-08-12T04:34:52.021+0000] {logging_mixin.py:190} INFO - [2026-08-12T04:34:52.021+0000] {dag.py:4138} INFO - Setting next_dagrun for example_xcom to 2021-01-01 00:00:00+00:00, run_after=2021-01-01 00:00:00+00:00
[2026-08-12T04:34:52.043+0000] {processor.py:208} INFO - Processing /home/airflow/.local/lib/python3.12/site-packages/airflow/example_dags/example_xcom.py took 0.108 seconds
[2026-08-12T04:35:22.162+0000] {processor.py:186} INFO - Started process (PID=326) to work on /home/airflow/.local/lib/python3.12/site-packages/airflow/example_dags/example_xcom.py
[2026-08-12T04:35:22.164+0000] {processor.py:914} INFO - Processing file /home/airflow/.local/lib/python3.12/site-packages/airflow/example_dags/example_xcom.py for tasks to queue
[2026-08-12T04:35:22.167+0000] {logging_mixin.py:190} INFO - [2026-08-12T04:35:22.167+0000] {dagbag.py:587} INFO - Filling up the DagBag from /home/airflow/.local/lib/python3.12/site-packages/airflow/example_dags/example_xcom.py
[2026-08-12T04:35:22.175+0000] {processor.py:925} INFO - DAG(s) 'example_xcom' retrieved from /home/airflow/.local/lib/python3.12/site-packages/airflow/example_dags/example_xcom.py
[2026-08-12T04:35:22.197+0000] {logging_mixin.py:190} INFO - [2026-08-12T04:35:22.197+0000] {dag.py:3211} INFO - Sync 1 DAGs
[2026-08-12T04:35:22.225+0000] {logging_mixin.py:190} INFO - [2026-08-12T04:35:22.225+0000] {dag.py:4138} INFO - Setting next_dagrun for example_xcom to 2021-01-01 00:00:00+00:00, run_after=2021-01-01 00:00:00+00:00
[2026-08-12T04:35:22.253+0000] {processor.py:208} INFO - Processing /home/airflow/.local/lib/python3.12/site-packages/airflow/example_dags/example_xcom.py took 0.096 seconds
[2026-08-12T04:35:52.635+0000] {processor.py:186} INFO - Started process (PID=388) to work on /home/airflow/.local/lib/python3.12/site-packages/airflow/example_dags/example_xcom.py
[2026-08-12T04:35:52.636+0000] {processor.py:914} INFO - Processing file /home/airflow/.local/lib/python3.12/site-packages/airflow/example_dags/example_xcom.py for tasks to queue
[2026-08-12T04:35:52.640+0000] {logging_mixin.py:190} INFO - [2026-08-12T04:35:52.640+0000] {dagbag.py:587} INFO - Filling up the DagBag from /home/airflow/.local/lib/python3.12/site-packages/airflow/example_dags/example_xcom.py
[2026-08-12T04:35:52.649+0000] {processor.py:925} INFO - DAG(s) 'example_xcom' retrieved from /home/airflow/.local/lib/python3.12/site-packages/airflow/example_dags/example_xcom.py
[2026-08-12T04:35:52.670+0000] {logging_mixin.py:190} INFO - [2026-08-12T04:35:52.670+0000] {dag.py:3211} INFO - Sync 1 DAGs
[2026-08-12T04:35:52.691+0000] {logging_mixin.py:190} INFO - [2026-08-12T04:35:52.691+0000] {dag.py:4138} INFO - Setting next_dagrun for example_xcom to 2021-01-01 00:00:00+00:00, run_after=2021-01-01 00:00:00+00:00
[2026-08-12T04:35:52.711+0000] {processor.py:208} INFO - Processing /home/airflow/.local/lib/python3.12/site-packages/airflow/example_dags/example_xcom.py took 0.082 seconds
[2026-08-12T04:36:23.098+0000] {processor.py:186} INFO - Started process (PID=450) to work on /home/airflow/.local/lib/python3.12/site-packages/airflow/example_dags/example_xcom.py
[2026-08-12T04:36:23.100+0000] {processor.py:914} INFO - Processing file /home/airflow/.local/lib/python3.12/site-packages/airflow/example_dags/example_xcom.py for tasks to queue
[2026-08-12T04:36:23.102+0000] {logging_mixin.py:190} INFO - [2026-08-12T04:36:23.102+0000] {dagbag.py:587} INFO - Filling up the DagBag from /home/airflow/.local/lib/python3.12/site-packages/airflow/example_dags/example_xcom.py
[2026-08-12T04:36:23.112+0000] {processor.py:925} INFO - DAG(s) 'example_xcom' retrieved from /home/airflow/.local/lib/python3.12/site-packages/airflow/example_dags/example_xcom.py
[2026-08-12T04:36:23.134+0000] {logging_mixin.py:190} INFO - [2026-08-12T04:36:23.134+0000] {dag.py:3211} INFO - Sync 1 DAGs
[2026-08-12T04:36:23.158+0000] {logging_mixin.py:190} INFO - [2026-08-12T04:36:23.158+0000] {dag.py:4138} INFO - Setting next_dagrun for example_xcom to 2021-01-01 00:00:00+00:00, run_after=2021-01-01 00:00:00+00:00
[2026-08-12T04:36:23.183+0000] {processor.py:208} INFO - Processing /home/airflow/.local/lib/python3.12/site-packages/airflow/example_dags/example_xcom.py took 0.090 seconds
[2026-08-12T04:36:53.584+0000] {processor.py:186} INFO - Started process (PID=511) to work on /home/airflow/.local/lib/python3.12/site-packages/airflow/example_dags/example_xcom.py
[2026-08-12T04:36:53.586+0000] {processor.py:914} INFO - Processing file /home/airflow/.local/lib/python3.12/site-packages/airflow/example_dags/example_xcom.py for tasks to queue
[2026-08-12T04:36:53.590+0000] {logging_mixin.py:190} INFO - [2026-08-12T04:36:53.589+0000] {dagbag.py:587} INFO - Filling up the DagBag from /home/airflow/.local/lib/python3.12/site-packages/airflow/example_dags/example_xcom.py
[2026-08-12T04:36:53.598+0000] {processor.py:925} INFO - DAG(s) 'example_xcom' retrieved from /home/airflow/.local/lib/python3.12/site-packages/airflow/example_dags/example_xcom.py
[2026-08-12T04:36:53.619+0000] {logging_mixin.py:190} INFO - [2026-08-12T04:36:53.619+0000] {dag.py:3211} INFO - Sync 1 DAGs
[2026-08-12T04:36:53.644+0000] {logging_mixin.py:190} INFO - [2026-08-12T04:36:53.643+0000] {dag.py:4138} INFO - Setting next_dagrun for example_xcom to 2021-01-01 00:00:00+00:00, run_after=2021-01-01 00:00:00+00:00
[2026-08-12T04:36:53.667+0000] {processor.py:208} INFO - Processing /home/airflow/.local/lib/python3.12/site-packages/airflow/example_dags/example_xcom.py took 0.088 seconds
[2026-08-12T04:37:24.148+0000] {processor.py:186} INFO - Started process (PID=573) to work on /home/airflow/.local/lib/python3.12/site-packages/airflow/example_dags/example_xcom.py
[2026-08-12T04:37:24.150+0000] {processor.py:914} INFO - Processing file /home/airflow/.local/lib/python3.12/site-packages/airflow/example_dags/example_xcom.py for tasks to queue
[2026-08-12T04:37:24.155+0000] {logging_mixin.py:190} INFO - [2026-08-12T04:37:24.154+0000] {dagbag.py:587} INFO - Filling up the DagBag from /home/airflow/.local/lib/python3.12/site-packages/airflow/example_dags/example_xcom.py
[2026-08-12T04:37:24.167+0000] {processor.py:925} INFO - DAG(s) 'example_xcom' retrieved from /home/airflow/.local/lib/python3.12/site-packages/airflow/example_dags/example_xcom.py
[2026-08-12T04:37:24.195+0000] {logging_mixin.py:190} INFO - [2026-08-12T04:37:24.195+0000] {dag.py:3211} INFO - Sync 1 DAGs
[2026-08-12T04:37:24.226+0000] {logging_mixin.py:190} INFO - [2026-08-12T04:37:24.226+0000] {dag.py:4138} INFO - Setting next_dagrun for example_xcom to 2021-01-01 00:00:00+00:00, run_after=2021-01-01 00:00:00+00:00
[2026-08-12T04:37:24.259+0000] {processor.py:208} INFO - Processing /home/airflow/.local/lib/python3.12/site-packages/airflow/example_dags/example_xcom.py took 0.117 seconds
[2026-08-12T04:37:55.065+0000] {processor.py:186} INFO - Started process (PID=636) to work on /home/airflow/.local/lib/python3.12/site-packages/airflow/example_dags/example_xcom.py
[2026-08-12T04:37:55.067+0000] {processor.py:914} INFO - Processing file /home/airflow/.local/lib/python3.12/site-packages/airflow/example_dags/example_xcom.py for tasks to queue
[2026-08-12T04:37:55.071+0000] {logging_mixin.py:190} INFO - [2026-08-12T04:37:55.070+0000] {dagbag.py:587} INFO - Filling up the DagBag from /home/airflow/.local/lib/python3.12/site-packages/airflow/example_dags/example_xcom.py
[2026-08-12T04:37:55.081+0000] {processor.py:925} INFO - DAG(s) 'example_xcom' retrieved from /home/airflow/.local/lib/python3.12/site-packages/airflow/example_dags/example_xcom.py
[2026-08-12T04:37:55.109+0000] {logging_mixin.py:190} INFO - [2026-08-12T04:37:55.109+0000] {dag.py:3211} INFO - Sync 1 DAGs
[2026-08-12T04:37:55.136+0000] {logging_mixin.py:190} INFO - [2026-08-12T04:37:55.136+0000] {dag.py:4138} INFO - Setting next_dagrun for example_xcom to 2021-01-01 00:00:00+00:00, run_after=2021-01-01 00:00:00+00:00
[2026-08-12T04:37:55.164+0000] {processor.py:208} INFO - Processing /home/airflow/.local/lib/python3.12/site-packages/airflow/example_dags/example_xcom.py took 0.105 seconds
[2026-08-12T04:38:25.407+0000] {processor.py:186} INFO - Started process (PID=698) to work on /home/airflow/.local/lib/python3.12/site-packages/airflow/example_dags/example_xcom.py
[2026-08-12T04:38:25.409+0000] {processor.py:914} INFO - Processing file /home/airflow/.local/lib/python3.12/site-packages/airflow/example_dags/example_xcom.py for tasks to queue
[2026-08-12T04:38:25.413+0000] {logging_mixin.py:190} INFO - [2026-08-12T04:38:25.412+0000] {dagbag.py:587} INFO - Filling up the DagBag from /home/airflow/.local/lib/python3.12/site-packages/airflow/example_dags/example_xcom.py
[2026-08-12T04:38:25.426+0000] {processor.py:925} INFO - DAG(s) 'example_xcom' retrieved from /home/airflow/.local/lib/python3.12/site-packages/airflow/example_dags/example_xcom.py
[2026-08-12T04:38:25.448+0000] {logging_mixin.py:190} INFO - [2026-08-12T04:38:25.448+0000] {dag.py:3211} INFO - Sync 1 DAGs
[2026-08-12T04:38:25.473+0000] {logging_mixin.py:190} INFO - [2026-08-12T04:38:25.473+0000] {dag.py:4138} INFO - Setting next_dagrun for example_xcom to 2021-01-01 00:00:00+00:00, run_after=2021-01-01 00:00:00+00:00
[2026-08-12T04:38:25.498+0000] {processor.py:208} INFO - Processing /home/airflow/.local/lib/python3.12/site-packages/airflow/example_dags/example_xcom.py took 0.097 seconds
[2026-08-12T04:38:55.828+0000] {processor.py:186} INFO - Started process (PID=760) to work on /home/airflow/.local/lib/python3.12/site-packages/airflow/example_dags/example_xcom.py
[2026-08-12T04:38:55.831+0000] {processor.py:914} INFO - Processing file /home/airflow/.local/lib/python3.12/site-packages/airflow/example_dags/example_xcom.py for tasks to queue
[2026-08-12T04:38:55.836+0000] {logging_mixin.py:190} INFO - [2026-08-12T04:38:55.836+0000] {dagbag.py:587} INFO - Filling up the DagBag from /home/airflow/.local/lib/python3.12/site-packages/airflow/example_dags/example_xcom.py
[2026-08-12T04:38:55.850+0000] {processor.py:925} INFO - DAG(s) 'example_xcom' retrieved from /home/airflow/.local/lib/python3.12/site-packages/airflow/example_dags/example_xcom.py
[2026-08-12T04:38:55.876+0000] {logging_mixin.py:190} INFO - [2026-08-12T04:38:55.876+0000] {dag.py:3211} INFO - Sync 1 DAGs
[2026-08-12T04:38:55.906+0000] {logging_mixin.py:190} INFO - [2026-08-12T04:38:55.906+0000] {dag.py:4138} INFO - Setting next_dagrun for example_xcom to 2021-01-01 00:00:00+00:00, run_after=2021-01-01 00:00:00+00:00
[2026-08-12T04:38:55.931+0000] {processor.py:208} INFO - Processing /home/airflow/.local/lib/python3.12/site-packages/airflow/example_dags/example_xcom.py took 0.111 seconds
[2026-08-12T04:39:26.135+0000] {processor.py:186} INFO - Started process (PID=822) to work on /home/airflow/.local/lib/python3.12/site-packages/airflow/example_dags/example_xcom.py
[2026-08-12T04:39:26.137+0000] {processor.py:914} INFO - Processing file /home/airflow/.local/lib/python3.12/site-packages/airflow/example_dags/example_xcom.py for tasks to queue
[2026-08-12T04:39:26.140+0000] {logging_mixin.py:190} INFO - [2026-08-12T04:39:26.140+0000] {dagbag.py:587} INFO - Filling up the DagBag from /home/airflow/.local/lib/python3.12/site-packages/airflow/example_dags/example_xcom.py
[2026-08-12T04:39:26.156+0000] {processor.py:925} INFO - DAG(s) 'example_xcom' retrieved from /home/airflow/.local/lib/python3.12/site-packages/airflow/example_dags/example_xcom.py
[2026-08-12T04:39:26.180+0000] {logging_mixin.py:190} INFO - [2026-08-12T04:39:26.180+0000] {dag.py:3211} INFO - Sync 1 DAGs
[2026-08-12T04:39:26.205+0000] {logging_mixin.py:190} INFO - [2026-08-12T04:39:26.205+0000] {dag.py:4138} INFO - Setting next_dagrun for example_xcom to 2021-01-01 00:00:00+00:00, run_after=2021-01-01 00:00:00+00:00
[2026-08-12T04:39:26.230+0000] {processor.py:208} INFO - Processing /home/airflow/.local/lib/python3.12/site-packages/airflow/example_dags/example_xcom.py took 0.101 seconds
[2026-08-12T04:39:57.327+0000] {processor.py:186} INFO - Started process (PID=884) to work on /home/airflow/.local/lib/python3.12/site-packages/airflow/example_dags/example_xcom.py
[2026-08-12T04:39:57.329+0000] {processor.py:914} INFO - Processing file /home/airflow/.local/lib/python3.12/site-packages/airflow/example_dags/example_xcom.py for tasks to queue
[2026-08-12T04:39:57.332+0000] {logging_mixin.py:190} INFO - [2026-08-12T04:39:57.332+0000] {dagbag.py:587} INFO - Filling up the DagBag from /home/airflow/.local/lib/python3.12/site-packages/airflow/example_dags/example_xcom.py
[2026-08-12T04:39:57.345+0000] {processor.py:925} INFO - DAG(s) 'example_xcom' retrieved from /home/airflow/.local/lib/python3.12/site-packages/airflow/example_dags/example_xcom.py
[2026-08-12T04:39:57.372+0000] {logging_mixin.py:190} INFO - [2026-08-12T04:39:57.372+0000] {dag.py:3211} INFO - Sync 1 DAGs
[2026-08-12T04:39:57.397+0000] {logging_mixin.py:190} INFO - [2026-08-12T04:39:57.397+0000] {dag.py:4138} INFO - Setting next_dagrun for example_xcom to 2021-01-01 00:00:00+00:00, run_after=2021-01-01 00:00:00+00:00
[2026-08-12T04:39:57.425+0000] {processor.py:208} INFO - Processing /home/airflow/.local/lib/python3.12/site-packages/airflow/example_dags/example_xcom.py took 0.105 seconds
[2026-08-12T04:40:27.576+0000] {processor.py:186} INFO - Started process (PID=946) to work on /home/airflow/.local/lib/python3.12/site-packages/airflow/example_dags/example_xcom.py
[2026-08-12T04:40:27.579+0000] {processor.py:914} INFO - Processing file /home/airflow/.local/lib/python3.12/site-packages/airflow/example_dags/example_xcom.py for tasks to queue
[2026-08-12T04:40:27.582+0000] {logging_mixin.py:190} INFO - [2026-08-12T04:40:27.582+0000] {dagbag.py:587} INFO - Filling up the DagBag from /home/airflow/.local/lib/python3.12/site-packages/airflow/example_dags/example_xcom.py
[2026-08-12T04:40:27.593+0000] {processor.py:925} INFO - DAG(s) 'example_xcom' retrieved from /home/airflow/.local/lib/python3.12/site-packages/airflow/example_dags/example_xcom.py
[2026-08-12T04:40:27.622+0000] {logging_mixin.py:190} INFO - [2026-08-12T04:40:27.622+0000] {dag.py:3211} INFO - Sync 1 DAGs
[2026-08-12T04:40:27.646+0000] {logging_mixin.py:190} INFO - [2026-08-12T04:40:27.646+0000] {dag.py:4138} INFO - Setting next_dagrun for example_xcom to 2021-01-01 00:00:00+00:00, run_after=2021-01-01 00:00:00+00:00
[2026-08-12T04:40:27.671+0000] {processor.py:208} INFO - Processing /home/airflow/.local/lib/python3.12/site-packages/airflow/example_dags/example_xcom.py took 0.101 seconds
[2026-08-12T04:40:57.989+0000] {processor.py:186} INFO - Started process (PID=1008) to work on /home/airflow/.local/lib/python3.12/site-packages/airflow/example_dags/example_xcom.py
[2026-08-12T04:40:57.990+0000] {processor.py:914} INFO - Processing file /home/airflow/.local/lib/python3.12/site-packages/airflow/example_dags/example_xcom.py for tasks to queue
[2026-08-12T04:40:57.994+0000] {logging_mixin.py:190} INFO - [2026-08-12T04:40:57.993+0000] {dagbag.py:587} INFO - Filling up the DagBag from /home/airflow/.local/lib/python3.12/site-packages/airflow/example_dags/example_xcom.py
[2026-08-12T04:40:58.003+0000] {processor.py:925} INFO - DAG(s) 'example_xcom' retrieved from /home/airflow/.local/lib/python3.12/site-packages/airflow/example_dags/example_xcom.py
[2026-08-12T04:40:58.026+0000] {logging_mixin.py:190} INFO - [2026-08-12T04:40:58.026+0000] {dag.py:3211} INFO - Sync 1 DAGs
[2026-08-12T04:40:58.049+0000] {logging_mixin.py:190} INFO - [2026-08-12T04:40:58.049+0000] {dag.py:4138} INFO - Setting next_dagrun for example_xcom to 2021-01-01 00:00:00+00:00, run_after=2021-01-01 00:00:00+00:00
[2026-08-12T04:40:58.077+0000] {processor.py:208} INFO - Processing /home/airflow/.local/lib/python3.12/site-packages/airflow/example_dags/example_xcom.py took 0.094 seconds
[2026-08-12T04:41:28.564+0000] {processor.py:186} INFO - Started process (PID=1070) to work on /home/airflow/.local/lib/python3.12/site-packages/airflow/example_dags/example_xcom.py
[2026-08-12T04:41:28.572+0000] {processor.py:914} INFO - Processing file /home/airflow/.local/lib/python3.12/site-packages/airflow/example_dags/example_xcom.py for tasks to queue
[2026-08-12T04:41:28.577+0000] {logging_mixin.py:190} INFO - [2026-08-12T04:41:28.577+0000] {dagbag.py:587} INFO - Filling up the DagBag from /home/airflow/.local/lib/python3.12/site-packages/airflow/example_dags/example_xcom.py
[2026-08-12T04:41:28.589+0000] {processor.py:925} INFO - DAG(s) 'example_xcom' retrieved from /home/airflow/.local/lib/python3.12/site-packages/airflow/example_dags/example_xcom.py
[2026-08-12T04:41:28.616+0000] {logging_mixin.py:190} INFO - [2026-08-12T04:41:28.616+0000] {dag.py:3211} INFO - Sync 1 DAGs
[2026-08-12T04:41:28.641+0000] {logging_mixin.py:190} INFO - [2026-08-12T04:41:28.641+0000] {dag.py:4138} INFO - Setting next_dagrun for example_xcom to 2021-01-01 00:00:00+00:00, run_after=2021-01-01 00:00:00+00:00
[2026-08-12T04:41:28.670+0000] {processor.py:208} INFO - Processing /home/airflow/.local/lib/python3.12/site-packages/airflow/example_dags/example_xcom.py took 0.120 seconds
[2026-08-12T04:41:59.542+0000] {processor.py:186} INFO - Started process (PID=1132) to work on /home/airflow/.local/lib/python3.12/site-packages/airflow/example_dags/example_xcom.py
[2026-08-12T04:41:59.543+0000] {processor.py:914} INFO - Processing file /home/airflow/.local/lib/python3.12/site-packages/airflow/example_dags/example_xcom.py for tasks to queue
[2026-08-12T04:41:59.548+0000] {logging_mixin.py:190} INFO - [2026-08-12T04:41:59.547+0000] {dagbag.py:587} INFO - Filling up the DagBag from /home/airflow/.local/lib/python3.12/site-packages/airflow/example_dags/example_xcom.py
[2026-08-12T04:41:59.557+0000] {processor.py:925} INFO - DAG(s) 'example_xcom' retrieved from /home/airflow/.local/lib/python3.12/site-packages/airflow/example_dags/example_xcom.py
[2026-08-12T04:41:59.581+0000] {logging_mixin.py:190} INFO - [2026-08-12T04:41:59.581+0000] {dag.py:3211} INFO - Sync 1 DAGs
[2026-08-12T04:41:59.607+0000] {logging_mixin.py:190} INFO - [2026-08-12T04:41:59.606+0000] {dag.py:4138} INFO - Setting next_dagrun for example_xcom to 2021-01-01 00:00:00+00:00, run_after=2021-01-01 00:00:00+00:00
[2026-08-12T04:41:59.637+0000] {processor.py:208} INFO - Processing /home/airflow/.local/lib/python3.12/site-packages/airflow/example_dags/example_xcom.py took 0.102 seconds
[2026-08-12T04:42:30.595+0000] {processor.py:186} INFO - Started process (PID=1194) to work on /home/airflow/.local/lib/python3.12/site-packages/airflow/example_dags/example_xcom.py
[2026-08-12T04:42:30.597+0000] {processor.py:914} INFO - Processing file /home/airflow/.local/lib/python3.12/site-packages/airflow/example_dags/example_xcom.py for tasks to queue
[2026-08-12T04:42:30.601+0000] {logging_mixin.py:190} INFO - [2026-08-12T04:42:30.600+0000] {dagbag.py:587} INFO - Filling up the DagBag from /home/airflow/.local/lib/python3.12/site-packages/airflow/example_dags/example_xcom.py
[2026-08-12T04:42:30.610+0000] {processor.py:925} INFO - DAG(s) 'example_xcom' retrieved from /home/airflow/.local/lib/python3.12/site-packages/airflow/example_dags/example_xcom.py
[2026-08-12T04:42:30.633+0000] {logging_mixin.py:190} INFO - [2026-08-12T04:42:30.633+0000] {dag.py:3211} INFO - Sync 1 DAGs
[2026-08-12T04:42:30.657+0000] {logging_mixin.py:190} INFO - [2026-08-12T04:42:30.657+0000] {dag.py:4138} INFO - Setting next_dagrun for example_xcom to 2021-01-01 00:00:00+00:00, run_after=2021-01-01 00:00:00+00:00
[2026-08-12T04:42:30.680+0000] {processor.py:208} INFO - Processing /home/airflow/.local/lib/python3.12/site-packages/airflow/example_dags/example_xcom.py took 0.092 seconds
[2026-08-12T04:43:01.623+0000] {processor.py:186} INFO - Started process (PID=1256) to work on /home/airflow/.local/lib/python3.12/site-packages/airflow/example_dags/example_xcom.py
[2026-08-12T04:43:01.625+0000] {processor.py:914} INFO - Processing file /home/airflow/.local/lib/python3.12/site-packages/airflow/example_dags/example_xcom.py for tasks to queue
[2026-08-12T04:43:01.628+0000] {logging_mixin.py:190} INFO - [2026-08-12T04:43:01.627+0000] {dagbag.py:587} INFO - Filling up the DagBag from /home/airflow/.local/lib/python3.12/site-packages/airflow/example_dags/example_xcom.py
[2026-08-12T04:43:01.638+0000] {processor.py:925} INFO - DAG(s) 'example_xcom' retrieved from /home/airflow/.local/lib/python3.12/site-packages/airflow/example_dags/example_xcom.py
[2026-08-12T04:43:01.661+0000] {logging_mixin.py:190} INFO - [2026-08-12T04:43:01.661+0000] {dag.py:3211} INFO - Sync 1 DAGs
[2026-08-12T04:43:01.689+0000] {logging_mixin.py:190} INFO - [2026-08-12T04:43:01.688+0000] {dag.py:4138} INFO - Setting next_dagrun for example_xcom to 2021-01-01 00:00:00+00:00, run_after=2021-01-01 00:00:00+00:00
[2026-08-12T04:43:01.714+0000] {processor.py:208} INFO - Processing /home/airflow/.local/lib/python3.12/site-packages/airflow/example_dags/example_xcom.py took 0.097 seconds
[2026-08-12T04:43:32.458+0000] {processor.py:186} INFO - Started process (PID=1318) to work on /home/airflow/.local/lib/python3.12/site-packages/airflow/example_dags/example_xcom.py
[2026-08-12T04:43:32.460+0000] {processor.py:914} INFO - Processing file /home/airflow/.local/lib/python3.12/site-packages/airflow/example_dags/example_xcom.py for tasks to queue
[2026-08-12T04:43:32.463+0000] {logging_mixin.py:190} INFO - [2026-08-12T04:43:32.462+0000] {dagbag.py:587} INFO - Filling up the DagBag from /home/airflow/.local/lib/python3.12/site-packages/airflow/example_dags/example_xcom.py
[2026-08-12T04:43:32.473+0000] {processor.py:925} INFO - DAG(s) 'example_xcom' retrieved from /home/airflow/.local/lib/python3.12/site-packages/airflow/example_dags/example_xcom.py
[2026-08-12T04:43:32.497+0000] {logging_mixin.py:190} INFO - [2026-08-12T04:43:32.497+0000] {dag.py:3211} INFO - Sync 1 DAGs
[2026-08-12T04:43:32.524+0000] {logging_mixin.py:190} INFO - [2026-08-12T04:43:32.524+0000] {dag.py:4138} INFO - Setting next_dagrun for example_xcom to 2021-01-01 00:00:00+00:00, run_after=2021-01-01 00:00:00+00:00
[2026-08-12T04:43:32.550+0000] {processor.py:208} INFO - Processing /home/airflow/.local/lib/python3.12/site-packages/airflow/example_dags/example_xcom.py took 0.098 seconds
[2026-08-12T04:44:03.198+0000] {processor.py:186} INFO - Started process (PID=1380) to work on /home/airflow/.local/lib/python3.12/site-packages/airflow/example_dags/example_xcom.py
[2026-08-12T04:44:03.199+0000] {processor.py:914} INFO - Processing file /home/airflow/.local/lib/python3.12/site-packages/airflow/example_dags/example_xcom.py for tasks to queue
[2026-08-12T04:44:03.203+0000] {logging_mixin.py:190} INFO - [2026-08-12T04:44:03.203+0000] {dagbag.py:587} INFO - Filling up the DagBag from /home/airflow/.local/lib/python3.12/site-packages/airflow/example_dags/example_xcom.py
[2026-08-12T04:44:03.214+0000] {processor.py:925} INFO - DAG(s) 'example_xcom' retrieved from /home/airflow/.local/lib/python3.12/site-packages/airflow/example_dags/example_xcom.py
[2026-08-12T04:44:03.252+0000] {logging_mixin.py:190} INFO - [2026-08-12T04:44:03.252+0000] {dag.py:3211} INFO - Sync 1 DAGs
[2026-08-12T04:44:03.278+0000] {logging_mixin.py:190} INFO - [2026-08-12T04:44:03.277+0000] {dag.py:4138} INFO - Setting next_dagrun for example_xcom to 2021-01-01 00:00:00+00:00, run_after=2021-01-01 00:00:00+00:00
[2026-08-12T04:44:03.303+0000] {processor.py:208} INFO - Processing /home/airflow/.local/lib/python3.12/site-packages/airflow/example_dags/example_xcom.py took 0.112 seconds
[2026-08-12T04:44:33.680+0000] {processor.py:186} INFO - Started process (PID=1443) to work on /home/airflow/.local/lib/python3.12/site-packages/airflow/example_dags/example_xcom.py
[2026-08-12T04:44:33.683+0000] {processor.py:914} INFO - Processing file /home/airflow/.local/lib/python3.12/site-packages/airflow/example_dags/example_xcom.py for tasks to queue
[2026-08-12T04:44:33.689+0000] {logging_mixin.py:190} INFO - [2026-08-12T04:44:33.689+0000] {dagbag.py:587} INFO - Filling up the DagBag from /home/airflow/.local/lib/python3.12/site-packages/airflow/example_dags/example_xcom.py
[2026-08-12T04:44:33.703+0000] {processor.py:925} INFO - DAG(s) 'example_xcom' retrieved from /home/airflow/.local/lib/python3.12/site-packages/airflow/example_dags/example_xcom.py
[2026-08-12T04:44:33.733+0000] {logging_mixin.py:190} INFO - [2026-08-12T04:44:33.732+0000] {dag.py:3211} INFO - Sync 1 DAGs
[2026-08-12T04:44:33.762+0000] {logging_mixin.py:190} INFO - [2026-08-12T04:44:33.762+0000] {dag.py:4138} INFO - Setting next_dagrun for example_xcom to 2021-01-01 00:00:00+00:00, run_after=2021-01-01 00:00:00+00:00
[2026-08-12T04:44:33.792+0000] {processor.py:208} INFO - Processing /home/airflow/.local/lib/python3.12/site-packages/airflow/example_dags/example_xcom.py took 0.120 seconds
[2026-08-12T04:45:04.880+0000] {processor.py:186} INFO - Started process (PID=1505) to work on /home/airflow/.local/lib/python3.12/site-packages/airflow/example_dags/example_xcom.py
[2026-08-12T04:45:04.882+0000] {processor.py:914} INFO - Processing file /home/airflow/.local/lib/python3.12/site-packages/airflow/example_dags/example_xcom.py for tasks to queue
[2026-08-12T04:45:04.885+0000] {logging_mixin.py:190} INFO - [2026-08-12T04:45:04.885+0000] {dagbag.py:587} INFO - Filling up the DagBag from /home/airflow/.local/lib/python3.12/site-packages/airflow/example_dags/example_xcom.py
[2026-08-12T04:45:04.897+0000] {processor.py:925} INFO - DAG(s) 'example_xcom' retrieved from /home/airflow/.local/lib/python3.12/site-packages/airflow/example_dags/example_xcom.py
[2026-08-12T04:45:04.922+0000] {logging_mixin.py:190} INFO - [2026-08-12T04:45:04.921+0000] {dag.py:3211} INFO - Sync 1 DAGs
[2026-08-12T04:45:04.946+0000] {logging_mixin.py:190} INFO - [2026-08-12T04:45:04.946+0000] {dag.py:4138} INFO - Setting next_dagrun for example_xcom to 2021-01-01 00:00:00+00:00, run_after=2021-01-01 00:00:00+00:00
[2026-08-12T04:45:04.980+0000] {processor.py:208} INFO - Processing /home/airflow/.local/lib/python3.12/site-packages/airflow/example_dags/example_xcom.py took 0.106 seconds
[2026-08-12T04:45:36.081+0000] {processor.py:186} INFO - Started process (PID=1567) to work on /home/airflow/.local/lib/python3.12/site-packages/airflow/example_dags/example_xcom.py
[2026-08-12T04:45:36.082+0000] {processor.py:914} INFO - Processing file /home/airflow/.local/lib/python3.12/site-packages/airflow/example_dags/example_xcom.py for tasks to queue
[2026-08-12T04:45:36.086+0000] {logging_mixin.py:190} INFO - [2026-08-12T04:45:36.085+0000] {dagbag.py:587} INFO - Filling up the DagBag from /home/airflow/.local/lib/python3.12/site-packages/airflow/example_dags/example_xcom.py
[2026-08-12T04:45:36.095+0000] {processor.py:925} INFO - DAG(s) 'example_xcom' retrieved from /home/airflow/.local/lib/python3.12/site-packages/airflow/example_dags/example_xcom.py
[2026-08-12T04:45:36.114+0000] {logging_mixin.py:190} INFO - [2026-08-12T04:45:36.114+0000] {dag.py:3211} INFO - Sync 1 DAGs
[2026-08-12T04:45:36.138+0000] {logging_mixin.py:190} INFO - [2026-08-12T04:45:36.138+0000] {dag.py:4138} INFO - Setting next_dagrun for example_xcom to 2021-01-01 00:00:00+00:00, run_after=2021-01-01 00:00:00+00:00
[2026-08-12T04:45:36.163+0000] {processor.py:208} INFO - Processing /home/airflow/.local/lib/python3.12/site-packages/airflow/example_dags/example_xcom.py took 0.088 seconds
[2026-08-12T04:46:06.315+0000] {processor.py:186} INFO - Started process (PID=1629) to work on /home/airflow/.local/lib/python3.12/site-packages/airflow/example_dags/example_xcom.py
[2026-08-12T04:46:06.316+0000] {processor.py:914} INFO - Processing file /home/airflow/.local/lib/python3.12/site-packages/airflow/example_dags/example_xcom.py for tasks to queue
[2026-08-12T04:46:06.319+0000] {logging_mixin.py:190} INFO - [2026-08-12T04:46:06.319+0000] {dagbag.py:587} INFO - Filling up the DagBag from /home/airflow/.local/lib/python3.12/site-packages/airflow/example_dags/example_xcom.py
[2026-08-12T04:46:06.330+0000] {processor.py:925} INFO - DAG(s) 'example_xcom' retrieved from /home/airflow/.local/lib/python3.12/site-packages/airflow/example_dags/example_xcom.py
[2026-08-12T04:46:06.351+0000] {logging_mixin.py:190} INFO - [2026-08-12T04:46:06.351+0000] {dag.py:3211} INFO - Sync 1 DAGs
[2026-08-12T04:46:06.372+0000] {logging_mixin.py:190} INFO - [2026-08-12T04:46:06.372+0000] {dag.py:4138} INFO - Setting next_dagrun for example_xcom to 2021-01-01 00:00:00+00:00, run_after=2021-01-01 00:00:00+00:00
[2026-08-12T04:46:06.399+0000] {processor.py:208} INFO - Processing /home/airflow/.local/lib/python3.12/site-packages/airflow/example_dags/example_xcom.py took 0.090 seconds
[2026-08-12T04:46:36.804+0000] {processor.py:186} INFO - Started process (PID=1691) to work on /home/airflow/.local/lib/python3.12/site-packages/airflow/example_dags/example_xcom.py
[2026-08-12T04:46:36.805+0000] {processor.py:914} INFO - Processing file /home/airflow/.local/lib/python3.12/site-packages/airflow/example_dags/example_xcom.py for tasks to queue
[2026-08-12T04:46:36.808+0000] {logging_mixin.py:190} INFO - [2026-08-12T04:46:36.808+0000] {dagbag.py:587} INFO - Filling up the DagBag from /home/airflow/.local/lib/python3.12/site-packages/airflow/example_dags/example_xcom.py
[2026-08-12T04:46:36.817+0000] {processor.py:925} INFO - DAG(s) 'example_xcom' retrieved from /home/airflow/.local/lib/python3.12/site-packages/airflow/example_dags/example_xcom.py
[2026-08-12T04:46:36.837+0000] {logging_mixin.py:190} INFO - [2026-08-12T04:46:36.837+0000] {dag.py:3211} INFO - Sync 1 DAGs
[2026-08-12T04:46:36.858+0000] {logging_mixin.py:190} INFO - [2026-08-12T04:46:36.858+0000] {dag.py:4138} INFO - Setting next_dagrun for example_xcom to 2021-01-01 00:00:00+00:00, run_after=2021-01-01 00:00:00+00:00
[2026-08-12T04:46:36.881+0000] {processor.py:208} INFO - Processing /home/airflow/.local/lib/python3.12/site-packages/airflow/example_dags/example_xcom.py took 0.082 seconds
[2026-08-12T04:47:07.417+0000] {processor.py:186} INFO - Started process (PID=1753) to work on /home/airflow/.local/lib/python3.12/site-packages/airflow/example_dags/example_xcom.py
[2026-08-12T04:47:07.419+0000] {processor.py:914} INFO - Processing file /home/airflow/.local/lib/python3.12/site-packages/airflow/example_dags/example_xcom.py for tasks to queue
[2026-08-12T04:47:07.421+0000] {logging_mixin.py:190} INFO - [2026-08-12T04:47:07.421+0000] {dagbag.py:587} INFO - Filling up the DagBag from /home/airflow/.local/lib/python3.12/site-packages/airflow/example_dags/example_xcom.py
[2026-08-12T04:47:07.431+0000] {processor.py:925} INFO - DAG(s) 'example_xcom' retrieved from /home/airflow/.local/lib/python3.12/site-packages/airflow/example_dags/example_xcom.py
[2026-08-12T04:47:07.454+0000] {logging_mixin.py:190} INFO - [2026-08-12T04:47:07.454+0000] {dag.py:3211} INFO - Sync 1 DAGs
[2026-08-12T04:47:07.476+0000] {logging_mixin.py:190} INFO - [2026-08-12T04:47:07.476+0000] {dag.py:4138} INFO - Setting next_dagrun for example_xcom to 2021-01-01 00:00:00+00:00, run_after=2021-01-01 00:00:00+00:00
[2026-08-12T04:47:07.502+0000] {processor.py:208} INFO - Processing /home/airflow/.local/lib/python3.12/site-packages/airflow/example_dags/example_xcom.py took 0.090 seconds
[2026-08-12T04:47:37.898+0000] {processor.py:186} INFO - Started process (PID=1815) to work on /home/airflow/.local/lib/python3.12/site-packages/airflow/example_dags/example_xcom.py
[2026-08-12T04:47:37.900+0000] {processor.py:914} INFO - Processing file /home/airflow/.local/lib/python3.12/site-packages/airflow/example_dags/example_xcom.py for tasks to queue
[2026-08-12T04:47:37.904+0000] {logging_mixin.py:190} INFO - [2026-08-12T04:47:37.903+0000] {dagbag.py:587} INFO - Filling up the DagBag from /home/airflow/.local/lib/python3.12/site-packages/airflow/example_dags/example_xcom.py
[2026-08-12T04:47:37.918+0000] {processor.py:925} INFO - DAG(s) 'example_xcom' retrieved from /home/airflow/.local/lib/python3.12/site-packages/airflow/example_dags/example_xcom.py
[2026-08-12T04:47:37.951+0000] {logging_mixin.py:190} INFO - [2026-08-12T04:47:37.950+0000] {dag.py:3211} INFO - Sync 1 DAGs
[2026-08-12T04:47:37.977+0000] {logging_mixin.py:190} INFO - [2026-08-12T04:47:37.976+0000] {dag.py:4138} INFO - Setting next_dagrun for example_xcom to 2021-01-01 00:00:00+00:00, run_after=2021-01-01 00:00:00+00:00
[2026-08-12T04:47:38.001+0000] {processor.py:208} INFO - Processing /home/airflow/.local/lib/python3.12/site-packages/airflow/example_dags/example_xcom.py took 0.109 seconds
[2026-08-12T04:48:08.093+0000] {processor.py:186} INFO - Started process (PID=1877) to work on /home/airflow/.local/lib/python3.12/site-packages/airflow/example_dags/example_xcom.py
[2026-08-12T04:48:08.094+0000] {processor.py:914} INFO - Processing file /home/airflow/.local/lib/python3.12/site-packages/airflow/example_dags/example_xcom.py for tasks to queue
[2026-08-12T04:48:08.097+0000] {logging_mixin.py:190} INFO - [2026-08-12T04:48:08.097+0000] {dagbag.py:587} INFO - Filling up the DagBag from /home/airflow/.local/lib/python3.12/site-packages/airflow/example_dags/example_xcom.py
[2026-08-12T04:48:08.107+0000] {processor.py:925} INFO - DAG(s) 'example_xcom' retrieved from /home/airflow/.local/lib/python3.12/site-packages/airflow/example_dags/example_xcom.py
[2026-08-12T04:48:08.137+0000] {logging_mixin.py:190} INFO - [2026-08-12T04:48:08.136+0000] {dag.py:3211} INFO - Sync 1 DAGs
[2026-08-12T04:48:08.172+0000] {logging_mixin.py:190} INFO - [2026-08-12T04:48:08.172+0000] {dag.py:4138} INFO - Setting next_dagrun for example_xcom to 2021-01-01 00:00:00+00:00, run_after=2021-01-01 00:00:00+00:00
[2026-08-12T04:48:08.198+0000] {processor.py:208} INFO - Processing /home/airflow/.local/lib/python3.12/site-packages/airflow/example_dags/example_xcom.py took 0.111 seconds
