[2026-08-12T04:31:34.052+0000] {processor.py:186} INFO - Started process (PID=100) to work on /home/airflow/.local/lib/python3.12/site-packages/airflow/example_dags/example_sla_dag.py
[2026-08-12T04:31:34.066+0000] {processor.py:914} INFO - Processing file /home/airflow/.local/lib/python3.12/site-packages/airflow/example_dags/example_sla_dag.py for tasks to queue
[2026-08-12T04:31:34.071+0000] {logging_mixin.py:190} INFO - [2026-08-12T04:31:34.071+0000] {dagbag.py:587} INFO - Filling up the DagBag from /home/airflow/.local/lib/python3.12/site-packages/airflow/example_dags/example_sla_dag.py
[2026-08-12T04:31:34.086+0000] {processor.py:925} INFO - DAG(s) 'example_sla_dag' retrieved from /home/airflow/.local/lib/python3.12/site-packages/airflow/example_dags/example_sla_dag.py
[2026-08-12T04:31:34.219+0000] {logging_mixin.py:190} INFO - [2026-08-12T04:31:34.218+0000] {override.py:1858} INFO - Created Permission View: can read on DAG:example_sla_dag
[2026-08-12T04:31:34.266+0000] {logging_mixin.py:190} INFO - [2026-08-12T04:31:34.266+0000] {override.py:1858} INFO - Created Permission View: can edit on DAG:example_sla_dag
[2026-08-12T04:31:34.302+0000] {logging_mixin.py:190} INFO - [2026-08-12T04:31:34.301+0000] {override.py:1858} INFO - Created Permission View: can delete on DAG:example_sla_dag
[2026-08-12T04:31:34.305+0000] {logging_mixin.py:190} INFO - [2026-08-12T04:31:34.304+0000] {dag.py:3211} INFO - Sync 1 DAGs
[2026-08-12T04:31:34.334+0000] {logging_mixin.py:190} INFO - [2026-08-12T04:31:34.333+0000] {dag.py:3234} INFO - Creating ORM DAG for example_sla_dag
[2026-08-12T04:31:34.353+0000] {logging_mixin.py:190} INFO - [2026-08-12T04:31:34.353+0000] {dag.py:4138} INFO - Setting next_dagrun for example_sla_dag to 2026-08-12 04:28:00+00:00, run_after=2026-08-12 04:30:00+00:00
[2026-08-12T04:31:34.389+0000] {processor.py:208} INFO - Processing /home/airflow/.local/lib/python3.12/site-packages/airflow/example_dags/example_sla_dag.py took 0.344 seconds
[2026-08-12T04:32:04.727+0000] {processor.py:186} INFO - Started process (PID=162) to work on /home/airflow/.local/lib/python3.12/site-packages/airflow/example_dags/example_sla_dag.py
[2026-08-12T04:32:04.728+0000] {processor.py:914} INFO - Processing file /home/airflow/.local/lib/python3.12/site-packages/airflow/example_dags/example_sla_dag.py for tasks to queue
[2026-08-12T04:32:04.732+0000] {logging_mixin.py:190} INFO - [2026-08-12T04:32:04.731+0000] {dagbag.py:587} INFO - Filling up the DagBag from /home/airflow/.local/lib/python3.12/site-packages/airflow/example_dags/example_sla_dag.py
[2026-08-12T04:32:04.742+0000] {processor.py:925} INFO - DAG(s) 'example_sla_dag' retrieved from /home/airflow/.local/lib/python3.12/site-packages/airflow/example_dags/example_sla_dag.py
[2026-08-12T04:32:04.763+0000] {logging_mixin.py:190} INFO - [2026-08-12T04:32:04.762+0000] {dag.py:3211} INFO - Sync 1 DAGs
[2026-08-12T04:32:04.802+0000] {logging_mixin.py:190} INFO - [2026-08-12T04:32:04.802+0000] {dag.py:4138} INFO - Setting next_dagrun for example_sla_dag to 2026-08-12 04:30:00+00:00, run_after=2026-08-12 04:32:00+00:00
[2026-08-12T04:32:04.826+0000] {processor.py:208} INFO - Processing /home/airflow/.local/lib/python3.12/site-packages/airflow/example_dags/example_sla_dag.py took 0.105 seconds
[2026-08-12T04:33:21.287+0000] {processor.py:186} INFO - Started process (PID=87) to work on /home/airflow/.local/lib/python3.12/site-packages/airflow/example_dags/example_sla_dag.py
[2026-08-12T04:33:21.289+0000] {processor.py:914} INFO - Processing file /home/airflow/.local/lib/python3.12/site-packages/airflow/example_dags/example_sla_dag.py for tasks to queue
[2026-08-12T04:33:21.292+0000] {logging_mixin.py:190} INFO - [2026-08-12T04:33:21.291+0000] {dagbag.py:587} INFO - Filling up the DagBag from /home/airflow/.local/lib/python3.12/site-packages/airflow/example_dags/example_sla_dag.py
[2026-08-12T04:33:21.303+0000] {processor.py:925} INFO - DAG(s) 'example_sla_dag' retrieved from /home/airflow/.local/lib/python3.12/site-packages/airflow/example_dags/example_sla_dag.py
[2026-08-12T04:33:21.326+0000] {logging_mixin.py:190} INFO - [2026-08-12T04:33:21.326+0000] {dag.py:3211} INFO - Sync 1 DAGs
[2026-08-12T04:33:21.373+0000] {logging_mixin.py:190} INFO - [2026-08-12T04:33:21.373+0000] {dag.py:4138} INFO - Setting next_dagrun for example_sla_dag to 2026-08-12 04:30:00+00:00, run_after=2026-08-12 04:32:00+00:00
[2026-08-12T04:33:21.400+0000] {processor.py:208} INFO - Processing /home/airflow/.local/lib/python3.12/site-packages/airflow/example_dags/example_sla_dag.py took 0.119 seconds
[2026-08-12T04:33:52.325+0000] {processor.py:186} INFO - Started process (PID=149) to work on /home/airflow/.local/lib/python3.12/site-packages/airflow/example_dags/example_sla_dag.py
[2026-08-12T04:33:52.327+0000] {processor.py:914} INFO - Processing file /home/airflow/.local/lib/python3.12/site-packages/airflow/example_dags/example_sla_dag.py for tasks to queue
[2026-08-12T04:33:52.330+0000] {logging_mixin.py:190} INFO - [2026-08-12T04:33:52.329+0000] {dagbag.py:587} INFO - Filling up the DagBag from /home/airflow/.local/lib/python3.12/site-packages/airflow/example_dags/example_sla_dag.py
[2026-08-12T04:33:52.343+0000] {processor.py:925} INFO - DAG(s) 'example_sla_dag' retrieved from /home/airflow/.local/lib/python3.12/site-packages/airflow/example_dags/example_sla_dag.py
[2026-08-12T04:33:52.368+0000] {logging_mixin.py:190} INFO - [2026-08-12T04:33:52.368+0000] {dag.py:3211} INFO - Sync 1 DAGs
[2026-08-12T04:33:52.401+0000] {logging_mixin.py:190} INFO - [2026-08-12T04:33:52.400+0000] {dag.py:4138} INFO - Setting next_dagrun for example_sla_dag to 2026-08-12 04:30:00+00:00, run_after=2026-08-12 04:32:00+00:00
[2026-08-12T04:33:52.433+0000] {processor.py:208} INFO - Processing /home/airflow/.local/lib/python3.12/site-packages/airflow/example_dags/example_sla_dag.py took 0.117 seconds
[2026-08-12T04:34:22.648+0000] {processor.py:186} INFO - Started process (PID=211) to work on /home/airflow/.local/lib/python3.12/site-packages/airflow/example_dags/example_sla_dag.py
[2026-08-12T04:34:22.649+0000] {processor.py:914} INFO - Processing file /home/airflow/.local/lib/python3.12/site-packages/airflow/example_dags/example_sla_dag.py for tasks to queue
[2026-08-12T04:34:22.652+0000] {logging_mixin.py:190} INFO - [2026-08-12T04:34:22.651+0000] {dagbag.py:587} INFO - Filling up the DagBag from /home/airflow/.local/lib/python3.12/site-packages/airflow/example_dags/example_sla_dag.py
[2026-08-12T04:34:22.661+0000] {processor.py:925} INFO - DAG(s) 'example_sla_dag' retrieved from /home/airflow/.local/lib/python3.12/site-packages/airflow/example_dags/example_sla_dag.py
[2026-08-12T04:34:22.681+0000] {logging_mixin.py:190} INFO - [2026-08-12T04:34:22.681+0000] {dag.py:3211} INFO - Sync 1 DAGs
[2026-08-12T04:34:22.704+0000] {logging_mixin.py:190} INFO - [2026-08-12T04:34:22.704+0000] {dag.py:4138} INFO - Setting next_dagrun for example_sla_dag to 2026-08-12 04:32:00+00:00, run_after=2026-08-12 04:34:00+00:00
[2026-08-12T04:34:22.726+0000] {processor.py:208} INFO - Processing /home/airflow/.local/lib/python3.12/site-packages/airflow/example_dags/example_sla_dag.py took 0.083 seconds
[2026-08-12T04:34:52.921+0000] {processor.py:186} INFO - Started process (PID=273) to work on /home/airflow/.local/lib/python3.12/site-packages/airflow/example_dags/example_sla_dag.py
[2026-08-12T04:34:52.923+0000] {processor.py:914} INFO - Processing file /home/airflow/.local/lib/python3.12/site-packages/airflow/example_dags/example_sla_dag.py for tasks to queue
[2026-08-12T04:34:52.926+0000] {logging_mixin.py:190} INFO - [2026-08-12T04:34:52.926+0000] {dagbag.py:587} INFO - Filling up the DagBag from /home/airflow/.local/lib/python3.12/site-packages/airflow/example_dags/example_sla_dag.py
[2026-08-12T04:34:52.937+0000] {processor.py:925} INFO - DAG(s) 'example_sla_dag' retrieved from /home/airflow/.local/lib/python3.12/site-packages/airflow/example_dags/example_sla_dag.py
[2026-08-12T04:34:52.957+0000] {logging_mixin.py:190} INFO - [2026-08-12T04:34:52.957+0000] {dag.py:3211} INFO - Sync 1 DAGs
[2026-08-12T04:34:52.980+0000] {logging_mixin.py:190} INFO - [2026-08-12T04:34:52.980+0000] {dag.py:4138} INFO - Setting next_dagrun for example_sla_dag to 2026-08-12 04:32:00+00:00, run_after=2026-08-12 04:34:00+00:00
[2026-08-12T04:34:53.002+0000] {processor.py:208} INFO - Processing /home/airflow/.local/lib/python3.12/site-packages/airflow/example_dags/example_sla_dag.py took 0.087 seconds
[2026-08-12T04:35:23.109+0000] {processor.py:186} INFO - Started process (PID=336) to work on /home/airflow/.local/lib/python3.12/site-packages/airflow/example_dags/example_sla_dag.py
[2026-08-12T04:35:23.110+0000] {processor.py:914} INFO - Processing file /home/airflow/.local/lib/python3.12/site-packages/airflow/example_dags/example_sla_dag.py for tasks to queue
[2026-08-12T04:35:23.113+0000] {logging_mixin.py:190} INFO - [2026-08-12T04:35:23.113+0000] {dagbag.py:587} INFO - Filling up the DagBag from /home/airflow/.local/lib/python3.12/site-packages/airflow/example_dags/example_sla_dag.py
[2026-08-12T04:35:23.123+0000] {processor.py:925} INFO - DAG(s) 'example_sla_dag' retrieved from /home/airflow/.local/lib/python3.12/site-packages/airflow/example_dags/example_sla_dag.py
[2026-08-12T04:35:23.142+0000] {logging_mixin.py:190} INFO - [2026-08-12T04:35:23.142+0000] {dag.py:3211} INFO - Sync 1 DAGs
[2026-08-12T04:35:23.163+0000] {logging_mixin.py:190} INFO - [2026-08-12T04:35:23.163+0000] {dag.py:4138} INFO - Setting next_dagrun for example_sla_dag to 2026-08-12 04:32:00+00:00, run_after=2026-08-12 04:34:00+00:00
[2026-08-12T04:35:23.185+0000] {processor.py:208} INFO - Processing /home/airflow/.local/lib/python3.12/site-packages/airflow/example_dags/example_sla_dag.py took 0.081 seconds
[2026-08-12T04:35:53.317+0000] {processor.py:186} INFO - Started process (PID=398) to work on /home/airflow/.local/lib/python3.12/site-packages/airflow/example_dags/example_sla_dag.py
[2026-08-12T04:35:53.319+0000] {processor.py:914} INFO - Processing file /home/airflow/.local/lib/python3.12/site-packages/airflow/example_dags/example_sla_dag.py for tasks to queue
[2026-08-12T04:35:53.322+0000] {logging_mixin.py:190} INFO - [2026-08-12T04:35:53.322+0000] {dagbag.py:587} INFO - Filling up the DagBag from /home/airflow/.local/lib/python3.12/site-packages/airflow/example_dags/example_sla_dag.py
[2026-08-12T04:35:53.334+0000] {processor.py:925} INFO - DAG(s) 'example_sla_dag' retrieved from /home/airflow/.local/lib/python3.12/site-packages/airflow/example_dags/example_sla_dag.py
[2026-08-12T04:35:53.355+0000] {logging_mixin.py:190} INFO - [2026-08-12T04:35:53.355+0000] {dag.py:3211} INFO - Sync 1 DAGs
[2026-08-12T04:35:53.382+0000] {logging_mixin.py:190} INFO - [2026-08-12T04:35:53.382+0000] {dag.py:4138} INFO - Setting next_dagrun for example_sla_dag to 2026-08-12 04:32:00+00:00, run_after=2026-08-12 04:34:00+00:00
[2026-08-12T04:35:53.405+0000] {processor.py:208} INFO - Processing /home/airflow/.local/lib/python3.12/site-packages/airflow/example_dags/example_sla_dag.py took 0.095 seconds
[2026-08-12T04:36:23.802+0000] {processor.py:186} INFO - Started process (PID=460) to work on /home/airflow/.local/lib/python3.12/site-packages/airflow/example_dags/example_sla_dag.py
[2026-08-12T04:36:23.804+0000] {processor.py:914} INFO - Processing file /home/airflow/.local/lib/python3.12/site-packages/airflow/example_dags/example_sla_dag.py for tasks to queue
[2026-08-12T04:36:23.807+0000] {logging_mixin.py:190} INFO - [2026-08-12T04:36:23.806+0000] {dagbag.py:587} INFO - Filling up the DagBag from /home/airflow/.local/lib/python3.12/site-packages/airflow/example_dags/example_sla_dag.py
[2026-08-12T04:36:23.817+0000] {processor.py:925} INFO - DAG(s) 'example_sla_dag' retrieved from /home/airflow/.local/lib/python3.12/site-packages/airflow/example_dags/example_sla_dag.py
[2026-08-12T04:36:23.839+0000] {logging_mixin.py:190} INFO - [2026-08-12T04:36:23.838+0000] {dag.py:3211} INFO - Sync 1 DAGs
[2026-08-12T04:36:23.865+0000] {logging_mixin.py:190} INFO - [2026-08-12T04:36:23.864+0000] {dag.py:4138} INFO - Setting next_dagrun for example_sla_dag to 2026-08-12 04:34:00+00:00, run_after=2026-08-12 04:36:00+00:00
[2026-08-12T04:36:23.889+0000] {processor.py:208} INFO - Processing /home/airflow/.local/lib/python3.12/site-packages/airflow/example_dags/example_sla_dag.py took 0.092 seconds
[2026-08-12T04:36:54.359+0000] {processor.py:186} INFO - Started process (PID=522) to work on /home/airflow/.local/lib/python3.12/site-packages/airflow/example_dags/example_sla_dag.py
[2026-08-12T04:36:54.361+0000] {processor.py:914} INFO - Processing file /home/airflow/.local/lib/python3.12/site-packages/airflow/example_dags/example_sla_dag.py for tasks to queue
[2026-08-12T04:36:54.364+0000] {logging_mixin.py:190} INFO - [2026-08-12T04:36:54.364+0000] {dagbag.py:587} INFO - Filling up the DagBag from /home/airflow/.local/lib/python3.12/site-packages/airflow/example_dags/example_sla_dag.py
[2026-08-12T04:36:54.374+0000] {processor.py:925} INFO - DAG(s) 'example_sla_dag' retrieved from /home/airflow/.local/lib/python3.12/site-packages/airflow/example_dags/example_sla_dag.py
[2026-08-12T04:36:54.395+0000] {logging_mixin.py:190} INFO - [2026-08-12T04:36:54.395+0000] {dag.py:3211} INFO - Sync 1 DAGs
[2026-08-12T04:36:54.420+0000] {logging_mixin.py:190} INFO - [2026-08-12T04:36:54.420+0000] {dag.py:4138} INFO - Setting next_dagrun for example_sla_dag to 2026-08-12 04:34:00+00:00, run_after=2026-08-12 04:36:00+00:00
[2026-08-12T04:36:54.443+0000] {processor.py:208} INFO - Processing /home/airflow/.local/lib/python3.12/site-packages/airflow/example_dags/example_sla_dag.py took 0.089 seconds
[2026-08-12T04:37:25.224+0000] {processor.py:186} INFO - Started process (PID=584) to work on /home/airflow/.local/lib/python3.12/site-packages/airflow/example_dags/example_sla_dag.py
[2026-08-12T04:37:25.226+0000] {processor.py:914} INFO - Processing file /home/airflow/.local/lib/python3.12/site-packages/airflow/example_dags/example_sla_dag.py for tasks to queue
[2026-08-12T04:37:25.230+0000] {logging_mixin.py:190} INFO - [2026-08-12T04:37:25.230+0000] {dagbag.py:587} INFO - Filling up the DagBag from /home/airflow/.local/lib/python3.12/site-packages/airflow/example_dags/example_sla_dag.py
[2026-08-12T04:37:25.243+0000] {processor.py:925} INFO - DAG(s) 'example_sla_dag' retrieved from /home/airflow/.local/lib/python3.12/site-packages/airflow/example_dags/example_sla_dag.py
[2026-08-12T04:37:25.267+0000] {logging_mixin.py:190} INFO - [2026-08-12T04:37:25.267+0000] {dag.py:3211} INFO - Sync 1 DAGs
[2026-08-12T04:37:25.309+0000] {logging_mixin.py:190} INFO - [2026-08-12T04:37:25.309+0000] {dag.py:4138} INFO - Setting next_dagrun for example_sla_dag to 2026-08-12 04:34:00+00:00, run_after=2026-08-12 04:36:00+00:00
[2026-08-12T04:37:25.337+0000] {processor.py:208} INFO - Processing /home/airflow/.local/lib/python3.12/site-packages/airflow/example_dags/example_sla_dag.py took 0.120 seconds
[2026-08-12T04:37:55.907+0000] {processor.py:186} INFO - Started process (PID=646) to work on /home/airflow/.local/lib/python3.12/site-packages/airflow/example_dags/example_sla_dag.py
[2026-08-12T04:37:55.908+0000] {processor.py:914} INFO - Processing file /home/airflow/.local/lib/python3.12/site-packages/airflow/example_dags/example_sla_dag.py for tasks to queue
[2026-08-12T04:37:55.911+0000] {logging_mixin.py:190} INFO - [2026-08-12T04:37:55.911+0000] {dagbag.py:587} INFO - Filling up the DagBag from /home/airflow/.local/lib/python3.12/site-packages/airflow/example_dags/example_sla_dag.py
[2026-08-12T04:37:55.923+0000] {processor.py:925} INFO - DAG(s) 'example_sla_dag' retrieved from /home/airflow/.local/lib/python3.12/site-packages/airflow/example_dags/example_sla_dag.py
[2026-08-12T04:37:55.946+0000] {logging_mixin.py:190} INFO - [2026-08-12T04:37:55.945+0000] {dag.py:3211} INFO - Sync 1 DAGs
[2026-08-12T04:37:55.972+0000] {logging_mixin.py:190} INFO - [2026-08-12T04:37:55.972+0000] {dag.py:4138} INFO - Setting next_dagrun for example_sla_dag to 2026-08-12 04:34:00+00:00, run_after=2026-08-12 04:36:00+00:00
[2026-08-12T04:37:55.997+0000] {processor.py:208} INFO - Processing /home/airflow/.local/lib/python3.12/site-packages/airflow/example_dags/example_sla_dag.py took 0.095 seconds
[2026-08-12T04:38:26.099+0000] {processor.py:186} INFO - Started process (PID=708) to work on /home/airflow/.local/lib/python3.12/site-packages/airflow/example_dags/example_sla_dag.py
[2026-08-12T04:38:26.100+0000] {processor.py:914} INFO - Processing file /home/airflow/.local/lib/python3.12/site-packages/airflow/example_dags/example_sla_dag.py for tasks to queue
[2026-08-12T04:38:26.104+0000] {logging_mixin.py:190} INFO - [2026-08-12T04:38:26.104+0000] {dagbag.py:587} INFO - Filling up the DagBag from /home/airflow/.local/lib/python3.12/site-packages/airflow/example_dags/example_sla_dag.py
[2026-08-12T04:38:26.115+0000] {processor.py:925} INFO - DAG(s) 'example_sla_dag' retrieved from /home/airflow/.local/lib/python3.12/site-packages/airflow/example_dags/example_sla_dag.py
[2026-08-12T04:38:26.138+0000] {logging_mixin.py:190} INFO - [2026-08-12T04:38:26.137+0000] {dag.py:3211} INFO - Sync 1 DAGs
[2026-08-12T04:38:26.163+0000] {logging_mixin.py:190} INFO - [2026-08-12T04:38:26.163+0000] {dag.py:4138} INFO - Setting next_dagrun for example_sla_dag to 2026-08-12 04:36:00+00:00, run_after=2026-08-12 04:38:00+00:00
[2026-08-12T04:38:26.188+0000] {processor.py:208} INFO - Processing /home/airflow/.local/lib/python3.12/site-packages/airflow/example_dags/example_sla_dag.py took 0.095 seconds
[2026-08-12T04:38:56.565+0000] {processor.py:186} INFO - Started process (PID=770) to work on /home/airflow/.local/lib/python3.12/site-packages/airflow/example_dags/example_sla_dag.py
[2026-08-12T04:38:56.566+0000] {processor.py:914} INFO - Processing file /home/airflow/.local/lib/python3.12/site-packages/airflow/example_dags/example_sla_dag.py for tasks to queue
[2026-08-12T04:38:56.570+0000] {logging_mixin.py:190} INFO - [2026-08-12T04:38:56.570+0000] {dagbag.py:587} INFO - Filling up the DagBag from /home/airflow/.local/lib/python3.12/site-packages/airflow/example_dags/example_sla_dag.py
[2026-08-12T04:38:56.585+0000] {processor.py:925} INFO - DAG(s) 'example_sla_dag' retrieved from /home/airflow/.local/lib/python3.12/site-packages/airflow/example_dags/example_sla_dag.py
[2026-08-12T04:38:56.611+0000] {logging_mixin.py:190} INFO - [2026-08-12T04:38:56.611+0000] {dag.py:3211} INFO - Sync 1 DAGs
[2026-08-12T04:38:56.639+0000] {logging_mixin.py:190} INFO - [2026-08-12T04:38:56.639+0000] {dag.py:4138} INFO - Setting next_dagrun for example_sla_dag to 2026-08-12 04:36:00+00:00, run_after=2026-08-12 04:38:00+00:00
[2026-08-12T04:38:56.662+0000] {processor.py:208} INFO - Processing /home/airflow/.local/lib/python3.12/site-packages/airflow/example_dags/example_sla_dag.py took 0.102 seconds
[2026-08-12T04:39:26.824+0000] {processor.py:186} INFO - Started process (PID=832) to work on /home/airflow/.local/lib/python3.12/site-packages/airflow/example_dags/example_sla_dag.py
[2026-08-12T04:39:26.826+0000] {processor.py:914} INFO - Processing file /home/airflow/.local/lib/python3.12/site-packages/airflow/example_dags/example_sla_dag.py for tasks to queue
[2026-08-12T04:39:26.829+0000] {logging_mixin.py:190} INFO - [2026-08-12T04:39:26.829+0000] {dagbag.py:587} INFO - Filling up the DagBag from /home/airflow/.local/lib/python3.12/site-packages/airflow/example_dags/example_sla_dag.py
[2026-08-12T04:39:26.841+0000] {processor.py:925} INFO - DAG(s) 'example_sla_dag' retrieved from /home/airflow/.local/lib/python3.12/site-packages/airflow/example_dags/example_sla_dag.py
[2026-08-12T04:39:26.864+0000] {logging_mixin.py:190} INFO - [2026-08-12T04:39:26.864+0000] {dag.py:3211} INFO - Sync 1 DAGs
[2026-08-12T04:39:26.894+0000] {logging_mixin.py:190} INFO - [2026-08-12T04:39:26.894+0000] {dag.py:4138} INFO - Setting next_dagrun for example_sla_dag to 2026-08-12 04:36:00+00:00, run_after=2026-08-12 04:38:00+00:00
[2026-08-12T04:39:26.921+0000] {processor.py:208} INFO - Processing /home/airflow/.local/lib/python3.12/site-packages/airflow/example_dags/example_sla_dag.py took 0.103 seconds
[2026-08-12T04:39:58.390+0000] {processor.py:186} INFO - Started process (PID=894) to work on /home/airflow/.local/lib/python3.12/site-packages/airflow/example_dags/example_sla_dag.py
[2026-08-12T04:39:58.392+0000] {processor.py:914} INFO - Processing file /home/airflow/.local/lib/python3.12/site-packages/airflow/example_dags/example_sla_dag.py for tasks to queue
[2026-08-12T04:39:58.395+0000] {logging_mixin.py:190} INFO - [2026-08-12T04:39:58.395+0000] {dagbag.py:587} INFO - Filling up the DagBag from /home/airflow/.local/lib/python3.12/site-packages/airflow/example_dags/example_sla_dag.py
[2026-08-12T04:39:58.406+0000] {processor.py:925} INFO - DAG(s) 'example_sla_dag' retrieved from /home/airflow/.local/lib/python3.12/site-packages/airflow/example_dags/example_sla_dag.py
[2026-08-12T04:39:58.426+0000] {logging_mixin.py:190} INFO - [2026-08-12T04:39:58.426+0000] {dag.py:3211} INFO - Sync 1 DAGs
[2026-08-12T04:39:58.465+0000] {logging_mixin.py:190} INFO - [2026-08-12T04:39:58.464+0000] {dag.py:4138} INFO - Setting next_dagrun for example_sla_dag to 2026-08-12 04:36:00+00:00, run_after=2026-08-12 04:38:00+00:00
[2026-08-12T04:39:58.489+0000] {processor.py:208} INFO - Processing /home/airflow/.local/lib/python3.12/site-packages/airflow/example_dags/example_sla_dag.py took 0.105 seconds
[2026-08-12T04:40:28.575+0000] {processor.py:186} INFO - Started process (PID=956) to work on /home/airflow/.local/lib/python3.12/site-packages/airflow/example_dags/example_sla_dag.py
[2026-08-12T04:40:28.576+0000] {processor.py:914} INFO - Processing file /home/airflow/.local/lib/python3.12/site-packages/airflow/example_dags/example_sla_dag.py for tasks to queue
[2026-08-12T04:40:28.579+0000] {logging_mixin.py:190} INFO - [2026-08-12T04:40:28.579+0000] {dagbag.py:587} INFO - Filling up the DagBag from /home/airflow/.local/lib/python3.12/site-packages/airflow/example_dags/example_sla_dag.py
[2026-08-12T04:40:28.588+0000] {processor.py:925} INFO - DAG(s) 'example_sla_dag' retrieved from /home/airflow/.local/lib/python3.12/site-packages/airflow/example_dags/example_sla_dag.py
[2026-08-12T04:40:28.609+0000] {logging_mixin.py:190} INFO - [2026-08-12T04:40:28.609+0000] {dag.py:3211} INFO - Sync 1 DAGs
[2026-08-12T04:40:28.634+0000] {logging_mixin.py:190} INFO - [2026-08-12T04:40:28.633+0000] {dag.py:4138} INFO - Setting next_dagrun for example_sla_dag to 2026-08-12 04:38:00+00:00, run_after=2026-08-12 04:40:00+00:00
[2026-08-12T04:40:28.657+0000] {processor.py:208} INFO - Processing /home/airflow/.local/lib/python3.12/site-packages/airflow/example_dags/example_sla_dag.py took 0.088 seconds
[2026-08-12T04:40:58.775+0000] {processor.py:186} INFO - Started process (PID=1018) to work on /home/airflow/.local/lib/python3.12/site-packages/airflow/example_dags/example_sla_dag.py
[2026-08-12T04:40:58.777+0000] {processor.py:914} INFO - Processing file /home/airflow/.local/lib/python3.12/site-packages/airflow/example_dags/example_sla_dag.py for tasks to queue
[2026-08-12T04:40:58.779+0000] {logging_mixin.py:190} INFO - [2026-08-12T04:40:58.779+0000] {dagbag.py:587} INFO - Filling up the DagBag from /home/airflow/.local/lib/python3.12/site-packages/airflow/example_dags/example_sla_dag.py
[2026-08-12T04:40:58.789+0000] {processor.py:925} INFO - DAG(s) 'example_sla_dag' retrieved from /home/airflow/.local/lib/python3.12/site-packages/airflow/example_dags/example_sla_dag.py
[2026-08-12T04:40:58.810+0000] {logging_mixin.py:190} INFO - [2026-08-12T04:40:58.810+0000] {dag.py:3211} INFO - Sync 1 DAGs
[2026-08-12T04:40:58.833+0000] {logging_mixin.py:190} INFO - [2026-08-12T04:40:58.833+0000] {dag.py:4138} INFO - Setting next_dagrun for example_sla_dag to 2026-08-12 04:38:00+00:00, run_after=2026-08-12 04:40:00+00:00
[2026-08-12T04:40:58.855+0000] {processor.py:208} INFO - Processing /home/airflow/.local/lib/python3.12/site-packages/airflow/example_dags/example_sla_dag.py took 0.085 seconds
[2026-08-12T04:41:29.294+0000] {processor.py:186} INFO - Started process (PID=1080) to work on /home/airflow/.local/lib/python3.12/site-packages/airflow/example_dags/example_sla_dag.py
[2026-08-12T04:41:29.297+0000] {processor.py:914} INFO - Processing file /home/airflow/.local/lib/python3.12/site-packages/airflow/example_dags/example_sla_dag.py for tasks to queue
[2026-08-12T04:41:29.300+0000] {logging_mixin.py:190} INFO - [2026-08-12T04:41:29.300+0000] {dagbag.py:587} INFO - Filling up the DagBag from /home/airflow/.local/lib/python3.12/site-packages/airflow/example_dags/example_sla_dag.py
[2026-08-12T04:41:29.313+0000] {processor.py:925} INFO - DAG(s) 'example_sla_dag' retrieved from /home/airflow/.local/lib/python3.12/site-packages/airflow/example_dags/example_sla_dag.py
[2026-08-12T04:41:29.337+0000] {logging_mixin.py:190} INFO - [2026-08-12T04:41:29.337+0000] {dag.py:3211} INFO - Sync 1 DAGs
[2026-08-12T04:41:29.366+0000] {logging_mixin.py:190} INFO - [2026-08-12T04:41:29.366+0000] {dag.py:4138} INFO - Setting next_dagrun for example_sla_dag to 2026-08-12 04:38:00+00:00, run_after=2026-08-12 04:40:00+00:00
[2026-08-12T04:41:29.390+0000] {processor.py:208} INFO - Processing /home/airflow/.local/lib/python3.12/site-packages/airflow/example_dags/example_sla_dag.py took 0.105 seconds
[2026-08-12T04:42:00.292+0000] {processor.py:186} INFO - Started process (PID=1142) to work on /home/airflow/.local/lib/python3.12/site-packages/airflow/example_dags/example_sla_dag.py
[2026-08-12T04:42:00.293+0000] {processor.py:914} INFO - Processing file /home/airflow/.local/lib/python3.12/site-packages/airflow/example_dags/example_sla_dag.py for tasks to queue
[2026-08-12T04:42:00.297+0000] {logging_mixin.py:190} INFO - [2026-08-12T04:42:00.297+0000] {dagbag.py:587} INFO - Filling up the DagBag from /home/airflow/.local/lib/python3.12/site-packages/airflow/example_dags/example_sla_dag.py
[2026-08-12T04:42:00.308+0000] {processor.py:925} INFO - DAG(s) 'example_sla_dag' retrieved from /home/airflow/.local/lib/python3.12/site-packages/airflow/example_dags/example_sla_dag.py
[2026-08-12T04:42:00.331+0000] {logging_mixin.py:190} INFO - [2026-08-12T04:42:00.331+0000] {dag.py:3211} INFO - Sync 1 DAGs
[2026-08-12T04:42:00.359+0000] {logging_mixin.py:190} INFO - [2026-08-12T04:42:00.359+0000] {dag.py:4138} INFO - Setting next_dagrun for example_sla_dag to 2026-08-12 04:40:00+00:00, run_after=2026-08-12 04:42:00+00:00
[2026-08-12T04:42:00.389+0000] {processor.py:208} INFO - Processing /home/airflow/.local/lib/python3.12/site-packages/airflow/example_dags/example_sla_dag.py took 0.103 seconds
[2026-08-12T04:42:31.254+0000] {processor.py:186} INFO - Started process (PID=1204) to work on /home/airflow/.local/lib/python3.12/site-packages/airflow/example_dags/example_sla_dag.py
[2026-08-12T04:42:31.255+0000] {processor.py:914} INFO - Processing file /home/airflow/.local/lib/python3.12/site-packages/airflow/example_dags/example_sla_dag.py for tasks to queue
[2026-08-12T04:42:31.259+0000] {logging_mixin.py:190} INFO - [2026-08-12T04:42:31.259+0000] {dagbag.py:587} INFO - Filling up the DagBag from /home/airflow/.local/lib/python3.12/site-packages/airflow/example_dags/example_sla_dag.py
[2026-08-12T04:42:31.278+0000] {processor.py:925} INFO - DAG(s) 'example_sla_dag' retrieved from /home/airflow/.local/lib/python3.12/site-packages/airflow/example_dags/example_sla_dag.py
[2026-08-12T04:42:31.314+0000] {logging_mixin.py:190} INFO - [2026-08-12T04:42:31.314+0000] {dag.py:3211} INFO - Sync 1 DAGs
[2026-08-12T04:42:31.358+0000] {logging_mixin.py:190} INFO - [2026-08-12T04:42:31.358+0000] {dag.py:4138} INFO - Setting next_dagrun for example_sla_dag to 2026-08-12 04:40:00+00:00, run_after=2026-08-12 04:42:00+00:00
[2026-08-12T04:42:31.389+0000] {processor.py:208} INFO - Processing /home/airflow/.local/lib/python3.12/site-packages/airflow/example_dags/example_sla_dag.py took 0.145 seconds
[2026-08-12T04:43:02.364+0000] {processor.py:186} INFO - Started process (PID=1266) to work on /home/airflow/.local/lib/python3.12/site-packages/airflow/example_dags/example_sla_dag.py
[2026-08-12T04:43:02.366+0000] {processor.py:914} INFO - Processing file /home/airflow/.local/lib/python3.12/site-packages/airflow/example_dags/example_sla_dag.py for tasks to queue
[2026-08-12T04:43:02.369+0000] {logging_mixin.py:190} INFO - [2026-08-12T04:43:02.369+0000] {dagbag.py:587} INFO - Filling up the DagBag from /home/airflow/.local/lib/python3.12/site-packages/airflow/example_dags/example_sla_dag.py
[2026-08-12T04:43:02.380+0000] {processor.py:925} INFO - DAG(s) 'example_sla_dag' retrieved from /home/airflow/.local/lib/python3.12/site-packages/airflow/example_dags/example_sla_dag.py
[2026-08-12T04:43:02.403+0000] {logging_mixin.py:190} INFO - [2026-08-12T04:43:02.402+0000] {dag.py:3211} INFO - Sync 1 DAGs
[2026-08-12T04:43:02.431+0000] {logging_mixin.py:190} INFO - [2026-08-12T04:43:02.431+0000] {dag.py:4138} INFO - Setting next_dagrun for example_sla_dag to 2026-08-12 04:40:00+00:00, run_after=2026-08-12 04:42:00+00:00
[2026-08-12T04:43:02.456+0000] {processor.py:208} INFO - Processing /home/airflow/.local/lib/python3.12/site-packages/airflow/example_dags/example_sla_dag.py took 0.097 seconds
[2026-08-12T04:43:33.204+0000] {processor.py:186} INFO - Started process (PID=1328) to work on /home/airflow/.local/lib/python3.12/site-packages/airflow/example_dags/example_sla_dag.py
[2026-08-12T04:43:33.205+0000] {processor.py:914} INFO - Processing file /home/airflow/.local/lib/python3.12/site-packages/airflow/example_dags/example_sla_dag.py for tasks to queue
[2026-08-12T04:43:33.208+0000] {logging_mixin.py:190} INFO - [2026-08-12T04:43:33.208+0000] {dagbag.py:587} INFO - Filling up the DagBag from /home/airflow/.local/lib/python3.12/site-packages/airflow/example_dags/example_sla_dag.py
[2026-08-12T04:43:33.219+0000] {processor.py:925} INFO - DAG(s) 'example_sla_dag' retrieved from /home/airflow/.local/lib/python3.12/site-packages/airflow/example_dags/example_sla_dag.py
[2026-08-12T04:43:33.239+0000] {logging_mixin.py:190} INFO - [2026-08-12T04:43:33.239+0000] {dag.py:3211} INFO - Sync 1 DAGs
[2026-08-12T04:43:33.269+0000] {logging_mixin.py:190} INFO - [2026-08-12T04:43:33.269+0000] {dag.py:4138} INFO - Setting next_dagrun for example_sla_dag to 2026-08-12 04:40:00+00:00, run_after=2026-08-12 04:42:00+00:00
[2026-08-12T04:43:33.297+0000] {processor.py:208} INFO - Processing /home/airflow/.local/lib/python3.12/site-packages/airflow/example_dags/example_sla_dag.py took 0.100 seconds
[2026-08-12T04:44:03.840+0000] {processor.py:186} INFO - Started process (PID=1390) to work on /home/airflow/.local/lib/python3.12/site-packages/airflow/example_dags/example_sla_dag.py
[2026-08-12T04:44:03.841+0000] {processor.py:914} INFO - Processing file /home/airflow/.local/lib/python3.12/site-packages/airflow/example_dags/example_sla_dag.py for tasks to queue
[2026-08-12T04:44:03.844+0000] {logging_mixin.py:190} INFO - [2026-08-12T04:44:03.844+0000] {dagbag.py:587} INFO - Filling up the DagBag from /home/airflow/.local/lib/python3.12/site-packages/airflow/example_dags/example_sla_dag.py
[2026-08-12T04:44:03.855+0000] {processor.py:925} INFO - DAG(s) 'example_sla_dag' retrieved from /home/airflow/.local/lib/python3.12/site-packages/airflow/example_dags/example_sla_dag.py
[2026-08-12T04:44:03.877+0000] {logging_mixin.py:190} INFO - [2026-08-12T04:44:03.877+0000] {dag.py:3211} INFO - Sync 1 DAGs
[2026-08-12T04:44:03.906+0000] {logging_mixin.py:190} INFO - [2026-08-12T04:44:03.906+0000] {dag.py:4138} INFO - Setting next_dagrun for example_sla_dag to 2026-08-12 04:42:00+00:00, run_after=2026-08-12 04:44:00+00:00
[2026-08-12T04:44:03.929+0000] {processor.py:208} INFO - Processing /home/airflow/.local/lib/python3.12/site-packages/airflow/example_dags/example_sla_dag.py took 0.095 seconds
[2026-08-12T04:44:34.439+0000] {processor.py:186} INFO - Started process (PID=1453) to work on /home/airflow/.local/lib/python3.12/site-packages/airflow/example_dags/example_sla_dag.py
[2026-08-12T04:44:34.441+0000] {processor.py:914} INFO - Processing file /home/airflow/.local/lib/python3.12/site-packages/airflow/example_dags/example_sla_dag.py for tasks to queue
[2026-08-12T04:44:34.444+0000] {logging_mixin.py:190} INFO - [2026-08-12T04:44:34.443+0000] {dagbag.py:587} INFO - Filling up the DagBag from /home/airflow/.local/lib/python3.12/site-packages/airflow/example_dags/example_sla_dag.py
[2026-08-12T04:44:34.455+0000] {processor.py:925} INFO - DAG(s) 'example_sla_dag' retrieved from /home/airflow/.local/lib/python3.12/site-packages/airflow/example_dags/example_sla_dag.py
[2026-08-12T04:44:34.478+0000] {logging_mixin.py:190} INFO - [2026-08-12T04:44:34.478+0000] {dag.py:3211} INFO - Sync 1 DAGs
[2026-08-12T04:44:34.511+0000] {logging_mixin.py:190} INFO - [2026-08-12T04:44:34.511+0000] {dag.py:4138} INFO - Setting next_dagrun for example_sla_dag to 2026-08-12 04:42:00+00:00, run_after=2026-08-12 04:44:00+00:00
[2026-08-12T04:44:34.539+0000] {processor.py:208} INFO - Processing /home/airflow/.local/lib/python3.12/site-packages/airflow/example_dags/example_sla_dag.py took 0.107 seconds
[2026-08-12T04:45:05.603+0000] {processor.py:186} INFO - Started process (PID=1515) to work on /home/airflow/.local/lib/python3.12/site-packages/airflow/example_dags/example_sla_dag.py
[2026-08-12T04:45:05.605+0000] {processor.py:914} INFO - Processing file /home/airflow/.local/lib/python3.12/site-packages/airflow/example_dags/example_sla_dag.py for tasks to queue
[2026-08-12T04:45:05.609+0000] {logging_mixin.py:190} INFO - [2026-08-12T04:45:05.608+0000] {dagbag.py:587} INFO - Filling up the DagBag from /home/airflow/.local/lib/python3.12/site-packages/airflow/example_dags/example_sla_dag.py
[2026-08-12T04:45:05.620+0000] {processor.py:925} INFO - DAG(s) 'example_sla_dag' retrieved from /home/airflow/.local/lib/python3.12/site-packages/airflow/example_dags/example_sla_dag.py
[2026-08-12T04:45:05.646+0000] {logging_mixin.py:190} INFO - [2026-08-12T04:45:05.645+0000] {dag.py:3211} INFO - Sync 1 DAGs
[2026-08-12T04:45:05.674+0000] {logging_mixin.py:190} INFO - [2026-08-12T04:45:05.674+0000] {dag.py:4138} INFO - Setting next_dagrun for example_sla_dag to 2026-08-12 04:42:00+00:00, run_after=2026-08-12 04:44:00+00:00
[2026-08-12T04:45:05.698+0000] {processor.py:208} INFO - Processing /home/airflow/.local/lib/python3.12/site-packages/airflow/example_dags/example_sla_dag.py took 0.102 seconds
[2026-08-12T04:45:36.872+0000] {processor.py:186} INFO - Started process (PID=1577) to work on /home/airflow/.local/lib/python3.12/site-packages/airflow/example_dags/example_sla_dag.py
[2026-08-12T04:45:36.874+0000] {processor.py:914} INFO - Processing file /home/airflow/.local/lib/python3.12/site-packages/airflow/example_dags/example_sla_dag.py for tasks to queue
[2026-08-12T04:45:36.877+0000] {logging_mixin.py:190} INFO - [2026-08-12T04:45:36.877+0000] {dagbag.py:587} INFO - Filling up the DagBag from /home/airflow/.local/lib/python3.12/site-packages/airflow/example_dags/example_sla_dag.py
[2026-08-12T04:45:36.888+0000] {processor.py:925} INFO - DAG(s) 'example_sla_dag' retrieved from /home/airflow/.local/lib/python3.12/site-packages/airflow/example_dags/example_sla_dag.py
[2026-08-12T04:45:36.912+0000] {logging_mixin.py:190} INFO - [2026-08-12T04:45:36.912+0000] {dag.py:3211} INFO - Sync 1 DAGs
[2026-08-12T04:45:36.941+0000] {logging_mixin.py:190} INFO - [2026-08-12T04:45:36.940+0000] {dag.py:4138} INFO - Setting next_dagrun for example_sla_dag to 2026-08-12 04:42:00+00:00, run_after=2026-08-12 04:44:00+00:00
[2026-08-12T04:45:36.965+0000] {processor.py:208} INFO - Processing /home/airflow/.local/lib/python3.12/site-packages/airflow/example_dags/example_sla_dag.py took 0.100 seconds
[2026-08-12T04:46:07.108+0000] {processor.py:186} INFO - Started process (PID=1639) to work on /home/airflow/.local/lib/python3.12/site-packages/airflow/example_dags/example_sla_dag.py
[2026-08-12T04:46:07.110+0000] {processor.py:914} INFO - Processing file /home/airflow/.local/lib/python3.12/site-packages/airflow/example_dags/example_sla_dag.py for tasks to queue
[2026-08-12T04:46:07.114+0000] {logging_mixin.py:190} INFO - [2026-08-12T04:46:07.113+0000] {dagbag.py:587} INFO - Filling up the DagBag from /home/airflow/.local/lib/python3.12/site-packages/airflow/example_dags/example_sla_dag.py
[2026-08-12T04:46:07.126+0000] {processor.py:925} INFO - DAG(s) 'example_sla_dag' retrieved from /home/airflow/.local/lib/python3.12/site-packages/airflow/example_dags/example_sla_dag.py
[2026-08-12T04:46:07.147+0000] {logging_mixin.py:190} INFO - [2026-08-12T04:46:07.147+0000] {dag.py:3211} INFO - Sync 1 DAGs
[2026-08-12T04:46:07.172+0000] {logging_mixin.py:190} INFO - [2026-08-12T04:46:07.172+0000] {dag.py:4138} INFO - Setting next_dagrun for example_sla_dag to 2026-08-12 04:44:00+00:00, run_after=2026-08-12 04:46:00+00:00
[2026-08-12T04:46:07.197+0000] {processor.py:208} INFO - Processing /home/airflow/.local/lib/python3.12/site-packages/airflow/example_dags/example_sla_dag.py took 0.096 seconds
[2026-08-12T04:46:37.657+0000] {processor.py:186} INFO - Started process (PID=1701) to work on /home/airflow/.local/lib/python3.12/site-packages/airflow/example_dags/example_sla_dag.py
[2026-08-12T04:46:37.662+0000] {processor.py:914} INFO - Processing file /home/airflow/.local/lib/python3.12/site-packages/airflow/example_dags/example_sla_dag.py for tasks to queue
[2026-08-12T04:46:37.665+0000] {logging_mixin.py:190} INFO - [2026-08-12T04:46:37.665+0000] {dagbag.py:587} INFO - Filling up the DagBag from /home/airflow/.local/lib/python3.12/site-packages/airflow/example_dags/example_sla_dag.py
[2026-08-12T04:46:37.677+0000] {processor.py:925} INFO - DAG(s) 'example_sla_dag' retrieved from /home/airflow/.local/lib/python3.12/site-packages/airflow/example_dags/example_sla_dag.py
[2026-08-12T04:46:37.696+0000] {logging_mixin.py:190} INFO - [2026-08-12T04:46:37.696+0000] {dag.py:3211} INFO - Sync 1 DAGs
[2026-08-12T04:46:37.720+0000] {logging_mixin.py:190} INFO - [2026-08-12T04:46:37.720+0000] {dag.py:4138} INFO - Setting next_dagrun for example_sla_dag to 2026-08-12 04:44:00+00:00, run_after=2026-08-12 04:46:00+00:00
[2026-08-12T04:46:37.751+0000] {processor.py:208} INFO - Processing /home/airflow/.local/lib/python3.12/site-packages/airflow/example_dags/example_sla_dag.py took 0.099 seconds
[2026-08-12T04:47:08.429+0000] {processor.py:186} INFO - Started process (PID=1763) to work on /home/airflow/.local/lib/python3.12/site-packages/airflow/example_dags/example_sla_dag.py
[2026-08-12T04:47:08.430+0000] {processor.py:914} INFO - Processing file /home/airflow/.local/lib/python3.12/site-packages/airflow/example_dags/example_sla_dag.py for tasks to queue
[2026-08-12T04:47:08.433+0000] {logging_mixin.py:190} INFO - [2026-08-12T04:47:08.433+0000] {dagbag.py:587} INFO - Filling up the DagBag from /home/airflow/.local/lib/python3.12/site-packages/airflow/example_dags/example_sla_dag.py
[2026-08-12T04:47:08.443+0000] {processor.py:925} INFO - DAG(s) 'example_sla_dag' retrieved from /home/airflow/.local/lib/python3.12/site-packages/airflow/example_dags/example_sla_dag.py
[2026-08-12T04:47:08.468+0000] {logging_mixin.py:190} INFO - [2026-08-12T04:47:08.468+0000] {dag.py:3211} INFO - Sync 1 DAGs
[2026-08-12T04:47:08.497+0000] {logging_mixin.py:190} INFO - [2026-08-12T04:47:08.497+0000] {dag.py:4138} INFO - Setting next_dagrun for example_sla_dag to 2026-08-12 04:44:00+00:00, run_after=2026-08-12 04:46:00+00:00
[2026-08-12T04:47:08.520+0000] {processor.py:208} INFO - Processing /home/airflow/.local/lib/python3.12/site-packages/airflow/example_dags/example_sla_dag.py took 0.097 seconds
[2026-08-12T04:47:38.697+0000] {processor.py:186} INFO - Started process (PID=1825) to work on /home/airflow/.local/lib/python3.12/site-packages/airflow/example_dags/example_sla_dag.py
[2026-08-12T04:47:38.699+0000] {processor.py:914} INFO - Processing file /home/airflow/.local/lib/python3.12/site-packages/airflow/example_dags/example_sla_dag.py for tasks to queue
[2026-08-12T04:47:38.702+0000] {logging_mixin.py:190} INFO - [2026-08-12T04:47:38.701+0000] {dagbag.py:587} INFO - Filling up the DagBag from /home/airflow/.local/lib/python3.12/site-packages/airflow/example_dags/example_sla_dag.py
[2026-08-12T04:47:38.712+0000] {processor.py:925} INFO - DAG(s) 'example_sla_dag' retrieved from /home/airflow/.local/lib/python3.12/site-packages/airflow/example_dags/example_sla_dag.py
[2026-08-12T04:47:38.733+0000] {logging_mixin.py:190} INFO - [2026-08-12T04:47:38.733+0000] {dag.py:3211} INFO - Sync 1 DAGs
[2026-08-12T04:47:38.758+0000] {logging_mixin.py:190} INFO - [2026-08-12T04:47:38.758+0000] {dag.py:4138} INFO - Setting next_dagrun for example_sla_dag to 2026-08-12 04:44:00+00:00, run_after=2026-08-12 04:46:00+00:00
[2026-08-12T04:47:38.783+0000] {processor.py:208} INFO - Processing /home/airflow/.local/lib/python3.12/site-packages/airflow/example_dags/example_sla_dag.py took 0.092 seconds
[2026-08-12T04:48:09.163+0000] {processor.py:186} INFO - Started process (PID=1887) to work on /home/airflow/.local/lib/python3.12/site-packages/airflow/example_dags/example_sla_dag.py
[2026-08-12T04:48:09.165+0000] {processor.py:914} INFO - Processing file /home/airflow/.local/lib/python3.12/site-packages/airflow/example_dags/example_sla_dag.py for tasks to queue
[2026-08-12T04:48:09.168+0000] {logging_mixin.py:190} INFO - [2026-08-12T04:48:09.168+0000] {dagbag.py:587} INFO - Filling up the DagBag from /home/airflow/.local/lib/python3.12/site-packages/airflow/example_dags/example_sla_dag.py
[2026-08-12T04:48:09.179+0000] {processor.py:925} INFO - DAG(s) 'example_sla_dag' retrieved from /home/airflow/.local/lib/python3.12/site-packages/airflow/example_dags/example_sla_dag.py
[2026-08-12T04:48:09.204+0000] {logging_mixin.py:190} INFO - [2026-08-12T04:48:09.204+0000] {dag.py:3211} INFO - Sync 1 DAGs
[2026-08-12T04:48:09.229+0000] {logging_mixin.py:190} INFO - [2026-08-12T04:48:09.229+0000] {dag.py:4138} INFO - Setting next_dagrun for example_sla_dag to 2026-08-12 04:46:00+00:00, run_after=2026-08-12 04:48:00+00:00
[2026-08-12T04:48:09.261+0000] {processor.py:208} INFO - Processing /home/airflow/.local/lib/python3.12/site-packages/airflow/example_dags/example_sla_dag.py took 0.104 seconds
