[2026-08-12T04:31:30.631+0000] {processor.py:186} INFO - Started process (PID=82) to work on /home/airflow/.local/lib/python3.12/site-packages/airflow/example_dags/example_branch_labels.py
[2026-08-12T04:31:30.634+0000] {processor.py:914} INFO - Processing file /home/airflow/.local/lib/python3.12/site-packages/airflow/example_dags/example_branch_labels.py for tasks to queue
[2026-08-12T04:31:30.640+0000] {logging_mixin.py:190} INFO - [2026-08-12T04:31:30.639+0000] {dagbag.py:587} INFO - Filling up the DagBag from /home/airflow/.local/lib/python3.12/site-packages/airflow/example_dags/example_branch_labels.py
[2026-08-12T04:31:30.669+0000] {processor.py:925} INFO - DAG(s) 'example_branch_labels' retrieved from /home/airflow/.local/lib/python3.12/site-packages/airflow/example_dags/example_branch_labels.py
[2026-08-12T04:31:30.995+0000] {logging_mixin.py:190} INFO - [2026-08-12T04:31:30.994+0000] {override.py:1858} INFO - Created Permission View: can read on DAG:example_branch_labels
[2026-08-12T04:31:31.060+0000] {logging_mixin.py:190} INFO - [2026-08-12T04:31:31.060+0000] {override.py:1858} INFO - Created Permission View: can edit on DAG:example_branch_labels
[2026-08-12T04:31:31.085+0000] {logging_mixin.py:190} INFO - [2026-08-12T04:31:31.084+0000] {override.py:1858} INFO - Created Permission View: can delete on DAG:example_branch_labels
[2026-08-12T04:31:31.087+0000] {logging_mixin.py:190} INFO - [2026-08-12T04:31:31.086+0000] {dag.py:3211} INFO - Sync 1 DAGs
[2026-08-12T04:31:31.106+0000] {logging_mixin.py:190} INFO - [2026-08-12T04:31:31.105+0000] {dag.py:3234} INFO - Creating ORM DAG for example_branch_labels
[2026-08-12T04:31:31.120+0000] {logging_mixin.py:190} INFO - [2026-08-12T04:31:31.120+0000] {dag.py:4138} INFO - Setting next_dagrun for example_branch_labels to 2026-08-11 00:00:00+00:00, run_after=2026-08-12 00:00:00+00:00
[2026-08-12T04:31:31.222+0000] {processor.py:208} INFO - Processing /home/airflow/.local/lib/python3.12/site-packages/airflow/example_dags/example_branch_labels.py took 0.604 seconds
[2026-08-12T04:32:02.166+0000] {processor.py:186} INFO - Started process (PID=144) to work on /home/airflow/.local/lib/python3.12/site-packages/airflow/example_dags/example_branch_labels.py
[2026-08-12T04:32:02.169+0000] {processor.py:914} INFO - Processing file /home/airflow/.local/lib/python3.12/site-packages/airflow/example_dags/example_branch_labels.py for tasks to queue
[2026-08-12T04:32:02.172+0000] {logging_mixin.py:190} INFO - [2026-08-12T04:32:02.172+0000] {dagbag.py:587} INFO - Filling up the DagBag from /home/airflow/.local/lib/python3.12/site-packages/airflow/example_dags/example_branch_labels.py
[2026-08-12T04:32:02.186+0000] {processor.py:925} INFO - DAG(s) 'example_branch_labels' retrieved from /home/airflow/.local/lib/python3.12/site-packages/airflow/example_dags/example_branch_labels.py
[2026-08-12T04:32:02.215+0000] {logging_mixin.py:190} INFO - [2026-08-12T04:32:02.215+0000] {dag.py:3211} INFO - Sync 1 DAGs
[2026-08-12T04:32:02.241+0000] {logging_mixin.py:190} INFO - [2026-08-12T04:32:02.240+0000] {dag.py:4138} INFO - Setting next_dagrun for example_branch_labels to 2026-08-11 00:00:00+00:00, run_after=2026-08-12 00:00:00+00:00
[2026-08-12T04:32:02.270+0000] {processor.py:208} INFO - Processing /home/airflow/.local/lib/python3.12/site-packages/airflow/example_dags/example_branch_labels.py took 0.113 seconds
[2026-08-12T04:33:19.370+0000] {processor.py:186} INFO - Started process (PID=69) to work on /home/airflow/.local/lib/python3.12/site-packages/airflow/example_dags/example_branch_labels.py
[2026-08-12T04:33:19.372+0000] {processor.py:914} INFO - Processing file /home/airflow/.local/lib/python3.12/site-packages/airflow/example_dags/example_branch_labels.py for tasks to queue
[2026-08-12T04:33:19.377+0000] {logging_mixin.py:190} INFO - [2026-08-12T04:33:19.376+0000] {dagbag.py:587} INFO - Filling up the DagBag from /home/airflow/.local/lib/python3.12/site-packages/airflow/example_dags/example_branch_labels.py
[2026-08-12T04:33:19.394+0000] {processor.py:925} INFO - DAG(s) 'example_branch_labels' retrieved from /home/airflow/.local/lib/python3.12/site-packages/airflow/example_dags/example_branch_labels.py
[2026-08-12T04:33:19.425+0000] {logging_mixin.py:190} INFO - [2026-08-12T04:33:19.424+0000] {dag.py:3211} INFO - Sync 1 DAGs
[2026-08-12T04:33:19.483+0000] {logging_mixin.py:190} INFO - [2026-08-12T04:33:19.482+0000] {dag.py:4138} INFO - Setting next_dagrun for example_branch_labels to 2026-08-11 00:00:00+00:00, run_after=2026-08-12 00:00:00+00:00
[2026-08-12T04:33:19.534+0000] {processor.py:208} INFO - Processing /home/airflow/.local/lib/python3.12/site-packages/airflow/example_dags/example_branch_labels.py took 0.171 seconds
[2026-08-12T04:33:49.619+0000] {processor.py:186} INFO - Started process (PID=131) to work on /home/airflow/.local/lib/python3.12/site-packages/airflow/example_dags/example_branch_labels.py
[2026-08-12T04:33:49.621+0000] {processor.py:914} INFO - Processing file /home/airflow/.local/lib/python3.12/site-packages/airflow/example_dags/example_branch_labels.py for tasks to queue
[2026-08-12T04:33:49.624+0000] {logging_mixin.py:190} INFO - [2026-08-12T04:33:49.623+0000] {dagbag.py:587} INFO - Filling up the DagBag from /home/airflow/.local/lib/python3.12/site-packages/airflow/example_dags/example_branch_labels.py
[2026-08-12T04:33:49.636+0000] {processor.py:925} INFO - DAG(s) 'example_branch_labels' retrieved from /home/airflow/.local/lib/python3.12/site-packages/airflow/example_dags/example_branch_labels.py
[2026-08-12T04:33:49.660+0000] {logging_mixin.py:190} INFO - [2026-08-12T04:33:49.659+0000] {dag.py:3211} INFO - Sync 1 DAGs
[2026-08-12T04:33:49.687+0000] {logging_mixin.py:190} INFO - [2026-08-12T04:33:49.687+0000] {dag.py:4138} INFO - Setting next_dagrun for example_branch_labels to 2026-08-11 00:00:00+00:00, run_after=2026-08-12 00:00:00+00:00
[2026-08-12T04:33:49.730+0000] {processor.py:208} INFO - Processing /home/airflow/.local/lib/python3.12/site-packages/airflow/example_dags/example_branch_labels.py took 0.118 seconds
[2026-08-12T04:34:19.775+0000] {processor.py:186} INFO - Started process (PID=192) to work on /home/airflow/.local/lib/python3.12/site-packages/airflow/example_dags/example_branch_labels.py
[2026-08-12T04:34:19.777+0000] {processor.py:914} INFO - Processing file /home/airflow/.local/lib/python3.12/site-packages/airflow/example_dags/example_branch_labels.py for tasks to queue
[2026-08-12T04:34:19.780+0000] {logging_mixin.py:190} INFO - [2026-08-12T04:34:19.779+0000] {dagbag.py:587} INFO - Filling up the DagBag from /home/airflow/.local/lib/python3.12/site-packages/airflow/example_dags/example_branch_labels.py
[2026-08-12T04:34:19.792+0000] {processor.py:925} INFO - DAG(s) 'example_branch_labels' retrieved from /home/airflow/.local/lib/python3.12/site-packages/airflow/example_dags/example_branch_labels.py
[2026-08-12T04:34:19.819+0000] {logging_mixin.py:190} INFO - [2026-08-12T04:34:19.818+0000] {dag.py:3211} INFO - Sync 1 DAGs
[2026-08-12T04:34:19.846+0000] {logging_mixin.py:190} INFO - [2026-08-12T04:34:19.846+0000] {dag.py:4138} INFO - Setting next_dagrun for example_branch_labels to 2026-08-11 00:00:00+00:00, run_after=2026-08-12 00:00:00+00:00
[2026-08-12T04:34:19.879+0000] {processor.py:208} INFO - Processing /home/airflow/.local/lib/python3.12/site-packages/airflow/example_dags/example_branch_labels.py took 0.110 seconds
[2026-08-12T04:34:50.190+0000] {processor.py:186} INFO - Started process (PID=255) to work on /home/airflow/.local/lib/python3.12/site-packages/airflow/example_dags/example_branch_labels.py
[2026-08-12T04:34:50.192+0000] {processor.py:914} INFO - Processing file /home/airflow/.local/lib/python3.12/site-packages/airflow/example_dags/example_branch_labels.py for tasks to queue
[2026-08-12T04:34:50.195+0000] {logging_mixin.py:190} INFO - [2026-08-12T04:34:50.194+0000] {dagbag.py:587} INFO - Filling up the DagBag from /home/airflow/.local/lib/python3.12/site-packages/airflow/example_dags/example_branch_labels.py
[2026-08-12T04:34:50.206+0000] {processor.py:925} INFO - DAG(s) 'example_branch_labels' retrieved from /home/airflow/.local/lib/python3.12/site-packages/airflow/example_dags/example_branch_labels.py
[2026-08-12T04:34:50.228+0000] {logging_mixin.py:190} INFO - [2026-08-12T04:34:50.227+0000] {dag.py:3211} INFO - Sync 1 DAGs
[2026-08-12T04:34:50.251+0000] {logging_mixin.py:190} INFO - [2026-08-12T04:34:50.251+0000] {dag.py:4138} INFO - Setting next_dagrun for example_branch_labels to 2026-08-11 00:00:00+00:00, run_after=2026-08-12 00:00:00+00:00
[2026-08-12T04:34:50.289+0000] {processor.py:208} INFO - Processing /home/airflow/.local/lib/python3.12/site-packages/airflow/example_dags/example_branch_labels.py took 0.106 seconds
[2026-08-12T04:35:20.620+0000] {processor.py:186} INFO - Started process (PID=318) to work on /home/airflow/.local/lib/python3.12/site-packages/airflow/example_dags/example_branch_labels.py
[2026-08-12T04:35:20.621+0000] {processor.py:914} INFO - Processing file /home/airflow/.local/lib/python3.12/site-packages/airflow/example_dags/example_branch_labels.py for tasks to queue
[2026-08-12T04:35:20.624+0000] {logging_mixin.py:190} INFO - [2026-08-12T04:35:20.624+0000] {dagbag.py:587} INFO - Filling up the DagBag from /home/airflow/.local/lib/python3.12/site-packages/airflow/example_dags/example_branch_labels.py
[2026-08-12T04:35:20.634+0000] {processor.py:925} INFO - DAG(s) 'example_branch_labels' retrieved from /home/airflow/.local/lib/python3.12/site-packages/airflow/example_dags/example_branch_labels.py
[2026-08-12T04:35:20.654+0000] {logging_mixin.py:190} INFO - [2026-08-12T04:35:20.654+0000] {dag.py:3211} INFO - Sync 1 DAGs
[2026-08-12T04:35:20.681+0000] {logging_mixin.py:190} INFO - [2026-08-12T04:35:20.681+0000] {dag.py:4138} INFO - Setting next_dagrun for example_branch_labels to 2026-08-11 00:00:00+00:00, run_after=2026-08-12 00:00:00+00:00
[2026-08-12T04:35:20.703+0000] {processor.py:208} INFO - Processing /home/airflow/.local/lib/python3.12/site-packages/airflow/example_dags/example_branch_labels.py took 0.088 seconds
[2026-08-12T04:35:51.071+0000] {processor.py:186} INFO - Started process (PID=380) to work on /home/airflow/.local/lib/python3.12/site-packages/airflow/example_dags/example_branch_labels.py
[2026-08-12T04:35:51.072+0000] {processor.py:914} INFO - Processing file /home/airflow/.local/lib/python3.12/site-packages/airflow/example_dags/example_branch_labels.py for tasks to queue
[2026-08-12T04:35:51.076+0000] {logging_mixin.py:190} INFO - [2026-08-12T04:35:51.076+0000] {dagbag.py:587} INFO - Filling up the DagBag from /home/airflow/.local/lib/python3.12/site-packages/airflow/example_dags/example_branch_labels.py
[2026-08-12T04:35:51.086+0000] {processor.py:925} INFO - DAG(s) 'example_branch_labels' retrieved from /home/airflow/.local/lib/python3.12/site-packages/airflow/example_dags/example_branch_labels.py
[2026-08-12T04:35:51.108+0000] {logging_mixin.py:190} INFO - [2026-08-12T04:35:51.108+0000] {dag.py:3211} INFO - Sync 1 DAGs
[2026-08-12T04:35:51.130+0000] {logging_mixin.py:190} INFO - [2026-08-12T04:35:51.130+0000] {dag.py:4138} INFO - Setting next_dagrun for example_branch_labels to 2026-08-11 00:00:00+00:00, run_after=2026-08-12 00:00:00+00:00
[2026-08-12T04:35:51.153+0000] {processor.py:208} INFO - Processing /home/airflow/.local/lib/python3.12/site-packages/airflow/example_dags/example_branch_labels.py took 0.088 seconds
[2026-08-12T04:36:21.599+0000] {processor.py:186} INFO - Started process (PID=442) to work on /home/airflow/.local/lib/python3.12/site-packages/airflow/example_dags/example_branch_labels.py
[2026-08-12T04:36:21.601+0000] {processor.py:914} INFO - Processing file /home/airflow/.local/lib/python3.12/site-packages/airflow/example_dags/example_branch_labels.py for tasks to queue
[2026-08-12T04:36:21.604+0000] {logging_mixin.py:190} INFO - [2026-08-12T04:36:21.604+0000] {dagbag.py:587} INFO - Filling up the DagBag from /home/airflow/.local/lib/python3.12/site-packages/airflow/example_dags/example_branch_labels.py
[2026-08-12T04:36:21.616+0000] {processor.py:925} INFO - DAG(s) 'example_branch_labels' retrieved from /home/airflow/.local/lib/python3.12/site-packages/airflow/example_dags/example_branch_labels.py
[2026-08-12T04:36:21.639+0000] {logging_mixin.py:190} INFO - [2026-08-12T04:36:21.638+0000] {dag.py:3211} INFO - Sync 1 DAGs
[2026-08-12T04:36:21.662+0000] {logging_mixin.py:190} INFO - [2026-08-12T04:36:21.662+0000] {dag.py:4138} INFO - Setting next_dagrun for example_branch_labels to 2026-08-11 00:00:00+00:00, run_after=2026-08-12 00:00:00+00:00
[2026-08-12T04:36:21.685+0000] {processor.py:208} INFO - Processing /home/airflow/.local/lib/python3.12/site-packages/airflow/example_dags/example_branch_labels.py took 0.092 seconds
[2026-08-12T04:36:52.119+0000] {processor.py:186} INFO - Started process (PID=504) to work on /home/airflow/.local/lib/python3.12/site-packages/airflow/example_dags/example_branch_labels.py
[2026-08-12T04:36:52.120+0000] {processor.py:914} INFO - Processing file /home/airflow/.local/lib/python3.12/site-packages/airflow/example_dags/example_branch_labels.py for tasks to queue
[2026-08-12T04:36:52.125+0000] {logging_mixin.py:190} INFO - [2026-08-12T04:36:52.124+0000] {dagbag.py:587} INFO - Filling up the DagBag from /home/airflow/.local/lib/python3.12/site-packages/airflow/example_dags/example_branch_labels.py
[2026-08-12T04:36:52.137+0000] {processor.py:925} INFO - DAG(s) 'example_branch_labels' retrieved from /home/airflow/.local/lib/python3.12/site-packages/airflow/example_dags/example_branch_labels.py
[2026-08-12T04:36:52.160+0000] {logging_mixin.py:190} INFO - [2026-08-12T04:36:52.160+0000] {dag.py:3211} INFO - Sync 1 DAGs
[2026-08-12T04:36:52.184+0000] {logging_mixin.py:190} INFO - [2026-08-12T04:36:52.183+0000] {dag.py:4138} INFO - Setting next_dagrun for example_branch_labels to 2026-08-11 00:00:00+00:00, run_after=2026-08-12 00:00:00+00:00
[2026-08-12T04:36:52.211+0000] {processor.py:208} INFO - Processing /home/airflow/.local/lib/python3.12/site-packages/airflow/example_dags/example_branch_labels.py took 0.099 seconds
[2026-08-12T04:37:22.631+0000] {processor.py:186} INFO - Started process (PID=566) to work on /home/airflow/.local/lib/python3.12/site-packages/airflow/example_dags/example_branch_labels.py
[2026-08-12T04:37:22.633+0000] {processor.py:914} INFO - Processing file /home/airflow/.local/lib/python3.12/site-packages/airflow/example_dags/example_branch_labels.py for tasks to queue
[2026-08-12T04:37:22.636+0000] {logging_mixin.py:190} INFO - [2026-08-12T04:37:22.635+0000] {dagbag.py:587} INFO - Filling up the DagBag from /home/airflow/.local/lib/python3.12/site-packages/airflow/example_dags/example_branch_labels.py
[2026-08-12T04:37:22.646+0000] {processor.py:925} INFO - DAG(s) 'example_branch_labels' retrieved from /home/airflow/.local/lib/python3.12/site-packages/airflow/example_dags/example_branch_labels.py
[2026-08-12T04:37:22.672+0000] {logging_mixin.py:190} INFO - [2026-08-12T04:37:22.671+0000] {dag.py:3211} INFO - Sync 1 DAGs
[2026-08-12T04:37:22.697+0000] {logging_mixin.py:190} INFO - [2026-08-12T04:37:22.696+0000] {dag.py:4138} INFO - Setting next_dagrun for example_branch_labels to 2026-08-11 00:00:00+00:00, run_after=2026-08-12 00:00:00+00:00
[2026-08-12T04:37:22.723+0000] {processor.py:208} INFO - Processing /home/airflow/.local/lib/python3.12/site-packages/airflow/example_dags/example_branch_labels.py took 0.097 seconds
[2026-08-12T04:37:53.412+0000] {processor.py:186} INFO - Started process (PID=628) to work on /home/airflow/.local/lib/python3.12/site-packages/airflow/example_dags/example_branch_labels.py
[2026-08-12T04:37:53.415+0000] {processor.py:914} INFO - Processing file /home/airflow/.local/lib/python3.12/site-packages/airflow/example_dags/example_branch_labels.py for tasks to queue
[2026-08-12T04:37:53.419+0000] {logging_mixin.py:190} INFO - [2026-08-12T04:37:53.419+0000] {dagbag.py:587} INFO - Filling up the DagBag from /home/airflow/.local/lib/python3.12/site-packages/airflow/example_dags/example_branch_labels.py
[2026-08-12T04:37:53.430+0000] {processor.py:925} INFO - DAG(s) 'example_branch_labels' retrieved from /home/airflow/.local/lib/python3.12/site-packages/airflow/example_dags/example_branch_labels.py
[2026-08-12T04:37:53.465+0000] {logging_mixin.py:190} INFO - [2026-08-12T04:37:53.465+0000] {dag.py:3211} INFO - Sync 1 DAGs
[2026-08-12T04:37:53.490+0000] {logging_mixin.py:190} INFO - [2026-08-12T04:37:53.490+0000] {dag.py:4138} INFO - Setting next_dagrun for example_branch_labels to 2026-08-11 00:00:00+00:00, run_after=2026-08-12 00:00:00+00:00
[2026-08-12T04:37:53.514+0000] {processor.py:208} INFO - Processing /home/airflow/.local/lib/python3.12/site-packages/airflow/example_dags/example_branch_labels.py took 0.107 seconds
[2026-08-12T04:38:24.619+0000] {processor.py:186} INFO - Started process (PID=690) to work on /home/airflow/.local/lib/python3.12/site-packages/airflow/example_dags/example_branch_labels.py
[2026-08-12T04:38:24.621+0000] {processor.py:914} INFO - Processing file /home/airflow/.local/lib/python3.12/site-packages/airflow/example_dags/example_branch_labels.py for tasks to queue
[2026-08-12T04:38:24.625+0000] {logging_mixin.py:190} INFO - [2026-08-12T04:38:24.625+0000] {dagbag.py:587} INFO - Filling up the DagBag from /home/airflow/.local/lib/python3.12/site-packages/airflow/example_dags/example_branch_labels.py
[2026-08-12T04:38:24.638+0000] {processor.py:925} INFO - DAG(s) 'example_branch_labels' retrieved from /home/airflow/.local/lib/python3.12/site-packages/airflow/example_dags/example_branch_labels.py
[2026-08-12T04:38:24.660+0000] {logging_mixin.py:190} INFO - [2026-08-12T04:38:24.660+0000] {dag.py:3211} INFO - Sync 1 DAGs
[2026-08-12T04:38:24.682+0000] {logging_mixin.py:190} INFO - [2026-08-12T04:38:24.682+0000] {dag.py:4138} INFO - Setting next_dagrun for example_branch_labels to 2026-08-11 00:00:00+00:00, run_after=2026-08-12 00:00:00+00:00
[2026-08-12T04:38:24.707+0000] {processor.py:208} INFO - Processing /home/airflow/.local/lib/python3.12/site-packages/airflow/example_dags/example_branch_labels.py took 0.094 seconds
[2026-08-12T04:38:54.978+0000] {processor.py:186} INFO - Started process (PID=752) to work on /home/airflow/.local/lib/python3.12/site-packages/airflow/example_dags/example_branch_labels.py
[2026-08-12T04:38:54.980+0000] {processor.py:914} INFO - Processing file /home/airflow/.local/lib/python3.12/site-packages/airflow/example_dags/example_branch_labels.py for tasks to queue
[2026-08-12T04:38:54.982+0000] {logging_mixin.py:190} INFO - [2026-08-12T04:38:54.982+0000] {dagbag.py:587} INFO - Filling up the DagBag from /home/airflow/.local/lib/python3.12/site-packages/airflow/example_dags/example_branch_labels.py
[2026-08-12T04:38:54.993+0000] {processor.py:925} INFO - DAG(s) 'example_branch_labels' retrieved from /home/airflow/.local/lib/python3.12/site-packages/airflow/example_dags/example_branch_labels.py
[2026-08-12T04:38:55.016+0000] {logging_mixin.py:190} INFO - [2026-08-12T04:38:55.016+0000] {dag.py:3211} INFO - Sync 1 DAGs
[2026-08-12T04:38:55.045+0000] {logging_mixin.py:190} INFO - [2026-08-12T04:38:55.045+0000] {dag.py:4138} INFO - Setting next_dagrun for example_branch_labels to 2026-08-11 00:00:00+00:00, run_after=2026-08-12 00:00:00+00:00
[2026-08-12T04:38:55.072+0000] {processor.py:208} INFO - Processing /home/airflow/.local/lib/python3.12/site-packages/airflow/example_dags/example_branch_labels.py took 0.099 seconds
[2026-08-12T04:39:25.341+0000] {processor.py:186} INFO - Started process (PID=814) to work on /home/airflow/.local/lib/python3.12/site-packages/airflow/example_dags/example_branch_labels.py
[2026-08-12T04:39:25.343+0000] {processor.py:914} INFO - Processing file /home/airflow/.local/lib/python3.12/site-packages/airflow/example_dags/example_branch_labels.py for tasks to queue
[2026-08-12T04:39:25.346+0000] {logging_mixin.py:190} INFO - [2026-08-12T04:39:25.346+0000] {dagbag.py:587} INFO - Filling up the DagBag from /home/airflow/.local/lib/python3.12/site-packages/airflow/example_dags/example_branch_labels.py
[2026-08-12T04:39:25.357+0000] {processor.py:925} INFO - DAG(s) 'example_branch_labels' retrieved from /home/airflow/.local/lib/python3.12/site-packages/airflow/example_dags/example_branch_labels.py
[2026-08-12T04:39:25.381+0000] {logging_mixin.py:190} INFO - [2026-08-12T04:39:25.380+0000] {dag.py:3211} INFO - Sync 1 DAGs
[2026-08-12T04:39:25.406+0000] {logging_mixin.py:190} INFO - [2026-08-12T04:39:25.405+0000] {dag.py:4138} INFO - Setting next_dagrun for example_branch_labels to 2026-08-11 00:00:00+00:00, run_after=2026-08-12 00:00:00+00:00
[2026-08-12T04:39:25.433+0000] {processor.py:208} INFO - Processing /home/airflow/.local/lib/python3.12/site-packages/airflow/example_dags/example_branch_labels.py took 0.097 seconds
[2026-08-12T04:39:56.564+0000] {processor.py:186} INFO - Started process (PID=876) to work on /home/airflow/.local/lib/python3.12/site-packages/airflow/example_dags/example_branch_labels.py
[2026-08-12T04:39:56.566+0000] {processor.py:914} INFO - Processing file /home/airflow/.local/lib/python3.12/site-packages/airflow/example_dags/example_branch_labels.py for tasks to queue
[2026-08-12T04:39:56.569+0000] {logging_mixin.py:190} INFO - [2026-08-12T04:39:56.569+0000] {dagbag.py:587} INFO - Filling up the DagBag from /home/airflow/.local/lib/python3.12/site-packages/airflow/example_dags/example_branch_labels.py
[2026-08-12T04:39:56.581+0000] {processor.py:925} INFO - DAG(s) 'example_branch_labels' retrieved from /home/airflow/.local/lib/python3.12/site-packages/airflow/example_dags/example_branch_labels.py
[2026-08-12T04:39:56.608+0000] {logging_mixin.py:190} INFO - [2026-08-12T04:39:56.607+0000] {dag.py:3211} INFO - Sync 1 DAGs
[2026-08-12T04:39:56.635+0000] {logging_mixin.py:190} INFO - [2026-08-12T04:39:56.634+0000] {dag.py:4138} INFO - Setting next_dagrun for example_branch_labels to 2026-08-11 00:00:00+00:00, run_after=2026-08-12 00:00:00+00:00
[2026-08-12T04:39:56.660+0000] {processor.py:208} INFO - Processing /home/airflow/.local/lib/python3.12/site-packages/airflow/example_dags/example_branch_labels.py took 0.102 seconds
[2026-08-12T04:40:26.873+0000] {processor.py:186} INFO - Started process (PID=938) to work on /home/airflow/.local/lib/python3.12/site-packages/airflow/example_dags/example_branch_labels.py
[2026-08-12T04:40:26.875+0000] {processor.py:914} INFO - Processing file /home/airflow/.local/lib/python3.12/site-packages/airflow/example_dags/example_branch_labels.py for tasks to queue
[2026-08-12T04:40:26.878+0000] {logging_mixin.py:190} INFO - [2026-08-12T04:40:26.877+0000] {dagbag.py:587} INFO - Filling up the DagBag from /home/airflow/.local/lib/python3.12/site-packages/airflow/example_dags/example_branch_labels.py
[2026-08-12T04:40:26.888+0000] {processor.py:925} INFO - DAG(s) 'example_branch_labels' retrieved from /home/airflow/.local/lib/python3.12/site-packages/airflow/example_dags/example_branch_labels.py
[2026-08-12T04:40:26.913+0000] {logging_mixin.py:190} INFO - [2026-08-12T04:40:26.913+0000] {dag.py:3211} INFO - Sync 1 DAGs
[2026-08-12T04:40:26.937+0000] {logging_mixin.py:190} INFO - [2026-08-12T04:40:26.937+0000] {dag.py:4138} INFO - Setting next_dagrun for example_branch_labels to 2026-08-11 00:00:00+00:00, run_after=2026-08-12 00:00:00+00:00
[2026-08-12T04:40:26.964+0000] {processor.py:208} INFO - Processing /home/airflow/.local/lib/python3.12/site-packages/airflow/example_dags/example_branch_labels.py took 0.109 seconds
[2026-08-12T04:40:57.301+0000] {processor.py:186} INFO - Started process (PID=1000) to work on /home/airflow/.local/lib/python3.12/site-packages/airflow/example_dags/example_branch_labels.py
[2026-08-12T04:40:57.302+0000] {processor.py:914} INFO - Processing file /home/airflow/.local/lib/python3.12/site-packages/airflow/example_dags/example_branch_labels.py for tasks to queue
[2026-08-12T04:40:57.305+0000] {logging_mixin.py:190} INFO - [2026-08-12T04:40:57.305+0000] {dagbag.py:587} INFO - Filling up the DagBag from /home/airflow/.local/lib/python3.12/site-packages/airflow/example_dags/example_branch_labels.py
[2026-08-12T04:40:57.317+0000] {processor.py:925} INFO - DAG(s) 'example_branch_labels' retrieved from /home/airflow/.local/lib/python3.12/site-packages/airflow/example_dags/example_branch_labels.py
[2026-08-12T04:40:57.340+0000] {logging_mixin.py:190} INFO - [2026-08-12T04:40:57.340+0000] {dag.py:3211} INFO - Sync 1 DAGs
[2026-08-12T04:40:57.378+0000] {logging_mixin.py:190} INFO - [2026-08-12T04:40:57.378+0000] {dag.py:4138} INFO - Setting next_dagrun for example_branch_labels to 2026-08-11 00:00:00+00:00, run_after=2026-08-12 00:00:00+00:00
[2026-08-12T04:40:57.402+0000] {processor.py:208} INFO - Processing /home/airflow/.local/lib/python3.12/site-packages/airflow/example_dags/example_branch_labels.py took 0.108 seconds
[2026-08-12T04:41:27.940+0000] {processor.py:186} INFO - Started process (PID=1062) to work on /home/airflow/.local/lib/python3.12/site-packages/airflow/example_dags/example_branch_labels.py
[2026-08-12T04:41:27.942+0000] {processor.py:914} INFO - Processing file /home/airflow/.local/lib/python3.12/site-packages/airflow/example_dags/example_branch_labels.py for tasks to queue
[2026-08-12T04:41:27.946+0000] {logging_mixin.py:190} INFO - [2026-08-12T04:41:27.946+0000] {dagbag.py:587} INFO - Filling up the DagBag from /home/airflow/.local/lib/python3.12/site-packages/airflow/example_dags/example_branch_labels.py
[2026-08-12T04:41:27.957+0000] {processor.py:925} INFO - DAG(s) 'example_branch_labels' retrieved from /home/airflow/.local/lib/python3.12/site-packages/airflow/example_dags/example_branch_labels.py
[2026-08-12T04:41:27.981+0000] {logging_mixin.py:190} INFO - [2026-08-12T04:41:27.980+0000] {dag.py:3211} INFO - Sync 1 DAGs
[2026-08-12T04:41:28.004+0000] {logging_mixin.py:190} INFO - [2026-08-12T04:41:28.003+0000] {dag.py:4138} INFO - Setting next_dagrun for example_branch_labels to 2026-08-11 00:00:00+00:00, run_after=2026-08-12 00:00:00+00:00
[2026-08-12T04:41:28.029+0000] {processor.py:208} INFO - Processing /home/airflow/.local/lib/python3.12/site-packages/airflow/example_dags/example_branch_labels.py took 0.095 seconds
[2026-08-12T04:41:58.882+0000] {processor.py:186} INFO - Started process (PID=1124) to work on /home/airflow/.local/lib/python3.12/site-packages/airflow/example_dags/example_branch_labels.py
[2026-08-12T04:41:58.883+0000] {processor.py:914} INFO - Processing file /home/airflow/.local/lib/python3.12/site-packages/airflow/example_dags/example_branch_labels.py for tasks to queue
[2026-08-12T04:41:58.886+0000] {logging_mixin.py:190} INFO - [2026-08-12T04:41:58.886+0000] {dagbag.py:587} INFO - Filling up the DagBag from /home/airflow/.local/lib/python3.12/site-packages/airflow/example_dags/example_branch_labels.py
[2026-08-12T04:41:58.897+0000] {processor.py:925} INFO - DAG(s) 'example_branch_labels' retrieved from /home/airflow/.local/lib/python3.12/site-packages/airflow/example_dags/example_branch_labels.py
[2026-08-12T04:41:58.926+0000] {logging_mixin.py:190} INFO - [2026-08-12T04:41:58.925+0000] {dag.py:3211} INFO - Sync 1 DAGs
[2026-08-12T04:41:58.954+0000] {logging_mixin.py:190} INFO - [2026-08-12T04:41:58.954+0000] {dag.py:4138} INFO - Setting next_dagrun for example_branch_labels to 2026-08-11 00:00:00+00:00, run_after=2026-08-12 00:00:00+00:00
[2026-08-12T04:41:58.991+0000] {processor.py:208} INFO - Processing /home/airflow/.local/lib/python3.12/site-packages/airflow/example_dags/example_branch_labels.py took 0.116 seconds
[2026-08-12T04:42:29.976+0000] {processor.py:186} INFO - Started process (PID=1186) to work on /home/airflow/.local/lib/python3.12/site-packages/airflow/example_dags/example_branch_labels.py
[2026-08-12T04:42:29.978+0000] {processor.py:914} INFO - Processing file /home/airflow/.local/lib/python3.12/site-packages/airflow/example_dags/example_branch_labels.py for tasks to queue
[2026-08-12T04:42:29.981+0000] {logging_mixin.py:190} INFO - [2026-08-12T04:42:29.981+0000] {dagbag.py:587} INFO - Filling up the DagBag from /home/airflow/.local/lib/python3.12/site-packages/airflow/example_dags/example_branch_labels.py
[2026-08-12T04:42:29.993+0000] {processor.py:925} INFO - DAG(s) 'example_branch_labels' retrieved from /home/airflow/.local/lib/python3.12/site-packages/airflow/example_dags/example_branch_labels.py
[2026-08-12T04:42:30.017+0000] {logging_mixin.py:190} INFO - [2026-08-12T04:42:30.016+0000] {dag.py:3211} INFO - Sync 1 DAGs
[2026-08-12T04:42:30.040+0000] {logging_mixin.py:190} INFO - [2026-08-12T04:42:30.040+0000] {dag.py:4138} INFO - Setting next_dagrun for example_branch_labels to 2026-08-11 00:00:00+00:00, run_after=2026-08-12 00:00:00+00:00
[2026-08-12T04:42:30.070+0000] {processor.py:208} INFO - Processing /home/airflow/.local/lib/python3.12/site-packages/airflow/example_dags/example_branch_labels.py took 0.100 seconds
[2026-08-12T04:43:00.937+0000] {processor.py:186} INFO - Started process (PID=1248) to work on /home/airflow/.local/lib/python3.12/site-packages/airflow/example_dags/example_branch_labels.py
[2026-08-12T04:43:00.938+0000] {processor.py:914} INFO - Processing file /home/airflow/.local/lib/python3.12/site-packages/airflow/example_dags/example_branch_labels.py for tasks to queue
[2026-08-12T04:43:00.942+0000] {logging_mixin.py:190} INFO - [2026-08-12T04:43:00.942+0000] {dagbag.py:587} INFO - Filling up the DagBag from /home/airflow/.local/lib/python3.12/site-packages/airflow/example_dags/example_branch_labels.py
[2026-08-12T04:43:00.958+0000] {processor.py:925} INFO - DAG(s) 'example_branch_labels' retrieved from /home/airflow/.local/lib/python3.12/site-packages/airflow/example_dags/example_branch_labels.py
[2026-08-12T04:43:00.980+0000] {logging_mixin.py:190} INFO - [2026-08-12T04:43:00.980+0000] {dag.py:3211} INFO - Sync 1 DAGs
[2026-08-12T04:43:01.005+0000] {logging_mixin.py:190} INFO - [2026-08-12T04:43:01.005+0000] {dag.py:4138} INFO - Setting next_dagrun for example_branch_labels to 2026-08-11 00:00:00+00:00, run_after=2026-08-12 00:00:00+00:00
[2026-08-12T04:43:01.041+0000] {processor.py:208} INFO - Processing /home/airflow/.local/lib/python3.12/site-packages/airflow/example_dags/example_branch_labels.py took 0.110 seconds
[2026-08-12T04:43:31.806+0000] {processor.py:186} INFO - Started process (PID=1310) to work on /home/airflow/.local/lib/python3.12/site-packages/airflow/example_dags/example_branch_labels.py
[2026-08-12T04:43:31.808+0000] {processor.py:914} INFO - Processing file /home/airflow/.local/lib/python3.12/site-packages/airflow/example_dags/example_branch_labels.py for tasks to queue
[2026-08-12T04:43:31.812+0000] {logging_mixin.py:190} INFO - [2026-08-12T04:43:31.812+0000] {dagbag.py:587} INFO - Filling up the DagBag from /home/airflow/.local/lib/python3.12/site-packages/airflow/example_dags/example_branch_labels.py
[2026-08-12T04:43:31.825+0000] {processor.py:925} INFO - DAG(s) 'example_branch_labels' retrieved from /home/airflow/.local/lib/python3.12/site-packages/airflow/example_dags/example_branch_labels.py
[2026-08-12T04:43:31.853+0000] {logging_mixin.py:190} INFO - [2026-08-12T04:43:31.852+0000] {dag.py:3211} INFO - Sync 1 DAGs
[2026-08-12T04:43:31.886+0000] {logging_mixin.py:190} INFO - [2026-08-12T04:43:31.885+0000] {dag.py:4138} INFO - Setting next_dagrun for example_branch_labels to 2026-08-11 00:00:00+00:00, run_after=2026-08-12 00:00:00+00:00
[2026-08-12T04:43:31.911+0000] {processor.py:208} INFO - Processing /home/airflow/.local/lib/python3.12/site-packages/airflow/example_dags/example_branch_labels.py took 0.110 seconds
[2026-08-12T04:44:02.562+0000] {processor.py:186} INFO - Started process (PID=1372) to work on /home/airflow/.local/lib/python3.12/site-packages/airflow/example_dags/example_branch_labels.py
[2026-08-12T04:44:02.563+0000] {processor.py:914} INFO - Processing file /home/airflow/.local/lib/python3.12/site-packages/airflow/example_dags/example_branch_labels.py for tasks to queue
[2026-08-12T04:44:02.567+0000] {logging_mixin.py:190} INFO - [2026-08-12T04:44:02.566+0000] {dagbag.py:587} INFO - Filling up the DagBag from /home/airflow/.local/lib/python3.12/site-packages/airflow/example_dags/example_branch_labels.py
[2026-08-12T04:44:02.576+0000] {processor.py:925} INFO - DAG(s) 'example_branch_labels' retrieved from /home/airflow/.local/lib/python3.12/site-packages/airflow/example_dags/example_branch_labels.py
[2026-08-12T04:44:02.598+0000] {logging_mixin.py:190} INFO - [2026-08-12T04:44:02.598+0000] {dag.py:3211} INFO - Sync 1 DAGs
[2026-08-12T04:44:02.621+0000] {logging_mixin.py:190} INFO - [2026-08-12T04:44:02.621+0000] {dag.py:4138} INFO - Setting next_dagrun for example_branch_labels to 2026-08-11 00:00:00+00:00, run_after=2026-08-12 00:00:00+00:00
[2026-08-12T04:44:02.645+0000] {processor.py:208} INFO - Processing /home/airflow/.local/lib/python3.12/site-packages/airflow/example_dags/example_branch_labels.py took 0.088 seconds
[2026-08-12T04:44:33.051+0000] {processor.py:186} INFO - Started process (PID=1435) to work on /home/airflow/.local/lib/python3.12/site-packages/airflow/example_dags/example_branch_labels.py
[2026-08-12T04:44:33.052+0000] {processor.py:914} INFO - Processing file /home/airflow/.local/lib/python3.12/site-packages/airflow/example_dags/example_branch_labels.py for tasks to queue
[2026-08-12T04:44:33.056+0000] {logging_mixin.py:190} INFO - [2026-08-12T04:44:33.055+0000] {dagbag.py:587} INFO - Filling up the DagBag from /home/airflow/.local/lib/python3.12/site-packages/airflow/example_dags/example_branch_labels.py
[2026-08-12T04:44:33.067+0000] {processor.py:925} INFO - DAG(s) 'example_branch_labels' retrieved from /home/airflow/.local/lib/python3.12/site-packages/airflow/example_dags/example_branch_labels.py
[2026-08-12T04:44:33.092+0000] {logging_mixin.py:190} INFO - [2026-08-12T04:44:33.092+0000] {dag.py:3211} INFO - Sync 1 DAGs
[2026-08-12T04:44:33.118+0000] {logging_mixin.py:190} INFO - [2026-08-12T04:44:33.118+0000] {dag.py:4138} INFO - Setting next_dagrun for example_branch_labels to 2026-08-11 00:00:00+00:00, run_after=2026-08-12 00:00:00+00:00
[2026-08-12T04:44:33.144+0000] {processor.py:208} INFO - Processing /home/airflow/.local/lib/python3.12/site-packages/airflow/example_dags/example_branch_labels.py took 0.099 seconds
[2026-08-12T04:45:04.057+0000] {processor.py:186} INFO - Started process (PID=1497) to work on /home/airflow/.local/lib/python3.12/site-packages/airflow/example_dags/example_branch_labels.py
[2026-08-12T04:45:04.059+0000] {processor.py:914} INFO - Processing file /home/airflow/.local/lib/python3.12/site-packages/airflow/example_dags/example_branch_labels.py for tasks to queue
[2026-08-12T04:45:04.063+0000] {logging_mixin.py:190} INFO - [2026-08-12T04:45:04.062+0000] {dagbag.py:587} INFO - Filling up the DagBag from /home/airflow/.local/lib/python3.12/site-packages/airflow/example_dags/example_branch_labels.py
[2026-08-12T04:45:04.078+0000] {processor.py:925} INFO - DAG(s) 'example_branch_labels' retrieved from /home/airflow/.local/lib/python3.12/site-packages/airflow/example_dags/example_branch_labels.py
[2026-08-12T04:45:04.103+0000] {logging_mixin.py:190} INFO - [2026-08-12T04:45:04.103+0000] {dag.py:3211} INFO - Sync 1 DAGs
[2026-08-12T04:45:04.133+0000] {logging_mixin.py:190} INFO - [2026-08-12T04:45:04.133+0000] {dag.py:4138} INFO - Setting next_dagrun for example_branch_labels to 2026-08-11 00:00:00+00:00, run_after=2026-08-12 00:00:00+00:00
[2026-08-12T04:45:04.160+0000] {processor.py:208} INFO - Processing /home/airflow/.local/lib/python3.12/site-packages/airflow/example_dags/example_branch_labels.py took 0.111 seconds
[2026-08-12T04:45:34.271+0000] {processor.py:186} INFO - Started process (PID=1559) to work on /home/airflow/.local/lib/python3.12/site-packages/airflow/example_dags/example_branch_labels.py
[2026-08-12T04:45:34.273+0000] {processor.py:914} INFO - Processing file /home/airflow/.local/lib/python3.12/site-packages/airflow/example_dags/example_branch_labels.py for tasks to queue
[2026-08-12T04:45:34.275+0000] {logging_mixin.py:190} INFO - [2026-08-12T04:45:34.275+0000] {dagbag.py:587} INFO - Filling up the DagBag from /home/airflow/.local/lib/python3.12/site-packages/airflow/example_dags/example_branch_labels.py
[2026-08-12T04:45:34.286+0000] {processor.py:925} INFO - DAG(s) 'example_branch_labels' retrieved from /home/airflow/.local/lib/python3.12/site-packages/airflow/example_dags/example_branch_labels.py
[2026-08-12T04:45:34.311+0000] {logging_mixin.py:190} INFO - [2026-08-12T04:45:34.311+0000] {dag.py:3211} INFO - Sync 1 DAGs
[2026-08-12T04:45:34.334+0000] {logging_mixin.py:190} INFO - [2026-08-12T04:45:34.334+0000] {dag.py:4138} INFO - Setting next_dagrun for example_branch_labels to 2026-08-11 00:00:00+00:00, run_after=2026-08-12 00:00:00+00:00
[2026-08-12T04:45:34.357+0000] {processor.py:208} INFO - Processing /home/airflow/.local/lib/python3.12/site-packages/airflow/example_dags/example_branch_labels.py took 0.092 seconds
[2026-08-12T04:46:04.447+0000] {processor.py:186} INFO - Started process (PID=1620) to work on /home/airflow/.local/lib/python3.12/site-packages/airflow/example_dags/example_branch_labels.py
[2026-08-12T04:46:04.449+0000] {processor.py:914} INFO - Processing file /home/airflow/.local/lib/python3.12/site-packages/airflow/example_dags/example_branch_labels.py for tasks to queue
[2026-08-12T04:46:04.452+0000] {logging_mixin.py:190} INFO - [2026-08-12T04:46:04.451+0000] {dagbag.py:587} INFO - Filling up the DagBag from /home/airflow/.local/lib/python3.12/site-packages/airflow/example_dags/example_branch_labels.py
[2026-08-12T04:46:04.463+0000] {processor.py:925} INFO - DAG(s) 'example_branch_labels' retrieved from /home/airflow/.local/lib/python3.12/site-packages/airflow/example_dags/example_branch_labels.py
[2026-08-12T04:46:04.486+0000] {logging_mixin.py:190} INFO - [2026-08-12T04:46:04.485+0000] {dag.py:3211} INFO - Sync 1 DAGs
[2026-08-12T04:46:04.510+0000] {logging_mixin.py:190} INFO - [2026-08-12T04:46:04.509+0000] {dag.py:4138} INFO - Setting next_dagrun for example_branch_labels to 2026-08-11 00:00:00+00:00, run_after=2026-08-12 00:00:00+00:00
[2026-08-12T04:46:04.538+0000] {processor.py:208} INFO - Processing /home/airflow/.local/lib/python3.12/site-packages/airflow/example_dags/example_branch_labels.py took 0.096 seconds
[2026-08-12T04:46:35.095+0000] {processor.py:186} INFO - Started process (PID=1682) to work on /home/airflow/.local/lib/python3.12/site-packages/airflow/example_dags/example_branch_labels.py
[2026-08-12T04:46:35.097+0000] {processor.py:914} INFO - Processing file /home/airflow/.local/lib/python3.12/site-packages/airflow/example_dags/example_branch_labels.py for tasks to queue
[2026-08-12T04:46:35.102+0000] {logging_mixin.py:190} INFO - [2026-08-12T04:46:35.101+0000] {dagbag.py:587} INFO - Filling up the DagBag from /home/airflow/.local/lib/python3.12/site-packages/airflow/example_dags/example_branch_labels.py
[2026-08-12T04:46:35.114+0000] {processor.py:925} INFO - DAG(s) 'example_branch_labels' retrieved from /home/airflow/.local/lib/python3.12/site-packages/airflow/example_dags/example_branch_labels.py
[2026-08-12T04:46:35.137+0000] {logging_mixin.py:190} INFO - [2026-08-12T04:46:35.137+0000] {dag.py:3211} INFO - Sync 1 DAGs
[2026-08-12T04:46:35.164+0000] {logging_mixin.py:190} INFO - [2026-08-12T04:46:35.164+0000] {dag.py:4138} INFO - Setting next_dagrun for example_branch_labels to 2026-08-11 00:00:00+00:00, run_after=2026-08-12 00:00:00+00:00
[2026-08-12T04:46:35.191+0000] {processor.py:208} INFO - Processing /home/airflow/.local/lib/python3.12/site-packages/airflow/example_dags/example_branch_labels.py took 0.110 seconds
[2026-08-12T04:47:05.692+0000] {processor.py:186} INFO - Started process (PID=1744) to work on /home/airflow/.local/lib/python3.12/site-packages/airflow/example_dags/example_branch_labels.py
[2026-08-12T04:47:05.694+0000] {processor.py:914} INFO - Processing file /home/airflow/.local/lib/python3.12/site-packages/airflow/example_dags/example_branch_labels.py for tasks to queue
[2026-08-12T04:47:05.698+0000] {logging_mixin.py:190} INFO - [2026-08-12T04:47:05.698+0000] {dagbag.py:587} INFO - Filling up the DagBag from /home/airflow/.local/lib/python3.12/site-packages/airflow/example_dags/example_branch_labels.py
[2026-08-12T04:47:05.712+0000] {processor.py:925} INFO - DAG(s) 'example_branch_labels' retrieved from /home/airflow/.local/lib/python3.12/site-packages/airflow/example_dags/example_branch_labels.py
[2026-08-12T04:47:05.736+0000] {logging_mixin.py:190} INFO - [2026-08-12T04:47:05.736+0000] {dag.py:3211} INFO - Sync 1 DAGs
[2026-08-12T04:47:05.763+0000] {logging_mixin.py:190} INFO - [2026-08-12T04:47:05.762+0000] {dag.py:4138} INFO - Setting next_dagrun for example_branch_labels to 2026-08-11 00:00:00+00:00, run_after=2026-08-12 00:00:00+00:00
[2026-08-12T04:47:05.787+0000] {processor.py:208} INFO - Processing /home/airflow/.local/lib/python3.12/site-packages/airflow/example_dags/example_branch_labels.py took 0.103 seconds
[2026-08-12T04:47:35.950+0000] {processor.py:186} INFO - Started process (PID=1806) to work on /home/airflow/.local/lib/python3.12/site-packages/airflow/example_dags/example_branch_labels.py
[2026-08-12T04:47:35.952+0000] {processor.py:914} INFO - Processing file /home/airflow/.local/lib/python3.12/site-packages/airflow/example_dags/example_branch_labels.py for tasks to queue
[2026-08-12T04:47:35.955+0000] {logging_mixin.py:190} INFO - [2026-08-12T04:47:35.955+0000] {dagbag.py:587} INFO - Filling up the DagBag from /home/airflow/.local/lib/python3.12/site-packages/airflow/example_dags/example_branch_labels.py
[2026-08-12T04:47:35.967+0000] {processor.py:925} INFO - DAG(s) 'example_branch_labels' retrieved from /home/airflow/.local/lib/python3.12/site-packages/airflow/example_dags/example_branch_labels.py
[2026-08-12T04:47:35.992+0000] {logging_mixin.py:190} INFO - [2026-08-12T04:47:35.991+0000] {dag.py:3211} INFO - Sync 1 DAGs
[2026-08-12T04:47:36.020+0000] {logging_mixin.py:190} INFO - [2026-08-12T04:47:36.019+0000] {dag.py:4138} INFO - Setting next_dagrun for example_branch_labels to 2026-08-11 00:00:00+00:00, run_after=2026-08-12 00:00:00+00:00
[2026-08-12T04:47:36.049+0000] {processor.py:208} INFO - Processing /home/airflow/.local/lib/python3.12/site-packages/airflow/example_dags/example_branch_labels.py took 0.106 seconds
[2026-08-12T04:48:06.884+0000] {processor.py:186} INFO - Started process (PID=1868) to work on /home/airflow/.local/lib/python3.12/site-packages/airflow/example_dags/example_branch_labels.py
[2026-08-12T04:48:06.886+0000] {processor.py:914} INFO - Processing file /home/airflow/.local/lib/python3.12/site-packages/airflow/example_dags/example_branch_labels.py for tasks to queue
[2026-08-12T04:48:06.889+0000] {logging_mixin.py:190} INFO - [2026-08-12T04:48:06.889+0000] {dagbag.py:587} INFO - Filling up the DagBag from /home/airflow/.local/lib/python3.12/site-packages/airflow/example_dags/example_branch_labels.py
[2026-08-12T04:48:06.900+0000] {processor.py:925} INFO - DAG(s) 'example_branch_labels' retrieved from /home/airflow/.local/lib/python3.12/site-packages/airflow/example_dags/example_branch_labels.py
[2026-08-12T04:48:06.926+0000] {logging_mixin.py:190} INFO - [2026-08-12T04:48:06.925+0000] {dag.py:3211} INFO - Sync 1 DAGs
[2026-08-12T04:48:06.949+0000] {logging_mixin.py:190} INFO - [2026-08-12T04:48:06.949+0000] {dag.py:4138} INFO - Setting next_dagrun for example_branch_labels to 2026-08-11 00:00:00+00:00, run_after=2026-08-12 00:00:00+00:00
[2026-08-12T04:48:06.974+0000] {processor.py:208} INFO - Processing /home/airflow/.local/lib/python3.12/site-packages/airflow/example_dags/example_branch_labels.py took 0.096 seconds
