[2026-08-12T04:31:36.390+0000] {processor.py:186} INFO - Started process (PID=110) to work on /home/airflow/.local/lib/python3.12/site-packages/airflow/example_dags/example_time_delta_sensor_async.py
[2026-08-12T04:31:36.391+0000] {processor.py:914} INFO - Processing file /home/airflow/.local/lib/python3.12/site-packages/airflow/example_dags/example_time_delta_sensor_async.py for tasks to queue
[2026-08-12T04:31:36.396+0000] {logging_mixin.py:190} INFO - [2026-08-12T04:31:36.395+0000] {dagbag.py:587} INFO - Filling up the DagBag from /home/airflow/.local/lib/python3.12/site-packages/airflow/example_dags/example_time_delta_sensor_async.py
[2026-08-12T04:31:36.408+0000] {processor.py:925} INFO - DAG(s) 'example_time_delta_sensor_async' retrieved from /home/airflow/.local/lib/python3.12/site-packages/airflow/example_dags/example_time_delta_sensor_async.py
[2026-08-12T04:31:36.549+0000] {logging_mixin.py:190} INFO - [2026-08-12T04:31:36.547+0000] {override.py:1858} INFO - Created Permission View: can read on DAG:example_time_delta_sensor_async
[2026-08-12T04:31:36.575+0000] {logging_mixin.py:190} INFO - [2026-08-12T04:31:36.572+0000] {override.py:1858} INFO - Created Permission View: can edit on DAG:example_time_delta_sensor_async
[2026-08-12T04:31:36.590+0000] {logging_mixin.py:190} INFO - [2026-08-12T04:31:36.589+0000] {override.py:1858} INFO - Created Permission View: can delete on DAG:example_time_delta_sensor_async
[2026-08-12T04:31:36.592+0000] {logging_mixin.py:190} INFO - [2026-08-12T04:31:36.592+0000] {dag.py:3211} INFO - Sync 1 DAGs
[2026-08-12T04:31:36.610+0000] {logging_mixin.py:190} INFO - [2026-08-12T04:31:36.610+0000] {dag.py:3234} INFO - Creating ORM DAG for example_time_delta_sensor_async
[2026-08-12T04:31:36.613+0000] {logging_mixin.py:190} INFO - [2026-08-12T04:31:36.612+0000] {dag.py:4138} INFO - Setting next_dagrun for example_time_delta_sensor_async to None, run_after=None
[2026-08-12T04:31:36.650+0000] {processor.py:208} INFO - Processing /home/airflow/.local/lib/python3.12/site-packages/airflow/example_dags/example_time_delta_sensor_async.py took 0.267 seconds
[2026-08-12T04:32:07.501+0000] {processor.py:186} INFO - Started process (PID=172) to work on /home/airflow/.local/lib/python3.12/site-packages/airflow/example_dags/example_time_delta_sensor_async.py
[2026-08-12T04:32:07.503+0000] {processor.py:914} INFO - Processing file /home/airflow/.local/lib/python3.12/site-packages/airflow/example_dags/example_time_delta_sensor_async.py for tasks to queue
[2026-08-12T04:32:07.507+0000] {logging_mixin.py:190} INFO - [2026-08-12T04:32:07.507+0000] {dagbag.py:587} INFO - Filling up the DagBag from /home/airflow/.local/lib/python3.12/site-packages/airflow/example_dags/example_time_delta_sensor_async.py
[2026-08-12T04:32:07.514+0000] {processor.py:925} INFO - DAG(s) 'example_time_delta_sensor_async' retrieved from /home/airflow/.local/lib/python3.12/site-packages/airflow/example_dags/example_time_delta_sensor_async.py
[2026-08-12T04:32:07.537+0000] {logging_mixin.py:190} INFO - [2026-08-12T04:32:07.537+0000] {dag.py:3211} INFO - Sync 1 DAGs
[2026-08-12T04:32:07.553+0000] {logging_mixin.py:190} INFO - [2026-08-12T04:32:07.553+0000] {dag.py:4138} INFO - Setting next_dagrun for example_time_delta_sensor_async to None, run_after=None
[2026-08-12T04:32:07.577+0000] {processor.py:208} INFO - Processing /home/airflow/.local/lib/python3.12/site-packages/airflow/example_dags/example_time_delta_sensor_async.py took 0.082 seconds
[2026-08-12T04:33:22.509+0000] {processor.py:186} INFO - Started process (PID=97) to work on /home/airflow/.local/lib/python3.12/site-packages/airflow/example_dags/example_time_delta_sensor_async.py
[2026-08-12T04:33:22.513+0000] {processor.py:914} INFO - Processing file /home/airflow/.local/lib/python3.12/site-packages/airflow/example_dags/example_time_delta_sensor_async.py for tasks to queue
[2026-08-12T04:33:22.526+0000] {logging_mixin.py:190} INFO - [2026-08-12T04:33:22.525+0000] {dagbag.py:587} INFO - Filling up the DagBag from /home/airflow/.local/lib/python3.12/site-packages/airflow/example_dags/example_time_delta_sensor_async.py
[2026-08-12T04:33:22.548+0000] {processor.py:925} INFO - DAG(s) 'example_time_delta_sensor_async' retrieved from /home/airflow/.local/lib/python3.12/site-packages/airflow/example_dags/example_time_delta_sensor_async.py
[2026-08-12T04:33:22.599+0000] {logging_mixin.py:190} INFO - [2026-08-12T04:33:22.599+0000] {dag.py:3211} INFO - Sync 1 DAGs
[2026-08-12T04:33:22.630+0000] {logging_mixin.py:190} INFO - [2026-08-12T04:33:22.630+0000] {dag.py:4138} INFO - Setting next_dagrun for example_time_delta_sensor_async to None, run_after=None
[2026-08-12T04:33:22.686+0000] {processor.py:208} INFO - Processing /home/airflow/.local/lib/python3.12/site-packages/airflow/example_dags/example_time_delta_sensor_async.py took 0.194 seconds
[2026-08-12T04:33:53.284+0000] {processor.py:186} INFO - Started process (PID=159) to work on /home/airflow/.local/lib/python3.12/site-packages/airflow/example_dags/example_time_delta_sensor_async.py
[2026-08-12T04:33:53.286+0000] {processor.py:914} INFO - Processing file /home/airflow/.local/lib/python3.12/site-packages/airflow/example_dags/example_time_delta_sensor_async.py for tasks to queue
[2026-08-12T04:33:53.290+0000] {logging_mixin.py:190} INFO - [2026-08-12T04:33:53.290+0000] {dagbag.py:587} INFO - Filling up the DagBag from /home/airflow/.local/lib/python3.12/site-packages/airflow/example_dags/example_time_delta_sensor_async.py
[2026-08-12T04:33:53.298+0000] {processor.py:925} INFO - DAG(s) 'example_time_delta_sensor_async' retrieved from /home/airflow/.local/lib/python3.12/site-packages/airflow/example_dags/example_time_delta_sensor_async.py
[2026-08-12T04:33:53.322+0000] {logging_mixin.py:190} INFO - [2026-08-12T04:33:53.322+0000] {dag.py:3211} INFO - Sync 1 DAGs
[2026-08-12T04:33:53.336+0000] {logging_mixin.py:190} INFO - [2026-08-12T04:33:53.336+0000] {dag.py:4138} INFO - Setting next_dagrun for example_time_delta_sensor_async to None, run_after=None
[2026-08-12T04:33:53.362+0000] {processor.py:208} INFO - Processing /home/airflow/.local/lib/python3.12/site-packages/airflow/example_dags/example_time_delta_sensor_async.py took 0.084 seconds
[2026-08-12T04:34:23.482+0000] {processor.py:186} INFO - Started process (PID=221) to work on /home/airflow/.local/lib/python3.12/site-packages/airflow/example_dags/example_time_delta_sensor_async.py
[2026-08-12T04:34:23.483+0000] {processor.py:914} INFO - Processing file /home/airflow/.local/lib/python3.12/site-packages/airflow/example_dags/example_time_delta_sensor_async.py for tasks to queue
[2026-08-12T04:34:23.487+0000] {logging_mixin.py:190} INFO - [2026-08-12T04:34:23.487+0000] {dagbag.py:587} INFO - Filling up the DagBag from /home/airflow/.local/lib/python3.12/site-packages/airflow/example_dags/example_time_delta_sensor_async.py
[2026-08-12T04:34:23.494+0000] {processor.py:925} INFO - DAG(s) 'example_time_delta_sensor_async' retrieved from /home/airflow/.local/lib/python3.12/site-packages/airflow/example_dags/example_time_delta_sensor_async.py
[2026-08-12T04:34:23.518+0000] {logging_mixin.py:190} INFO - [2026-08-12T04:34:23.518+0000] {dag.py:3211} INFO - Sync 1 DAGs
[2026-08-12T04:34:23.538+0000] {logging_mixin.py:190} INFO - [2026-08-12T04:34:23.537+0000] {dag.py:4138} INFO - Setting next_dagrun for example_time_delta_sensor_async to None, run_after=None
[2026-08-12T04:34:23.563+0000] {processor.py:208} INFO - Processing /home/airflow/.local/lib/python3.12/site-packages/airflow/example_dags/example_time_delta_sensor_async.py took 0.087 seconds
[2026-08-12T04:34:53.878+0000] {processor.py:186} INFO - Started process (PID=283) to work on /home/airflow/.local/lib/python3.12/site-packages/airflow/example_dags/example_time_delta_sensor_async.py
[2026-08-12T04:34:53.880+0000] {processor.py:914} INFO - Processing file /home/airflow/.local/lib/python3.12/site-packages/airflow/example_dags/example_time_delta_sensor_async.py for tasks to queue
[2026-08-12T04:34:53.885+0000] {logging_mixin.py:190} INFO - [2026-08-12T04:34:53.884+0000] {dagbag.py:587} INFO - Filling up the DagBag from /home/airflow/.local/lib/python3.12/site-packages/airflow/example_dags/example_time_delta_sensor_async.py
[2026-08-12T04:34:53.898+0000] {processor.py:925} INFO - DAG(s) 'example_time_delta_sensor_async' retrieved from /home/airflow/.local/lib/python3.12/site-packages/airflow/example_dags/example_time_delta_sensor_async.py
[2026-08-12T04:34:53.929+0000] {logging_mixin.py:190} INFO - [2026-08-12T04:34:53.929+0000] {dag.py:3211} INFO - Sync 1 DAGs
[2026-08-12T04:34:53.948+0000] {logging_mixin.py:190} INFO - [2026-08-12T04:34:53.948+0000] {dag.py:4138} INFO - Setting next_dagrun for example_time_delta_sensor_async to None, run_after=None
[2026-08-12T04:34:53.976+0000] {processor.py:208} INFO - Processing /home/airflow/.local/lib/python3.12/site-packages/airflow/example_dags/example_time_delta_sensor_async.py took 0.106 seconds
[2026-08-12T04:35:24.817+0000] {processor.py:186} INFO - Started process (PID=346) to work on /home/airflow/.local/lib/python3.12/site-packages/airflow/example_dags/example_time_delta_sensor_async.py
[2026-08-12T04:35:24.818+0000] {processor.py:914} INFO - Processing file /home/airflow/.local/lib/python3.12/site-packages/airflow/example_dags/example_time_delta_sensor_async.py for tasks to queue
[2026-08-12T04:35:24.821+0000] {logging_mixin.py:190} INFO - [2026-08-12T04:35:24.821+0000] {dagbag.py:587} INFO - Filling up the DagBag from /home/airflow/.local/lib/python3.12/site-packages/airflow/example_dags/example_time_delta_sensor_async.py
[2026-08-12T04:35:24.828+0000] {processor.py:925} INFO - DAG(s) 'example_time_delta_sensor_async' retrieved from /home/airflow/.local/lib/python3.12/site-packages/airflow/example_dags/example_time_delta_sensor_async.py
[2026-08-12T04:35:24.849+0000] {logging_mixin.py:190} INFO - [2026-08-12T04:35:24.849+0000] {dag.py:3211} INFO - Sync 1 DAGs
[2026-08-12T04:35:24.867+0000] {logging_mixin.py:190} INFO - [2026-08-12T04:35:24.867+0000] {dag.py:4138} INFO - Setting next_dagrun for example_time_delta_sensor_async to None, run_after=None
[2026-08-12T04:35:24.896+0000] {processor.py:208} INFO - Processing /home/airflow/.local/lib/python3.12/site-packages/airflow/example_dags/example_time_delta_sensor_async.py took 0.084 seconds
[2026-08-12T04:35:55.132+0000] {processor.py:186} INFO - Started process (PID=408) to work on /home/airflow/.local/lib/python3.12/site-packages/airflow/example_dags/example_time_delta_sensor_async.py
[2026-08-12T04:35:55.134+0000] {processor.py:914} INFO - Processing file /home/airflow/.local/lib/python3.12/site-packages/airflow/example_dags/example_time_delta_sensor_async.py for tasks to queue
[2026-08-12T04:35:55.137+0000] {logging_mixin.py:190} INFO - [2026-08-12T04:35:55.137+0000] {dagbag.py:587} INFO - Filling up the DagBag from /home/airflow/.local/lib/python3.12/site-packages/airflow/example_dags/example_time_delta_sensor_async.py
[2026-08-12T04:35:55.144+0000] {processor.py:925} INFO - DAG(s) 'example_time_delta_sensor_async' retrieved from /home/airflow/.local/lib/python3.12/site-packages/airflow/example_dags/example_time_delta_sensor_async.py
[2026-08-12T04:35:55.167+0000] {logging_mixin.py:190} INFO - [2026-08-12T04:35:55.167+0000] {dag.py:3211} INFO - Sync 1 DAGs
[2026-08-12T04:35:55.184+0000] {logging_mixin.py:190} INFO - [2026-08-12T04:35:55.184+0000] {dag.py:4138} INFO - Setting next_dagrun for example_time_delta_sensor_async to None, run_after=None
[2026-08-12T04:35:55.209+0000] {processor.py:208} INFO - Processing /home/airflow/.local/lib/python3.12/site-packages/airflow/example_dags/example_time_delta_sensor_async.py took 0.083 seconds
[2026-08-12T04:36:25.636+0000] {processor.py:186} INFO - Started process (PID=470) to work on /home/airflow/.local/lib/python3.12/site-packages/airflow/example_dags/example_time_delta_sensor_async.py
[2026-08-12T04:36:25.638+0000] {processor.py:914} INFO - Processing file /home/airflow/.local/lib/python3.12/site-packages/airflow/example_dags/example_time_delta_sensor_async.py for tasks to queue
[2026-08-12T04:36:25.643+0000] {logging_mixin.py:190} INFO - [2026-08-12T04:36:25.642+0000] {dagbag.py:587} INFO - Filling up the DagBag from /home/airflow/.local/lib/python3.12/site-packages/airflow/example_dags/example_time_delta_sensor_async.py
[2026-08-12T04:36:25.652+0000] {processor.py:925} INFO - DAG(s) 'example_time_delta_sensor_async' retrieved from /home/airflow/.local/lib/python3.12/site-packages/airflow/example_dags/example_time_delta_sensor_async.py
[2026-08-12T04:36:25.685+0000] {logging_mixin.py:190} INFO - [2026-08-12T04:36:25.685+0000] {dag.py:3211} INFO - Sync 1 DAGs
[2026-08-12T04:36:25.707+0000] {logging_mixin.py:190} INFO - [2026-08-12T04:36:25.707+0000] {dag.py:4138} INFO - Setting next_dagrun for example_time_delta_sensor_async to None, run_after=None
[2026-08-12T04:36:25.739+0000] {processor.py:208} INFO - Processing /home/airflow/.local/lib/python3.12/site-packages/airflow/example_dags/example_time_delta_sensor_async.py took 0.113 seconds
[2026-08-12T04:36:56.123+0000] {processor.py:186} INFO - Started process (PID=532) to work on /home/airflow/.local/lib/python3.12/site-packages/airflow/example_dags/example_time_delta_sensor_async.py
[2026-08-12T04:36:56.125+0000] {processor.py:914} INFO - Processing file /home/airflow/.local/lib/python3.12/site-packages/airflow/example_dags/example_time_delta_sensor_async.py for tasks to queue
[2026-08-12T04:36:56.128+0000] {logging_mixin.py:190} INFO - [2026-08-12T04:36:56.128+0000] {dagbag.py:587} INFO - Filling up the DagBag from /home/airflow/.local/lib/python3.12/site-packages/airflow/example_dags/example_time_delta_sensor_async.py
[2026-08-12T04:36:56.135+0000] {processor.py:925} INFO - DAG(s) 'example_time_delta_sensor_async' retrieved from /home/airflow/.local/lib/python3.12/site-packages/airflow/example_dags/example_time_delta_sensor_async.py
[2026-08-12T04:36:56.157+0000] {logging_mixin.py:190} INFO - [2026-08-12T04:36:56.157+0000] {dag.py:3211} INFO - Sync 1 DAGs
[2026-08-12T04:36:56.172+0000] {logging_mixin.py:190} INFO - [2026-08-12T04:36:56.172+0000] {dag.py:4138} INFO - Setting next_dagrun for example_time_delta_sensor_async to None, run_after=None
[2026-08-12T04:36:56.198+0000] {processor.py:208} INFO - Processing /home/airflow/.local/lib/python3.12/site-packages/airflow/example_dags/example_time_delta_sensor_async.py took 0.080 seconds
[2026-08-12T04:37:27.007+0000] {processor.py:186} INFO - Started process (PID=594) to work on /home/airflow/.local/lib/python3.12/site-packages/airflow/example_dags/example_time_delta_sensor_async.py
[2026-08-12T04:37:27.009+0000] {processor.py:914} INFO - Processing file /home/airflow/.local/lib/python3.12/site-packages/airflow/example_dags/example_time_delta_sensor_async.py for tasks to queue
[2026-08-12T04:37:27.012+0000] {logging_mixin.py:190} INFO - [2026-08-12T04:37:27.012+0000] {dagbag.py:587} INFO - Filling up the DagBag from /home/airflow/.local/lib/python3.12/site-packages/airflow/example_dags/example_time_delta_sensor_async.py
[2026-08-12T04:37:27.019+0000] {processor.py:925} INFO - DAG(s) 'example_time_delta_sensor_async' retrieved from /home/airflow/.local/lib/python3.12/site-packages/airflow/example_dags/example_time_delta_sensor_async.py
[2026-08-12T04:37:27.040+0000] {logging_mixin.py:190} INFO - [2026-08-12T04:37:27.040+0000] {dag.py:3211} INFO - Sync 1 DAGs
[2026-08-12T04:37:27.055+0000] {logging_mixin.py:190} INFO - [2026-08-12T04:37:27.055+0000] {dag.py:4138} INFO - Setting next_dagrun for example_time_delta_sensor_async to None, run_after=None
[2026-08-12T04:37:27.079+0000] {processor.py:208} INFO - Processing /home/airflow/.local/lib/python3.12/site-packages/airflow/example_dags/example_time_delta_sensor_async.py took 0.077 seconds
[2026-08-12T04:37:57.705+0000] {processor.py:186} INFO - Started process (PID=656) to work on /home/airflow/.local/lib/python3.12/site-packages/airflow/example_dags/example_time_delta_sensor_async.py
[2026-08-12T04:37:57.707+0000] {processor.py:914} INFO - Processing file /home/airflow/.local/lib/python3.12/site-packages/airflow/example_dags/example_time_delta_sensor_async.py for tasks to queue
[2026-08-12T04:37:57.711+0000] {logging_mixin.py:190} INFO - [2026-08-12T04:37:57.710+0000] {dagbag.py:587} INFO - Filling up the DagBag from /home/airflow/.local/lib/python3.12/site-packages/airflow/example_dags/example_time_delta_sensor_async.py
[2026-08-12T04:37:57.719+0000] {processor.py:925} INFO - DAG(s) 'example_time_delta_sensor_async' retrieved from /home/airflow/.local/lib/python3.12/site-packages/airflow/example_dags/example_time_delta_sensor_async.py
[2026-08-12T04:37:57.744+0000] {logging_mixin.py:190} INFO - [2026-08-12T04:37:57.743+0000] {dag.py:3211} INFO - Sync 1 DAGs
[2026-08-12T04:37:57.760+0000] {logging_mixin.py:190} INFO - [2026-08-12T04:37:57.759+0000] {dag.py:4138} INFO - Setting next_dagrun for example_time_delta_sensor_async to None, run_after=None
[2026-08-12T04:37:57.803+0000] {processor.py:208} INFO - Processing /home/airflow/.local/lib/python3.12/site-packages/airflow/example_dags/example_time_delta_sensor_async.py took 0.103 seconds
[2026-08-12T04:38:28.226+0000] {processor.py:186} INFO - Started process (PID=718) to work on /home/airflow/.local/lib/python3.12/site-packages/airflow/example_dags/example_time_delta_sensor_async.py
[2026-08-12T04:38:28.228+0000] {processor.py:914} INFO - Processing file /home/airflow/.local/lib/python3.12/site-packages/airflow/example_dags/example_time_delta_sensor_async.py for tasks to queue
[2026-08-12T04:38:28.231+0000] {logging_mixin.py:190} INFO - [2026-08-12T04:38:28.231+0000] {dagbag.py:587} INFO - Filling up the DagBag from /home/airflow/.local/lib/python3.12/site-packages/airflow/example_dags/example_time_delta_sensor_async.py
[2026-08-12T04:38:28.241+0000] {processor.py:925} INFO - DAG(s) 'example_time_delta_sensor_async' retrieved from /home/airflow/.local/lib/python3.12/site-packages/airflow/example_dags/example_time_delta_sensor_async.py
[2026-08-12T04:38:28.261+0000] {logging_mixin.py:190} INFO - [2026-08-12T04:38:28.261+0000] {dag.py:3211} INFO - Sync 1 DAGs
[2026-08-12T04:38:28.276+0000] {logging_mixin.py:190} INFO - [2026-08-12T04:38:28.276+0000] {dag.py:4138} INFO - Setting next_dagrun for example_time_delta_sensor_async to None, run_after=None
[2026-08-12T04:38:28.300+0000] {processor.py:208} INFO - Processing /home/airflow/.local/lib/python3.12/site-packages/airflow/example_dags/example_time_delta_sensor_async.py took 0.081 seconds
[2026-08-12T04:38:58.577+0000] {processor.py:186} INFO - Started process (PID=780) to work on /home/airflow/.local/lib/python3.12/site-packages/airflow/example_dags/example_time_delta_sensor_async.py
[2026-08-12T04:38:58.579+0000] {processor.py:914} INFO - Processing file /home/airflow/.local/lib/python3.12/site-packages/airflow/example_dags/example_time_delta_sensor_async.py for tasks to queue
[2026-08-12T04:38:58.583+0000] {logging_mixin.py:190} INFO - [2026-08-12T04:38:58.582+0000] {dagbag.py:587} INFO - Filling up the DagBag from /home/airflow/.local/lib/python3.12/site-packages/airflow/example_dags/example_time_delta_sensor_async.py
[2026-08-12T04:38:58.591+0000] {processor.py:925} INFO - DAG(s) 'example_time_delta_sensor_async' retrieved from /home/airflow/.local/lib/python3.12/site-packages/airflow/example_dags/example_time_delta_sensor_async.py
[2026-08-12T04:38:58.615+0000] {logging_mixin.py:190} INFO - [2026-08-12T04:38:58.615+0000] {dag.py:3211} INFO - Sync 1 DAGs
[2026-08-12T04:38:58.632+0000] {logging_mixin.py:190} INFO - [2026-08-12T04:38:58.632+0000] {dag.py:4138} INFO - Setting next_dagrun for example_time_delta_sensor_async to None, run_after=None
[2026-08-12T04:38:58.671+0000] {processor.py:208} INFO - Processing /home/airflow/.local/lib/python3.12/site-packages/airflow/example_dags/example_time_delta_sensor_async.py took 0.101 seconds
[2026-08-12T04:39:28.876+0000] {processor.py:186} INFO - Started process (PID=842) to work on /home/airflow/.local/lib/python3.12/site-packages/airflow/example_dags/example_time_delta_sensor_async.py
[2026-08-12T04:39:28.878+0000] {processor.py:914} INFO - Processing file /home/airflow/.local/lib/python3.12/site-packages/airflow/example_dags/example_time_delta_sensor_async.py for tasks to queue
[2026-08-12T04:39:28.882+0000] {logging_mixin.py:190} INFO - [2026-08-12T04:39:28.882+0000] {dagbag.py:587} INFO - Filling up the DagBag from /home/airflow/.local/lib/python3.12/site-packages/airflow/example_dags/example_time_delta_sensor_async.py
[2026-08-12T04:39:28.891+0000] {processor.py:925} INFO - DAG(s) 'example_time_delta_sensor_async' retrieved from /home/airflow/.local/lib/python3.12/site-packages/airflow/example_dags/example_time_delta_sensor_async.py
[2026-08-12T04:39:28.916+0000] {logging_mixin.py:190} INFO - [2026-08-12T04:39:28.916+0000] {dag.py:3211} INFO - Sync 1 DAGs
[2026-08-12T04:39:28.932+0000] {logging_mixin.py:190} INFO - [2026-08-12T04:39:28.932+0000] {dag.py:4138} INFO - Setting next_dagrun for example_time_delta_sensor_async to None, run_after=None
[2026-08-12T04:39:28.958+0000] {processor.py:208} INFO - Processing /home/airflow/.local/lib/python3.12/site-packages/airflow/example_dags/example_time_delta_sensor_async.py took 0.088 seconds
[2026-08-12T04:39:59.364+0000] {processor.py:186} INFO - Started process (PID=904) to work on /home/airflow/.local/lib/python3.12/site-packages/airflow/example_dags/example_time_delta_sensor_async.py
[2026-08-12T04:39:59.366+0000] {processor.py:914} INFO - Processing file /home/airflow/.local/lib/python3.12/site-packages/airflow/example_dags/example_time_delta_sensor_async.py for tasks to queue
[2026-08-12T04:39:59.371+0000] {logging_mixin.py:190} INFO - [2026-08-12T04:39:59.370+0000] {dagbag.py:587} INFO - Filling up the DagBag from /home/airflow/.local/lib/python3.12/site-packages/airflow/example_dags/example_time_delta_sensor_async.py
[2026-08-12T04:39:59.382+0000] {processor.py:925} INFO - DAG(s) 'example_time_delta_sensor_async' retrieved from /home/airflow/.local/lib/python3.12/site-packages/airflow/example_dags/example_time_delta_sensor_async.py
[2026-08-12T04:39:59.406+0000] {logging_mixin.py:190} INFO - [2026-08-12T04:39:59.406+0000] {dag.py:3211} INFO - Sync 1 DAGs
[2026-08-12T04:39:59.425+0000] {logging_mixin.py:190} INFO - [2026-08-12T04:39:59.424+0000] {dag.py:4138} INFO - Setting next_dagrun for example_time_delta_sensor_async to None, run_after=None
[2026-08-12T04:39:59.451+0000] {processor.py:208} INFO - Processing /home/airflow/.local/lib/python3.12/site-packages/airflow/example_dags/example_time_delta_sensor_async.py took 0.097 seconds
[2026-08-12T04:40:29.567+0000] {processor.py:186} INFO - Started process (PID=966) to work on /home/airflow/.local/lib/python3.12/site-packages/airflow/example_dags/example_time_delta_sensor_async.py
[2026-08-12T04:40:29.569+0000] {processor.py:914} INFO - Processing file /home/airflow/.local/lib/python3.12/site-packages/airflow/example_dags/example_time_delta_sensor_async.py for tasks to queue
[2026-08-12T04:40:29.572+0000] {logging_mixin.py:190} INFO - [2026-08-12T04:40:29.572+0000] {dagbag.py:587} INFO - Filling up the DagBag from /home/airflow/.local/lib/python3.12/site-packages/airflow/example_dags/example_time_delta_sensor_async.py
[2026-08-12T04:40:29.579+0000] {processor.py:925} INFO - DAG(s) 'example_time_delta_sensor_async' retrieved from /home/airflow/.local/lib/python3.12/site-packages/airflow/example_dags/example_time_delta_sensor_async.py
[2026-08-12T04:40:29.601+0000] {logging_mixin.py:190} INFO - [2026-08-12T04:40:29.601+0000] {dag.py:3211} INFO - Sync 1 DAGs
[2026-08-12T04:40:29.617+0000] {logging_mixin.py:190} INFO - [2026-08-12T04:40:29.616+0000] {dag.py:4138} INFO - Setting next_dagrun for example_time_delta_sensor_async to None, run_after=None
[2026-08-12T04:40:29.643+0000] {processor.py:208} INFO - Processing /home/airflow/.local/lib/python3.12/site-packages/airflow/example_dags/example_time_delta_sensor_async.py took 0.081 seconds
[2026-08-12T04:40:59.842+0000] {processor.py:186} INFO - Started process (PID=1028) to work on /home/airflow/.local/lib/python3.12/site-packages/airflow/example_dags/example_time_delta_sensor_async.py
[2026-08-12T04:40:59.845+0000] {processor.py:914} INFO - Processing file /home/airflow/.local/lib/python3.12/site-packages/airflow/example_dags/example_time_delta_sensor_async.py for tasks to queue
[2026-08-12T04:40:59.848+0000] {logging_mixin.py:190} INFO - [2026-08-12T04:40:59.848+0000] {dagbag.py:587} INFO - Filling up the DagBag from /home/airflow/.local/lib/python3.12/site-packages/airflow/example_dags/example_time_delta_sensor_async.py
[2026-08-12T04:40:59.859+0000] {processor.py:925} INFO - DAG(s) 'example_time_delta_sensor_async' retrieved from /home/airflow/.local/lib/python3.12/site-packages/airflow/example_dags/example_time_delta_sensor_async.py
[2026-08-12T04:40:59.884+0000] {logging_mixin.py:190} INFO - [2026-08-12T04:40:59.884+0000] {dag.py:3211} INFO - Sync 1 DAGs
[2026-08-12T04:40:59.900+0000] {logging_mixin.py:190} INFO - [2026-08-12T04:40:59.900+0000] {dag.py:4138} INFO - Setting next_dagrun for example_time_delta_sensor_async to None, run_after=None
[2026-08-12T04:40:59.930+0000] {processor.py:208} INFO - Processing /home/airflow/.local/lib/python3.12/site-packages/airflow/example_dags/example_time_delta_sensor_async.py took 0.101 seconds
[2026-08-12T04:41:29.969+0000] {processor.py:186} INFO - Started process (PID=1089) to work on /home/airflow/.local/lib/python3.12/site-packages/airflow/example_dags/example_time_delta_sensor_async.py
[2026-08-12T04:41:29.983+0000] {processor.py:914} INFO - Processing file /home/airflow/.local/lib/python3.12/site-packages/airflow/example_dags/example_time_delta_sensor_async.py for tasks to queue
[2026-08-12T04:41:29.987+0000] {logging_mixin.py:190} INFO - [2026-08-12T04:41:29.986+0000] {dagbag.py:587} INFO - Filling up the DagBag from /home/airflow/.local/lib/python3.12/site-packages/airflow/example_dags/example_time_delta_sensor_async.py
[2026-08-12T04:41:30.009+0000] {processor.py:925} INFO - DAG(s) 'example_time_delta_sensor_async' retrieved from /home/airflow/.local/lib/python3.12/site-packages/airflow/example_dags/example_time_delta_sensor_async.py
[2026-08-12T04:41:30.031+0000] {logging_mixin.py:190} INFO - [2026-08-12T04:41:30.031+0000] {dag.py:3211} INFO - Sync 1 DAGs
[2026-08-12T04:41:30.046+0000] {logging_mixin.py:190} INFO - [2026-08-12T04:41:30.046+0000] {dag.py:4138} INFO - Setting next_dagrun for example_time_delta_sensor_async to None, run_after=None
[2026-08-12T04:41:30.068+0000] {processor.py:208} INFO - Processing /home/airflow/.local/lib/python3.12/site-packages/airflow/example_dags/example_time_delta_sensor_async.py took 0.107 seconds
[2026-08-12T04:42:00.948+0000] {processor.py:186} INFO - Started process (PID=1151) to work on /home/airflow/.local/lib/python3.12/site-packages/airflow/example_dags/example_time_delta_sensor_async.py
[2026-08-12T04:42:00.950+0000] {processor.py:914} INFO - Processing file /home/airflow/.local/lib/python3.12/site-packages/airflow/example_dags/example_time_delta_sensor_async.py for tasks to queue
[2026-08-12T04:42:00.954+0000] {logging_mixin.py:190} INFO - [2026-08-12T04:42:00.954+0000] {dagbag.py:587} INFO - Filling up the DagBag from /home/airflow/.local/lib/python3.12/site-packages/airflow/example_dags/example_time_delta_sensor_async.py
[2026-08-12T04:42:00.963+0000] {processor.py:925} INFO - DAG(s) 'example_time_delta_sensor_async' retrieved from /home/airflow/.local/lib/python3.12/site-packages/airflow/example_dags/example_time_delta_sensor_async.py
[2026-08-12T04:42:00.986+0000] {logging_mixin.py:190} INFO - [2026-08-12T04:42:00.986+0000] {dag.py:3211} INFO - Sync 1 DAGs
[2026-08-12T04:42:01.003+0000] {logging_mixin.py:190} INFO - [2026-08-12T04:42:01.003+0000] {dag.py:4138} INFO - Setting next_dagrun for example_time_delta_sensor_async to None, run_after=None
[2026-08-12T04:42:01.031+0000] {processor.py:208} INFO - Processing /home/airflow/.local/lib/python3.12/site-packages/airflow/example_dags/example_time_delta_sensor_async.py took 0.089 seconds
[2026-08-12T04:42:32.049+0000] {processor.py:186} INFO - Started process (PID=1213) to work on /home/airflow/.local/lib/python3.12/site-packages/airflow/example_dags/example_time_delta_sensor_async.py
[2026-08-12T04:42:32.051+0000] {processor.py:914} INFO - Processing file /home/airflow/.local/lib/python3.12/site-packages/airflow/example_dags/example_time_delta_sensor_async.py for tasks to queue
[2026-08-12T04:42:32.054+0000] {logging_mixin.py:190} INFO - [2026-08-12T04:42:32.054+0000] {dagbag.py:587} INFO - Filling up the DagBag from /home/airflow/.local/lib/python3.12/site-packages/airflow/example_dags/example_time_delta_sensor_async.py
[2026-08-12T04:42:32.062+0000] {processor.py:925} INFO - DAG(s) 'example_time_delta_sensor_async' retrieved from /home/airflow/.local/lib/python3.12/site-packages/airflow/example_dags/example_time_delta_sensor_async.py
[2026-08-12T04:42:32.081+0000] {logging_mixin.py:190} INFO - [2026-08-12T04:42:32.081+0000] {dag.py:3211} INFO - Sync 1 DAGs
[2026-08-12T04:42:32.096+0000] {logging_mixin.py:190} INFO - [2026-08-12T04:42:32.095+0000] {dag.py:4138} INFO - Setting next_dagrun for example_time_delta_sensor_async to None, run_after=None
[2026-08-12T04:42:32.121+0000] {processor.py:208} INFO - Processing /home/airflow/.local/lib/python3.12/site-packages/airflow/example_dags/example_time_delta_sensor_async.py took 0.078 seconds
[2026-08-12T04:43:03.247+0000] {processor.py:186} INFO - Started process (PID=1275) to work on /home/airflow/.local/lib/python3.12/site-packages/airflow/example_dags/example_time_delta_sensor_async.py
[2026-08-12T04:43:03.250+0000] {processor.py:914} INFO - Processing file /home/airflow/.local/lib/python3.12/site-packages/airflow/example_dags/example_time_delta_sensor_async.py for tasks to queue
[2026-08-12T04:43:03.253+0000] {logging_mixin.py:190} INFO - [2026-08-12T04:43:03.253+0000] {dagbag.py:587} INFO - Filling up the DagBag from /home/airflow/.local/lib/python3.12/site-packages/airflow/example_dags/example_time_delta_sensor_async.py
[2026-08-12T04:43:03.260+0000] {processor.py:925} INFO - DAG(s) 'example_time_delta_sensor_async' retrieved from /home/airflow/.local/lib/python3.12/site-packages/airflow/example_dags/example_time_delta_sensor_async.py
[2026-08-12T04:43:03.279+0000] {logging_mixin.py:190} INFO - [2026-08-12T04:43:03.279+0000] {dag.py:3211} INFO - Sync 1 DAGs
[2026-08-12T04:43:03.292+0000] {logging_mixin.py:190} INFO - [2026-08-12T04:43:03.292+0000] {dag.py:4138} INFO - Setting next_dagrun for example_time_delta_sensor_async to None, run_after=None
[2026-08-12T04:43:03.330+0000] {processor.py:208} INFO - Processing /home/airflow/.local/lib/python3.12/site-packages/airflow/example_dags/example_time_delta_sensor_async.py took 0.088 seconds
[2026-08-12T04:43:34.243+0000] {processor.py:186} INFO - Started process (PID=1338) to work on /home/airflow/.local/lib/python3.12/site-packages/airflow/example_dags/example_time_delta_sensor_async.py
[2026-08-12T04:43:34.245+0000] {processor.py:914} INFO - Processing file /home/airflow/.local/lib/python3.12/site-packages/airflow/example_dags/example_time_delta_sensor_async.py for tasks to queue
[2026-08-12T04:43:34.249+0000] {logging_mixin.py:190} INFO - [2026-08-12T04:43:34.248+0000] {dagbag.py:587} INFO - Filling up the DagBag from /home/airflow/.local/lib/python3.12/site-packages/airflow/example_dags/example_time_delta_sensor_async.py
[2026-08-12T04:43:34.259+0000] {processor.py:925} INFO - DAG(s) 'example_time_delta_sensor_async' retrieved from /home/airflow/.local/lib/python3.12/site-packages/airflow/example_dags/example_time_delta_sensor_async.py
[2026-08-12T04:43:34.281+0000] {logging_mixin.py:190} INFO - [2026-08-12T04:43:34.281+0000] {dag.py:3211} INFO - Sync 1 DAGs
[2026-08-12T04:43:34.311+0000] {logging_mixin.py:190} INFO - [2026-08-12T04:43:34.310+0000] {dag.py:4138} INFO - Setting next_dagrun for example_time_delta_sensor_async to None, run_after=None
[2026-08-12T04:43:34.338+0000] {processor.py:208} INFO - Processing /home/airflow/.local/lib/python3.12/site-packages/airflow/example_dags/example_time_delta_sensor_async.py took 0.101 seconds
[2026-08-12T04:44:04.563+0000] {processor.py:186} INFO - Started process (PID=1400) to work on /home/airflow/.local/lib/python3.12/site-packages/airflow/example_dags/example_time_delta_sensor_async.py
[2026-08-12T04:44:04.564+0000] {processor.py:914} INFO - Processing file /home/airflow/.local/lib/python3.12/site-packages/airflow/example_dags/example_time_delta_sensor_async.py for tasks to queue
[2026-08-12T04:44:04.567+0000] {logging_mixin.py:190} INFO - [2026-08-12T04:44:04.567+0000] {dagbag.py:587} INFO - Filling up the DagBag from /home/airflow/.local/lib/python3.12/site-packages/airflow/example_dags/example_time_delta_sensor_async.py
[2026-08-12T04:44:04.574+0000] {processor.py:925} INFO - DAG(s) 'example_time_delta_sensor_async' retrieved from /home/airflow/.local/lib/python3.12/site-packages/airflow/example_dags/example_time_delta_sensor_async.py
[2026-08-12T04:44:04.596+0000] {logging_mixin.py:190} INFO - [2026-08-12T04:44:04.595+0000] {dag.py:3211} INFO - Sync 1 DAGs
[2026-08-12T04:44:04.609+0000] {logging_mixin.py:190} INFO - [2026-08-12T04:44:04.609+0000] {dag.py:4138} INFO - Setting next_dagrun for example_time_delta_sensor_async to None, run_after=None
[2026-08-12T04:44:04.638+0000] {processor.py:208} INFO - Processing /home/airflow/.local/lib/python3.12/site-packages/airflow/example_dags/example_time_delta_sensor_async.py took 0.081 seconds
[2026-08-12T04:44:35.199+0000] {processor.py:186} INFO - Started process (PID=1463) to work on /home/airflow/.local/lib/python3.12/site-packages/airflow/example_dags/example_time_delta_sensor_async.py
[2026-08-12T04:44:35.201+0000] {processor.py:914} INFO - Processing file /home/airflow/.local/lib/python3.12/site-packages/airflow/example_dags/example_time_delta_sensor_async.py for tasks to queue
[2026-08-12T04:44:35.206+0000] {logging_mixin.py:190} INFO - [2026-08-12T04:44:35.205+0000] {dagbag.py:587} INFO - Filling up the DagBag from /home/airflow/.local/lib/python3.12/site-packages/airflow/example_dags/example_time_delta_sensor_async.py
[2026-08-12T04:44:35.217+0000] {processor.py:925} INFO - DAG(s) 'example_time_delta_sensor_async' retrieved from /home/airflow/.local/lib/python3.12/site-packages/airflow/example_dags/example_time_delta_sensor_async.py
[2026-08-12T04:44:35.242+0000] {logging_mixin.py:190} INFO - [2026-08-12T04:44:35.242+0000] {dag.py:3211} INFO - Sync 1 DAGs
[2026-08-12T04:44:35.259+0000] {logging_mixin.py:190} INFO - [2026-08-12T04:44:35.259+0000] {dag.py:4138} INFO - Setting next_dagrun for example_time_delta_sensor_async to None, run_after=None
[2026-08-12T04:44:35.285+0000] {processor.py:208} INFO - Processing /home/airflow/.local/lib/python3.12/site-packages/airflow/example_dags/example_time_delta_sensor_async.py took 0.092 seconds
[2026-08-12T04:45:06.438+0000] {processor.py:186} INFO - Started process (PID=1525) to work on /home/airflow/.local/lib/python3.12/site-packages/airflow/example_dags/example_time_delta_sensor_async.py
[2026-08-12T04:45:06.440+0000] {processor.py:914} INFO - Processing file /home/airflow/.local/lib/python3.12/site-packages/airflow/example_dags/example_time_delta_sensor_async.py for tasks to queue
[2026-08-12T04:45:06.443+0000] {logging_mixin.py:190} INFO - [2026-08-12T04:45:06.443+0000] {dagbag.py:587} INFO - Filling up the DagBag from /home/airflow/.local/lib/python3.12/site-packages/airflow/example_dags/example_time_delta_sensor_async.py
[2026-08-12T04:45:06.450+0000] {processor.py:925} INFO - DAG(s) 'example_time_delta_sensor_async' retrieved from /home/airflow/.local/lib/python3.12/site-packages/airflow/example_dags/example_time_delta_sensor_async.py
[2026-08-12T04:45:06.470+0000] {logging_mixin.py:190} INFO - [2026-08-12T04:45:06.470+0000] {dag.py:3211} INFO - Sync 1 DAGs
[2026-08-12T04:45:06.485+0000] {logging_mixin.py:190} INFO - [2026-08-12T04:45:06.484+0000] {dag.py:4138} INFO - Setting next_dagrun for example_time_delta_sensor_async to None, run_after=None
[2026-08-12T04:45:06.513+0000] {processor.py:208} INFO - Processing /home/airflow/.local/lib/python3.12/site-packages/airflow/example_dags/example_time_delta_sensor_async.py took 0.081 seconds
[2026-08-12T04:45:37.639+0000] {processor.py:186} INFO - Started process (PID=1587) to work on /home/airflow/.local/lib/python3.12/site-packages/airflow/example_dags/example_time_delta_sensor_async.py
[2026-08-12T04:45:37.641+0000] {processor.py:914} INFO - Processing file /home/airflow/.local/lib/python3.12/site-packages/airflow/example_dags/example_time_delta_sensor_async.py for tasks to queue
[2026-08-12T04:45:37.644+0000] {logging_mixin.py:190} INFO - [2026-08-12T04:45:37.644+0000] {dagbag.py:587} INFO - Filling up the DagBag from /home/airflow/.local/lib/python3.12/site-packages/airflow/example_dags/example_time_delta_sensor_async.py
[2026-08-12T04:45:37.653+0000] {processor.py:925} INFO - DAG(s) 'example_time_delta_sensor_async' retrieved from /home/airflow/.local/lib/python3.12/site-packages/airflow/example_dags/example_time_delta_sensor_async.py
[2026-08-12T04:45:37.682+0000] {logging_mixin.py:190} INFO - [2026-08-12T04:45:37.682+0000] {dag.py:3211} INFO - Sync 1 DAGs
[2026-08-12T04:45:37.701+0000] {logging_mixin.py:190} INFO - [2026-08-12T04:45:37.701+0000] {dag.py:4138} INFO - Setting next_dagrun for example_time_delta_sensor_async to None, run_after=None
[2026-08-12T04:45:37.743+0000] {processor.py:208} INFO - Processing /home/airflow/.local/lib/python3.12/site-packages/airflow/example_dags/example_time_delta_sensor_async.py took 0.110 seconds
[2026-08-12T04:46:07.957+0000] {processor.py:186} INFO - Started process (PID=1649) to work on /home/airflow/.local/lib/python3.12/site-packages/airflow/example_dags/example_time_delta_sensor_async.py
[2026-08-12T04:46:07.959+0000] {processor.py:914} INFO - Processing file /home/airflow/.local/lib/python3.12/site-packages/airflow/example_dags/example_time_delta_sensor_async.py for tasks to queue
[2026-08-12T04:46:07.966+0000] {logging_mixin.py:190} INFO - [2026-08-12T04:46:07.965+0000] {dagbag.py:587} INFO - Filling up the DagBag from /home/airflow/.local/lib/python3.12/site-packages/airflow/example_dags/example_time_delta_sensor_async.py
[2026-08-12T04:46:07.976+0000] {processor.py:925} INFO - DAG(s) 'example_time_delta_sensor_async' retrieved from /home/airflow/.local/lib/python3.12/site-packages/airflow/example_dags/example_time_delta_sensor_async.py
[2026-08-12T04:46:08.001+0000] {logging_mixin.py:190} INFO - [2026-08-12T04:46:08.001+0000] {dag.py:3211} INFO - Sync 1 DAGs
[2026-08-12T04:46:08.017+0000] {logging_mixin.py:190} INFO - [2026-08-12T04:46:08.017+0000] {dag.py:4138} INFO - Setting next_dagrun for example_time_delta_sensor_async to None, run_after=None
[2026-08-12T04:46:08.042+0000] {processor.py:208} INFO - Processing /home/airflow/.local/lib/python3.12/site-packages/airflow/example_dags/example_time_delta_sensor_async.py took 0.093 seconds
[2026-08-12T04:46:38.522+0000] {processor.py:186} INFO - Started process (PID=1711) to work on /home/airflow/.local/lib/python3.12/site-packages/airflow/example_dags/example_time_delta_sensor_async.py
[2026-08-12T04:46:38.524+0000] {processor.py:914} INFO - Processing file /home/airflow/.local/lib/python3.12/site-packages/airflow/example_dags/example_time_delta_sensor_async.py for tasks to queue
[2026-08-12T04:46:38.539+0000] {logging_mixin.py:190} INFO - [2026-08-12T04:46:38.539+0000] {dagbag.py:587} INFO - Filling up the DagBag from /home/airflow/.local/lib/python3.12/site-packages/airflow/example_dags/example_time_delta_sensor_async.py
[2026-08-12T04:46:38.548+0000] {processor.py:925} INFO - DAG(s) 'example_time_delta_sensor_async' retrieved from /home/airflow/.local/lib/python3.12/site-packages/airflow/example_dags/example_time_delta_sensor_async.py
[2026-08-12T04:46:38.573+0000] {logging_mixin.py:190} INFO - [2026-08-12T04:46:38.573+0000] {dag.py:3211} INFO - Sync 1 DAGs
[2026-08-12T04:46:38.590+0000] {logging_mixin.py:190} INFO - [2026-08-12T04:46:38.590+0000] {dag.py:4138} INFO - Setting next_dagrun for example_time_delta_sensor_async to None, run_after=None
[2026-08-12T04:46:38.622+0000] {processor.py:208} INFO - Processing /home/airflow/.local/lib/python3.12/site-packages/airflow/example_dags/example_time_delta_sensor_async.py took 0.108 seconds
[2026-08-12T04:47:09.351+0000] {processor.py:186} INFO - Started process (PID=1773) to work on /home/airflow/.local/lib/python3.12/site-packages/airflow/example_dags/example_time_delta_sensor_async.py
[2026-08-12T04:47:09.353+0000] {processor.py:914} INFO - Processing file /home/airflow/.local/lib/python3.12/site-packages/airflow/example_dags/example_time_delta_sensor_async.py for tasks to queue
[2026-08-12T04:47:09.356+0000] {logging_mixin.py:190} INFO - [2026-08-12T04:47:09.356+0000] {dagbag.py:587} INFO - Filling up the DagBag from /home/airflow/.local/lib/python3.12/site-packages/airflow/example_dags/example_time_delta_sensor_async.py
[2026-08-12T04:47:09.366+0000] {processor.py:925} INFO - DAG(s) 'example_time_delta_sensor_async' retrieved from /home/airflow/.local/lib/python3.12/site-packages/airflow/example_dags/example_time_delta_sensor_async.py
[2026-08-12T04:47:09.389+0000] {logging_mixin.py:190} INFO - [2026-08-12T04:47:09.389+0000] {dag.py:3211} INFO - Sync 1 DAGs
[2026-08-12T04:47:09.409+0000] {logging_mixin.py:190} INFO - [2026-08-12T04:47:09.409+0000] {dag.py:4138} INFO - Setting next_dagrun for example_time_delta_sensor_async to None, run_after=None
[2026-08-12T04:47:09.438+0000] {processor.py:208} INFO - Processing /home/airflow/.local/lib/python3.12/site-packages/airflow/example_dags/example_time_delta_sensor_async.py took 0.097 seconds
[2026-08-12T04:47:40.713+0000] {processor.py:186} INFO - Started process (PID=1835) to work on /home/airflow/.local/lib/python3.12/site-packages/airflow/example_dags/example_time_delta_sensor_async.py
[2026-08-12T04:47:40.716+0000] {processor.py:914} INFO - Processing file /home/airflow/.local/lib/python3.12/site-packages/airflow/example_dags/example_time_delta_sensor_async.py for tasks to queue
[2026-08-12T04:47:40.720+0000] {logging_mixin.py:190} INFO - [2026-08-12T04:47:40.720+0000] {dagbag.py:587} INFO - Filling up the DagBag from /home/airflow/.local/lib/python3.12/site-packages/airflow/example_dags/example_time_delta_sensor_async.py
[2026-08-12T04:47:40.730+0000] {processor.py:925} INFO - DAG(s) 'example_time_delta_sensor_async' retrieved from /home/airflow/.local/lib/python3.12/site-packages/airflow/example_dags/example_time_delta_sensor_async.py
[2026-08-12T04:47:40.749+0000] {logging_mixin.py:190} INFO - [2026-08-12T04:47:40.748+0000] {dag.py:3211} INFO - Sync 1 DAGs
[2026-08-12T04:47:40.764+0000] {logging_mixin.py:190} INFO - [2026-08-12T04:47:40.763+0000] {dag.py:4138} INFO - Setting next_dagrun for example_time_delta_sensor_async to None, run_after=None
[2026-08-12T04:47:40.788+0000] {processor.py:208} INFO - Processing /home/airflow/.local/lib/python3.12/site-packages/airflow/example_dags/example_time_delta_sensor_async.py took 0.082 seconds
[2026-08-12T04:48:11.015+0000] {processor.py:186} INFO - Started process (PID=1897) to work on /home/airflow/.local/lib/python3.12/site-packages/airflow/example_dags/example_time_delta_sensor_async.py
[2026-08-12T04:48:11.017+0000] {processor.py:914} INFO - Processing file /home/airflow/.local/lib/python3.12/site-packages/airflow/example_dags/example_time_delta_sensor_async.py for tasks to queue
[2026-08-12T04:48:11.021+0000] {logging_mixin.py:190} INFO - [2026-08-12T04:48:11.021+0000] {dagbag.py:587} INFO - Filling up the DagBag from /home/airflow/.local/lib/python3.12/site-packages/airflow/example_dags/example_time_delta_sensor_async.py
[2026-08-12T04:48:11.029+0000] {processor.py:925} INFO - DAG(s) 'example_time_delta_sensor_async' retrieved from /home/airflow/.local/lib/python3.12/site-packages/airflow/example_dags/example_time_delta_sensor_async.py
[2026-08-12T04:48:11.062+0000] {logging_mixin.py:190} INFO - [2026-08-12T04:48:11.061+0000] {dag.py:3211} INFO - Sync 1 DAGs
[2026-08-12T04:48:11.095+0000] {logging_mixin.py:190} INFO - [2026-08-12T04:48:11.095+0000] {dag.py:4138} INFO - Setting next_dagrun for example_time_delta_sensor_async to None, run_after=None
[2026-08-12T04:48:11.129+0000] {processor.py:208} INFO - Processing /home/airflow/.local/lib/python3.12/site-packages/airflow/example_dags/example_time_delta_sensor_async.py took 0.119 seconds
