[2026-08-12T04:31:35.129+0000] {processor.py:186} INFO - Started process (PID=105) to work on /home/airflow/.local/lib/python3.12/site-packages/airflow/example_dags/example_dag_decorator.py
[2026-08-12T04:31:35.131+0000] {processor.py:914} INFO - Processing file /home/airflow/.local/lib/python3.12/site-packages/airflow/example_dags/example_dag_decorator.py for tasks to queue
[2026-08-12T04:31:35.135+0000] {logging_mixin.py:190} INFO - [2026-08-12T04:31:35.135+0000] {dagbag.py:587} INFO - Filling up the DagBag from /home/airflow/.local/lib/python3.12/site-packages/airflow/example_dags/example_dag_decorator.py
[2026-08-12T04:31:35.153+0000] {processor.py:925} INFO - DAG(s) 'example_dag_decorator' retrieved from /home/airflow/.local/lib/python3.12/site-packages/airflow/example_dags/example_dag_decorator.py
[2026-08-12T04:31:35.282+0000] {logging_mixin.py:190} INFO - [2026-08-12T04:31:35.281+0000] {override.py:1858} INFO - Created Permission View: can read on DAG:example_dag_decorator
[2026-08-12T04:31:35.297+0000] {logging_mixin.py:190} INFO - [2026-08-12T04:31:35.297+0000] {override.py:1858} INFO - Created Permission View: can edit on DAG:example_dag_decorator
[2026-08-12T04:31:35.310+0000] {logging_mixin.py:190} INFO - [2026-08-12T04:31:35.309+0000] {override.py:1858} INFO - Created Permission View: can delete on DAG:example_dag_decorator
[2026-08-12T04:31:35.311+0000] {logging_mixin.py:190} INFO - [2026-08-12T04:31:35.311+0000] {dag.py:3211} INFO - Sync 1 DAGs
[2026-08-12T04:31:35.326+0000] {logging_mixin.py:190} INFO - [2026-08-12T04:31:35.325+0000] {dag.py:3234} INFO - Creating ORM DAG for example_dag_decorator
[2026-08-12T04:31:35.328+0000] {logging_mixin.py:190} INFO - [2026-08-12T04:31:35.327+0000] {dag.py:4138} INFO - Setting next_dagrun for example_dag_decorator to None, run_after=None
[2026-08-12T04:31:35.359+0000] {processor.py:208} INFO - Processing /home/airflow/.local/lib/python3.12/site-packages/airflow/example_dags/example_dag_decorator.py took 0.238 seconds
[2026-08-12T04:32:06.062+0000] {processor.py:186} INFO - Started process (PID=167) to work on /home/airflow/.local/lib/python3.12/site-packages/airflow/example_dags/example_dag_decorator.py
[2026-08-12T04:32:06.063+0000] {processor.py:914} INFO - Processing file /home/airflow/.local/lib/python3.12/site-packages/airflow/example_dags/example_dag_decorator.py for tasks to queue
[2026-08-12T04:32:06.067+0000] {logging_mixin.py:190} INFO - [2026-08-12T04:32:06.066+0000] {dagbag.py:587} INFO - Filling up the DagBag from /home/airflow/.local/lib/python3.12/site-packages/airflow/example_dags/example_dag_decorator.py
[2026-08-12T04:32:06.079+0000] {processor.py:925} INFO - DAG(s) 'example_dag_decorator' retrieved from /home/airflow/.local/lib/python3.12/site-packages/airflow/example_dags/example_dag_decorator.py
[2026-08-12T04:32:06.106+0000] {logging_mixin.py:190} INFO - [2026-08-12T04:32:06.105+0000] {dag.py:3211} INFO - Sync 1 DAGs
[2026-08-12T04:32:06.121+0000] {logging_mixin.py:190} INFO - [2026-08-12T04:32:06.121+0000] {dag.py:4138} INFO - Setting next_dagrun for example_dag_decorator to None, run_after=None
[2026-08-12T04:32:06.145+0000] {processor.py:208} INFO - Processing /home/airflow/.local/lib/python3.12/site-packages/airflow/example_dags/example_dag_decorator.py took 0.089 seconds
[2026-08-12T04:33:21.917+0000] {processor.py:186} INFO - Started process (PID=92) to work on /home/airflow/.local/lib/python3.12/site-packages/airflow/example_dags/example_dag_decorator.py
[2026-08-12T04:33:21.919+0000] {processor.py:914} INFO - Processing file /home/airflow/.local/lib/python3.12/site-packages/airflow/example_dags/example_dag_decorator.py for tasks to queue
[2026-08-12T04:33:21.923+0000] {logging_mixin.py:190} INFO - [2026-08-12T04:33:21.923+0000] {dagbag.py:587} INFO - Filling up the DagBag from /home/airflow/.local/lib/python3.12/site-packages/airflow/example_dags/example_dag_decorator.py
[2026-08-12T04:33:21.939+0000] {processor.py:925} INFO - DAG(s) 'example_dag_decorator' retrieved from /home/airflow/.local/lib/python3.12/site-packages/airflow/example_dags/example_dag_decorator.py
[2026-08-12T04:33:22.088+0000] {logging_mixin.py:190} INFO - [2026-08-12T04:33:22.088+0000] {dag.py:3211} INFO - Sync 1 DAGs
[2026-08-12T04:33:22.115+0000] {logging_mixin.py:190} INFO - [2026-08-12T04:33:22.114+0000] {dag.py:4138} INFO - Setting next_dagrun for example_dag_decorator to None, run_after=None
[2026-08-12T04:33:22.166+0000] {processor.py:208} INFO - Processing /home/airflow/.local/lib/python3.12/site-packages/airflow/example_dags/example_dag_decorator.py took 0.255 seconds
[2026-08-12T04:33:52.749+0000] {processor.py:186} INFO - Started process (PID=154) to work on /home/airflow/.local/lib/python3.12/site-packages/airflow/example_dags/example_dag_decorator.py
[2026-08-12T04:33:52.751+0000] {processor.py:914} INFO - Processing file /home/airflow/.local/lib/python3.12/site-packages/airflow/example_dags/example_dag_decorator.py for tasks to queue
[2026-08-12T04:33:52.754+0000] {logging_mixin.py:190} INFO - [2026-08-12T04:33:52.754+0000] {dagbag.py:587} INFO - Filling up the DagBag from /home/airflow/.local/lib/python3.12/site-packages/airflow/example_dags/example_dag_decorator.py
[2026-08-12T04:33:52.766+0000] {processor.py:925} INFO - DAG(s) 'example_dag_decorator' retrieved from /home/airflow/.local/lib/python3.12/site-packages/airflow/example_dags/example_dag_decorator.py
[2026-08-12T04:33:52.791+0000] {logging_mixin.py:190} INFO - [2026-08-12T04:33:52.791+0000] {dag.py:3211} INFO - Sync 1 DAGs
[2026-08-12T04:33:52.807+0000] {logging_mixin.py:190} INFO - [2026-08-12T04:33:52.806+0000] {dag.py:4138} INFO - Setting next_dagrun for example_dag_decorator to None, run_after=None
[2026-08-12T04:33:52.830+0000] {processor.py:208} INFO - Processing /home/airflow/.local/lib/python3.12/site-packages/airflow/example_dags/example_dag_decorator.py took 0.087 seconds
[2026-08-12T04:34:23.058+0000] {processor.py:186} INFO - Started process (PID=216) to work on /home/airflow/.local/lib/python3.12/site-packages/airflow/example_dags/example_dag_decorator.py
[2026-08-12T04:34:23.060+0000] {processor.py:914} INFO - Processing file /home/airflow/.local/lib/python3.12/site-packages/airflow/example_dags/example_dag_decorator.py for tasks to queue
[2026-08-12T04:34:23.063+0000] {logging_mixin.py:190} INFO - [2026-08-12T04:34:23.063+0000] {dagbag.py:587} INFO - Filling up the DagBag from /home/airflow/.local/lib/python3.12/site-packages/airflow/example_dags/example_dag_decorator.py
[2026-08-12T04:34:23.078+0000] {processor.py:925} INFO - DAG(s) 'example_dag_decorator' retrieved from /home/airflow/.local/lib/python3.12/site-packages/airflow/example_dags/example_dag_decorator.py
[2026-08-12T04:34:23.187+0000] {logging_mixin.py:190} INFO - [2026-08-12T04:34:23.187+0000] {dag.py:3211} INFO - Sync 1 DAGs
[2026-08-12T04:34:23.215+0000] {logging_mixin.py:190} INFO - [2026-08-12T04:34:23.215+0000] {dag.py:4138} INFO - Setting next_dagrun for example_dag_decorator to None, run_after=None
[2026-08-12T04:34:23.243+0000] {processor.py:208} INFO - Processing /home/airflow/.local/lib/python3.12/site-packages/airflow/example_dags/example_dag_decorator.py took 0.192 seconds
[2026-08-12T04:34:53.359+0000] {processor.py:186} INFO - Started process (PID=278) to work on /home/airflow/.local/lib/python3.12/site-packages/airflow/example_dags/example_dag_decorator.py
[2026-08-12T04:34:53.361+0000] {processor.py:914} INFO - Processing file /home/airflow/.local/lib/python3.12/site-packages/airflow/example_dags/example_dag_decorator.py for tasks to queue
[2026-08-12T04:34:53.364+0000] {logging_mixin.py:190} INFO - [2026-08-12T04:34:53.364+0000] {dagbag.py:587} INFO - Filling up the DagBag from /home/airflow/.local/lib/python3.12/site-packages/airflow/example_dags/example_dag_decorator.py
[2026-08-12T04:34:53.377+0000] {processor.py:925} INFO - DAG(s) 'example_dag_decorator' retrieved from /home/airflow/.local/lib/python3.12/site-packages/airflow/example_dags/example_dag_decorator.py
[2026-08-12T04:34:53.522+0000] {logging_mixin.py:190} INFO - [2026-08-12T04:34:53.521+0000] {dag.py:3211} INFO - Sync 1 DAGs
[2026-08-12T04:34:53.535+0000] {logging_mixin.py:190} INFO - [2026-08-12T04:34:53.535+0000] {dag.py:4138} INFO - Setting next_dagrun for example_dag_decorator to None, run_after=None
[2026-08-12T04:34:53.566+0000] {processor.py:208} INFO - Processing /home/airflow/.local/lib/python3.12/site-packages/airflow/example_dags/example_dag_decorator.py took 0.214 seconds
[2026-08-12T04:35:24.377+0000] {processor.py:186} INFO - Started process (PID=341) to work on /home/airflow/.local/lib/python3.12/site-packages/airflow/example_dags/example_dag_decorator.py
[2026-08-12T04:35:24.379+0000] {processor.py:914} INFO - Processing file /home/airflow/.local/lib/python3.12/site-packages/airflow/example_dags/example_dag_decorator.py for tasks to queue
[2026-08-12T04:35:24.382+0000] {logging_mixin.py:190} INFO - [2026-08-12T04:35:24.381+0000] {dagbag.py:587} INFO - Filling up the DagBag from /home/airflow/.local/lib/python3.12/site-packages/airflow/example_dags/example_dag_decorator.py
[2026-08-12T04:35:24.392+0000] {processor.py:925} INFO - DAG(s) 'example_dag_decorator' retrieved from /home/airflow/.local/lib/python3.12/site-packages/airflow/example_dags/example_dag_decorator.py
[2026-08-12T04:35:24.491+0000] {logging_mixin.py:190} INFO - [2026-08-12T04:35:24.491+0000] {dag.py:3211} INFO - Sync 1 DAGs
[2026-08-12T04:35:24.502+0000] {logging_mixin.py:190} INFO - [2026-08-12T04:35:24.502+0000] {dag.py:4138} INFO - Setting next_dagrun for example_dag_decorator to None, run_after=None
[2026-08-12T04:35:24.528+0000] {processor.py:208} INFO - Processing /home/airflow/.local/lib/python3.12/site-packages/airflow/example_dags/example_dag_decorator.py took 0.156 seconds
[2026-08-12T04:35:54.582+0000] {processor.py:186} INFO - Started process (PID=402) to work on /home/airflow/.local/lib/python3.12/site-packages/airflow/example_dags/example_dag_decorator.py
[2026-08-12T04:35:54.584+0000] {processor.py:914} INFO - Processing file /home/airflow/.local/lib/python3.12/site-packages/airflow/example_dags/example_dag_decorator.py for tasks to queue
[2026-08-12T04:35:54.587+0000] {logging_mixin.py:190} INFO - [2026-08-12T04:35:54.586+0000] {dagbag.py:587} INFO - Filling up the DagBag from /home/airflow/.local/lib/python3.12/site-packages/airflow/example_dags/example_dag_decorator.py
[2026-08-12T04:35:54.599+0000] {processor.py:925} INFO - DAG(s) 'example_dag_decorator' retrieved from /home/airflow/.local/lib/python3.12/site-packages/airflow/example_dags/example_dag_decorator.py
[2026-08-12T04:35:54.721+0000] {logging_mixin.py:190} INFO - [2026-08-12T04:35:54.721+0000] {dag.py:3211} INFO - Sync 1 DAGs
[2026-08-12T04:35:54.737+0000] {logging_mixin.py:190} INFO - [2026-08-12T04:35:54.736+0000] {dag.py:4138} INFO - Setting next_dagrun for example_dag_decorator to None, run_after=None
[2026-08-12T04:35:54.776+0000] {processor.py:208} INFO - Processing /home/airflow/.local/lib/python3.12/site-packages/airflow/example_dags/example_dag_decorator.py took 0.199 seconds
[2026-08-12T04:36:25.073+0000] {processor.py:186} INFO - Started process (PID=465) to work on /home/airflow/.local/lib/python3.12/site-packages/airflow/example_dags/example_dag_decorator.py
[2026-08-12T04:36:25.074+0000] {processor.py:914} INFO - Processing file /home/airflow/.local/lib/python3.12/site-packages/airflow/example_dags/example_dag_decorator.py for tasks to queue
[2026-08-12T04:36:25.078+0000] {logging_mixin.py:190} INFO - [2026-08-12T04:36:25.078+0000] {dagbag.py:587} INFO - Filling up the DagBag from /home/airflow/.local/lib/python3.12/site-packages/airflow/example_dags/example_dag_decorator.py
[2026-08-12T04:36:25.092+0000] {processor.py:925} INFO - DAG(s) 'example_dag_decorator' retrieved from /home/airflow/.local/lib/python3.12/site-packages/airflow/example_dags/example_dag_decorator.py
[2026-08-12T04:36:25.205+0000] {logging_mixin.py:190} INFO - [2026-08-12T04:36:25.205+0000] {dag.py:3211} INFO - Sync 1 DAGs
[2026-08-12T04:36:25.219+0000] {logging_mixin.py:190} INFO - [2026-08-12T04:36:25.219+0000] {dag.py:4138} INFO - Setting next_dagrun for example_dag_decorator to None, run_after=None
[2026-08-12T04:36:25.247+0000] {processor.py:208} INFO - Processing /home/airflow/.local/lib/python3.12/site-packages/airflow/example_dags/example_dag_decorator.py took 0.180 seconds
[2026-08-12T04:36:55.634+0000] {processor.py:186} INFO - Started process (PID=527) to work on /home/airflow/.local/lib/python3.12/site-packages/airflow/example_dags/example_dag_decorator.py
[2026-08-12T04:36:55.636+0000] {processor.py:914} INFO - Processing file /home/airflow/.local/lib/python3.12/site-packages/airflow/example_dags/example_dag_decorator.py for tasks to queue
[2026-08-12T04:36:55.639+0000] {logging_mixin.py:190} INFO - [2026-08-12T04:36:55.639+0000] {dagbag.py:587} INFO - Filling up the DagBag from /home/airflow/.local/lib/python3.12/site-packages/airflow/example_dags/example_dag_decorator.py
[2026-08-12T04:36:55.652+0000] {processor.py:925} INFO - DAG(s) 'example_dag_decorator' retrieved from /home/airflow/.local/lib/python3.12/site-packages/airflow/example_dags/example_dag_decorator.py
[2026-08-12T04:36:55.779+0000] {logging_mixin.py:190} INFO - [2026-08-12T04:36:55.778+0000] {dag.py:3211} INFO - Sync 1 DAGs
[2026-08-12T04:36:55.790+0000] {logging_mixin.py:190} INFO - [2026-08-12T04:36:55.790+0000] {dag.py:4138} INFO - Setting next_dagrun for example_dag_decorator to None, run_after=None
[2026-08-12T04:36:55.819+0000] {processor.py:208} INFO - Processing /home/airflow/.local/lib/python3.12/site-packages/airflow/example_dags/example_dag_decorator.py took 0.191 seconds
[2026-08-12T04:37:26.557+0000] {processor.py:186} INFO - Started process (PID=589) to work on /home/airflow/.local/lib/python3.12/site-packages/airflow/example_dags/example_dag_decorator.py
[2026-08-12T04:37:26.559+0000] {processor.py:914} INFO - Processing file /home/airflow/.local/lib/python3.12/site-packages/airflow/example_dags/example_dag_decorator.py for tasks to queue
[2026-08-12T04:37:26.563+0000] {logging_mixin.py:190} INFO - [2026-08-12T04:37:26.563+0000] {dagbag.py:587} INFO - Filling up the DagBag from /home/airflow/.local/lib/python3.12/site-packages/airflow/example_dags/example_dag_decorator.py
[2026-08-12T04:37:26.575+0000] {processor.py:925} INFO - DAG(s) 'example_dag_decorator' retrieved from /home/airflow/.local/lib/python3.12/site-packages/airflow/example_dags/example_dag_decorator.py
[2026-08-12T04:37:26.675+0000] {logging_mixin.py:190} INFO - [2026-08-12T04:37:26.675+0000] {dag.py:3211} INFO - Sync 1 DAGs
[2026-08-12T04:37:26.687+0000] {logging_mixin.py:190} INFO - [2026-08-12T04:37:26.687+0000] {dag.py:4138} INFO - Setting next_dagrun for example_dag_decorator to None, run_after=None
[2026-08-12T04:37:26.713+0000] {processor.py:208} INFO - Processing /home/airflow/.local/lib/python3.12/site-packages/airflow/example_dags/example_dag_decorator.py took 0.163 seconds
[2026-08-12T04:37:57.206+0000] {processor.py:186} INFO - Started process (PID=651) to work on /home/airflow/.local/lib/python3.12/site-packages/airflow/example_dags/example_dag_decorator.py
[2026-08-12T04:37:57.207+0000] {processor.py:914} INFO - Processing file /home/airflow/.local/lib/python3.12/site-packages/airflow/example_dags/example_dag_decorator.py for tasks to queue
[2026-08-12T04:37:57.211+0000] {logging_mixin.py:190} INFO - [2026-08-12T04:37:57.211+0000] {dagbag.py:587} INFO - Filling up the DagBag from /home/airflow/.local/lib/python3.12/site-packages/airflow/example_dags/example_dag_decorator.py
[2026-08-12T04:37:57.227+0000] {processor.py:925} INFO - DAG(s) 'example_dag_decorator' retrieved from /home/airflow/.local/lib/python3.12/site-packages/airflow/example_dags/example_dag_decorator.py
[2026-08-12T04:37:57.331+0000] {logging_mixin.py:190} INFO - [2026-08-12T04:37:57.331+0000] {dag.py:3211} INFO - Sync 1 DAGs
[2026-08-12T04:37:57.344+0000] {logging_mixin.py:190} INFO - [2026-08-12T04:37:57.344+0000] {dag.py:4138} INFO - Setting next_dagrun for example_dag_decorator to None, run_after=None
[2026-08-12T04:37:57.372+0000] {processor.py:208} INFO - Processing /home/airflow/.local/lib/python3.12/site-packages/airflow/example_dags/example_dag_decorator.py took 0.172 seconds
[2026-08-12T04:38:27.436+0000] {processor.py:186} INFO - Started process (PID=712) to work on /home/airflow/.local/lib/python3.12/site-packages/airflow/example_dags/example_dag_decorator.py
[2026-08-12T04:38:27.437+0000] {processor.py:914} INFO - Processing file /home/airflow/.local/lib/python3.12/site-packages/airflow/example_dags/example_dag_decorator.py for tasks to queue
[2026-08-12T04:38:27.440+0000] {logging_mixin.py:190} INFO - [2026-08-12T04:38:27.440+0000] {dagbag.py:587} INFO - Filling up the DagBag from /home/airflow/.local/lib/python3.12/site-packages/airflow/example_dags/example_dag_decorator.py
[2026-08-12T04:38:27.452+0000] {processor.py:925} INFO - DAG(s) 'example_dag_decorator' retrieved from /home/airflow/.local/lib/python3.12/site-packages/airflow/example_dags/example_dag_decorator.py
[2026-08-12T04:38:27.592+0000] {logging_mixin.py:190} INFO - [2026-08-12T04:38:27.592+0000] {dag.py:3211} INFO - Sync 1 DAGs
[2026-08-12T04:38:27.608+0000] {logging_mixin.py:190} INFO - [2026-08-12T04:38:27.608+0000] {dag.py:4138} INFO - Setting next_dagrun for example_dag_decorator to None, run_after=None
[2026-08-12T04:38:27.644+0000] {processor.py:208} INFO - Processing /home/airflow/.local/lib/python3.12/site-packages/airflow/example_dags/example_dag_decorator.py took 0.215 seconds
[2026-08-12T04:38:57.861+0000] {processor.py:186} INFO - Started process (PID=774) to work on /home/airflow/.local/lib/python3.12/site-packages/airflow/example_dags/example_dag_decorator.py
[2026-08-12T04:38:57.862+0000] {processor.py:914} INFO - Processing file /home/airflow/.local/lib/python3.12/site-packages/airflow/example_dags/example_dag_decorator.py for tasks to queue
[2026-08-12T04:38:57.865+0000] {logging_mixin.py:190} INFO - [2026-08-12T04:38:57.865+0000] {dagbag.py:587} INFO - Filling up the DagBag from /home/airflow/.local/lib/python3.12/site-packages/airflow/example_dags/example_dag_decorator.py
[2026-08-12T04:38:57.879+0000] {processor.py:925} INFO - DAG(s) 'example_dag_decorator' retrieved from /home/airflow/.local/lib/python3.12/site-packages/airflow/example_dags/example_dag_decorator.py
[2026-08-12T04:38:57.977+0000] {logging_mixin.py:190} INFO - [2026-08-12T04:38:57.977+0000] {dag.py:3211} INFO - Sync 1 DAGs
[2026-08-12T04:38:57.989+0000] {logging_mixin.py:190} INFO - [2026-08-12T04:38:57.989+0000] {dag.py:4138} INFO - Setting next_dagrun for example_dag_decorator to None, run_after=None
[2026-08-12T04:38:58.013+0000] {processor.py:208} INFO - Processing /home/airflow/.local/lib/python3.12/site-packages/airflow/example_dags/example_dag_decorator.py took 0.157 seconds
[2026-08-12T04:39:28.139+0000] {processor.py:186} INFO - Started process (PID=836) to work on /home/airflow/.local/lib/python3.12/site-packages/airflow/example_dags/example_dag_decorator.py
[2026-08-12T04:39:28.141+0000] {processor.py:914} INFO - Processing file /home/airflow/.local/lib/python3.12/site-packages/airflow/example_dags/example_dag_decorator.py for tasks to queue
[2026-08-12T04:39:28.143+0000] {logging_mixin.py:190} INFO - [2026-08-12T04:39:28.143+0000] {dagbag.py:587} INFO - Filling up the DagBag from /home/airflow/.local/lib/python3.12/site-packages/airflow/example_dags/example_dag_decorator.py
[2026-08-12T04:39:28.156+0000] {processor.py:925} INFO - DAG(s) 'example_dag_decorator' retrieved from /home/airflow/.local/lib/python3.12/site-packages/airflow/example_dags/example_dag_decorator.py
[2026-08-12T04:39:28.248+0000] {logging_mixin.py:190} INFO - [2026-08-12T04:39:28.248+0000] {dag.py:3211} INFO - Sync 1 DAGs
[2026-08-12T04:39:28.260+0000] {logging_mixin.py:190} INFO - [2026-08-12T04:39:28.260+0000] {dag.py:4138} INFO - Setting next_dagrun for example_dag_decorator to None, run_after=None
[2026-08-12T04:39:28.285+0000] {processor.py:208} INFO - Processing /home/airflow/.local/lib/python3.12/site-packages/airflow/example_dags/example_dag_decorator.py took 0.151 seconds
[2026-08-12T04:39:58.707+0000] {processor.py:186} INFO - Started process (PID=898) to work on /home/airflow/.local/lib/python3.12/site-packages/airflow/example_dags/example_dag_decorator.py
[2026-08-12T04:39:58.709+0000] {processor.py:914} INFO - Processing file /home/airflow/.local/lib/python3.12/site-packages/airflow/example_dags/example_dag_decorator.py for tasks to queue
[2026-08-12T04:39:58.713+0000] {logging_mixin.py:190} INFO - [2026-08-12T04:39:58.712+0000] {dagbag.py:587} INFO - Filling up the DagBag from /home/airflow/.local/lib/python3.12/site-packages/airflow/example_dags/example_dag_decorator.py
[2026-08-12T04:39:58.728+0000] {processor.py:925} INFO - DAG(s) 'example_dag_decorator' retrieved from /home/airflow/.local/lib/python3.12/site-packages/airflow/example_dags/example_dag_decorator.py
[2026-08-12T04:39:58.864+0000] {logging_mixin.py:190} INFO - [2026-08-12T04:39:58.864+0000] {dag.py:3211} INFO - Sync 1 DAGs
[2026-08-12T04:39:58.879+0000] {logging_mixin.py:190} INFO - [2026-08-12T04:39:58.879+0000] {dag.py:4138} INFO - Setting next_dagrun for example_dag_decorator to None, run_after=None
[2026-08-12T04:39:58.906+0000] {processor.py:208} INFO - Processing /home/airflow/.local/lib/python3.12/site-packages/airflow/example_dags/example_dag_decorator.py took 0.207 seconds
[2026-08-12T04:40:28.947+0000] {processor.py:186} INFO - Started process (PID=960) to work on /home/airflow/.local/lib/python3.12/site-packages/airflow/example_dags/example_dag_decorator.py
[2026-08-12T04:40:28.948+0000] {processor.py:914} INFO - Processing file /home/airflow/.local/lib/python3.12/site-packages/airflow/example_dags/example_dag_decorator.py for tasks to queue
[2026-08-12T04:40:28.951+0000] {logging_mixin.py:190} INFO - [2026-08-12T04:40:28.950+0000] {dagbag.py:587} INFO - Filling up the DagBag from /home/airflow/.local/lib/python3.12/site-packages/airflow/example_dags/example_dag_decorator.py
[2026-08-12T04:40:28.964+0000] {processor.py:925} INFO - DAG(s) 'example_dag_decorator' retrieved from /home/airflow/.local/lib/python3.12/site-packages/airflow/example_dags/example_dag_decorator.py
[2026-08-12T04:40:29.063+0000] {logging_mixin.py:190} INFO - [2026-08-12T04:40:29.063+0000] {dag.py:3211} INFO - Sync 1 DAGs
[2026-08-12T04:40:29.077+0000] {logging_mixin.py:190} INFO - [2026-08-12T04:40:29.077+0000] {dag.py:4138} INFO - Setting next_dagrun for example_dag_decorator to None, run_after=None
[2026-08-12T04:40:29.099+0000] {processor.py:208} INFO - Processing /home/airflow/.local/lib/python3.12/site-packages/airflow/example_dags/example_dag_decorator.py took 0.157 seconds
[2026-08-12T04:40:59.151+0000] {processor.py:186} INFO - Started process (PID=1022) to work on /home/airflow/.local/lib/python3.12/site-packages/airflow/example_dags/example_dag_decorator.py
[2026-08-12T04:40:59.152+0000] {processor.py:914} INFO - Processing file /home/airflow/.local/lib/python3.12/site-packages/airflow/example_dags/example_dag_decorator.py for tasks to queue
[2026-08-12T04:40:59.155+0000] {logging_mixin.py:190} INFO - [2026-08-12T04:40:59.154+0000] {dagbag.py:587} INFO - Filling up the DagBag from /home/airflow/.local/lib/python3.12/site-packages/airflow/example_dags/example_dag_decorator.py
[2026-08-12T04:40:59.167+0000] {processor.py:925} INFO - DAG(s) 'example_dag_decorator' retrieved from /home/airflow/.local/lib/python3.12/site-packages/airflow/example_dags/example_dag_decorator.py
[2026-08-12T04:40:59.264+0000] {logging_mixin.py:190} INFO - [2026-08-12T04:40:59.263+0000] {dag.py:3211} INFO - Sync 1 DAGs
[2026-08-12T04:40:59.274+0000] {logging_mixin.py:190} INFO - [2026-08-12T04:40:59.274+0000] {dag.py:4138} INFO - Setting next_dagrun for example_dag_decorator to None, run_after=None
[2026-08-12T04:40:59.299+0000] {processor.py:208} INFO - Processing /home/airflow/.local/lib/python3.12/site-packages/airflow/example_dags/example_dag_decorator.py took 0.154 seconds
[2026-08-12T04:41:29.559+0000] {processor.py:186} INFO - Started process (PID=1084) to work on /home/airflow/.local/lib/python3.12/site-packages/airflow/example_dags/example_dag_decorator.py
[2026-08-12T04:41:29.561+0000] {processor.py:914} INFO - Processing file /home/airflow/.local/lib/python3.12/site-packages/airflow/example_dags/example_dag_decorator.py for tasks to queue
[2026-08-12T04:41:29.566+0000] {logging_mixin.py:190} INFO - [2026-08-12T04:41:29.565+0000] {dagbag.py:587} INFO - Filling up the DagBag from /home/airflow/.local/lib/python3.12/site-packages/airflow/example_dags/example_dag_decorator.py
[2026-08-12T04:41:29.594+0000] {processor.py:925} INFO - DAG(s) 'example_dag_decorator' retrieved from /home/airflow/.local/lib/python3.12/site-packages/airflow/example_dags/example_dag_decorator.py
[2026-08-12T04:41:29.691+0000] {logging_mixin.py:190} INFO - [2026-08-12T04:41:29.691+0000] {dag.py:3211} INFO - Sync 1 DAGs
[2026-08-12T04:41:29.706+0000] {logging_mixin.py:190} INFO - [2026-08-12T04:41:29.706+0000] {dag.py:4138} INFO - Setting next_dagrun for example_dag_decorator to None, run_after=None
[2026-08-12T04:41:29.740+0000] {processor.py:208} INFO - Processing /home/airflow/.local/lib/python3.12/site-packages/airflow/example_dags/example_dag_decorator.py took 0.187 seconds
[2026-08-12T04:42:00.583+0000] {processor.py:186} INFO - Started process (PID=1146) to work on /home/airflow/.local/lib/python3.12/site-packages/airflow/example_dags/example_dag_decorator.py
[2026-08-12T04:42:00.585+0000] {processor.py:914} INFO - Processing file /home/airflow/.local/lib/python3.12/site-packages/airflow/example_dags/example_dag_decorator.py for tasks to queue
[2026-08-12T04:42:00.588+0000] {logging_mixin.py:190} INFO - [2026-08-12T04:42:00.587+0000] {dagbag.py:587} INFO - Filling up the DagBag from /home/airflow/.local/lib/python3.12/site-packages/airflow/example_dags/example_dag_decorator.py
[2026-08-12T04:42:00.601+0000] {processor.py:925} INFO - DAG(s) 'example_dag_decorator' retrieved from /home/airflow/.local/lib/python3.12/site-packages/airflow/example_dags/example_dag_decorator.py
[2026-08-12T04:42:00.729+0000] {logging_mixin.py:190} INFO - [2026-08-12T04:42:00.729+0000] {dag.py:3211} INFO - Sync 1 DAGs
[2026-08-12T04:42:00.742+0000] {logging_mixin.py:190} INFO - [2026-08-12T04:42:00.742+0000] {dag.py:4138} INFO - Setting next_dagrun for example_dag_decorator to None, run_after=None
[2026-08-12T04:42:00.769+0000] {processor.py:208} INFO - Processing /home/airflow/.local/lib/python3.12/site-packages/airflow/example_dags/example_dag_decorator.py took 0.194 seconds
[2026-08-12T04:42:31.593+0000] {processor.py:186} INFO - Started process (PID=1208) to work on /home/airflow/.local/lib/python3.12/site-packages/airflow/example_dags/example_dag_decorator.py
[2026-08-12T04:42:31.595+0000] {processor.py:914} INFO - Processing file /home/airflow/.local/lib/python3.12/site-packages/airflow/example_dags/example_dag_decorator.py for tasks to queue
[2026-08-12T04:42:31.598+0000] {logging_mixin.py:190} INFO - [2026-08-12T04:42:31.598+0000] {dagbag.py:587} INFO - Filling up the DagBag from /home/airflow/.local/lib/python3.12/site-packages/airflow/example_dags/example_dag_decorator.py
[2026-08-12T04:42:31.611+0000] {processor.py:925} INFO - DAG(s) 'example_dag_decorator' retrieved from /home/airflow/.local/lib/python3.12/site-packages/airflow/example_dags/example_dag_decorator.py
[2026-08-12T04:42:31.735+0000] {logging_mixin.py:190} INFO - [2026-08-12T04:42:31.735+0000] {dag.py:3211} INFO - Sync 1 DAGs
[2026-08-12T04:42:31.748+0000] {logging_mixin.py:190} INFO - [2026-08-12T04:42:31.747+0000] {dag.py:4138} INFO - Setting next_dagrun for example_dag_decorator to None, run_after=None
[2026-08-12T04:42:31.772+0000] {processor.py:208} INFO - Processing /home/airflow/.local/lib/python3.12/site-packages/airflow/example_dags/example_dag_decorator.py took 0.185 seconds
[2026-08-12T04:43:02.635+0000] {processor.py:186} INFO - Started process (PID=1270) to work on /home/airflow/.local/lib/python3.12/site-packages/airflow/example_dags/example_dag_decorator.py
[2026-08-12T04:43:02.636+0000] {processor.py:914} INFO - Processing file /home/airflow/.local/lib/python3.12/site-packages/airflow/example_dags/example_dag_decorator.py for tasks to queue
[2026-08-12T04:43:02.640+0000] {logging_mixin.py:190} INFO - [2026-08-12T04:43:02.639+0000] {dagbag.py:587} INFO - Filling up the DagBag from /home/airflow/.local/lib/python3.12/site-packages/airflow/example_dags/example_dag_decorator.py
[2026-08-12T04:43:02.667+0000] {processor.py:925} INFO - DAG(s) 'example_dag_decorator' retrieved from /home/airflow/.local/lib/python3.12/site-packages/airflow/example_dags/example_dag_decorator.py
[2026-08-12T04:43:02.776+0000] {logging_mixin.py:190} INFO - [2026-08-12T04:43:02.775+0000] {dag.py:3211} INFO - Sync 1 DAGs
[2026-08-12T04:43:02.789+0000] {logging_mixin.py:190} INFO - [2026-08-12T04:43:02.788+0000] {dag.py:4138} INFO - Setting next_dagrun for example_dag_decorator to None, run_after=None
[2026-08-12T04:43:02.826+0000] {processor.py:208} INFO - Processing /home/airflow/.local/lib/python3.12/site-packages/airflow/example_dags/example_dag_decorator.py took 0.198 seconds
[2026-08-12T04:43:33.486+0000] {processor.py:186} INFO - Started process (PID=1332) to work on /home/airflow/.local/lib/python3.12/site-packages/airflow/example_dags/example_dag_decorator.py
[2026-08-12T04:43:33.487+0000] {processor.py:914} INFO - Processing file /home/airflow/.local/lib/python3.12/site-packages/airflow/example_dags/example_dag_decorator.py for tasks to queue
[2026-08-12T04:43:33.490+0000] {logging_mixin.py:190} INFO - [2026-08-12T04:43:33.490+0000] {dagbag.py:587} INFO - Filling up the DagBag from /home/airflow/.local/lib/python3.12/site-packages/airflow/example_dags/example_dag_decorator.py
[2026-08-12T04:43:33.503+0000] {processor.py:925} INFO - DAG(s) 'example_dag_decorator' retrieved from /home/airflow/.local/lib/python3.12/site-packages/airflow/example_dags/example_dag_decorator.py
[2026-08-12T04:43:33.641+0000] {logging_mixin.py:190} INFO - [2026-08-12T04:43:33.641+0000] {dag.py:3211} INFO - Sync 1 DAGs
[2026-08-12T04:43:33.653+0000] {logging_mixin.py:190} INFO - [2026-08-12T04:43:33.653+0000] {dag.py:4138} INFO - Setting next_dagrun for example_dag_decorator to None, run_after=None
[2026-08-12T04:43:33.678+0000] {processor.py:208} INFO - Processing /home/airflow/.local/lib/python3.12/site-packages/airflow/example_dags/example_dag_decorator.py took 0.198 seconds
[2026-08-12T04:44:04.087+0000] {processor.py:186} INFO - Started process (PID=1394) to work on /home/airflow/.local/lib/python3.12/site-packages/airflow/example_dags/example_dag_decorator.py
[2026-08-12T04:44:04.088+0000] {processor.py:914} INFO - Processing file /home/airflow/.local/lib/python3.12/site-packages/airflow/example_dags/example_dag_decorator.py for tasks to queue
[2026-08-12T04:44:04.092+0000] {logging_mixin.py:190} INFO - [2026-08-12T04:44:04.091+0000] {dagbag.py:587} INFO - Filling up the DagBag from /home/airflow/.local/lib/python3.12/site-packages/airflow/example_dags/example_dag_decorator.py
[2026-08-12T04:44:04.104+0000] {processor.py:925} INFO - DAG(s) 'example_dag_decorator' retrieved from /home/airflow/.local/lib/python3.12/site-packages/airflow/example_dags/example_dag_decorator.py
[2026-08-12T04:44:04.199+0000] {logging_mixin.py:190} INFO - [2026-08-12T04:44:04.199+0000] {dag.py:3211} INFO - Sync 1 DAGs
[2026-08-12T04:44:04.227+0000] {logging_mixin.py:190} INFO - [2026-08-12T04:44:04.224+0000] {dag.py:4138} INFO - Setting next_dagrun for example_dag_decorator to None, run_after=None
[2026-08-12T04:44:04.255+0000] {processor.py:208} INFO - Processing /home/airflow/.local/lib/python3.12/site-packages/airflow/example_dags/example_dag_decorator.py took 0.174 seconds
[2026-08-12T04:44:34.728+0000] {processor.py:186} INFO - Started process (PID=1457) to work on /home/airflow/.local/lib/python3.12/site-packages/airflow/example_dags/example_dag_decorator.py
[2026-08-12T04:44:34.729+0000] {processor.py:914} INFO - Processing file /home/airflow/.local/lib/python3.12/site-packages/airflow/example_dags/example_dag_decorator.py for tasks to queue
[2026-08-12T04:44:34.732+0000] {logging_mixin.py:190} INFO - [2026-08-12T04:44:34.732+0000] {dagbag.py:587} INFO - Filling up the DagBag from /home/airflow/.local/lib/python3.12/site-packages/airflow/example_dags/example_dag_decorator.py
[2026-08-12T04:44:34.745+0000] {processor.py:925} INFO - DAG(s) 'example_dag_decorator' retrieved from /home/airflow/.local/lib/python3.12/site-packages/airflow/example_dags/example_dag_decorator.py
[2026-08-12T04:44:34.769+0000] {logging_mixin.py:190} INFO - [2026-08-12T04:44:34.769+0000] {dag.py:3211} INFO - Sync 1 DAGs
[2026-08-12T04:44:34.786+0000] {logging_mixin.py:190} INFO - [2026-08-12T04:44:34.786+0000] {dag.py:4138} INFO - Setting next_dagrun for example_dag_decorator to None, run_after=None
[2026-08-12T04:44:34.817+0000] {processor.py:208} INFO - Processing /home/airflow/.local/lib/python3.12/site-packages/airflow/example_dags/example_dag_decorator.py took 0.096 seconds
[2026-08-12T04:45:06.061+0000] {processor.py:186} INFO - Started process (PID=1520) to work on /home/airflow/.local/lib/python3.12/site-packages/airflow/example_dags/example_dag_decorator.py
[2026-08-12T04:45:06.063+0000] {processor.py:914} INFO - Processing file /home/airflow/.local/lib/python3.12/site-packages/airflow/example_dags/example_dag_decorator.py for tasks to queue
[2026-08-12T04:45:06.066+0000] {logging_mixin.py:190} INFO - [2026-08-12T04:45:06.066+0000] {dagbag.py:587} INFO - Filling up the DagBag from /home/airflow/.local/lib/python3.12/site-packages/airflow/example_dags/example_dag_decorator.py
[2026-08-12T04:45:06.078+0000] {processor.py:925} INFO - DAG(s) 'example_dag_decorator' retrieved from /home/airflow/.local/lib/python3.12/site-packages/airflow/example_dags/example_dag_decorator.py
[2026-08-12T04:45:06.102+0000] {logging_mixin.py:190} INFO - [2026-08-12T04:45:06.102+0000] {dag.py:3211} INFO - Sync 1 DAGs
[2026-08-12T04:45:06.117+0000] {logging_mixin.py:190} INFO - [2026-08-12T04:45:06.117+0000] {dag.py:4138} INFO - Setting next_dagrun for example_dag_decorator to None, run_after=None
[2026-08-12T04:45:06.141+0000] {processor.py:208} INFO - Processing /home/airflow/.local/lib/python3.12/site-packages/airflow/example_dags/example_dag_decorator.py took 0.085 seconds
[2026-08-12T04:45:37.286+0000] {processor.py:186} INFO - Started process (PID=1582) to work on /home/airflow/.local/lib/python3.12/site-packages/airflow/example_dags/example_dag_decorator.py
[2026-08-12T04:45:37.288+0000] {processor.py:914} INFO - Processing file /home/airflow/.local/lib/python3.12/site-packages/airflow/example_dags/example_dag_decorator.py for tasks to queue
[2026-08-12T04:45:37.291+0000] {logging_mixin.py:190} INFO - [2026-08-12T04:45:37.291+0000] {dagbag.py:587} INFO - Filling up the DagBag from /home/airflow/.local/lib/python3.12/site-packages/airflow/example_dags/example_dag_decorator.py
[2026-08-12T04:45:37.304+0000] {processor.py:925} INFO - DAG(s) 'example_dag_decorator' retrieved from /home/airflow/.local/lib/python3.12/site-packages/airflow/example_dags/example_dag_decorator.py
[2026-08-12T04:45:37.423+0000] {logging_mixin.py:190} INFO - [2026-08-12T04:45:37.423+0000] {dag.py:3211} INFO - Sync 1 DAGs
[2026-08-12T04:45:37.436+0000] {logging_mixin.py:190} INFO - [2026-08-12T04:45:37.436+0000] {dag.py:4138} INFO - Setting next_dagrun for example_dag_decorator to None, run_after=None
[2026-08-12T04:45:37.463+0000] {processor.py:208} INFO - Processing /home/airflow/.local/lib/python3.12/site-packages/airflow/example_dags/example_dag_decorator.py took 0.183 seconds
[2026-08-12T04:46:07.509+0000] {processor.py:186} INFO - Started process (PID=1644) to work on /home/airflow/.local/lib/python3.12/site-packages/airflow/example_dags/example_dag_decorator.py
[2026-08-12T04:46:07.510+0000] {processor.py:914} INFO - Processing file /home/airflow/.local/lib/python3.12/site-packages/airflow/example_dags/example_dag_decorator.py for tasks to queue
[2026-08-12T04:46:07.513+0000] {logging_mixin.py:190} INFO - [2026-08-12T04:46:07.513+0000] {dagbag.py:587} INFO - Filling up the DagBag from /home/airflow/.local/lib/python3.12/site-packages/airflow/example_dags/example_dag_decorator.py
[2026-08-12T04:46:07.526+0000] {processor.py:925} INFO - DAG(s) 'example_dag_decorator' retrieved from /home/airflow/.local/lib/python3.12/site-packages/airflow/example_dags/example_dag_decorator.py
[2026-08-12T04:46:07.638+0000] {logging_mixin.py:190} INFO - [2026-08-12T04:46:07.638+0000] {dag.py:3211} INFO - Sync 1 DAGs
[2026-08-12T04:46:07.652+0000] {logging_mixin.py:190} INFO - [2026-08-12T04:46:07.652+0000] {dag.py:4138} INFO - Setting next_dagrun for example_dag_decorator to None, run_after=None
[2026-08-12T04:46:07.681+0000] {processor.py:208} INFO - Processing /home/airflow/.local/lib/python3.12/site-packages/airflow/example_dags/example_dag_decorator.py took 0.178 seconds
[2026-08-12T04:46:38.190+0000] {processor.py:186} INFO - Started process (PID=1706) to work on /home/airflow/.local/lib/python3.12/site-packages/airflow/example_dags/example_dag_decorator.py
[2026-08-12T04:46:38.192+0000] {processor.py:914} INFO - Processing file /home/airflow/.local/lib/python3.12/site-packages/airflow/example_dags/example_dag_decorator.py for tasks to queue
[2026-08-12T04:46:38.196+0000] {logging_mixin.py:190} INFO - [2026-08-12T04:46:38.196+0000] {dagbag.py:587} INFO - Filling up the DagBag from /home/airflow/.local/lib/python3.12/site-packages/airflow/example_dags/example_dag_decorator.py
[2026-08-12T04:46:38.211+0000] {processor.py:925} INFO - DAG(s) 'example_dag_decorator' retrieved from /home/airflow/.local/lib/python3.12/site-packages/airflow/example_dags/example_dag_decorator.py
[2026-08-12T04:46:38.316+0000] {logging_mixin.py:190} INFO - [2026-08-12T04:46:38.316+0000] {dag.py:3211} INFO - Sync 1 DAGs
[2026-08-12T04:46:38.328+0000] {logging_mixin.py:190} INFO - [2026-08-12T04:46:38.328+0000] {dag.py:4138} INFO - Setting next_dagrun for example_dag_decorator to None, run_after=None
[2026-08-12T04:46:38.353+0000] {processor.py:208} INFO - Processing /home/airflow/.local/lib/python3.12/site-packages/airflow/example_dags/example_dag_decorator.py took 0.170 seconds
[2026-08-12T04:47:08.890+0000] {processor.py:186} INFO - Started process (PID=1768) to work on /home/airflow/.local/lib/python3.12/site-packages/airflow/example_dags/example_dag_decorator.py
[2026-08-12T04:47:08.892+0000] {processor.py:914} INFO - Processing file /home/airflow/.local/lib/python3.12/site-packages/airflow/example_dags/example_dag_decorator.py for tasks to queue
[2026-08-12T04:47:08.908+0000] {logging_mixin.py:190} INFO - [2026-08-12T04:47:08.908+0000] {dagbag.py:587} INFO - Filling up the DagBag from /home/airflow/.local/lib/python3.12/site-packages/airflow/example_dags/example_dag_decorator.py
[2026-08-12T04:47:08.928+0000] {processor.py:925} INFO - DAG(s) 'example_dag_decorator' retrieved from /home/airflow/.local/lib/python3.12/site-packages/airflow/example_dags/example_dag_decorator.py
[2026-08-12T04:47:08.953+0000] {logging_mixin.py:190} INFO - [2026-08-12T04:47:08.953+0000] {dag.py:3211} INFO - Sync 1 DAGs
[2026-08-12T04:47:08.968+0000] {logging_mixin.py:190} INFO - [2026-08-12T04:47:08.967+0000] {dag.py:4138} INFO - Setting next_dagrun for example_dag_decorator to None, run_after=None
[2026-08-12T04:47:08.989+0000] {processor.py:208} INFO - Processing /home/airflow/.local/lib/python3.12/site-packages/airflow/example_dags/example_dag_decorator.py took 0.104 seconds
[2026-08-12T04:47:39.975+0000] {processor.py:186} INFO - Started process (PID=1830) to work on /home/airflow/.local/lib/python3.12/site-packages/airflow/example_dags/example_dag_decorator.py
[2026-08-12T04:47:39.977+0000] {processor.py:914} INFO - Processing file /home/airflow/.local/lib/python3.12/site-packages/airflow/example_dags/example_dag_decorator.py for tasks to queue
[2026-08-12T04:47:39.982+0000] {logging_mixin.py:190} INFO - [2026-08-12T04:47:39.981+0000] {dagbag.py:587} INFO - Filling up the DagBag from /home/airflow/.local/lib/python3.12/site-packages/airflow/example_dags/example_dag_decorator.py
[2026-08-12T04:47:39.995+0000] {processor.py:925} INFO - DAG(s) 'example_dag_decorator' retrieved from /home/airflow/.local/lib/python3.12/site-packages/airflow/example_dags/example_dag_decorator.py
[2026-08-12T04:47:40.189+0000] {logging_mixin.py:190} INFO - [2026-08-12T04:47:40.189+0000] {dag.py:3211} INFO - Sync 1 DAGs
[2026-08-12T04:47:40.209+0000] {logging_mixin.py:190} INFO - [2026-08-12T04:47:40.209+0000] {dag.py:4138} INFO - Setting next_dagrun for example_dag_decorator to None, run_after=None
[2026-08-12T04:47:40.239+0000] {processor.py:208} INFO - Processing /home/airflow/.local/lib/python3.12/site-packages/airflow/example_dags/example_dag_decorator.py took 0.274 seconds
[2026-08-12T04:48:10.440+0000] {processor.py:186} INFO - Started process (PID=1891) to work on /home/airflow/.local/lib/python3.12/site-packages/airflow/example_dags/example_dag_decorator.py
[2026-08-12T04:48:10.443+0000] {processor.py:914} INFO - Processing file /home/airflow/.local/lib/python3.12/site-packages/airflow/example_dags/example_dag_decorator.py for tasks to queue
[2026-08-12T04:48:10.446+0000] {logging_mixin.py:190} INFO - [2026-08-12T04:48:10.446+0000] {dagbag.py:587} INFO - Filling up the DagBag from /home/airflow/.local/lib/python3.12/site-packages/airflow/example_dags/example_dag_decorator.py
[2026-08-12T04:48:10.463+0000] {processor.py:925} INFO - DAG(s) 'example_dag_decorator' retrieved from /home/airflow/.local/lib/python3.12/site-packages/airflow/example_dags/example_dag_decorator.py
[2026-08-12T04:48:10.610+0000] {logging_mixin.py:190} INFO - [2026-08-12T04:48:10.609+0000] {dag.py:3211} INFO - Sync 1 DAGs
[2026-08-12T04:48:10.626+0000] {logging_mixin.py:190} INFO - [2026-08-12T04:48:10.625+0000] {dag.py:4138} INFO - Setting next_dagrun for example_dag_decorator to None, run_after=None
[2026-08-12T04:48:10.658+0000] {processor.py:208} INFO - Processing /home/airflow/.local/lib/python3.12/site-packages/airflow/example_dags/example_dag_decorator.py took 0.225 seconds
