[2026-08-12T04:31:31.616+0000] {processor.py:186} INFO - Started process (PID=86) to work on /home/airflow/.local/lib/python3.12/site-packages/airflow/example_dags/example_subdag_operator.py
[2026-08-12T04:31:31.618+0000] {processor.py:914} INFO - Processing file /home/airflow/.local/lib/python3.12/site-packages/airflow/example_dags/example_subdag_operator.py for tasks to queue
[2026-08-12T04:31:31.622+0000] {logging_mixin.py:190} INFO - [2026-08-12T04:31:31.621+0000] {dagbag.py:587} INFO - Filling up the DagBag from /home/airflow/.local/lib/python3.12/site-packages/airflow/example_dags/example_subdag_operator.py
[2026-08-12T04:31:31.684+0000] {processor.py:925} INFO - DAG(s) 'example_subdag_operator.section-1', 'example_subdag_operator.section-2', 'example_subdag_operator' retrieved from /home/airflow/.local/lib/python3.12/site-packages/airflow/example_dags/example_subdag_operator.py
[2026-08-12T04:31:31.880+0000] {logging_mixin.py:190} INFO - [2026-08-12T04:31:31.879+0000] {override.py:1858} INFO - Created Permission View: can read on DAG:example_subdag_operator
[2026-08-12T04:31:31.908+0000] {logging_mixin.py:190} INFO - [2026-08-12T04:31:31.906+0000] {override.py:1858} INFO - Created Permission View: can edit on DAG:example_subdag_operator
[2026-08-12T04:31:31.923+0000] {logging_mixin.py:190} INFO - [2026-08-12T04:31:31.922+0000] {override.py:1858} INFO - Created Permission View: can delete on DAG:example_subdag_operator
[2026-08-12T04:31:31.924+0000] {logging_mixin.py:190} INFO - [2026-08-12T04:31:31.924+0000] {dag.py:3211} INFO - Sync 3 DAGs
[2026-08-12T04:31:31.939+0000] {logging_mixin.py:190} INFO - [2026-08-12T04:31:31.939+0000] {dag.py:3234} INFO - Creating ORM DAG for example_subdag_operator.section-2
[2026-08-12T04:31:31.940+0000] {logging_mixin.py:190} INFO - [2026-08-12T04:31:31.940+0000] {dag.py:3234} INFO - Creating ORM DAG for example_subdag_operator
[2026-08-12T04:31:31.942+0000] {logging_mixin.py:190} INFO - [2026-08-12T04:31:31.942+0000] {dag.py:3234} INFO - Creating ORM DAG for example_subdag_operator.section-1
[2026-08-12T04:31:31.953+0000] {logging_mixin.py:190} INFO - [2026-08-12T04:31:31.952+0000] {dag.py:4138} INFO - Setting next_dagrun for example_subdag_operator to 2022-01-01 00:00:00+00:00, run_after=2022-01-01 00:00:00+00:00
[2026-08-12T04:31:31.955+0000] {logging_mixin.py:190} INFO - [2026-08-12T04:31:31.954+0000] {dag.py:4138} INFO - Setting next_dagrun for example_subdag_operator.section-1 to None, run_after=None
[2026-08-12T04:31:31.956+0000] {logging_mixin.py:190} INFO - [2026-08-12T04:31:31.956+0000] {dag.py:4138} INFO - Setting next_dagrun for example_subdag_operator.section-2 to None, run_after=None
[2026-08-12T04:31:31.968+0000] {logging_mixin.py:190} INFO - [2026-08-12T04:31:31.968+0000] {dag.py:3211} INFO - Sync 2 DAGs
[2026-08-12T04:31:31.975+0000] {logging_mixin.py:190} INFO - [2026-08-12T04:31:31.975+0000] {dag.py:4138} INFO - Setting next_dagrun for example_subdag_operator.section-1 to None, run_after=None
[2026-08-12T04:31:31.980+0000] {logging_mixin.py:190} INFO - [2026-08-12T04:31:31.979+0000] {dag.py:4138} INFO - Setting next_dagrun for example_subdag_operator.section-2 to None, run_after=None
[2026-08-12T04:31:32.025+0000] {processor.py:208} INFO - Processing /home/airflow/.local/lib/python3.12/site-packages/airflow/example_dags/example_subdag_operator.py took 0.418 seconds
[2026-08-12T04:32:02.434+0000] {processor.py:186} INFO - Started process (PID=148) to work on /home/airflow/.local/lib/python3.12/site-packages/airflow/example_dags/example_subdag_operator.py
[2026-08-12T04:32:02.435+0000] {processor.py:914} INFO - Processing file /home/airflow/.local/lib/python3.12/site-packages/airflow/example_dags/example_subdag_operator.py for tasks to queue
[2026-08-12T04:32:02.438+0000] {logging_mixin.py:190} INFO - [2026-08-12T04:32:02.438+0000] {dagbag.py:587} INFO - Filling up the DagBag from /home/airflow/.local/lib/python3.12/site-packages/airflow/example_dags/example_subdag_operator.py
[2026-08-12T04:32:02.464+0000] {processor.py:925} INFO - DAG(s) 'example_subdag_operator.section-1', 'example_subdag_operator.section-2', 'example_subdag_operator' retrieved from /home/airflow/.local/lib/python3.12/site-packages/airflow/example_dags/example_subdag_operator.py
[2026-08-12T04:32:02.479+0000] {logging_mixin.py:190} INFO - [2026-08-12T04:32:02.478+0000] {dag.py:3211} INFO - Sync 3 DAGs
[2026-08-12T04:32:02.519+0000] {logging_mixin.py:190} INFO - [2026-08-12T04:32:02.519+0000] {dag.py:4138} INFO - Setting next_dagrun for example_subdag_operator to 2022-01-01 00:00:00+00:00, run_after=2022-01-01 00:00:00+00:00
[2026-08-12T04:32:02.524+0000] {logging_mixin.py:190} INFO - [2026-08-12T04:32:02.524+0000] {dag.py:4138} INFO - Setting next_dagrun for example_subdag_operator.section-1 to None, run_after=None
[2026-08-12T04:32:02.527+0000] {logging_mixin.py:190} INFO - [2026-08-12T04:32:02.527+0000] {dag.py:4138} INFO - Setting next_dagrun for example_subdag_operator.section-2 to None, run_after=None
[2026-08-12T04:32:02.536+0000] {logging_mixin.py:190} INFO - [2026-08-12T04:32:02.536+0000] {dag.py:3211} INFO - Sync 2 DAGs
[2026-08-12T04:32:02.542+0000] {logging_mixin.py:190} INFO - [2026-08-12T04:32:02.542+0000] {dag.py:4138} INFO - Setting next_dagrun for example_subdag_operator.section-1 to None, run_after=None
[2026-08-12T04:32:02.543+0000] {logging_mixin.py:190} INFO - [2026-08-12T04:32:02.543+0000] {dag.py:4138} INFO - Setting next_dagrun for example_subdag_operator.section-2 to None, run_after=None
[2026-08-12T04:32:02.561+0000] {processor.py:208} INFO - Processing /home/airflow/.local/lib/python3.12/site-packages/airflow/example_dags/example_subdag_operator.py took 0.132 seconds
[2026-08-12T04:33:19.902+0000] {processor.py:186} INFO - Started process (PID=73) to work on /home/airflow/.local/lib/python3.12/site-packages/airflow/example_dags/example_subdag_operator.py
[2026-08-12T04:33:19.904+0000] {processor.py:914} INFO - Processing file /home/airflow/.local/lib/python3.12/site-packages/airflow/example_dags/example_subdag_operator.py for tasks to queue
[2026-08-12T04:33:19.908+0000] {logging_mixin.py:190} INFO - [2026-08-12T04:33:19.908+0000] {dagbag.py:587} INFO - Filling up the DagBag from /home/airflow/.local/lib/python3.12/site-packages/airflow/example_dags/example_subdag_operator.py
[2026-08-12T04:33:19.956+0000] {processor.py:925} INFO - DAG(s) 'example_subdag_operator.section-1', 'example_subdag_operator.section-2', 'example_subdag_operator' retrieved from /home/airflow/.local/lib/python3.12/site-packages/airflow/example_dags/example_subdag_operator.py
[2026-08-12T04:33:19.983+0000] {logging_mixin.py:190} INFO - [2026-08-12T04:33:19.982+0000] {dag.py:3211} INFO - Sync 3 DAGs
[2026-08-12T04:33:20.018+0000] {logging_mixin.py:190} INFO - [2026-08-12T04:33:20.018+0000] {dag.py:4138} INFO - Setting next_dagrun for example_subdag_operator to 2022-01-01 00:00:00+00:00, run_after=2022-01-01 00:00:00+00:00
[2026-08-12T04:33:20.036+0000] {logging_mixin.py:190} INFO - [2026-08-12T04:33:20.036+0000] {dag.py:4138} INFO - Setting next_dagrun for example_subdag_operator.section-1 to None, run_after=None
[2026-08-12T04:33:20.040+0000] {logging_mixin.py:190} INFO - [2026-08-12T04:33:20.040+0000] {dag.py:4138} INFO - Setting next_dagrun for example_subdag_operator.section-2 to None, run_after=None
[2026-08-12T04:33:20.052+0000] {logging_mixin.py:190} INFO - [2026-08-12T04:33:20.051+0000] {dag.py:3211} INFO - Sync 2 DAGs
[2026-08-12T04:33:20.061+0000] {logging_mixin.py:190} INFO - [2026-08-12T04:33:20.060+0000] {dag.py:4138} INFO - Setting next_dagrun for example_subdag_operator.section-1 to None, run_after=None
[2026-08-12T04:33:20.062+0000] {logging_mixin.py:190} INFO - [2026-08-12T04:33:20.062+0000] {dag.py:4138} INFO - Setting next_dagrun for example_subdag_operator.section-2 to None, run_after=None
[2026-08-12T04:33:20.082+0000] {processor.py:208} INFO - Processing /home/airflow/.local/lib/python3.12/site-packages/airflow/example_dags/example_subdag_operator.py took 0.191 seconds
[2026-08-12T04:33:50.944+0000] {processor.py:186} INFO - Started process (PID=135) to work on /home/airflow/.local/lib/python3.12/site-packages/airflow/example_dags/example_subdag_operator.py
[2026-08-12T04:33:50.946+0000] {processor.py:914} INFO - Processing file /home/airflow/.local/lib/python3.12/site-packages/airflow/example_dags/example_subdag_operator.py for tasks to queue
[2026-08-12T04:33:50.949+0000] {logging_mixin.py:190} INFO - [2026-08-12T04:33:50.949+0000] {dagbag.py:587} INFO - Filling up the DagBag from /home/airflow/.local/lib/python3.12/site-packages/airflow/example_dags/example_subdag_operator.py
[2026-08-12T04:33:50.978+0000] {processor.py:925} INFO - DAG(s) 'example_subdag_operator.section-1', 'example_subdag_operator.section-2', 'example_subdag_operator' retrieved from /home/airflow/.local/lib/python3.12/site-packages/airflow/example_dags/example_subdag_operator.py
[2026-08-12T04:33:50.997+0000] {logging_mixin.py:190} INFO - [2026-08-12T04:33:50.997+0000] {dag.py:3211} INFO - Sync 3 DAGs
[2026-08-12T04:33:51.021+0000] {logging_mixin.py:190} INFO - [2026-08-12T04:33:51.020+0000] {dag.py:4138} INFO - Setting next_dagrun for example_subdag_operator to 2022-01-01 00:00:00+00:00, run_after=2022-01-01 00:00:00+00:00
[2026-08-12T04:33:51.025+0000] {logging_mixin.py:190} INFO - [2026-08-12T04:33:51.025+0000] {dag.py:4138} INFO - Setting next_dagrun for example_subdag_operator.section-1 to None, run_after=None
[2026-08-12T04:33:51.028+0000] {logging_mixin.py:190} INFO - [2026-08-12T04:33:51.027+0000] {dag.py:4138} INFO - Setting next_dagrun for example_subdag_operator.section-2 to None, run_after=None
[2026-08-12T04:33:51.038+0000] {logging_mixin.py:190} INFO - [2026-08-12T04:33:51.038+0000] {dag.py:3211} INFO - Sync 2 DAGs
[2026-08-12T04:33:51.044+0000] {logging_mixin.py:190} INFO - [2026-08-12T04:33:51.044+0000] {dag.py:4138} INFO - Setting next_dagrun for example_subdag_operator.section-1 to None, run_after=None
[2026-08-12T04:33:51.045+0000] {logging_mixin.py:190} INFO - [2026-08-12T04:33:51.045+0000] {dag.py:4138} INFO - Setting next_dagrun for example_subdag_operator.section-2 to None, run_after=None
[2026-08-12T04:33:51.060+0000] {processor.py:208} INFO - Processing /home/airflow/.local/lib/python3.12/site-packages/airflow/example_dags/example_subdag_operator.py took 0.123 seconds
[2026-08-12T04:34:21.116+0000] {processor.py:186} INFO - Started process (PID=196) to work on /home/airflow/.local/lib/python3.12/site-packages/airflow/example_dags/example_subdag_operator.py
[2026-08-12T04:34:21.117+0000] {processor.py:914} INFO - Processing file /home/airflow/.local/lib/python3.12/site-packages/airflow/example_dags/example_subdag_operator.py for tasks to queue
[2026-08-12T04:34:21.121+0000] {logging_mixin.py:190} INFO - [2026-08-12T04:34:21.121+0000] {dagbag.py:587} INFO - Filling up the DagBag from /home/airflow/.local/lib/python3.12/site-packages/airflow/example_dags/example_subdag_operator.py
[2026-08-12T04:34:21.150+0000] {processor.py:925} INFO - DAG(s) 'example_subdag_operator.section-1', 'example_subdag_operator.section-2', 'example_subdag_operator' retrieved from /home/airflow/.local/lib/python3.12/site-packages/airflow/example_dags/example_subdag_operator.py
[2026-08-12T04:34:21.165+0000] {logging_mixin.py:190} INFO - [2026-08-12T04:34:21.165+0000] {dag.py:3211} INFO - Sync 3 DAGs
[2026-08-12T04:34:21.190+0000] {logging_mixin.py:190} INFO - [2026-08-12T04:34:21.190+0000] {dag.py:4138} INFO - Setting next_dagrun for example_subdag_operator to 2022-01-01 00:00:00+00:00, run_after=2022-01-01 00:00:00+00:00
[2026-08-12T04:34:21.195+0000] {logging_mixin.py:190} INFO - [2026-08-12T04:34:21.195+0000] {dag.py:4138} INFO - Setting next_dagrun for example_subdag_operator.section-1 to None, run_after=None
[2026-08-12T04:34:21.197+0000] {logging_mixin.py:190} INFO - [2026-08-12T04:34:21.197+0000] {dag.py:4138} INFO - Setting next_dagrun for example_subdag_operator.section-2 to None, run_after=None
[2026-08-12T04:34:21.207+0000] {logging_mixin.py:190} INFO - [2026-08-12T04:34:21.207+0000] {dag.py:3211} INFO - Sync 2 DAGs
[2026-08-12T04:34:21.213+0000] {logging_mixin.py:190} INFO - [2026-08-12T04:34:21.213+0000] {dag.py:4138} INFO - Setting next_dagrun for example_subdag_operator.section-1 to None, run_after=None
[2026-08-12T04:34:21.214+0000] {logging_mixin.py:190} INFO - [2026-08-12T04:34:21.214+0000] {dag.py:4138} INFO - Setting next_dagrun for example_subdag_operator.section-2 to None, run_after=None
[2026-08-12T04:34:21.233+0000] {processor.py:208} INFO - Processing /home/airflow/.local/lib/python3.12/site-packages/airflow/example_dags/example_subdag_operator.py took 0.122 seconds
[2026-08-12T04:34:51.353+0000] {processor.py:186} INFO - Started process (PID=258) to work on /home/airflow/.local/lib/python3.12/site-packages/airflow/example_dags/example_subdag_operator.py
[2026-08-12T04:34:51.356+0000] {processor.py:914} INFO - Processing file /home/airflow/.local/lib/python3.12/site-packages/airflow/example_dags/example_subdag_operator.py for tasks to queue
[2026-08-12T04:34:51.360+0000] {logging_mixin.py:190} INFO - [2026-08-12T04:34:51.360+0000] {dagbag.py:587} INFO - Filling up the DagBag from /home/airflow/.local/lib/python3.12/site-packages/airflow/example_dags/example_subdag_operator.py
[2026-08-12T04:34:51.395+0000] {processor.py:925} INFO - DAG(s) 'example_subdag_operator.section-1', 'example_subdag_operator.section-2', 'example_subdag_operator' retrieved from /home/airflow/.local/lib/python3.12/site-packages/airflow/example_dags/example_subdag_operator.py
[2026-08-12T04:34:51.413+0000] {logging_mixin.py:190} INFO - [2026-08-12T04:34:51.413+0000] {dag.py:3211} INFO - Sync 3 DAGs
[2026-08-12T04:34:51.440+0000] {logging_mixin.py:190} INFO - [2026-08-12T04:34:51.439+0000] {dag.py:4138} INFO - Setting next_dagrun for example_subdag_operator to 2022-01-01 00:00:00+00:00, run_after=2022-01-01 00:00:00+00:00
[2026-08-12T04:34:51.445+0000] {logging_mixin.py:190} INFO - [2026-08-12T04:34:51.445+0000] {dag.py:4138} INFO - Setting next_dagrun for example_subdag_operator.section-1 to None, run_after=None
[2026-08-12T04:34:51.447+0000] {logging_mixin.py:190} INFO - [2026-08-12T04:34:51.447+0000] {dag.py:4138} INFO - Setting next_dagrun for example_subdag_operator.section-2 to None, run_after=None
[2026-08-12T04:34:51.458+0000] {logging_mixin.py:190} INFO - [2026-08-12T04:34:51.458+0000] {dag.py:3211} INFO - Sync 2 DAGs
[2026-08-12T04:34:51.466+0000] {logging_mixin.py:190} INFO - [2026-08-12T04:34:51.465+0000] {dag.py:4138} INFO - Setting next_dagrun for example_subdag_operator.section-1 to None, run_after=None
[2026-08-12T04:34:51.467+0000] {logging_mixin.py:190} INFO - [2026-08-12T04:34:51.467+0000] {dag.py:4138} INFO - Setting next_dagrun for example_subdag_operator.section-2 to None, run_after=None
[2026-08-12T04:34:51.486+0000] {processor.py:208} INFO - Processing /home/airflow/.local/lib/python3.12/site-packages/airflow/example_dags/example_subdag_operator.py took 0.141 seconds
[2026-08-12T04:35:21.781+0000] {processor.py:186} INFO - Started process (PID=321) to work on /home/airflow/.local/lib/python3.12/site-packages/airflow/example_dags/example_subdag_operator.py
[2026-08-12T04:35:21.786+0000] {processor.py:914} INFO - Processing file /home/airflow/.local/lib/python3.12/site-packages/airflow/example_dags/example_subdag_operator.py for tasks to queue
[2026-08-12T04:35:21.789+0000] {logging_mixin.py:190} INFO - [2026-08-12T04:35:21.789+0000] {dagbag.py:587} INFO - Filling up the DagBag from /home/airflow/.local/lib/python3.12/site-packages/airflow/example_dags/example_subdag_operator.py
[2026-08-12T04:35:21.820+0000] {processor.py:925} INFO - DAG(s) 'example_subdag_operator.section-1', 'example_subdag_operator.section-2', 'example_subdag_operator' retrieved from /home/airflow/.local/lib/python3.12/site-packages/airflow/example_dags/example_subdag_operator.py
[2026-08-12T04:35:21.839+0000] {logging_mixin.py:190} INFO - [2026-08-12T04:35:21.839+0000] {dag.py:3211} INFO - Sync 3 DAGs
[2026-08-12T04:35:21.862+0000] {logging_mixin.py:190} INFO - [2026-08-12T04:35:21.862+0000] {dag.py:4138} INFO - Setting next_dagrun for example_subdag_operator to 2022-01-01 00:00:00+00:00, run_after=2022-01-01 00:00:00+00:00
[2026-08-12T04:35:21.867+0000] {logging_mixin.py:190} INFO - [2026-08-12T04:35:21.867+0000] {dag.py:4138} INFO - Setting next_dagrun for example_subdag_operator.section-1 to None, run_after=None
[2026-08-12T04:35:21.870+0000] {logging_mixin.py:190} INFO - [2026-08-12T04:35:21.869+0000] {dag.py:4138} INFO - Setting next_dagrun for example_subdag_operator.section-2 to None, run_after=None
[2026-08-12T04:35:21.878+0000] {logging_mixin.py:190} INFO - [2026-08-12T04:35:21.878+0000] {dag.py:3211} INFO - Sync 2 DAGs
[2026-08-12T04:35:21.886+0000] {logging_mixin.py:190} INFO - [2026-08-12T04:35:21.886+0000] {dag.py:4138} INFO - Setting next_dagrun for example_subdag_operator.section-1 to None, run_after=None
[2026-08-12T04:35:21.888+0000] {logging_mixin.py:190} INFO - [2026-08-12T04:35:21.887+0000] {dag.py:4138} INFO - Setting next_dagrun for example_subdag_operator.section-2 to None, run_after=None
[2026-08-12T04:35:21.906+0000] {processor.py:208} INFO - Processing /home/airflow/.local/lib/python3.12/site-packages/airflow/example_dags/example_subdag_operator.py took 0.138 seconds
[2026-08-12T04:35:52.231+0000] {processor.py:186} INFO - Started process (PID=383) to work on /home/airflow/.local/lib/python3.12/site-packages/airflow/example_dags/example_subdag_operator.py
[2026-08-12T04:35:52.232+0000] {processor.py:914} INFO - Processing file /home/airflow/.local/lib/python3.12/site-packages/airflow/example_dags/example_subdag_operator.py for tasks to queue
[2026-08-12T04:35:52.236+0000] {logging_mixin.py:190} INFO - [2026-08-12T04:35:52.236+0000] {dagbag.py:587} INFO - Filling up the DagBag from /home/airflow/.local/lib/python3.12/site-packages/airflow/example_dags/example_subdag_operator.py
[2026-08-12T04:35:52.263+0000] {processor.py:925} INFO - DAG(s) 'example_subdag_operator.section-1', 'example_subdag_operator.section-2', 'example_subdag_operator' retrieved from /home/airflow/.local/lib/python3.12/site-packages/airflow/example_dags/example_subdag_operator.py
[2026-08-12T04:35:52.279+0000] {logging_mixin.py:190} INFO - [2026-08-12T04:35:52.279+0000] {dag.py:3211} INFO - Sync 3 DAGs
[2026-08-12T04:35:52.302+0000] {logging_mixin.py:190} INFO - [2026-08-12T04:35:52.302+0000] {dag.py:4138} INFO - Setting next_dagrun for example_subdag_operator to 2022-01-01 00:00:00+00:00, run_after=2022-01-01 00:00:00+00:00
[2026-08-12T04:35:52.308+0000] {logging_mixin.py:190} INFO - [2026-08-12T04:35:52.308+0000] {dag.py:4138} INFO - Setting next_dagrun for example_subdag_operator.section-1 to None, run_after=None
[2026-08-12T04:35:52.310+0000] {logging_mixin.py:190} INFO - [2026-08-12T04:35:52.310+0000] {dag.py:4138} INFO - Setting next_dagrun for example_subdag_operator.section-2 to None, run_after=None
[2026-08-12T04:35:52.318+0000] {logging_mixin.py:190} INFO - [2026-08-12T04:35:52.318+0000] {dag.py:3211} INFO - Sync 2 DAGs
[2026-08-12T04:35:52.337+0000] {logging_mixin.py:190} INFO - [2026-08-12T04:35:52.336+0000] {dag.py:4138} INFO - Setting next_dagrun for example_subdag_operator.section-1 to None, run_after=None
[2026-08-12T04:35:52.339+0000] {logging_mixin.py:190} INFO - [2026-08-12T04:35:52.339+0000] {dag.py:4138} INFO - Setting next_dagrun for example_subdag_operator.section-2 to None, run_after=None
[2026-08-12T04:35:52.360+0000] {processor.py:208} INFO - Processing /home/airflow/.local/lib/python3.12/site-packages/airflow/example_dags/example_subdag_operator.py took 0.148 seconds
[2026-08-12T04:36:22.743+0000] {processor.py:186} INFO - Started process (PID=445) to work on /home/airflow/.local/lib/python3.12/site-packages/airflow/example_dags/example_subdag_operator.py
[2026-08-12T04:36:22.745+0000] {processor.py:914} INFO - Processing file /home/airflow/.local/lib/python3.12/site-packages/airflow/example_dags/example_subdag_operator.py for tasks to queue
[2026-08-12T04:36:22.748+0000] {logging_mixin.py:190} INFO - [2026-08-12T04:36:22.748+0000] {dagbag.py:587} INFO - Filling up the DagBag from /home/airflow/.local/lib/python3.12/site-packages/airflow/example_dags/example_subdag_operator.py
[2026-08-12T04:36:22.774+0000] {processor.py:925} INFO - DAG(s) 'example_subdag_operator.section-1', 'example_subdag_operator.section-2', 'example_subdag_operator' retrieved from /home/airflow/.local/lib/python3.12/site-packages/airflow/example_dags/example_subdag_operator.py
[2026-08-12T04:36:22.789+0000] {logging_mixin.py:190} INFO - [2026-08-12T04:36:22.789+0000] {dag.py:3211} INFO - Sync 3 DAGs
[2026-08-12T04:36:22.810+0000] {logging_mixin.py:190} INFO - [2026-08-12T04:36:22.810+0000] {dag.py:4138} INFO - Setting next_dagrun for example_subdag_operator to 2022-01-01 00:00:00+00:00, run_after=2022-01-01 00:00:00+00:00
[2026-08-12T04:36:22.816+0000] {logging_mixin.py:190} INFO - [2026-08-12T04:36:22.816+0000] {dag.py:4138} INFO - Setting next_dagrun for example_subdag_operator.section-1 to None, run_after=None
[2026-08-12T04:36:22.819+0000] {logging_mixin.py:190} INFO - [2026-08-12T04:36:22.818+0000] {dag.py:4138} INFO - Setting next_dagrun for example_subdag_operator.section-2 to None, run_after=None
[2026-08-12T04:36:22.829+0000] {logging_mixin.py:190} INFO - [2026-08-12T04:36:22.828+0000] {dag.py:3211} INFO - Sync 2 DAGs
[2026-08-12T04:36:22.835+0000] {logging_mixin.py:190} INFO - [2026-08-12T04:36:22.835+0000] {dag.py:4138} INFO - Setting next_dagrun for example_subdag_operator.section-1 to None, run_after=None
[2026-08-12T04:36:22.839+0000] {logging_mixin.py:190} INFO - [2026-08-12T04:36:22.838+0000] {dag.py:4138} INFO - Setting next_dagrun for example_subdag_operator.section-2 to None, run_after=None
[2026-08-12T04:36:22.856+0000] {processor.py:208} INFO - Processing /home/airflow/.local/lib/python3.12/site-packages/airflow/example_dags/example_subdag_operator.py took 0.120 seconds
[2026-08-12T04:36:53.267+0000] {processor.py:186} INFO - Started process (PID=507) to work on /home/airflow/.local/lib/python3.12/site-packages/airflow/example_dags/example_subdag_operator.py
[2026-08-12T04:36:53.269+0000] {processor.py:914} INFO - Processing file /home/airflow/.local/lib/python3.12/site-packages/airflow/example_dags/example_subdag_operator.py for tasks to queue
[2026-08-12T04:36:53.272+0000] {logging_mixin.py:190} INFO - [2026-08-12T04:36:53.272+0000] {dagbag.py:587} INFO - Filling up the DagBag from /home/airflow/.local/lib/python3.12/site-packages/airflow/example_dags/example_subdag_operator.py
[2026-08-12T04:36:53.302+0000] {processor.py:925} INFO - DAG(s) 'example_subdag_operator.section-1', 'example_subdag_operator.section-2', 'example_subdag_operator' retrieved from /home/airflow/.local/lib/python3.12/site-packages/airflow/example_dags/example_subdag_operator.py
[2026-08-12T04:36:53.321+0000] {logging_mixin.py:190} INFO - [2026-08-12T04:36:53.321+0000] {dag.py:3211} INFO - Sync 3 DAGs
[2026-08-12T04:36:53.343+0000] {logging_mixin.py:190} INFO - [2026-08-12T04:36:53.343+0000] {dag.py:4138} INFO - Setting next_dagrun for example_subdag_operator to 2022-01-01 00:00:00+00:00, run_after=2022-01-01 00:00:00+00:00
[2026-08-12T04:36:53.348+0000] {logging_mixin.py:190} INFO - [2026-08-12T04:36:53.348+0000] {dag.py:4138} INFO - Setting next_dagrun for example_subdag_operator.section-1 to None, run_after=None
[2026-08-12T04:36:53.351+0000] {logging_mixin.py:190} INFO - [2026-08-12T04:36:53.350+0000] {dag.py:4138} INFO - Setting next_dagrun for example_subdag_operator.section-2 to None, run_after=None
[2026-08-12T04:36:53.359+0000] {logging_mixin.py:190} INFO - [2026-08-12T04:36:53.358+0000] {dag.py:3211} INFO - Sync 2 DAGs
[2026-08-12T04:36:53.366+0000] {logging_mixin.py:190} INFO - [2026-08-12T04:36:53.366+0000] {dag.py:4138} INFO - Setting next_dagrun for example_subdag_operator.section-1 to None, run_after=None
[2026-08-12T04:36:53.367+0000] {logging_mixin.py:190} INFO - [2026-08-12T04:36:53.367+0000] {dag.py:4138} INFO - Setting next_dagrun for example_subdag_operator.section-2 to None, run_after=None
[2026-08-12T04:36:53.398+0000] {processor.py:208} INFO - Processing /home/airflow/.local/lib/python3.12/site-packages/airflow/example_dags/example_subdag_operator.py took 0.136 seconds
[2026-08-12T04:37:23.786+0000] {processor.py:186} INFO - Started process (PID=569) to work on /home/airflow/.local/lib/python3.12/site-packages/airflow/example_dags/example_subdag_operator.py
[2026-08-12T04:37:23.788+0000] {processor.py:914} INFO - Processing file /home/airflow/.local/lib/python3.12/site-packages/airflow/example_dags/example_subdag_operator.py for tasks to queue
[2026-08-12T04:37:23.792+0000] {logging_mixin.py:190} INFO - [2026-08-12T04:37:23.792+0000] {dagbag.py:587} INFO - Filling up the DagBag from /home/airflow/.local/lib/python3.12/site-packages/airflow/example_dags/example_subdag_operator.py
[2026-08-12T04:37:23.831+0000] {processor.py:925} INFO - DAG(s) 'example_subdag_operator.section-1', 'example_subdag_operator.section-2', 'example_subdag_operator' retrieved from /home/airflow/.local/lib/python3.12/site-packages/airflow/example_dags/example_subdag_operator.py
[2026-08-12T04:37:23.856+0000] {logging_mixin.py:190} INFO - [2026-08-12T04:37:23.856+0000] {dag.py:3211} INFO - Sync 3 DAGs
[2026-08-12T04:37:23.894+0000] {logging_mixin.py:190} INFO - [2026-08-12T04:37:23.893+0000] {dag.py:4138} INFO - Setting next_dagrun for example_subdag_operator to 2022-01-01 00:00:00+00:00, run_after=2022-01-01 00:00:00+00:00
[2026-08-12T04:37:23.899+0000] {logging_mixin.py:190} INFO - [2026-08-12T04:37:23.899+0000] {dag.py:4138} INFO - Setting next_dagrun for example_subdag_operator.section-1 to None, run_after=None
[2026-08-12T04:37:23.902+0000] {logging_mixin.py:190} INFO - [2026-08-12T04:37:23.902+0000] {dag.py:4138} INFO - Setting next_dagrun for example_subdag_operator.section-2 to None, run_after=None
[2026-08-12T04:37:23.912+0000] {logging_mixin.py:190} INFO - [2026-08-12T04:37:23.912+0000] {dag.py:3211} INFO - Sync 2 DAGs
[2026-08-12T04:37:23.919+0000] {logging_mixin.py:190} INFO - [2026-08-12T04:37:23.919+0000] {dag.py:4138} INFO - Setting next_dagrun for example_subdag_operator.section-1 to None, run_after=None
[2026-08-12T04:37:23.921+0000] {logging_mixin.py:190} INFO - [2026-08-12T04:37:23.920+0000] {dag.py:4138} INFO - Setting next_dagrun for example_subdag_operator.section-2 to None, run_after=None
[2026-08-12T04:37:23.938+0000] {processor.py:208} INFO - Processing /home/airflow/.local/lib/python3.12/site-packages/airflow/example_dags/example_subdag_operator.py took 0.158 seconds
[2026-08-12T04:37:54.756+0000] {processor.py:186} INFO - Started process (PID=632) to work on /home/airflow/.local/lib/python3.12/site-packages/airflow/example_dags/example_subdag_operator.py
[2026-08-12T04:37:54.758+0000] {processor.py:914} INFO - Processing file /home/airflow/.local/lib/python3.12/site-packages/airflow/example_dags/example_subdag_operator.py for tasks to queue
[2026-08-12T04:37:54.761+0000] {logging_mixin.py:190} INFO - [2026-08-12T04:37:54.761+0000] {dagbag.py:587} INFO - Filling up the DagBag from /home/airflow/.local/lib/python3.12/site-packages/airflow/example_dags/example_subdag_operator.py
[2026-08-12T04:37:54.798+0000] {processor.py:925} INFO - DAG(s) 'example_subdag_operator.section-1', 'example_subdag_operator.section-2', 'example_subdag_operator' retrieved from /home/airflow/.local/lib/python3.12/site-packages/airflow/example_dags/example_subdag_operator.py
[2026-08-12T04:37:54.815+0000] {logging_mixin.py:190} INFO - [2026-08-12T04:37:54.814+0000] {dag.py:3211} INFO - Sync 3 DAGs
[2026-08-12T04:37:54.839+0000] {logging_mixin.py:190} INFO - [2026-08-12T04:37:54.839+0000] {dag.py:4138} INFO - Setting next_dagrun for example_subdag_operator to 2022-01-01 00:00:00+00:00, run_after=2022-01-01 00:00:00+00:00
[2026-08-12T04:37:54.844+0000] {logging_mixin.py:190} INFO - [2026-08-12T04:37:54.843+0000] {dag.py:4138} INFO - Setting next_dagrun for example_subdag_operator.section-1 to None, run_after=None
[2026-08-12T04:37:54.846+0000] {logging_mixin.py:190} INFO - [2026-08-12T04:37:54.845+0000] {dag.py:4138} INFO - Setting next_dagrun for example_subdag_operator.section-2 to None, run_after=None
[2026-08-12T04:37:54.856+0000] {logging_mixin.py:190} INFO - [2026-08-12T04:37:54.855+0000] {dag.py:3211} INFO - Sync 2 DAGs
[2026-08-12T04:37:54.863+0000] {logging_mixin.py:190} INFO - [2026-08-12T04:37:54.863+0000] {dag.py:4138} INFO - Setting next_dagrun for example_subdag_operator.section-1 to None, run_after=None
[2026-08-12T04:37:54.865+0000] {logging_mixin.py:190} INFO - [2026-08-12T04:37:54.864+0000] {dag.py:4138} INFO - Setting next_dagrun for example_subdag_operator.section-2 to None, run_after=None
[2026-08-12T04:37:54.883+0000] {processor.py:208} INFO - Processing /home/airflow/.local/lib/python3.12/site-packages/airflow/example_dags/example_subdag_operator.py took 0.137 seconds
[2026-08-12T04:38:25.160+0000] {processor.py:186} INFO - Started process (PID=694) to work on /home/airflow/.local/lib/python3.12/site-packages/airflow/example_dags/example_subdag_operator.py
[2026-08-12T04:38:25.162+0000] {processor.py:914} INFO - Processing file /home/airflow/.local/lib/python3.12/site-packages/airflow/example_dags/example_subdag_operator.py for tasks to queue
[2026-08-12T04:38:25.166+0000] {logging_mixin.py:190} INFO - [2026-08-12T04:38:25.165+0000] {dagbag.py:587} INFO - Filling up the DagBag from /home/airflow/.local/lib/python3.12/site-packages/airflow/example_dags/example_subdag_operator.py
[2026-08-12T04:38:25.195+0000] {processor.py:925} INFO - DAG(s) 'example_subdag_operator.section-1', 'example_subdag_operator.section-2', 'example_subdag_operator' retrieved from /home/airflow/.local/lib/python3.12/site-packages/airflow/example_dags/example_subdag_operator.py
[2026-08-12T04:38:25.213+0000] {logging_mixin.py:190} INFO - [2026-08-12T04:38:25.213+0000] {dag.py:3211} INFO - Sync 3 DAGs
[2026-08-12T04:38:25.238+0000] {logging_mixin.py:190} INFO - [2026-08-12T04:38:25.238+0000] {dag.py:4138} INFO - Setting next_dagrun for example_subdag_operator to 2022-01-01 00:00:00+00:00, run_after=2022-01-01 00:00:00+00:00
[2026-08-12T04:38:25.243+0000] {logging_mixin.py:190} INFO - [2026-08-12T04:38:25.243+0000] {dag.py:4138} INFO - Setting next_dagrun for example_subdag_operator.section-1 to None, run_after=None
[2026-08-12T04:38:25.246+0000] {logging_mixin.py:190} INFO - [2026-08-12T04:38:25.246+0000] {dag.py:4138} INFO - Setting next_dagrun for example_subdag_operator.section-2 to None, run_after=None
[2026-08-12T04:38:25.256+0000] {logging_mixin.py:190} INFO - [2026-08-12T04:38:25.256+0000] {dag.py:3211} INFO - Sync 2 DAGs
[2026-08-12T04:38:25.264+0000] {logging_mixin.py:190} INFO - [2026-08-12T04:38:25.263+0000] {dag.py:4138} INFO - Setting next_dagrun for example_subdag_operator.section-1 to None, run_after=None
[2026-08-12T04:38:25.265+0000] {logging_mixin.py:190} INFO - [2026-08-12T04:38:25.264+0000] {dag.py:4138} INFO - Setting next_dagrun for example_subdag_operator.section-2 to None, run_after=None
[2026-08-12T04:38:25.281+0000] {processor.py:208} INFO - Processing /home/airflow/.local/lib/python3.12/site-packages/airflow/example_dags/example_subdag_operator.py took 0.128 seconds
[2026-08-12T04:38:55.520+0000] {processor.py:186} INFO - Started process (PID=756) to work on /home/airflow/.local/lib/python3.12/site-packages/airflow/example_dags/example_subdag_operator.py
[2026-08-12T04:38:55.522+0000] {processor.py:914} INFO - Processing file /home/airflow/.local/lib/python3.12/site-packages/airflow/example_dags/example_subdag_operator.py for tasks to queue
[2026-08-12T04:38:55.526+0000] {logging_mixin.py:190} INFO - [2026-08-12T04:38:55.525+0000] {dagbag.py:587} INFO - Filling up the DagBag from /home/airflow/.local/lib/python3.12/site-packages/airflow/example_dags/example_subdag_operator.py
[2026-08-12T04:38:55.561+0000] {processor.py:925} INFO - DAG(s) 'example_subdag_operator.section-1', 'example_subdag_operator.section-2', 'example_subdag_operator' retrieved from /home/airflow/.local/lib/python3.12/site-packages/airflow/example_dags/example_subdag_operator.py
[2026-08-12T04:38:55.584+0000] {logging_mixin.py:190} INFO - [2026-08-12T04:38:55.583+0000] {dag.py:3211} INFO - Sync 3 DAGs
[2026-08-12T04:38:55.611+0000] {logging_mixin.py:190} INFO - [2026-08-12T04:38:55.611+0000] {dag.py:4138} INFO - Setting next_dagrun for example_subdag_operator to 2022-01-01 00:00:00+00:00, run_after=2022-01-01 00:00:00+00:00
[2026-08-12T04:38:55.616+0000] {logging_mixin.py:190} INFO - [2026-08-12T04:38:55.616+0000] {dag.py:4138} INFO - Setting next_dagrun for example_subdag_operator.section-1 to None, run_after=None
[2026-08-12T04:38:55.621+0000] {logging_mixin.py:190} INFO - [2026-08-12T04:38:55.620+0000] {dag.py:4138} INFO - Setting next_dagrun for example_subdag_operator.section-2 to None, run_after=None
[2026-08-12T04:38:55.629+0000] {logging_mixin.py:190} INFO - [2026-08-12T04:38:55.629+0000] {dag.py:3211} INFO - Sync 2 DAGs
[2026-08-12T04:38:55.639+0000] {logging_mixin.py:190} INFO - [2026-08-12T04:38:55.639+0000] {dag.py:4138} INFO - Setting next_dagrun for example_subdag_operator.section-1 to None, run_after=None
[2026-08-12T04:38:55.640+0000] {logging_mixin.py:190} INFO - [2026-08-12T04:38:55.640+0000] {dag.py:4138} INFO - Setting next_dagrun for example_subdag_operator.section-2 to None, run_after=None
[2026-08-12T04:38:55.673+0000] {processor.py:208} INFO - Processing /home/airflow/.local/lib/python3.12/site-packages/airflow/example_dags/example_subdag_operator.py took 0.160 seconds
[2026-08-12T04:39:25.884+0000] {processor.py:186} INFO - Started process (PID=818) to work on /home/airflow/.local/lib/python3.12/site-packages/airflow/example_dags/example_subdag_operator.py
[2026-08-12T04:39:25.886+0000] {processor.py:914} INFO - Processing file /home/airflow/.local/lib/python3.12/site-packages/airflow/example_dags/example_subdag_operator.py for tasks to queue
[2026-08-12T04:39:25.890+0000] {logging_mixin.py:190} INFO - [2026-08-12T04:39:25.890+0000] {dagbag.py:587} INFO - Filling up the DagBag from /home/airflow/.local/lib/python3.12/site-packages/airflow/example_dags/example_subdag_operator.py
[2026-08-12T04:39:25.921+0000] {processor.py:925} INFO - DAG(s) 'example_subdag_operator.section-1', 'example_subdag_operator.section-2', 'example_subdag_operator' retrieved from /home/airflow/.local/lib/python3.12/site-packages/airflow/example_dags/example_subdag_operator.py
[2026-08-12T04:39:25.940+0000] {logging_mixin.py:190} INFO - [2026-08-12T04:39:25.940+0000] {dag.py:3211} INFO - Sync 3 DAGs
[2026-08-12T04:39:25.965+0000] {logging_mixin.py:190} INFO - [2026-08-12T04:39:25.964+0000] {dag.py:4138} INFO - Setting next_dagrun for example_subdag_operator to 2022-01-01 00:00:00+00:00, run_after=2022-01-01 00:00:00+00:00
[2026-08-12T04:39:25.971+0000] {logging_mixin.py:190} INFO - [2026-08-12T04:39:25.970+0000] {dag.py:4138} INFO - Setting next_dagrun for example_subdag_operator.section-1 to None, run_after=None
[2026-08-12T04:39:25.974+0000] {logging_mixin.py:190} INFO - [2026-08-12T04:39:25.973+0000] {dag.py:4138} INFO - Setting next_dagrun for example_subdag_operator.section-2 to None, run_after=None
[2026-08-12T04:39:25.982+0000] {logging_mixin.py:190} INFO - [2026-08-12T04:39:25.982+0000] {dag.py:3211} INFO - Sync 2 DAGs
[2026-08-12T04:39:25.991+0000] {logging_mixin.py:190} INFO - [2026-08-12T04:39:25.991+0000] {dag.py:4138} INFO - Setting next_dagrun for example_subdag_operator.section-1 to None, run_after=None
[2026-08-12T04:39:25.993+0000] {logging_mixin.py:190} INFO - [2026-08-12T04:39:25.992+0000] {dag.py:4138} INFO - Setting next_dagrun for example_subdag_operator.section-2 to None, run_after=None
[2026-08-12T04:39:26.011+0000] {processor.py:208} INFO - Processing /home/airflow/.local/lib/python3.12/site-packages/airflow/example_dags/example_subdag_operator.py took 0.135 seconds
[2026-08-12T04:39:56.827+0000] {processor.py:186} INFO - Started process (PID=880) to work on /home/airflow/.local/lib/python3.12/site-packages/airflow/example_dags/example_subdag_operator.py
[2026-08-12T04:39:56.828+0000] {processor.py:914} INFO - Processing file /home/airflow/.local/lib/python3.12/site-packages/airflow/example_dags/example_subdag_operator.py for tasks to queue
[2026-08-12T04:39:56.831+0000] {logging_mixin.py:190} INFO - [2026-08-12T04:39:56.830+0000] {dagbag.py:587} INFO - Filling up the DagBag from /home/airflow/.local/lib/python3.12/site-packages/airflow/example_dags/example_subdag_operator.py
[2026-08-12T04:39:56.858+0000] {processor.py:925} INFO - DAG(s) 'example_subdag_operator.section-1', 'example_subdag_operator.section-2', 'example_subdag_operator' retrieved from /home/airflow/.local/lib/python3.12/site-packages/airflow/example_dags/example_subdag_operator.py
[2026-08-12T04:39:56.873+0000] {logging_mixin.py:190} INFO - [2026-08-12T04:39:56.873+0000] {dag.py:3211} INFO - Sync 3 DAGs
[2026-08-12T04:39:56.900+0000] {logging_mixin.py:190} INFO - [2026-08-12T04:39:56.899+0000] {dag.py:4138} INFO - Setting next_dagrun for example_subdag_operator to 2022-01-01 00:00:00+00:00, run_after=2022-01-01 00:00:00+00:00
[2026-08-12T04:39:56.906+0000] {logging_mixin.py:190} INFO - [2026-08-12T04:39:56.906+0000] {dag.py:4138} INFO - Setting next_dagrun for example_subdag_operator.section-1 to None, run_after=None
[2026-08-12T04:39:56.909+0000] {logging_mixin.py:190} INFO - [2026-08-12T04:39:56.908+0000] {dag.py:4138} INFO - Setting next_dagrun for example_subdag_operator.section-2 to None, run_after=None
[2026-08-12T04:39:56.916+0000] {logging_mixin.py:190} INFO - [2026-08-12T04:39:56.916+0000] {dag.py:3211} INFO - Sync 2 DAGs
[2026-08-12T04:39:56.924+0000] {logging_mixin.py:190} INFO - [2026-08-12T04:39:56.924+0000] {dag.py:4138} INFO - Setting next_dagrun for example_subdag_operator.section-1 to None, run_after=None
[2026-08-12T04:39:56.925+0000] {logging_mixin.py:190} INFO - [2026-08-12T04:39:56.925+0000] {dag.py:4138} INFO - Setting next_dagrun for example_subdag_operator.section-2 to None, run_after=None
[2026-08-12T04:39:56.956+0000] {processor.py:208} INFO - Processing /home/airflow/.local/lib/python3.12/site-packages/airflow/example_dags/example_subdag_operator.py took 0.135 seconds
[2026-08-12T04:40:27.160+0000] {processor.py:186} INFO - Started process (PID=942) to work on /home/airflow/.local/lib/python3.12/site-packages/airflow/example_dags/example_subdag_operator.py
[2026-08-12T04:40:27.162+0000] {processor.py:914} INFO - Processing file /home/airflow/.local/lib/python3.12/site-packages/airflow/example_dags/example_subdag_operator.py for tasks to queue
[2026-08-12T04:40:27.165+0000] {logging_mixin.py:190} INFO - [2026-08-12T04:40:27.164+0000] {dagbag.py:587} INFO - Filling up the DagBag from /home/airflow/.local/lib/python3.12/site-packages/airflow/example_dags/example_subdag_operator.py
[2026-08-12T04:40:27.192+0000] {processor.py:925} INFO - DAG(s) 'example_subdag_operator.section-1', 'example_subdag_operator.section-2', 'example_subdag_operator' retrieved from /home/airflow/.local/lib/python3.12/site-packages/airflow/example_dags/example_subdag_operator.py
[2026-08-12T04:40:27.209+0000] {logging_mixin.py:190} INFO - [2026-08-12T04:40:27.209+0000] {dag.py:3211} INFO - Sync 3 DAGs
[2026-08-12T04:40:27.237+0000] {logging_mixin.py:190} INFO - [2026-08-12T04:40:27.237+0000] {dag.py:4138} INFO - Setting next_dagrun for example_subdag_operator to 2022-01-01 00:00:00+00:00, run_after=2022-01-01 00:00:00+00:00
[2026-08-12T04:40:27.243+0000] {logging_mixin.py:190} INFO - [2026-08-12T04:40:27.243+0000] {dag.py:4138} INFO - Setting next_dagrun for example_subdag_operator.section-1 to None, run_after=None
[2026-08-12T04:40:27.246+0000] {logging_mixin.py:190} INFO - [2026-08-12T04:40:27.246+0000] {dag.py:4138} INFO - Setting next_dagrun for example_subdag_operator.section-2 to None, run_after=None
[2026-08-12T04:40:27.254+0000] {logging_mixin.py:190} INFO - [2026-08-12T04:40:27.253+0000] {dag.py:3211} INFO - Sync 2 DAGs
[2026-08-12T04:40:27.262+0000] {logging_mixin.py:190} INFO - [2026-08-12T04:40:27.262+0000] {dag.py:4138} INFO - Setting next_dagrun for example_subdag_operator.section-1 to None, run_after=None
[2026-08-12T04:40:27.263+0000] {logging_mixin.py:190} INFO - [2026-08-12T04:40:27.263+0000] {dag.py:4138} INFO - Setting next_dagrun for example_subdag_operator.section-2 to None, run_after=None
[2026-08-12T04:40:27.294+0000] {processor.py:208} INFO - Processing /home/airflow/.local/lib/python3.12/site-packages/airflow/example_dags/example_subdag_operator.py took 0.140 seconds
[2026-08-12T04:40:57.705+0000] {processor.py:186} INFO - Started process (PID=1004) to work on /home/airflow/.local/lib/python3.12/site-packages/airflow/example_dags/example_subdag_operator.py
[2026-08-12T04:40:57.707+0000] {processor.py:914} INFO - Processing file /home/airflow/.local/lib/python3.12/site-packages/airflow/example_dags/example_subdag_operator.py for tasks to queue
[2026-08-12T04:40:57.710+0000] {logging_mixin.py:190} INFO - [2026-08-12T04:40:57.710+0000] {dagbag.py:587} INFO - Filling up the DagBag from /home/airflow/.local/lib/python3.12/site-packages/airflow/example_dags/example_subdag_operator.py
[2026-08-12T04:40:57.738+0000] {processor.py:925} INFO - DAG(s) 'example_subdag_operator.section-1', 'example_subdag_operator.section-2', 'example_subdag_operator' retrieved from /home/airflow/.local/lib/python3.12/site-packages/airflow/example_dags/example_subdag_operator.py
[2026-08-12T04:40:57.753+0000] {logging_mixin.py:190} INFO - [2026-08-12T04:40:57.753+0000] {dag.py:3211} INFO - Sync 3 DAGs
[2026-08-12T04:40:57.776+0000] {logging_mixin.py:190} INFO - [2026-08-12T04:40:57.775+0000] {dag.py:4138} INFO - Setting next_dagrun for example_subdag_operator to 2022-01-01 00:00:00+00:00, run_after=2022-01-01 00:00:00+00:00
[2026-08-12T04:40:57.781+0000] {logging_mixin.py:190} INFO - [2026-08-12T04:40:57.781+0000] {dag.py:4138} INFO - Setting next_dagrun for example_subdag_operator.section-1 to None, run_after=None
[2026-08-12T04:40:57.783+0000] {logging_mixin.py:190} INFO - [2026-08-12T04:40:57.783+0000] {dag.py:4138} INFO - Setting next_dagrun for example_subdag_operator.section-2 to None, run_after=None
[2026-08-12T04:40:57.791+0000] {logging_mixin.py:190} INFO - [2026-08-12T04:40:57.791+0000] {dag.py:3211} INFO - Sync 2 DAGs
[2026-08-12T04:40:57.798+0000] {logging_mixin.py:190} INFO - [2026-08-12T04:40:57.798+0000] {dag.py:4138} INFO - Setting next_dagrun for example_subdag_operator.section-1 to None, run_after=None
[2026-08-12T04:40:57.800+0000] {logging_mixin.py:190} INFO - [2026-08-12T04:40:57.799+0000] {dag.py:4138} INFO - Setting next_dagrun for example_subdag_operator.section-2 to None, run_after=None
[2026-08-12T04:40:57.816+0000] {processor.py:208} INFO - Processing /home/airflow/.local/lib/python3.12/site-packages/airflow/example_dags/example_subdag_operator.py took 0.116 seconds
[2026-08-12T04:41:28.213+0000] {processor.py:186} INFO - Started process (PID=1066) to work on /home/airflow/.local/lib/python3.12/site-packages/airflow/example_dags/example_subdag_operator.py
[2026-08-12T04:41:28.215+0000] {processor.py:914} INFO - Processing file /home/airflow/.local/lib/python3.12/site-packages/airflow/example_dags/example_subdag_operator.py for tasks to queue
[2026-08-12T04:41:28.218+0000] {logging_mixin.py:190} INFO - [2026-08-12T04:41:28.217+0000] {dagbag.py:587} INFO - Filling up the DagBag from /home/airflow/.local/lib/python3.12/site-packages/airflow/example_dags/example_subdag_operator.py
[2026-08-12T04:41:28.249+0000] {processor.py:925} INFO - DAG(s) 'example_subdag_operator.section-1', 'example_subdag_operator.section-2', 'example_subdag_operator' retrieved from /home/airflow/.local/lib/python3.12/site-packages/airflow/example_dags/example_subdag_operator.py
[2026-08-12T04:41:28.267+0000] {logging_mixin.py:190} INFO - [2026-08-12T04:41:28.267+0000] {dag.py:3211} INFO - Sync 3 DAGs
[2026-08-12T04:41:28.296+0000] {logging_mixin.py:190} INFO - [2026-08-12T04:41:28.296+0000] {dag.py:4138} INFO - Setting next_dagrun for example_subdag_operator to 2022-01-01 00:00:00+00:00, run_after=2022-01-01 00:00:00+00:00
[2026-08-12T04:41:28.301+0000] {logging_mixin.py:190} INFO - [2026-08-12T04:41:28.301+0000] {dag.py:4138} INFO - Setting next_dagrun for example_subdag_operator.section-1 to None, run_after=None
[2026-08-12T04:41:28.303+0000] {logging_mixin.py:190} INFO - [2026-08-12T04:41:28.303+0000] {dag.py:4138} INFO - Setting next_dagrun for example_subdag_operator.section-2 to None, run_after=None
[2026-08-12T04:41:28.312+0000] {logging_mixin.py:190} INFO - [2026-08-12T04:41:28.312+0000] {dag.py:3211} INFO - Sync 2 DAGs
[2026-08-12T04:41:28.319+0000] {logging_mixin.py:190} INFO - [2026-08-12T04:41:28.319+0000] {dag.py:4138} INFO - Setting next_dagrun for example_subdag_operator.section-1 to None, run_after=None
[2026-08-12T04:41:28.321+0000] {logging_mixin.py:190} INFO - [2026-08-12T04:41:28.320+0000] {dag.py:4138} INFO - Setting next_dagrun for example_subdag_operator.section-2 to None, run_after=None
[2026-08-12T04:41:28.337+0000] {processor.py:208} INFO - Processing /home/airflow/.local/lib/python3.12/site-packages/airflow/example_dags/example_subdag_operator.py took 0.131 seconds
[2026-08-12T04:41:59.192+0000] {processor.py:186} INFO - Started process (PID=1128) to work on /home/airflow/.local/lib/python3.12/site-packages/airflow/example_dags/example_subdag_operator.py
[2026-08-12T04:41:59.194+0000] {processor.py:914} INFO - Processing file /home/airflow/.local/lib/python3.12/site-packages/airflow/example_dags/example_subdag_operator.py for tasks to queue
[2026-08-12T04:41:59.198+0000] {logging_mixin.py:190} INFO - [2026-08-12T04:41:59.198+0000] {dagbag.py:587} INFO - Filling up the DagBag from /home/airflow/.local/lib/python3.12/site-packages/airflow/example_dags/example_subdag_operator.py
[2026-08-12T04:41:59.225+0000] {processor.py:925} INFO - DAG(s) 'example_subdag_operator.section-1', 'example_subdag_operator.section-2', 'example_subdag_operator' retrieved from /home/airflow/.local/lib/python3.12/site-packages/airflow/example_dags/example_subdag_operator.py
[2026-08-12T04:41:59.242+0000] {logging_mixin.py:190} INFO - [2026-08-12T04:41:59.242+0000] {dag.py:3211} INFO - Sync 3 DAGs
[2026-08-12T04:41:59.269+0000] {logging_mixin.py:190} INFO - [2026-08-12T04:41:59.269+0000] {dag.py:4138} INFO - Setting next_dagrun for example_subdag_operator to 2022-01-01 00:00:00+00:00, run_after=2022-01-01 00:00:00+00:00
[2026-08-12T04:41:59.275+0000] {logging_mixin.py:190} INFO - [2026-08-12T04:41:59.274+0000] {dag.py:4138} INFO - Setting next_dagrun for example_subdag_operator.section-1 to None, run_after=None
[2026-08-12T04:41:59.277+0000] {logging_mixin.py:190} INFO - [2026-08-12T04:41:59.276+0000] {dag.py:4138} INFO - Setting next_dagrun for example_subdag_operator.section-2 to None, run_after=None
[2026-08-12T04:41:59.287+0000] {logging_mixin.py:190} INFO - [2026-08-12T04:41:59.286+0000] {dag.py:3211} INFO - Sync 2 DAGs
[2026-08-12T04:41:59.293+0000] {logging_mixin.py:190} INFO - [2026-08-12T04:41:59.292+0000] {dag.py:4138} INFO - Setting next_dagrun for example_subdag_operator.section-1 to None, run_after=None
[2026-08-12T04:41:59.294+0000] {logging_mixin.py:190} INFO - [2026-08-12T04:41:59.294+0000] {dag.py:4138} INFO - Setting next_dagrun for example_subdag_operator.section-2 to None, run_after=None
[2026-08-12T04:41:59.316+0000] {processor.py:208} INFO - Processing /home/airflow/.local/lib/python3.12/site-packages/airflow/example_dags/example_subdag_operator.py took 0.129 seconds
[2026-08-12T04:42:30.261+0000] {processor.py:186} INFO - Started process (PID=1190) to work on /home/airflow/.local/lib/python3.12/site-packages/airflow/example_dags/example_subdag_operator.py
[2026-08-12T04:42:30.263+0000] {processor.py:914} INFO - Processing file /home/airflow/.local/lib/python3.12/site-packages/airflow/example_dags/example_subdag_operator.py for tasks to queue
[2026-08-12T04:42:30.266+0000] {logging_mixin.py:190} INFO - [2026-08-12T04:42:30.266+0000] {dagbag.py:587} INFO - Filling up the DagBag from /home/airflow/.local/lib/python3.12/site-packages/airflow/example_dags/example_subdag_operator.py
[2026-08-12T04:42:30.303+0000] {processor.py:925} INFO - DAG(s) 'example_subdag_operator.section-1', 'example_subdag_operator.section-2', 'example_subdag_operator' retrieved from /home/airflow/.local/lib/python3.12/site-packages/airflow/example_dags/example_subdag_operator.py
[2026-08-12T04:42:30.318+0000] {logging_mixin.py:190} INFO - [2026-08-12T04:42:30.318+0000] {dag.py:3211} INFO - Sync 3 DAGs
[2026-08-12T04:42:30.339+0000] {logging_mixin.py:190} INFO - [2026-08-12T04:42:30.339+0000] {dag.py:4138} INFO - Setting next_dagrun for example_subdag_operator to 2022-01-01 00:00:00+00:00, run_after=2022-01-01 00:00:00+00:00
[2026-08-12T04:42:30.343+0000] {logging_mixin.py:190} INFO - [2026-08-12T04:42:30.343+0000] {dag.py:4138} INFO - Setting next_dagrun for example_subdag_operator.section-1 to None, run_after=None
[2026-08-12T04:42:30.346+0000] {logging_mixin.py:190} INFO - [2026-08-12T04:42:30.346+0000] {dag.py:4138} INFO - Setting next_dagrun for example_subdag_operator.section-2 to None, run_after=None
[2026-08-12T04:42:30.354+0000] {logging_mixin.py:190} INFO - [2026-08-12T04:42:30.354+0000] {dag.py:3211} INFO - Sync 2 DAGs
[2026-08-12T04:42:30.360+0000] {logging_mixin.py:190} INFO - [2026-08-12T04:42:30.360+0000] {dag.py:4138} INFO - Setting next_dagrun for example_subdag_operator.section-1 to None, run_after=None
[2026-08-12T04:42:30.361+0000] {logging_mixin.py:190} INFO - [2026-08-12T04:42:30.361+0000] {dag.py:4138} INFO - Setting next_dagrun for example_subdag_operator.section-2 to None, run_after=None
[2026-08-12T04:42:30.376+0000] {processor.py:208} INFO - Processing /home/airflow/.local/lib/python3.12/site-packages/airflow/example_dags/example_subdag_operator.py took 0.120 seconds
[2026-08-12T04:43:01.248+0000] {processor.py:186} INFO - Started process (PID=1252) to work on /home/airflow/.local/lib/python3.12/site-packages/airflow/example_dags/example_subdag_operator.py
[2026-08-12T04:43:01.250+0000] {processor.py:914} INFO - Processing file /home/airflow/.local/lib/python3.12/site-packages/airflow/example_dags/example_subdag_operator.py for tasks to queue
[2026-08-12T04:43:01.253+0000] {logging_mixin.py:190} INFO - [2026-08-12T04:43:01.253+0000] {dagbag.py:587} INFO - Filling up the DagBag from /home/airflow/.local/lib/python3.12/site-packages/airflow/example_dags/example_subdag_operator.py
[2026-08-12T04:43:01.279+0000] {processor.py:925} INFO - DAG(s) 'example_subdag_operator.section-1', 'example_subdag_operator.section-2', 'example_subdag_operator' retrieved from /home/airflow/.local/lib/python3.12/site-packages/airflow/example_dags/example_subdag_operator.py
[2026-08-12T04:43:01.297+0000] {logging_mixin.py:190} INFO - [2026-08-12T04:43:01.297+0000] {dag.py:3211} INFO - Sync 3 DAGs
[2026-08-12T04:43:01.322+0000] {logging_mixin.py:190} INFO - [2026-08-12T04:43:01.322+0000] {dag.py:4138} INFO - Setting next_dagrun for example_subdag_operator to 2022-01-01 00:00:00+00:00, run_after=2022-01-01 00:00:00+00:00
[2026-08-12T04:43:01.327+0000] {logging_mixin.py:190} INFO - [2026-08-12T04:43:01.327+0000] {dag.py:4138} INFO - Setting next_dagrun for example_subdag_operator.section-1 to None, run_after=None
[2026-08-12T04:43:01.329+0000] {logging_mixin.py:190} INFO - [2026-08-12T04:43:01.329+0000] {dag.py:4138} INFO - Setting next_dagrun for example_subdag_operator.section-2 to None, run_after=None
[2026-08-12T04:43:01.338+0000] {logging_mixin.py:190} INFO - [2026-08-12T04:43:01.338+0000] {dag.py:3211} INFO - Sync 2 DAGs
[2026-08-12T04:43:01.344+0000] {logging_mixin.py:190} INFO - [2026-08-12T04:43:01.343+0000] {dag.py:4138} INFO - Setting next_dagrun for example_subdag_operator.section-1 to None, run_after=None
[2026-08-12T04:43:01.345+0000] {logging_mixin.py:190} INFO - [2026-08-12T04:43:01.345+0000] {dag.py:4138} INFO - Setting next_dagrun for example_subdag_operator.section-2 to None, run_after=None
[2026-08-12T04:43:01.362+0000] {processor.py:208} INFO - Processing /home/airflow/.local/lib/python3.12/site-packages/airflow/example_dags/example_subdag_operator.py took 0.120 seconds
[2026-08-12T04:43:32.111+0000] {processor.py:186} INFO - Started process (PID=1314) to work on /home/airflow/.local/lib/python3.12/site-packages/airflow/example_dags/example_subdag_operator.py
[2026-08-12T04:43:32.113+0000] {processor.py:914} INFO - Processing file /home/airflow/.local/lib/python3.12/site-packages/airflow/example_dags/example_subdag_operator.py for tasks to queue
[2026-08-12T04:43:32.116+0000] {logging_mixin.py:190} INFO - [2026-08-12T04:43:32.116+0000] {dagbag.py:587} INFO - Filling up the DagBag from /home/airflow/.local/lib/python3.12/site-packages/airflow/example_dags/example_subdag_operator.py
[2026-08-12T04:43:32.142+0000] {processor.py:925} INFO - DAG(s) 'example_subdag_operator.section-1', 'example_subdag_operator.section-2', 'example_subdag_operator' retrieved from /home/airflow/.local/lib/python3.12/site-packages/airflow/example_dags/example_subdag_operator.py
[2026-08-12T04:43:32.157+0000] {logging_mixin.py:190} INFO - [2026-08-12T04:43:32.156+0000] {dag.py:3211} INFO - Sync 3 DAGs
[2026-08-12T04:43:32.179+0000] {logging_mixin.py:190} INFO - [2026-08-12T04:43:32.178+0000] {dag.py:4138} INFO - Setting next_dagrun for example_subdag_operator to 2022-01-01 00:00:00+00:00, run_after=2022-01-01 00:00:00+00:00
[2026-08-12T04:43:32.184+0000] {logging_mixin.py:190} INFO - [2026-08-12T04:43:32.183+0000] {dag.py:4138} INFO - Setting next_dagrun for example_subdag_operator.section-1 to None, run_after=None
[2026-08-12T04:43:32.187+0000] {logging_mixin.py:190} INFO - [2026-08-12T04:43:32.186+0000] {dag.py:4138} INFO - Setting next_dagrun for example_subdag_operator.section-2 to None, run_after=None
[2026-08-12T04:43:32.201+0000] {logging_mixin.py:190} INFO - [2026-08-12T04:43:32.201+0000] {dag.py:3211} INFO - Sync 2 DAGs
[2026-08-12T04:43:32.213+0000] {logging_mixin.py:190} INFO - [2026-08-12T04:43:32.213+0000] {dag.py:4138} INFO - Setting next_dagrun for example_subdag_operator.section-1 to None, run_after=None
[2026-08-12T04:43:32.215+0000] {logging_mixin.py:190} INFO - [2026-08-12T04:43:32.215+0000] {dag.py:4138} INFO - Setting next_dagrun for example_subdag_operator.section-2 to None, run_after=None
[2026-08-12T04:43:32.241+0000] {processor.py:208} INFO - Processing /home/airflow/.local/lib/python3.12/site-packages/airflow/example_dags/example_subdag_operator.py took 0.135 seconds
[2026-08-12T04:44:02.842+0000] {processor.py:186} INFO - Started process (PID=1376) to work on /home/airflow/.local/lib/python3.12/site-packages/airflow/example_dags/example_subdag_operator.py
[2026-08-12T04:44:02.844+0000] {processor.py:914} INFO - Processing file /home/airflow/.local/lib/python3.12/site-packages/airflow/example_dags/example_subdag_operator.py for tasks to queue
[2026-08-12T04:44:02.847+0000] {logging_mixin.py:190} INFO - [2026-08-12T04:44:02.846+0000] {dagbag.py:587} INFO - Filling up the DagBag from /home/airflow/.local/lib/python3.12/site-packages/airflow/example_dags/example_subdag_operator.py
[2026-08-12T04:44:02.877+0000] {processor.py:925} INFO - DAG(s) 'example_subdag_operator.section-1', 'example_subdag_operator.section-2', 'example_subdag_operator' retrieved from /home/airflow/.local/lib/python3.12/site-packages/airflow/example_dags/example_subdag_operator.py
[2026-08-12T04:44:02.893+0000] {logging_mixin.py:190} INFO - [2026-08-12T04:44:02.893+0000] {dag.py:3211} INFO - Sync 3 DAGs
[2026-08-12T04:44:02.914+0000] {logging_mixin.py:190} INFO - [2026-08-12T04:44:02.914+0000] {dag.py:4138} INFO - Setting next_dagrun for example_subdag_operator to 2022-01-01 00:00:00+00:00, run_after=2022-01-01 00:00:00+00:00
[2026-08-12T04:44:02.919+0000] {logging_mixin.py:190} INFO - [2026-08-12T04:44:02.919+0000] {dag.py:4138} INFO - Setting next_dagrun for example_subdag_operator.section-1 to None, run_after=None
[2026-08-12T04:44:02.922+0000] {logging_mixin.py:190} INFO - [2026-08-12T04:44:02.922+0000] {dag.py:4138} INFO - Setting next_dagrun for example_subdag_operator.section-2 to None, run_after=None
[2026-08-12T04:44:02.930+0000] {logging_mixin.py:190} INFO - [2026-08-12T04:44:02.930+0000] {dag.py:3211} INFO - Sync 2 DAGs
[2026-08-12T04:44:02.939+0000] {logging_mixin.py:190} INFO - [2026-08-12T04:44:02.939+0000] {dag.py:4138} INFO - Setting next_dagrun for example_subdag_operator.section-1 to None, run_after=None
[2026-08-12T04:44:02.940+0000] {logging_mixin.py:190} INFO - [2026-08-12T04:44:02.940+0000] {dag.py:4138} INFO - Setting next_dagrun for example_subdag_operator.section-2 to None, run_after=None
[2026-08-12T04:44:02.984+0000] {processor.py:208} INFO - Processing /home/airflow/.local/lib/python3.12/site-packages/airflow/example_dags/example_subdag_operator.py took 0.148 seconds
[2026-08-12T04:44:33.314+0000] {processor.py:186} INFO - Started process (PID=1439) to work on /home/airflow/.local/lib/python3.12/site-packages/airflow/example_dags/example_subdag_operator.py
[2026-08-12T04:44:33.316+0000] {processor.py:914} INFO - Processing file /home/airflow/.local/lib/python3.12/site-packages/airflow/example_dags/example_subdag_operator.py for tasks to queue
[2026-08-12T04:44:33.319+0000] {logging_mixin.py:190} INFO - [2026-08-12T04:44:33.318+0000] {dagbag.py:587} INFO - Filling up the DagBag from /home/airflow/.local/lib/python3.12/site-packages/airflow/example_dags/example_subdag_operator.py
[2026-08-12T04:44:33.346+0000] {processor.py:925} INFO - DAG(s) 'example_subdag_operator.section-1', 'example_subdag_operator.section-2', 'example_subdag_operator' retrieved from /home/airflow/.local/lib/python3.12/site-packages/airflow/example_dags/example_subdag_operator.py
[2026-08-12T04:44:33.374+0000] {logging_mixin.py:190} INFO - [2026-08-12T04:44:33.367+0000] {dag.py:3211} INFO - Sync 3 DAGs
[2026-08-12T04:44:33.402+0000] {logging_mixin.py:190} INFO - [2026-08-12T04:44:33.402+0000] {dag.py:4138} INFO - Setting next_dagrun for example_subdag_operator to 2022-01-01 00:00:00+00:00, run_after=2022-01-01 00:00:00+00:00
[2026-08-12T04:44:33.408+0000] {logging_mixin.py:190} INFO - [2026-08-12T04:44:33.407+0000] {dag.py:4138} INFO - Setting next_dagrun for example_subdag_operator.section-1 to None, run_after=None
[2026-08-12T04:44:33.410+0000] {logging_mixin.py:190} INFO - [2026-08-12T04:44:33.410+0000] {dag.py:4138} INFO - Setting next_dagrun for example_subdag_operator.section-2 to None, run_after=None
[2026-08-12T04:44:33.419+0000] {logging_mixin.py:190} INFO - [2026-08-12T04:44:33.418+0000] {dag.py:3211} INFO - Sync 2 DAGs
[2026-08-12T04:44:33.425+0000] {logging_mixin.py:190} INFO - [2026-08-12T04:44:33.425+0000] {dag.py:4138} INFO - Setting next_dagrun for example_subdag_operator.section-1 to None, run_after=None
[2026-08-12T04:44:33.426+0000] {logging_mixin.py:190} INFO - [2026-08-12T04:44:33.426+0000] {dag.py:4138} INFO - Setting next_dagrun for example_subdag_operator.section-2 to None, run_after=None
[2026-08-12T04:44:33.444+0000] {processor.py:208} INFO - Processing /home/airflow/.local/lib/python3.12/site-packages/airflow/example_dags/example_subdag_operator.py took 0.137 seconds
[2026-08-12T04:45:04.378+0000] {processor.py:186} INFO - Started process (PID=1501) to work on /home/airflow/.local/lib/python3.12/site-packages/airflow/example_dags/example_subdag_operator.py
[2026-08-12T04:45:04.380+0000] {processor.py:914} INFO - Processing file /home/airflow/.local/lib/python3.12/site-packages/airflow/example_dags/example_subdag_operator.py for tasks to queue
[2026-08-12T04:45:04.384+0000] {logging_mixin.py:190} INFO - [2026-08-12T04:45:04.383+0000] {dagbag.py:587} INFO - Filling up the DagBag from /home/airflow/.local/lib/python3.12/site-packages/airflow/example_dags/example_subdag_operator.py
[2026-08-12T04:45:04.422+0000] {processor.py:925} INFO - DAG(s) 'example_subdag_operator.section-1', 'example_subdag_operator.section-2', 'example_subdag_operator' retrieved from /home/airflow/.local/lib/python3.12/site-packages/airflow/example_dags/example_subdag_operator.py
[2026-08-12T04:45:04.448+0000] {logging_mixin.py:190} INFO - [2026-08-12T04:45:04.447+0000] {dag.py:3211} INFO - Sync 3 DAGs
[2026-08-12T04:45:04.499+0000] {logging_mixin.py:190} INFO - [2026-08-12T04:45:04.499+0000] {dag.py:4138} INFO - Setting next_dagrun for example_subdag_operator to 2022-01-01 00:00:00+00:00, run_after=2022-01-01 00:00:00+00:00
[2026-08-12T04:45:04.549+0000] {logging_mixin.py:190} INFO - [2026-08-12T04:45:04.549+0000] {dag.py:4138} INFO - Setting next_dagrun for example_subdag_operator.section-1 to None, run_after=None
[2026-08-12T04:45:04.595+0000] {logging_mixin.py:190} INFO - [2026-08-12T04:45:04.595+0000] {dag.py:4138} INFO - Setting next_dagrun for example_subdag_operator.section-2 to None, run_after=None
[2026-08-12T04:45:04.614+0000] {logging_mixin.py:190} INFO - [2026-08-12T04:45:04.614+0000] {dag.py:3211} INFO - Sync 2 DAGs
[2026-08-12T04:45:04.624+0000] {logging_mixin.py:190} INFO - [2026-08-12T04:45:04.624+0000] {dag.py:4138} INFO - Setting next_dagrun for example_subdag_operator.section-1 to None, run_after=None
[2026-08-12T04:45:04.626+0000] {logging_mixin.py:190} INFO - [2026-08-12T04:45:04.626+0000] {dag.py:4138} INFO - Setting next_dagrun for example_subdag_operator.section-2 to None, run_after=None
[2026-08-12T04:45:04.658+0000] {processor.py:208} INFO - Processing /home/airflow/.local/lib/python3.12/site-packages/airflow/example_dags/example_subdag_operator.py took 0.288 seconds
[2026-08-12T04:45:35.634+0000] {processor.py:186} INFO - Started process (PID=1563) to work on /home/airflow/.local/lib/python3.12/site-packages/airflow/example_dags/example_subdag_operator.py
[2026-08-12T04:45:35.636+0000] {processor.py:914} INFO - Processing file /home/airflow/.local/lib/python3.12/site-packages/airflow/example_dags/example_subdag_operator.py for tasks to queue
[2026-08-12T04:45:35.639+0000] {logging_mixin.py:190} INFO - [2026-08-12T04:45:35.639+0000] {dagbag.py:587} INFO - Filling up the DagBag from /home/airflow/.local/lib/python3.12/site-packages/airflow/example_dags/example_subdag_operator.py
[2026-08-12T04:45:35.681+0000] {processor.py:925} INFO - DAG(s) 'example_subdag_operator.section-1', 'example_subdag_operator.section-2', 'example_subdag_operator' retrieved from /home/airflow/.local/lib/python3.12/site-packages/airflow/example_dags/example_subdag_operator.py
[2026-08-12T04:45:35.696+0000] {logging_mixin.py:190} INFO - [2026-08-12T04:45:35.696+0000] {dag.py:3211} INFO - Sync 3 DAGs
[2026-08-12T04:45:35.718+0000] {logging_mixin.py:190} INFO - [2026-08-12T04:45:35.718+0000] {dag.py:4138} INFO - Setting next_dagrun for example_subdag_operator to 2022-01-01 00:00:00+00:00, run_after=2022-01-01 00:00:00+00:00
[2026-08-12T04:45:35.724+0000] {logging_mixin.py:190} INFO - [2026-08-12T04:45:35.724+0000] {dag.py:4138} INFO - Setting next_dagrun for example_subdag_operator.section-1 to None, run_after=None
[2026-08-12T04:45:35.726+0000] {logging_mixin.py:190} INFO - [2026-08-12T04:45:35.726+0000] {dag.py:4138} INFO - Setting next_dagrun for example_subdag_operator.section-2 to None, run_after=None
[2026-08-12T04:45:35.736+0000] {logging_mixin.py:190} INFO - [2026-08-12T04:45:35.735+0000] {dag.py:3211} INFO - Sync 2 DAGs
[2026-08-12T04:45:35.744+0000] {logging_mixin.py:190} INFO - [2026-08-12T04:45:35.744+0000] {dag.py:4138} INFO - Setting next_dagrun for example_subdag_operator.section-1 to None, run_after=None
[2026-08-12T04:45:35.745+0000] {logging_mixin.py:190} INFO - [2026-08-12T04:45:35.745+0000] {dag.py:4138} INFO - Setting next_dagrun for example_subdag_operator.section-2 to None, run_after=None
[2026-08-12T04:45:35.765+0000] {processor.py:208} INFO - Processing /home/airflow/.local/lib/python3.12/site-packages/airflow/example_dags/example_subdag_operator.py took 0.138 seconds
[2026-08-12T04:46:05.867+0000] {processor.py:186} INFO - Started process (PID=1624) to work on /home/airflow/.local/lib/python3.12/site-packages/airflow/example_dags/example_subdag_operator.py
[2026-08-12T04:46:05.868+0000] {processor.py:914} INFO - Processing file /home/airflow/.local/lib/python3.12/site-packages/airflow/example_dags/example_subdag_operator.py for tasks to queue
[2026-08-12T04:46:05.871+0000] {logging_mixin.py:190} INFO - [2026-08-12T04:46:05.871+0000] {dagbag.py:587} INFO - Filling up the DagBag from /home/airflow/.local/lib/python3.12/site-packages/airflow/example_dags/example_subdag_operator.py
[2026-08-12T04:46:05.896+0000] {processor.py:925} INFO - DAG(s) 'example_subdag_operator.section-1', 'example_subdag_operator.section-2', 'example_subdag_operator' retrieved from /home/airflow/.local/lib/python3.12/site-packages/airflow/example_dags/example_subdag_operator.py
[2026-08-12T04:46:05.909+0000] {logging_mixin.py:190} INFO - [2026-08-12T04:46:05.909+0000] {dag.py:3211} INFO - Sync 3 DAGs
[2026-08-12T04:46:05.930+0000] {logging_mixin.py:190} INFO - [2026-08-12T04:46:05.929+0000] {dag.py:4138} INFO - Setting next_dagrun for example_subdag_operator to 2022-01-01 00:00:00+00:00, run_after=2022-01-01 00:00:00+00:00
[2026-08-12T04:46:05.934+0000] {logging_mixin.py:190} INFO - [2026-08-12T04:46:05.934+0000] {dag.py:4138} INFO - Setting next_dagrun for example_subdag_operator.section-1 to None, run_after=None
[2026-08-12T04:46:05.936+0000] {logging_mixin.py:190} INFO - [2026-08-12T04:46:05.936+0000] {dag.py:4138} INFO - Setting next_dagrun for example_subdag_operator.section-2 to None, run_after=None
[2026-08-12T04:46:05.944+0000] {logging_mixin.py:190} INFO - [2026-08-12T04:46:05.944+0000] {dag.py:3211} INFO - Sync 2 DAGs
[2026-08-12T04:46:05.950+0000] {logging_mixin.py:190} INFO - [2026-08-12T04:46:05.950+0000] {dag.py:4138} INFO - Setting next_dagrun for example_subdag_operator.section-1 to None, run_after=None
[2026-08-12T04:46:05.951+0000] {logging_mixin.py:190} INFO - [2026-08-12T04:46:05.951+0000] {dag.py:4138} INFO - Setting next_dagrun for example_subdag_operator.section-2 to None, run_after=None
[2026-08-12T04:46:05.968+0000] {processor.py:208} INFO - Processing /home/airflow/.local/lib/python3.12/site-packages/airflow/example_dags/example_subdag_operator.py took 0.106 seconds
[2026-08-12T04:46:36.415+0000] {processor.py:186} INFO - Started process (PID=1687) to work on /home/airflow/.local/lib/python3.12/site-packages/airflow/example_dags/example_subdag_operator.py
[2026-08-12T04:46:36.417+0000] {processor.py:914} INFO - Processing file /home/airflow/.local/lib/python3.12/site-packages/airflow/example_dags/example_subdag_operator.py for tasks to queue
[2026-08-12T04:46:36.421+0000] {logging_mixin.py:190} INFO - [2026-08-12T04:46:36.420+0000] {dagbag.py:587} INFO - Filling up the DagBag from /home/airflow/.local/lib/python3.12/site-packages/airflow/example_dags/example_subdag_operator.py
[2026-08-12T04:46:36.449+0000] {processor.py:925} INFO - DAG(s) 'example_subdag_operator.section-1', 'example_subdag_operator.section-2', 'example_subdag_operator' retrieved from /home/airflow/.local/lib/python3.12/site-packages/airflow/example_dags/example_subdag_operator.py
[2026-08-12T04:46:36.465+0000] {logging_mixin.py:190} INFO - [2026-08-12T04:46:36.465+0000] {dag.py:3211} INFO - Sync 3 DAGs
[2026-08-12T04:46:36.487+0000] {logging_mixin.py:190} INFO - [2026-08-12T04:46:36.486+0000] {dag.py:4138} INFO - Setting next_dagrun for example_subdag_operator to 2022-01-01 00:00:00+00:00, run_after=2022-01-01 00:00:00+00:00
[2026-08-12T04:46:36.492+0000] {logging_mixin.py:190} INFO - [2026-08-12T04:46:36.491+0000] {dag.py:4138} INFO - Setting next_dagrun for example_subdag_operator.section-1 to None, run_after=None
[2026-08-12T04:46:36.494+0000] {logging_mixin.py:190} INFO - [2026-08-12T04:46:36.494+0000] {dag.py:4138} INFO - Setting next_dagrun for example_subdag_operator.section-2 to None, run_after=None
[2026-08-12T04:46:36.502+0000] {logging_mixin.py:190} INFO - [2026-08-12T04:46:36.502+0000] {dag.py:3211} INFO - Sync 2 DAGs
[2026-08-12T04:46:36.510+0000] {logging_mixin.py:190} INFO - [2026-08-12T04:46:36.509+0000] {dag.py:4138} INFO - Setting next_dagrun for example_subdag_operator.section-1 to None, run_after=None
[2026-08-12T04:46:36.511+0000] {logging_mixin.py:190} INFO - [2026-08-12T04:46:36.511+0000] {dag.py:4138} INFO - Setting next_dagrun for example_subdag_operator.section-2 to None, run_after=None
[2026-08-12T04:46:36.533+0000] {processor.py:208} INFO - Processing /home/airflow/.local/lib/python3.12/site-packages/airflow/example_dags/example_subdag_operator.py took 0.129 seconds
[2026-08-12T04:47:07.000+0000] {processor.py:186} INFO - Started process (PID=1749) to work on /home/airflow/.local/lib/python3.12/site-packages/airflow/example_dags/example_subdag_operator.py
[2026-08-12T04:47:07.001+0000] {processor.py:914} INFO - Processing file /home/airflow/.local/lib/python3.12/site-packages/airflow/example_dags/example_subdag_operator.py for tasks to queue
[2026-08-12T04:47:07.004+0000] {logging_mixin.py:190} INFO - [2026-08-12T04:47:07.004+0000] {dagbag.py:587} INFO - Filling up the DagBag from /home/airflow/.local/lib/python3.12/site-packages/airflow/example_dags/example_subdag_operator.py
[2026-08-12T04:47:07.032+0000] {processor.py:925} INFO - DAG(s) 'example_subdag_operator.section-1', 'example_subdag_operator.section-2', 'example_subdag_operator' retrieved from /home/airflow/.local/lib/python3.12/site-packages/airflow/example_dags/example_subdag_operator.py
[2026-08-12T04:47:07.054+0000] {logging_mixin.py:190} INFO - [2026-08-12T04:47:07.053+0000] {dag.py:3211} INFO - Sync 3 DAGs
[2026-08-12T04:47:07.076+0000] {logging_mixin.py:190} INFO - [2026-08-12T04:47:07.076+0000] {dag.py:4138} INFO - Setting next_dagrun for example_subdag_operator to 2022-01-01 00:00:00+00:00, run_after=2022-01-01 00:00:00+00:00
[2026-08-12T04:47:07.081+0000] {logging_mixin.py:190} INFO - [2026-08-12T04:47:07.081+0000] {dag.py:4138} INFO - Setting next_dagrun for example_subdag_operator.section-1 to None, run_after=None
[2026-08-12T04:47:07.084+0000] {logging_mixin.py:190} INFO - [2026-08-12T04:47:07.084+0000] {dag.py:4138} INFO - Setting next_dagrun for example_subdag_operator.section-2 to None, run_after=None
[2026-08-12T04:47:07.092+0000] {logging_mixin.py:190} INFO - [2026-08-12T04:47:07.092+0000] {dag.py:3211} INFO - Sync 2 DAGs
[2026-08-12T04:47:07.099+0000] {logging_mixin.py:190} INFO - [2026-08-12T04:47:07.099+0000] {dag.py:4138} INFO - Setting next_dagrun for example_subdag_operator.section-1 to None, run_after=None
[2026-08-12T04:47:07.100+0000] {logging_mixin.py:190} INFO - [2026-08-12T04:47:07.100+0000] {dag.py:4138} INFO - Setting next_dagrun for example_subdag_operator.section-2 to None, run_after=None
[2026-08-12T04:47:07.120+0000] {processor.py:208} INFO - Processing /home/airflow/.local/lib/python3.12/site-packages/airflow/example_dags/example_subdag_operator.py took 0.127 seconds
[2026-08-12T04:47:37.267+0000] {processor.py:186} INFO - Started process (PID=1810) to work on /home/airflow/.local/lib/python3.12/site-packages/airflow/example_dags/example_subdag_operator.py
[2026-08-12T04:47:37.269+0000] {processor.py:914} INFO - Processing file /home/airflow/.local/lib/python3.12/site-packages/airflow/example_dags/example_subdag_operator.py for tasks to queue
[2026-08-12T04:47:37.274+0000] {logging_mixin.py:190} INFO - [2026-08-12T04:47:37.273+0000] {dagbag.py:587} INFO - Filling up the DagBag from /home/airflow/.local/lib/python3.12/site-packages/airflow/example_dags/example_subdag_operator.py
[2026-08-12T04:47:37.308+0000] {processor.py:925} INFO - DAG(s) 'example_subdag_operator.section-1', 'example_subdag_operator.section-2', 'example_subdag_operator' retrieved from /home/airflow/.local/lib/python3.12/site-packages/airflow/example_dags/example_subdag_operator.py
[2026-08-12T04:47:37.327+0000] {logging_mixin.py:190} INFO - [2026-08-12T04:47:37.326+0000] {dag.py:3211} INFO - Sync 3 DAGs
[2026-08-12T04:47:37.356+0000] {logging_mixin.py:190} INFO - [2026-08-12T04:47:37.356+0000] {dag.py:4138} INFO - Setting next_dagrun for example_subdag_operator to 2022-01-01 00:00:00+00:00, run_after=2022-01-01 00:00:00+00:00
[2026-08-12T04:47:37.360+0000] {logging_mixin.py:190} INFO - [2026-08-12T04:47:37.360+0000] {dag.py:4138} INFO - Setting next_dagrun for example_subdag_operator.section-1 to None, run_after=None
[2026-08-12T04:47:37.364+0000] {logging_mixin.py:190} INFO - [2026-08-12T04:47:37.363+0000] {dag.py:4138} INFO - Setting next_dagrun for example_subdag_operator.section-2 to None, run_after=None
[2026-08-12T04:47:37.373+0000] {logging_mixin.py:190} INFO - [2026-08-12T04:47:37.373+0000] {dag.py:3211} INFO - Sync 2 DAGs
[2026-08-12T04:47:37.381+0000] {logging_mixin.py:190} INFO - [2026-08-12T04:47:37.381+0000] {dag.py:4138} INFO - Setting next_dagrun for example_subdag_operator.section-1 to None, run_after=None
[2026-08-12T04:47:37.383+0000] {logging_mixin.py:190} INFO - [2026-08-12T04:47:37.383+0000] {dag.py:4138} INFO - Setting next_dagrun for example_subdag_operator.section-2 to None, run_after=None
[2026-08-12T04:47:37.401+0000] {processor.py:208} INFO - Processing /home/airflow/.local/lib/python3.12/site-packages/airflow/example_dags/example_subdag_operator.py took 0.142 seconds
[2026-08-12T04:48:07.566+0000] {processor.py:186} INFO - Started process (PID=1872) to work on /home/airflow/.local/lib/python3.12/site-packages/airflow/example_dags/example_subdag_operator.py
[2026-08-12T04:48:07.567+0000] {processor.py:914} INFO - Processing file /home/airflow/.local/lib/python3.12/site-packages/airflow/example_dags/example_subdag_operator.py for tasks to queue
[2026-08-12T04:48:07.570+0000] {logging_mixin.py:190} INFO - [2026-08-12T04:48:07.570+0000] {dagbag.py:587} INFO - Filling up the DagBag from /home/airflow/.local/lib/python3.12/site-packages/airflow/example_dags/example_subdag_operator.py
[2026-08-12T04:48:07.595+0000] {processor.py:925} INFO - DAG(s) 'example_subdag_operator.section-1', 'example_subdag_operator.section-2', 'example_subdag_operator' retrieved from /home/airflow/.local/lib/python3.12/site-packages/airflow/example_dags/example_subdag_operator.py
[2026-08-12T04:48:07.611+0000] {logging_mixin.py:190} INFO - [2026-08-12T04:48:07.611+0000] {dag.py:3211} INFO - Sync 3 DAGs
[2026-08-12T04:48:07.647+0000] {logging_mixin.py:190} INFO - [2026-08-12T04:48:07.646+0000] {dag.py:4138} INFO - Setting next_dagrun for example_subdag_operator to 2022-01-01 00:00:00+00:00, run_after=2022-01-01 00:00:00+00:00
[2026-08-12T04:48:07.651+0000] {logging_mixin.py:190} INFO - [2026-08-12T04:48:07.651+0000] {dag.py:4138} INFO - Setting next_dagrun for example_subdag_operator.section-1 to None, run_after=None
[2026-08-12T04:48:07.653+0000] {logging_mixin.py:190} INFO - [2026-08-12T04:48:07.653+0000] {dag.py:4138} INFO - Setting next_dagrun for example_subdag_operator.section-2 to None, run_after=None
[2026-08-12T04:48:07.660+0000] {logging_mixin.py:190} INFO - [2026-08-12T04:48:07.660+0000] {dag.py:3211} INFO - Sync 2 DAGs
[2026-08-12T04:48:07.667+0000] {logging_mixin.py:190} INFO - [2026-08-12T04:48:07.667+0000] {dag.py:4138} INFO - Setting next_dagrun for example_subdag_operator.section-1 to None, run_after=None
[2026-08-12T04:48:07.668+0000] {logging_mixin.py:190} INFO - [2026-08-12T04:48:07.668+0000] {dag.py:4138} INFO - Setting next_dagrun for example_subdag_operator.section-2 to None, run_after=None
[2026-08-12T04:48:07.687+0000] {processor.py:208} INFO - Processing /home/airflow/.local/lib/python3.12/site-packages/airflow/example_dags/example_subdag_operator.py took 0.127 seconds
