[2026-08-12T04:31:36.389+0000] {processor.py:186} INFO - Started process (PID=111) to work on /home/airflow/.local/lib/python3.12/site-packages/airflow/example_dags/example_branch_python_dop_operator_3.py
[2026-08-12T04:31:36.391+0000] {processor.py:914} INFO - Processing file /home/airflow/.local/lib/python3.12/site-packages/airflow/example_dags/example_branch_python_dop_operator_3.py for tasks to queue
[2026-08-12T04:31:36.396+0000] {logging_mixin.py:190} INFO - [2026-08-12T04:31:36.395+0000] {dagbag.py:587} INFO - Filling up the DagBag from /home/airflow/.local/lib/python3.12/site-packages/airflow/example_dags/example_branch_python_dop_operator_3.py
[2026-08-12T04:31:36.408+0000] {processor.py:925} INFO - DAG(s) 'example_branch_dop_operator_v3' retrieved from /home/airflow/.local/lib/python3.12/site-packages/airflow/example_dags/example_branch_python_dop_operator_3.py
[2026-08-12T04:31:36.553+0000] {logging_mixin.py:190} INFO - [2026-08-12T04:31:36.552+0000] {override.py:1858} INFO - Created Permission View: can read on DAG:example_branch_dop_operator_v3
[2026-08-12T04:31:36.585+0000] {logging_mixin.py:190} INFO - [2026-08-12T04:31:36.584+0000] {override.py:1858} INFO - Created Permission View: can edit on DAG:example_branch_dop_operator_v3
[2026-08-12T04:31:36.598+0000] {logging_mixin.py:190} INFO - [2026-08-12T04:31:36.598+0000] {override.py:1858} INFO - Created Permission View: can delete on DAG:example_branch_dop_operator_v3
[2026-08-12T04:31:36.600+0000] {logging_mixin.py:190} INFO - [2026-08-12T04:31:36.600+0000] {dag.py:3211} INFO - Sync 1 DAGs
[2026-08-12T04:31:36.621+0000] {logging_mixin.py:190} INFO - [2026-08-12T04:31:36.620+0000] {dag.py:3234} INFO - Creating ORM DAG for example_branch_dop_operator_v3
[2026-08-12T04:31:36.649+0000] {logging_mixin.py:190} INFO - [2026-08-12T04:31:36.648+0000] {dag.py:4138} INFO - Setting next_dagrun for example_branch_dop_operator_v3 to 2026-08-12 04:30:00+00:00, run_after=2026-08-12 04:31:00+00:00
[2026-08-12T04:31:36.673+0000] {processor.py:208} INFO - Processing /home/airflow/.local/lib/python3.12/site-packages/airflow/example_dags/example_branch_python_dop_operator_3.py took 0.290 seconds
[2026-08-12T04:32:07.501+0000] {processor.py:186} INFO - Started process (PID=173) to work on /home/airflow/.local/lib/python3.12/site-packages/airflow/example_dags/example_branch_python_dop_operator_3.py
[2026-08-12T04:32:07.503+0000] {processor.py:914} INFO - Processing file /home/airflow/.local/lib/python3.12/site-packages/airflow/example_dags/example_branch_python_dop_operator_3.py for tasks to queue
[2026-08-12T04:32:07.507+0000] {logging_mixin.py:190} INFO - [2026-08-12T04:32:07.506+0000] {dagbag.py:587} INFO - Filling up the DagBag from /home/airflow/.local/lib/python3.12/site-packages/airflow/example_dags/example_branch_python_dop_operator_3.py
[2026-08-12T04:32:07.518+0000] {processor.py:925} INFO - DAG(s) 'example_branch_dop_operator_v3' retrieved from /home/airflow/.local/lib/python3.12/site-packages/airflow/example_dags/example_branch_python_dop_operator_3.py
[2026-08-12T04:32:07.541+0000] {logging_mixin.py:190} INFO - [2026-08-12T04:32:07.541+0000] {dag.py:3211} INFO - Sync 1 DAGs
[2026-08-12T04:32:07.569+0000] {logging_mixin.py:190} INFO - [2026-08-12T04:32:07.569+0000] {dag.py:4138} INFO - Setting next_dagrun for example_branch_dop_operator_v3 to 2026-08-12 04:31:00+00:00, run_after=2026-08-12 04:32:00+00:00
[2026-08-12T04:32:07.594+0000] {processor.py:208} INFO - Processing /home/airflow/.local/lib/python3.12/site-packages/airflow/example_dags/example_branch_python_dop_operator_3.py took 0.099 seconds
[2026-08-12T04:33:22.602+0000] {processor.py:186} INFO - Started process (PID=98) to work on /home/airflow/.local/lib/python3.12/site-packages/airflow/example_dags/example_branch_python_dop_operator_3.py
[2026-08-12T04:33:22.604+0000] {processor.py:914} INFO - Processing file /home/airflow/.local/lib/python3.12/site-packages/airflow/example_dags/example_branch_python_dop_operator_3.py for tasks to queue
[2026-08-12T04:33:22.610+0000] {logging_mixin.py:190} INFO - [2026-08-12T04:33:22.609+0000] {dagbag.py:587} INFO - Filling up the DagBag from /home/airflow/.local/lib/python3.12/site-packages/airflow/example_dags/example_branch_python_dop_operator_3.py
[2026-08-12T04:33:22.629+0000] {processor.py:925} INFO - DAG(s) 'example_branch_dop_operator_v3' retrieved from /home/airflow/.local/lib/python3.12/site-packages/airflow/example_dags/example_branch_python_dop_operator_3.py
[2026-08-12T04:33:22.690+0000] {logging_mixin.py:190} INFO - [2026-08-12T04:33:22.690+0000] {dag.py:3211} INFO - Sync 1 DAGs
[2026-08-12T04:33:22.751+0000] {logging_mixin.py:190} INFO - [2026-08-12T04:33:22.751+0000] {dag.py:4138} INFO - Setting next_dagrun for example_branch_dop_operator_v3 to 2026-08-12 04:32:00+00:00, run_after=2026-08-12 04:33:00+00:00
[2026-08-12T04:33:22.793+0000] {processor.py:208} INFO - Processing /home/airflow/.local/lib/python3.12/site-packages/airflow/example_dags/example_branch_python_dop_operator_3.py took 0.208 seconds
[2026-08-12T04:33:53.285+0000] {processor.py:186} INFO - Started process (PID=160) to work on /home/airflow/.local/lib/python3.12/site-packages/airflow/example_dags/example_branch_python_dop_operator_3.py
[2026-08-12T04:33:53.287+0000] {processor.py:914} INFO - Processing file /home/airflow/.local/lib/python3.12/site-packages/airflow/example_dags/example_branch_python_dop_operator_3.py for tasks to queue
[2026-08-12T04:33:53.290+0000] {logging_mixin.py:190} INFO - [2026-08-12T04:33:53.290+0000] {dagbag.py:587} INFO - Filling up the DagBag from /home/airflow/.local/lib/python3.12/site-packages/airflow/example_dags/example_branch_python_dop_operator_3.py
[2026-08-12T04:33:53.301+0000] {processor.py:925} INFO - DAG(s) 'example_branch_dop_operator_v3' retrieved from /home/airflow/.local/lib/python3.12/site-packages/airflow/example_dags/example_branch_python_dop_operator_3.py
[2026-08-12T04:33:53.322+0000] {logging_mixin.py:190} INFO - [2026-08-12T04:33:53.322+0000] {dag.py:3211} INFO - Sync 1 DAGs
[2026-08-12T04:33:53.347+0000] {logging_mixin.py:190} INFO - [2026-08-12T04:33:53.347+0000] {dag.py:4138} INFO - Setting next_dagrun for example_branch_dop_operator_v3 to 2026-08-12 04:32:00+00:00, run_after=2026-08-12 04:33:00+00:00
[2026-08-12T04:33:53.374+0000] {processor.py:208} INFO - Processing /home/airflow/.local/lib/python3.12/site-packages/airflow/example_dags/example_branch_python_dop_operator_3.py took 0.095 seconds
[2026-08-12T04:34:23.532+0000] {processor.py:186} INFO - Started process (PID=222) to work on /home/airflow/.local/lib/python3.12/site-packages/airflow/example_dags/example_branch_python_dop_operator_3.py
[2026-08-12T04:34:23.534+0000] {processor.py:914} INFO - Processing file /home/airflow/.local/lib/python3.12/site-packages/airflow/example_dags/example_branch_python_dop_operator_3.py for tasks to queue
[2026-08-12T04:34:23.537+0000] {logging_mixin.py:190} INFO - [2026-08-12T04:34:23.537+0000] {dagbag.py:587} INFO - Filling up the DagBag from /home/airflow/.local/lib/python3.12/site-packages/airflow/example_dags/example_branch_python_dop_operator_3.py
[2026-08-12T04:34:23.548+0000] {processor.py:925} INFO - DAG(s) 'example_branch_dop_operator_v3' retrieved from /home/airflow/.local/lib/python3.12/site-packages/airflow/example_dags/example_branch_python_dop_operator_3.py
[2026-08-12T04:34:23.577+0000] {logging_mixin.py:190} INFO - [2026-08-12T04:34:23.577+0000] {dag.py:3211} INFO - Sync 1 DAGs
[2026-08-12T04:34:23.606+0000] {logging_mixin.py:190} INFO - [2026-08-12T04:34:23.606+0000] {dag.py:4138} INFO - Setting next_dagrun for example_branch_dop_operator_v3 to 2026-08-12 04:33:00+00:00, run_after=2026-08-12 04:34:00+00:00
[2026-08-12T04:34:23.633+0000] {processor.py:208} INFO - Processing /home/airflow/.local/lib/python3.12/site-packages/airflow/example_dags/example_branch_python_dop_operator_3.py took 0.106 seconds
[2026-08-12T04:34:53.967+0000] {processor.py:186} INFO - Started process (PID=284) to work on /home/airflow/.local/lib/python3.12/site-packages/airflow/example_dags/example_branch_python_dop_operator_3.py
[2026-08-12T04:34:53.969+0000] {processor.py:914} INFO - Processing file /home/airflow/.local/lib/python3.12/site-packages/airflow/example_dags/example_branch_python_dop_operator_3.py for tasks to queue
[2026-08-12T04:34:53.974+0000] {logging_mixin.py:190} INFO - [2026-08-12T04:34:53.973+0000] {dagbag.py:587} INFO - Filling up the DagBag from /home/airflow/.local/lib/python3.12/site-packages/airflow/example_dags/example_branch_python_dop_operator_3.py
[2026-08-12T04:34:53.987+0000] {processor.py:925} INFO - DAG(s) 'example_branch_dop_operator_v3' retrieved from /home/airflow/.local/lib/python3.12/site-packages/airflow/example_dags/example_branch_python_dop_operator_3.py
[2026-08-12T04:34:54.012+0000] {logging_mixin.py:190} INFO - [2026-08-12T04:34:54.012+0000] {dag.py:3211} INFO - Sync 1 DAGs
[2026-08-12T04:34:54.042+0000] {logging_mixin.py:190} INFO - [2026-08-12T04:34:54.041+0000] {dag.py:4138} INFO - Setting next_dagrun for example_branch_dop_operator_v3 to 2026-08-12 04:33:00+00:00, run_after=2026-08-12 04:34:00+00:00
[2026-08-12T04:34:54.068+0000] {processor.py:208} INFO - Processing /home/airflow/.local/lib/python3.12/site-packages/airflow/example_dags/example_branch_python_dop_operator_3.py took 0.108 seconds
[2026-08-12T04:35:24.885+0000] {processor.py:186} INFO - Started process (PID=347) to work on /home/airflow/.local/lib/python3.12/site-packages/airflow/example_dags/example_branch_python_dop_operator_3.py
[2026-08-12T04:35:24.887+0000] {processor.py:914} INFO - Processing file /home/airflow/.local/lib/python3.12/site-packages/airflow/example_dags/example_branch_python_dop_operator_3.py for tasks to queue
[2026-08-12T04:35:24.890+0000] {logging_mixin.py:190} INFO - [2026-08-12T04:35:24.890+0000] {dagbag.py:587} INFO - Filling up the DagBag from /home/airflow/.local/lib/python3.12/site-packages/airflow/example_dags/example_branch_python_dop_operator_3.py
[2026-08-12T04:35:24.904+0000] {processor.py:925} INFO - DAG(s) 'example_branch_dop_operator_v3' retrieved from /home/airflow/.local/lib/python3.12/site-packages/airflow/example_dags/example_branch_python_dop_operator_3.py
[2026-08-12T04:35:24.927+0000] {logging_mixin.py:190} INFO - [2026-08-12T04:35:24.927+0000] {dag.py:3211} INFO - Sync 1 DAGs
[2026-08-12T04:35:24.951+0000] {logging_mixin.py:190} INFO - [2026-08-12T04:35:24.950+0000] {dag.py:4138} INFO - Setting next_dagrun for example_branch_dop_operator_v3 to 2026-08-12 04:34:00+00:00, run_after=2026-08-12 04:35:00+00:00
[2026-08-12T04:35:24.992+0000] {processor.py:208} INFO - Processing /home/airflow/.local/lib/python3.12/site-packages/airflow/example_dags/example_branch_python_dop_operator_3.py took 0.113 seconds
[2026-08-12T04:35:55.237+0000] {processor.py:186} INFO - Started process (PID=409) to work on /home/airflow/.local/lib/python3.12/site-packages/airflow/example_dags/example_branch_python_dop_operator_3.py
[2026-08-12T04:35:55.239+0000] {processor.py:914} INFO - Processing file /home/airflow/.local/lib/python3.12/site-packages/airflow/example_dags/example_branch_python_dop_operator_3.py for tasks to queue
[2026-08-12T04:35:55.245+0000] {logging_mixin.py:190} INFO - [2026-08-12T04:35:55.244+0000] {dagbag.py:587} INFO - Filling up the DagBag from /home/airflow/.local/lib/python3.12/site-packages/airflow/example_dags/example_branch_python_dop_operator_3.py
[2026-08-12T04:35:55.258+0000] {processor.py:925} INFO - DAG(s) 'example_branch_dop_operator_v3' retrieved from /home/airflow/.local/lib/python3.12/site-packages/airflow/example_dags/example_branch_python_dop_operator_3.py
[2026-08-12T04:35:55.285+0000] {logging_mixin.py:190} INFO - [2026-08-12T04:35:55.285+0000] {dag.py:3211} INFO - Sync 1 DAGs
[2026-08-12T04:35:55.320+0000] {logging_mixin.py:190} INFO - [2026-08-12T04:35:55.319+0000] {dag.py:4138} INFO - Setting next_dagrun for example_branch_dop_operator_v3 to 2026-08-12 04:34:00+00:00, run_after=2026-08-12 04:35:00+00:00
[2026-08-12T04:35:55.347+0000] {processor.py:208} INFO - Processing /home/airflow/.local/lib/python3.12/site-packages/airflow/example_dags/example_branch_python_dop_operator_3.py took 0.117 seconds
[2026-08-12T04:36:25.710+0000] {processor.py:186} INFO - Started process (PID=471) to work on /home/airflow/.local/lib/python3.12/site-packages/airflow/example_dags/example_branch_python_dop_operator_3.py
[2026-08-12T04:36:25.712+0000] {processor.py:914} INFO - Processing file /home/airflow/.local/lib/python3.12/site-packages/airflow/example_dags/example_branch_python_dop_operator_3.py for tasks to queue
[2026-08-12T04:36:25.716+0000] {logging_mixin.py:190} INFO - [2026-08-12T04:36:25.716+0000] {dagbag.py:587} INFO - Filling up the DagBag from /home/airflow/.local/lib/python3.12/site-packages/airflow/example_dags/example_branch_python_dop_operator_3.py
[2026-08-12T04:36:25.727+0000] {processor.py:925} INFO - DAG(s) 'example_branch_dop_operator_v3' retrieved from /home/airflow/.local/lib/python3.12/site-packages/airflow/example_dags/example_branch_python_dop_operator_3.py
[2026-08-12T04:36:25.754+0000] {logging_mixin.py:190} INFO - [2026-08-12T04:36:25.754+0000] {dag.py:3211} INFO - Sync 1 DAGs
[2026-08-12T04:36:25.787+0000] {logging_mixin.py:190} INFO - [2026-08-12T04:36:25.787+0000] {dag.py:4138} INFO - Setting next_dagrun for example_branch_dop_operator_v3 to 2026-08-12 04:35:00+00:00, run_after=2026-08-12 04:36:00+00:00
[2026-08-12T04:36:25.816+0000] {processor.py:208} INFO - Processing /home/airflow/.local/lib/python3.12/site-packages/airflow/example_dags/example_branch_python_dop_operator_3.py took 0.113 seconds
[2026-08-12T04:36:56.190+0000] {processor.py:186} INFO - Started process (PID=533) to work on /home/airflow/.local/lib/python3.12/site-packages/airflow/example_dags/example_branch_python_dop_operator_3.py
[2026-08-12T04:36:56.192+0000] {processor.py:914} INFO - Processing file /home/airflow/.local/lib/python3.12/site-packages/airflow/example_dags/example_branch_python_dop_operator_3.py for tasks to queue
[2026-08-12T04:36:56.196+0000] {logging_mixin.py:190} INFO - [2026-08-12T04:36:56.196+0000] {dagbag.py:587} INFO - Filling up the DagBag from /home/airflow/.local/lib/python3.12/site-packages/airflow/example_dags/example_branch_python_dop_operator_3.py
[2026-08-12T04:36:56.209+0000] {processor.py:925} INFO - DAG(s) 'example_branch_dop_operator_v3' retrieved from /home/airflow/.local/lib/python3.12/site-packages/airflow/example_dags/example_branch_python_dop_operator_3.py
[2026-08-12T04:36:56.233+0000] {logging_mixin.py:190} INFO - [2026-08-12T04:36:56.232+0000] {dag.py:3211} INFO - Sync 1 DAGs
[2026-08-12T04:36:56.259+0000] {logging_mixin.py:190} INFO - [2026-08-12T04:36:56.259+0000] {dag.py:4138} INFO - Setting next_dagrun for example_branch_dop_operator_v3 to 2026-08-12 04:35:00+00:00, run_after=2026-08-12 04:36:00+00:00
[2026-08-12T04:36:56.284+0000] {processor.py:208} INFO - Processing /home/airflow/.local/lib/python3.12/site-packages/airflow/example_dags/example_branch_python_dop_operator_3.py took 0.100 seconds
[2026-08-12T04:37:27.081+0000] {processor.py:186} INFO - Started process (PID=595) to work on /home/airflow/.local/lib/python3.12/site-packages/airflow/example_dags/example_branch_python_dop_operator_3.py
[2026-08-12T04:37:27.082+0000] {processor.py:914} INFO - Processing file /home/airflow/.local/lib/python3.12/site-packages/airflow/example_dags/example_branch_python_dop_operator_3.py for tasks to queue
[2026-08-12T04:37:27.086+0000] {logging_mixin.py:190} INFO - [2026-08-12T04:37:27.086+0000] {dagbag.py:587} INFO - Filling up the DagBag from /home/airflow/.local/lib/python3.12/site-packages/airflow/example_dags/example_branch_python_dop_operator_3.py
[2026-08-12T04:37:27.098+0000] {processor.py:925} INFO - DAG(s) 'example_branch_dop_operator_v3' retrieved from /home/airflow/.local/lib/python3.12/site-packages/airflow/example_dags/example_branch_python_dop_operator_3.py
[2026-08-12T04:37:27.118+0000] {logging_mixin.py:190} INFO - [2026-08-12T04:37:27.118+0000] {dag.py:3211} INFO - Sync 1 DAGs
[2026-08-12T04:37:27.146+0000] {logging_mixin.py:190} INFO - [2026-08-12T04:37:27.145+0000] {dag.py:4138} INFO - Setting next_dagrun for example_branch_dop_operator_v3 to 2026-08-12 04:36:00+00:00, run_after=2026-08-12 04:37:00+00:00
[2026-08-12T04:37:27.168+0000] {processor.py:208} INFO - Processing /home/airflow/.local/lib/python3.12/site-packages/airflow/example_dags/example_branch_python_dop_operator_3.py took 0.092 seconds
[2026-08-12T04:37:57.757+0000] {processor.py:186} INFO - Started process (PID=657) to work on /home/airflow/.local/lib/python3.12/site-packages/airflow/example_dags/example_branch_python_dop_operator_3.py
[2026-08-12T04:37:57.759+0000] {processor.py:914} INFO - Processing file /home/airflow/.local/lib/python3.12/site-packages/airflow/example_dags/example_branch_python_dop_operator_3.py for tasks to queue
[2026-08-12T04:37:57.775+0000] {logging_mixin.py:190} INFO - [2026-08-12T04:37:57.767+0000] {dagbag.py:587} INFO - Filling up the DagBag from /home/airflow/.local/lib/python3.12/site-packages/airflow/example_dags/example_branch_python_dop_operator_3.py
[2026-08-12T04:37:57.789+0000] {processor.py:925} INFO - DAG(s) 'example_branch_dop_operator_v3' retrieved from /home/airflow/.local/lib/python3.12/site-packages/airflow/example_dags/example_branch_python_dop_operator_3.py
[2026-08-12T04:37:57.812+0000] {logging_mixin.py:190} INFO - [2026-08-12T04:37:57.812+0000] {dag.py:3211} INFO - Sync 1 DAGs
[2026-08-12T04:37:57.844+0000] {logging_mixin.py:190} INFO - [2026-08-12T04:37:57.844+0000] {dag.py:4138} INFO - Setting next_dagrun for example_branch_dop_operator_v3 to 2026-08-12 04:36:00+00:00, run_after=2026-08-12 04:37:00+00:00
[2026-08-12T04:37:57.873+0000] {processor.py:208} INFO - Processing /home/airflow/.local/lib/python3.12/site-packages/airflow/example_dags/example_branch_python_dop_operator_3.py took 0.121 seconds
[2026-08-12T04:38:28.252+0000] {processor.py:186} INFO - Started process (PID=719) to work on /home/airflow/.local/lib/python3.12/site-packages/airflow/example_dags/example_branch_python_dop_operator_3.py
[2026-08-12T04:38:28.254+0000] {processor.py:914} INFO - Processing file /home/airflow/.local/lib/python3.12/site-packages/airflow/example_dags/example_branch_python_dop_operator_3.py for tasks to queue
[2026-08-12T04:38:28.257+0000] {logging_mixin.py:190} INFO - [2026-08-12T04:38:28.256+0000] {dagbag.py:587} INFO - Filling up the DagBag from /home/airflow/.local/lib/python3.12/site-packages/airflow/example_dags/example_branch_python_dop_operator_3.py
[2026-08-12T04:38:28.267+0000] {processor.py:925} INFO - DAG(s) 'example_branch_dop_operator_v3' retrieved from /home/airflow/.local/lib/python3.12/site-packages/airflow/example_dags/example_branch_python_dop_operator_3.py
[2026-08-12T04:38:28.290+0000] {logging_mixin.py:190} INFO - [2026-08-12T04:38:28.290+0000] {dag.py:3211} INFO - Sync 1 DAGs
[2026-08-12T04:38:28.319+0000] {logging_mixin.py:190} INFO - [2026-08-12T04:38:28.319+0000] {dag.py:4138} INFO - Setting next_dagrun for example_branch_dop_operator_v3 to 2026-08-12 04:37:00+00:00, run_after=2026-08-12 04:38:00+00:00
[2026-08-12T04:38:28.346+0000] {processor.py:208} INFO - Processing /home/airflow/.local/lib/python3.12/site-packages/airflow/example_dags/example_branch_python_dop_operator_3.py took 0.100 seconds
[2026-08-12T04:38:58.644+0000] {processor.py:186} INFO - Started process (PID=781) to work on /home/airflow/.local/lib/python3.12/site-packages/airflow/example_dags/example_branch_python_dop_operator_3.py
[2026-08-12T04:38:58.646+0000] {processor.py:914} INFO - Processing file /home/airflow/.local/lib/python3.12/site-packages/airflow/example_dags/example_branch_python_dop_operator_3.py for tasks to queue
[2026-08-12T04:38:58.649+0000] {logging_mixin.py:190} INFO - [2026-08-12T04:38:58.649+0000] {dagbag.py:587} INFO - Filling up the DagBag from /home/airflow/.local/lib/python3.12/site-packages/airflow/example_dags/example_branch_python_dop_operator_3.py
[2026-08-12T04:38:58.673+0000] {processor.py:925} INFO - DAG(s) 'example_branch_dop_operator_v3' retrieved from /home/airflow/.local/lib/python3.12/site-packages/airflow/example_dags/example_branch_python_dop_operator_3.py
[2026-08-12T04:38:58.696+0000] {logging_mixin.py:190} INFO - [2026-08-12T04:38:58.695+0000] {dag.py:3211} INFO - Sync 1 DAGs
[2026-08-12T04:38:58.726+0000] {logging_mixin.py:190} INFO - [2026-08-12T04:38:58.726+0000] {dag.py:4138} INFO - Setting next_dagrun for example_branch_dop_operator_v3 to 2026-08-12 04:37:00+00:00, run_after=2026-08-12 04:38:00+00:00
[2026-08-12T04:38:58.753+0000] {processor.py:208} INFO - Processing /home/airflow/.local/lib/python3.12/site-packages/airflow/example_dags/example_branch_python_dop_operator_3.py took 0.114 seconds
[2026-08-12T04:39:28.922+0000] {processor.py:186} INFO - Started process (PID=843) to work on /home/airflow/.local/lib/python3.12/site-packages/airflow/example_dags/example_branch_python_dop_operator_3.py
[2026-08-12T04:39:28.924+0000] {processor.py:914} INFO - Processing file /home/airflow/.local/lib/python3.12/site-packages/airflow/example_dags/example_branch_python_dop_operator_3.py for tasks to queue
[2026-08-12T04:39:28.927+0000] {logging_mixin.py:190} INFO - [2026-08-12T04:39:28.927+0000] {dagbag.py:587} INFO - Filling up the DagBag from /home/airflow/.local/lib/python3.12/site-packages/airflow/example_dags/example_branch_python_dop_operator_3.py
[2026-08-12T04:39:28.937+0000] {processor.py:925} INFO - DAG(s) 'example_branch_dop_operator_v3' retrieved from /home/airflow/.local/lib/python3.12/site-packages/airflow/example_dags/example_branch_python_dop_operator_3.py
[2026-08-12T04:39:28.961+0000] {logging_mixin.py:190} INFO - [2026-08-12T04:39:28.961+0000] {dag.py:3211} INFO - Sync 1 DAGs
[2026-08-12T04:39:28.992+0000] {logging_mixin.py:190} INFO - [2026-08-12T04:39:28.992+0000] {dag.py:4138} INFO - Setting next_dagrun for example_branch_dop_operator_v3 to 2026-08-12 04:38:00+00:00, run_after=2026-08-12 04:39:00+00:00
[2026-08-12T04:39:29.019+0000] {processor.py:208} INFO - Processing /home/airflow/.local/lib/python3.12/site-packages/airflow/example_dags/example_branch_python_dop_operator_3.py took 0.103 seconds
[2026-08-12T04:39:59.412+0000] {processor.py:186} INFO - Started process (PID=905) to work on /home/airflow/.local/lib/python3.12/site-packages/airflow/example_dags/example_branch_python_dop_operator_3.py
[2026-08-12T04:39:59.414+0000] {processor.py:914} INFO - Processing file /home/airflow/.local/lib/python3.12/site-packages/airflow/example_dags/example_branch_python_dop_operator_3.py for tasks to queue
[2026-08-12T04:39:59.417+0000] {logging_mixin.py:190} INFO - [2026-08-12T04:39:59.417+0000] {dagbag.py:587} INFO - Filling up the DagBag from /home/airflow/.local/lib/python3.12/site-packages/airflow/example_dags/example_branch_python_dop_operator_3.py
[2026-08-12T04:39:59.429+0000] {processor.py:925} INFO - DAG(s) 'example_branch_dop_operator_v3' retrieved from /home/airflow/.local/lib/python3.12/site-packages/airflow/example_dags/example_branch_python_dop_operator_3.py
[2026-08-12T04:39:59.450+0000] {logging_mixin.py:190} INFO - [2026-08-12T04:39:59.450+0000] {dag.py:3211} INFO - Sync 1 DAGs
[2026-08-12T04:39:59.480+0000] {logging_mixin.py:190} INFO - [2026-08-12T04:39:59.480+0000] {dag.py:4138} INFO - Setting next_dagrun for example_branch_dop_operator_v3 to 2026-08-12 04:38:00+00:00, run_after=2026-08-12 04:39:00+00:00
[2026-08-12T04:39:59.503+0000] {processor.py:208} INFO - Processing /home/airflow/.local/lib/python3.12/site-packages/airflow/example_dags/example_branch_python_dop_operator_3.py took 0.098 seconds
[2026-08-12T04:40:29.680+0000] {processor.py:186} INFO - Started process (PID=967) to work on /home/airflow/.local/lib/python3.12/site-packages/airflow/example_dags/example_branch_python_dop_operator_3.py
[2026-08-12T04:40:29.682+0000] {processor.py:914} INFO - Processing file /home/airflow/.local/lib/python3.12/site-packages/airflow/example_dags/example_branch_python_dop_operator_3.py for tasks to queue
[2026-08-12T04:40:29.685+0000] {logging_mixin.py:190} INFO - [2026-08-12T04:40:29.685+0000] {dagbag.py:587} INFO - Filling up the DagBag from /home/airflow/.local/lib/python3.12/site-packages/airflow/example_dags/example_branch_python_dop_operator_3.py
[2026-08-12T04:40:29.699+0000] {processor.py:925} INFO - DAG(s) 'example_branch_dop_operator_v3' retrieved from /home/airflow/.local/lib/python3.12/site-packages/airflow/example_dags/example_branch_python_dop_operator_3.py
[2026-08-12T04:40:29.731+0000] {logging_mixin.py:190} INFO - [2026-08-12T04:40:29.731+0000] {dag.py:3211} INFO - Sync 1 DAGs
[2026-08-12T04:40:29.783+0000] {logging_mixin.py:190} INFO - [2026-08-12T04:40:29.782+0000] {dag.py:4138} INFO - Setting next_dagrun for example_branch_dop_operator_v3 to 2026-08-12 04:39:00+00:00, run_after=2026-08-12 04:40:00+00:00
[2026-08-12T04:40:29.820+0000] {processor.py:208} INFO - Processing /home/airflow/.local/lib/python3.12/site-packages/airflow/example_dags/example_branch_python_dop_operator_3.py took 0.147 seconds
[2026-08-12T04:40:59.970+0000] {processor.py:186} INFO - Started process (PID=1029) to work on /home/airflow/.local/lib/python3.12/site-packages/airflow/example_dags/example_branch_python_dop_operator_3.py
[2026-08-12T04:40:59.972+0000] {processor.py:914} INFO - Processing file /home/airflow/.local/lib/python3.12/site-packages/airflow/example_dags/example_branch_python_dop_operator_3.py for tasks to queue
[2026-08-12T04:40:59.975+0000] {logging_mixin.py:190} INFO - [2026-08-12T04:40:59.975+0000] {dagbag.py:587} INFO - Filling up the DagBag from /home/airflow/.local/lib/python3.12/site-packages/airflow/example_dags/example_branch_python_dop_operator_3.py
[2026-08-12T04:40:59.986+0000] {processor.py:925} INFO - DAG(s) 'example_branch_dop_operator_v3' retrieved from /home/airflow/.local/lib/python3.12/site-packages/airflow/example_dags/example_branch_python_dop_operator_3.py
[2026-08-12T04:41:00.026+0000] {logging_mixin.py:190} INFO - [2026-08-12T04:41:00.026+0000] {dag.py:3211} INFO - Sync 1 DAGs
[2026-08-12T04:41:00.055+0000] {logging_mixin.py:190} INFO - [2026-08-12T04:41:00.055+0000] {dag.py:4138} INFO - Setting next_dagrun for example_branch_dop_operator_v3 to 2026-08-12 04:40:00+00:00, run_after=2026-08-12 04:41:00+00:00
[2026-08-12T04:41:00.098+0000] {processor.py:208} INFO - Processing /home/airflow/.local/lib/python3.12/site-packages/airflow/example_dags/example_branch_python_dop_operator_3.py took 0.133 seconds
[2026-08-12T04:41:31.103+0000] {processor.py:186} INFO - Started process (PID=1091) to work on /home/airflow/.local/lib/python3.12/site-packages/airflow/example_dags/example_branch_python_dop_operator_3.py
[2026-08-12T04:41:31.104+0000] {processor.py:914} INFO - Processing file /home/airflow/.local/lib/python3.12/site-packages/airflow/example_dags/example_branch_python_dop_operator_3.py for tasks to queue
[2026-08-12T04:41:31.108+0000] {logging_mixin.py:190} INFO - [2026-08-12T04:41:31.107+0000] {dagbag.py:587} INFO - Filling up the DagBag from /home/airflow/.local/lib/python3.12/site-packages/airflow/example_dags/example_branch_python_dop_operator_3.py
[2026-08-12T04:41:31.117+0000] {processor.py:925} INFO - DAG(s) 'example_branch_dop_operator_v3' retrieved from /home/airflow/.local/lib/python3.12/site-packages/airflow/example_dags/example_branch_python_dop_operator_3.py
[2026-08-12T04:41:31.139+0000] {logging_mixin.py:190} INFO - [2026-08-12T04:41:31.139+0000] {dag.py:3211} INFO - Sync 1 DAGs
[2026-08-12T04:41:31.167+0000] {logging_mixin.py:190} INFO - [2026-08-12T04:41:31.167+0000] {dag.py:4138} INFO - Setting next_dagrun for example_branch_dop_operator_v3 to 2026-08-12 04:40:00+00:00, run_after=2026-08-12 04:41:00+00:00
[2026-08-12T04:41:31.198+0000] {processor.py:208} INFO - Processing /home/airflow/.local/lib/python3.12/site-packages/airflow/example_dags/example_branch_python_dop_operator_3.py took 0.102 seconds
[2026-08-12T04:42:02.068+0000] {processor.py:186} INFO - Started process (PID=1153) to work on /home/airflow/.local/lib/python3.12/site-packages/airflow/example_dags/example_branch_python_dop_operator_3.py
[2026-08-12T04:42:02.069+0000] {processor.py:914} INFO - Processing file /home/airflow/.local/lib/python3.12/site-packages/airflow/example_dags/example_branch_python_dop_operator_3.py for tasks to queue
[2026-08-12T04:42:02.073+0000] {logging_mixin.py:190} INFO - [2026-08-12T04:42:02.072+0000] {dagbag.py:587} INFO - Filling up the DagBag from /home/airflow/.local/lib/python3.12/site-packages/airflow/example_dags/example_branch_python_dop_operator_3.py
[2026-08-12T04:42:02.086+0000] {processor.py:925} INFO - DAG(s) 'example_branch_dop_operator_v3' retrieved from /home/airflow/.local/lib/python3.12/site-packages/airflow/example_dags/example_branch_python_dop_operator_3.py
[2026-08-12T04:42:02.114+0000] {logging_mixin.py:190} INFO - [2026-08-12T04:42:02.114+0000] {dag.py:3211} INFO - Sync 1 DAGs
[2026-08-12T04:42:02.141+0000] {logging_mixin.py:190} INFO - [2026-08-12T04:42:02.141+0000] {dag.py:4138} INFO - Setting next_dagrun for example_branch_dop_operator_v3 to 2026-08-12 04:41:00+00:00, run_after=2026-08-12 04:42:00+00:00
[2026-08-12T04:42:02.172+0000] {processor.py:208} INFO - Processing /home/airflow/.local/lib/python3.12/site-packages/airflow/example_dags/example_branch_python_dop_operator_3.py took 0.113 seconds
[2026-08-12T04:42:33.067+0000] {processor.py:186} INFO - Started process (PID=1215) to work on /home/airflow/.local/lib/python3.12/site-packages/airflow/example_dags/example_branch_python_dop_operator_3.py
[2026-08-12T04:42:33.069+0000] {processor.py:914} INFO - Processing file /home/airflow/.local/lib/python3.12/site-packages/airflow/example_dags/example_branch_python_dop_operator_3.py for tasks to queue
[2026-08-12T04:42:33.073+0000] {logging_mixin.py:190} INFO - [2026-08-12T04:42:33.073+0000] {dagbag.py:587} INFO - Filling up the DagBag from /home/airflow/.local/lib/python3.12/site-packages/airflow/example_dags/example_branch_python_dop_operator_3.py
[2026-08-12T04:42:33.087+0000] {processor.py:925} INFO - DAG(s) 'example_branch_dop_operator_v3' retrieved from /home/airflow/.local/lib/python3.12/site-packages/airflow/example_dags/example_branch_python_dop_operator_3.py
[2026-08-12T04:42:33.114+0000] {logging_mixin.py:190} INFO - [2026-08-12T04:42:33.114+0000] {dag.py:3211} INFO - Sync 1 DAGs
[2026-08-12T04:42:33.149+0000] {logging_mixin.py:190} INFO - [2026-08-12T04:42:33.148+0000] {dag.py:4138} INFO - Setting next_dagrun for example_branch_dop_operator_v3 to 2026-08-12 04:41:00+00:00, run_after=2026-08-12 04:42:00+00:00
[2026-08-12T04:42:33.176+0000] {processor.py:208} INFO - Processing /home/airflow/.local/lib/python3.12/site-packages/airflow/example_dags/example_branch_python_dop_operator_3.py took 0.115 seconds
[2026-08-12T04:43:03.375+0000] {processor.py:186} INFO - Started process (PID=1277) to work on /home/airflow/.local/lib/python3.12/site-packages/airflow/example_dags/example_branch_python_dop_operator_3.py
[2026-08-12T04:43:03.376+0000] {processor.py:914} INFO - Processing file /home/airflow/.local/lib/python3.12/site-packages/airflow/example_dags/example_branch_python_dop_operator_3.py for tasks to queue
[2026-08-12T04:43:03.379+0000] {logging_mixin.py:190} INFO - [2026-08-12T04:43:03.378+0000] {dagbag.py:587} INFO - Filling up the DagBag from /home/airflow/.local/lib/python3.12/site-packages/airflow/example_dags/example_branch_python_dop_operator_3.py
[2026-08-12T04:43:03.393+0000] {processor.py:925} INFO - DAG(s) 'example_branch_dop_operator_v3' retrieved from /home/airflow/.local/lib/python3.12/site-packages/airflow/example_dags/example_branch_python_dop_operator_3.py
[2026-08-12T04:43:03.413+0000] {logging_mixin.py:190} INFO - [2026-08-12T04:43:03.413+0000] {dag.py:3211} INFO - Sync 1 DAGs
[2026-08-12T04:43:03.438+0000] {logging_mixin.py:190} INFO - [2026-08-12T04:43:03.437+0000] {dag.py:4138} INFO - Setting next_dagrun for example_branch_dop_operator_v3 to 2026-08-12 04:42:00+00:00, run_after=2026-08-12 04:43:00+00:00
[2026-08-12T04:43:03.462+0000] {processor.py:208} INFO - Processing /home/airflow/.local/lib/python3.12/site-packages/airflow/example_dags/example_branch_python_dop_operator_3.py took 0.092 seconds
[2026-08-12T04:43:34.247+0000] {processor.py:186} INFO - Started process (PID=1339) to work on /home/airflow/.local/lib/python3.12/site-packages/airflow/example_dags/example_branch_python_dop_operator_3.py
[2026-08-12T04:43:34.249+0000] {processor.py:914} INFO - Processing file /home/airflow/.local/lib/python3.12/site-packages/airflow/example_dags/example_branch_python_dop_operator_3.py for tasks to queue
[2026-08-12T04:43:34.254+0000] {logging_mixin.py:190} INFO - [2026-08-12T04:43:34.253+0000] {dagbag.py:587} INFO - Filling up the DagBag from /home/airflow/.local/lib/python3.12/site-packages/airflow/example_dags/example_branch_python_dop_operator_3.py
[2026-08-12T04:43:34.266+0000] {processor.py:925} INFO - DAG(s) 'example_branch_dop_operator_v3' retrieved from /home/airflow/.local/lib/python3.12/site-packages/airflow/example_dags/example_branch_python_dop_operator_3.py
[2026-08-12T04:43:34.289+0000] {logging_mixin.py:190} INFO - [2026-08-12T04:43:34.289+0000] {dag.py:3211} INFO - Sync 1 DAGs
[2026-08-12T04:43:34.328+0000] {logging_mixin.py:190} INFO - [2026-08-12T04:43:34.328+0000] {dag.py:4138} INFO - Setting next_dagrun for example_branch_dop_operator_v3 to 2026-08-12 04:42:00+00:00, run_after=2026-08-12 04:43:00+00:00
[2026-08-12T04:43:34.357+0000] {processor.py:208} INFO - Processing /home/airflow/.local/lib/python3.12/site-packages/airflow/example_dags/example_branch_python_dop_operator_3.py took 0.117 seconds
[2026-08-12T04:44:04.648+0000] {processor.py:186} INFO - Started process (PID=1401) to work on /home/airflow/.local/lib/python3.12/site-packages/airflow/example_dags/example_branch_python_dop_operator_3.py
[2026-08-12T04:44:04.650+0000] {processor.py:914} INFO - Processing file /home/airflow/.local/lib/python3.12/site-packages/airflow/example_dags/example_branch_python_dop_operator_3.py for tasks to queue
[2026-08-12T04:44:04.653+0000] {logging_mixin.py:190} INFO - [2026-08-12T04:44:04.653+0000] {dagbag.py:587} INFO - Filling up the DagBag from /home/airflow/.local/lib/python3.12/site-packages/airflow/example_dags/example_branch_python_dop_operator_3.py
[2026-08-12T04:44:04.663+0000] {processor.py:925} INFO - DAG(s) 'example_branch_dop_operator_v3' retrieved from /home/airflow/.local/lib/python3.12/site-packages/airflow/example_dags/example_branch_python_dop_operator_3.py
[2026-08-12T04:44:04.683+0000] {logging_mixin.py:190} INFO - [2026-08-12T04:44:04.683+0000] {dag.py:3211} INFO - Sync 1 DAGs
[2026-08-12T04:44:04.708+0000] {logging_mixin.py:190} INFO - [2026-08-12T04:44:04.708+0000] {dag.py:4138} INFO - Setting next_dagrun for example_branch_dop_operator_v3 to 2026-08-12 04:43:00+00:00, run_after=2026-08-12 04:44:00+00:00
[2026-08-12T04:44:04.741+0000] {processor.py:208} INFO - Processing /home/airflow/.local/lib/python3.12/site-packages/airflow/example_dags/example_branch_python_dop_operator_3.py took 0.099 seconds
[2026-08-12T04:44:35.242+0000] {processor.py:186} INFO - Started process (PID=1464) to work on /home/airflow/.local/lib/python3.12/site-packages/airflow/example_dags/example_branch_python_dop_operator_3.py
[2026-08-12T04:44:35.244+0000] {processor.py:914} INFO - Processing file /home/airflow/.local/lib/python3.12/site-packages/airflow/example_dags/example_branch_python_dop_operator_3.py for tasks to queue
[2026-08-12T04:44:35.247+0000] {logging_mixin.py:190} INFO - [2026-08-12T04:44:35.246+0000] {dagbag.py:587} INFO - Filling up the DagBag from /home/airflow/.local/lib/python3.12/site-packages/airflow/example_dags/example_branch_python_dop_operator_3.py
[2026-08-12T04:44:35.260+0000] {processor.py:925} INFO - DAG(s) 'example_branch_dop_operator_v3' retrieved from /home/airflow/.local/lib/python3.12/site-packages/airflow/example_dags/example_branch_python_dop_operator_3.py
[2026-08-12T04:44:35.283+0000] {logging_mixin.py:190} INFO - [2026-08-12T04:44:35.283+0000] {dag.py:3211} INFO - Sync 1 DAGs
[2026-08-12T04:44:35.315+0000] {logging_mixin.py:190} INFO - [2026-08-12T04:44:35.315+0000] {dag.py:4138} INFO - Setting next_dagrun for example_branch_dop_operator_v3 to 2026-08-12 04:43:00+00:00, run_after=2026-08-12 04:44:00+00:00
[2026-08-12T04:44:35.344+0000] {processor.py:208} INFO - Processing /home/airflow/.local/lib/python3.12/site-packages/airflow/example_dags/example_branch_python_dop_operator_3.py took 0.109 seconds
[2026-08-12T04:45:06.517+0000] {processor.py:186} INFO - Started process (PID=1526) to work on /home/airflow/.local/lib/python3.12/site-packages/airflow/example_dags/example_branch_python_dop_operator_3.py
[2026-08-12T04:45:06.519+0000] {processor.py:914} INFO - Processing file /home/airflow/.local/lib/python3.12/site-packages/airflow/example_dags/example_branch_python_dop_operator_3.py for tasks to queue
[2026-08-12T04:45:06.523+0000] {logging_mixin.py:190} INFO - [2026-08-12T04:45:06.522+0000] {dagbag.py:587} INFO - Filling up the DagBag from /home/airflow/.local/lib/python3.12/site-packages/airflow/example_dags/example_branch_python_dop_operator_3.py
[2026-08-12T04:45:06.537+0000] {processor.py:925} INFO - DAG(s) 'example_branch_dop_operator_v3' retrieved from /home/airflow/.local/lib/python3.12/site-packages/airflow/example_dags/example_branch_python_dop_operator_3.py
[2026-08-12T04:45:06.562+0000] {logging_mixin.py:190} INFO - [2026-08-12T04:45:06.561+0000] {dag.py:3211} INFO - Sync 1 DAGs
[2026-08-12T04:45:06.605+0000] {logging_mixin.py:190} INFO - [2026-08-12T04:45:06.605+0000] {dag.py:4138} INFO - Setting next_dagrun for example_branch_dop_operator_v3 to 2026-08-12 04:44:00+00:00, run_after=2026-08-12 04:45:00+00:00
[2026-08-12T04:45:06.644+0000] {processor.py:208} INFO - Processing /home/airflow/.local/lib/python3.12/site-packages/airflow/example_dags/example_branch_python_dop_operator_3.py took 0.134 seconds
[2026-08-12T04:45:37.747+0000] {processor.py:186} INFO - Started process (PID=1588) to work on /home/airflow/.local/lib/python3.12/site-packages/airflow/example_dags/example_branch_python_dop_operator_3.py
[2026-08-12T04:45:37.749+0000] {processor.py:914} INFO - Processing file /home/airflow/.local/lib/python3.12/site-packages/airflow/example_dags/example_branch_python_dop_operator_3.py for tasks to queue
[2026-08-12T04:45:37.754+0000] {logging_mixin.py:190} INFO - [2026-08-12T04:45:37.753+0000] {dagbag.py:587} INFO - Filling up the DagBag from /home/airflow/.local/lib/python3.12/site-packages/airflow/example_dags/example_branch_python_dop_operator_3.py
[2026-08-12T04:45:37.768+0000] {processor.py:925} INFO - DAG(s) 'example_branch_dop_operator_v3' retrieved from /home/airflow/.local/lib/python3.12/site-packages/airflow/example_dags/example_branch_python_dop_operator_3.py
[2026-08-12T04:45:37.794+0000] {logging_mixin.py:190} INFO - [2026-08-12T04:45:37.793+0000] {dag.py:3211} INFO - Sync 1 DAGs
[2026-08-12T04:45:37.826+0000] {logging_mixin.py:190} INFO - [2026-08-12T04:45:37.826+0000] {dag.py:4138} INFO - Setting next_dagrun for example_branch_dop_operator_v3 to 2026-08-12 04:44:00+00:00, run_after=2026-08-12 04:45:00+00:00
[2026-08-12T04:45:37.863+0000] {processor.py:208} INFO - Processing /home/airflow/.local/lib/python3.12/site-packages/airflow/example_dags/example_branch_python_dop_operator_3.py took 0.125 seconds
[2026-08-12T04:46:07.996+0000] {processor.py:186} INFO - Started process (PID=1650) to work on /home/airflow/.local/lib/python3.12/site-packages/airflow/example_dags/example_branch_python_dop_operator_3.py
[2026-08-12T04:46:07.998+0000] {processor.py:914} INFO - Processing file /home/airflow/.local/lib/python3.12/site-packages/airflow/example_dags/example_branch_python_dop_operator_3.py for tasks to queue
[2026-08-12T04:46:08.002+0000] {logging_mixin.py:190} INFO - [2026-08-12T04:46:08.001+0000] {dagbag.py:587} INFO - Filling up the DagBag from /home/airflow/.local/lib/python3.12/site-packages/airflow/example_dags/example_branch_python_dop_operator_3.py
[2026-08-12T04:46:08.012+0000] {processor.py:925} INFO - DAG(s) 'example_branch_dop_operator_v3' retrieved from /home/airflow/.local/lib/python3.12/site-packages/airflow/example_dags/example_branch_python_dop_operator_3.py
[2026-08-12T04:46:08.035+0000] {logging_mixin.py:190} INFO - [2026-08-12T04:46:08.035+0000] {dag.py:3211} INFO - Sync 1 DAGs
[2026-08-12T04:46:08.063+0000] {logging_mixin.py:190} INFO - [2026-08-12T04:46:08.062+0000] {dag.py:4138} INFO - Setting next_dagrun for example_branch_dop_operator_v3 to 2026-08-12 04:45:00+00:00, run_after=2026-08-12 04:46:00+00:00
[2026-08-12T04:46:08.090+0000] {processor.py:208} INFO - Processing /home/airflow/.local/lib/python3.12/site-packages/airflow/example_dags/example_branch_python_dop_operator_3.py took 0.099 seconds
[2026-08-12T04:46:38.587+0000] {processor.py:186} INFO - Started process (PID=1712) to work on /home/airflow/.local/lib/python3.12/site-packages/airflow/example_dags/example_branch_python_dop_operator_3.py
[2026-08-12T04:46:38.589+0000] {processor.py:914} INFO - Processing file /home/airflow/.local/lib/python3.12/site-packages/airflow/example_dags/example_branch_python_dop_operator_3.py for tasks to queue
[2026-08-12T04:46:38.593+0000] {logging_mixin.py:190} INFO - [2026-08-12T04:46:38.592+0000] {dagbag.py:587} INFO - Filling up the DagBag from /home/airflow/.local/lib/python3.12/site-packages/airflow/example_dags/example_branch_python_dop_operator_3.py
[2026-08-12T04:46:38.606+0000] {processor.py:925} INFO - DAG(s) 'example_branch_dop_operator_v3' retrieved from /home/airflow/.local/lib/python3.12/site-packages/airflow/example_dags/example_branch_python_dop_operator_3.py
[2026-08-12T04:46:38.632+0000] {logging_mixin.py:190} INFO - [2026-08-12T04:46:38.632+0000] {dag.py:3211} INFO - Sync 1 DAGs
[2026-08-12T04:46:38.663+0000] {logging_mixin.py:190} INFO - [2026-08-12T04:46:38.663+0000] {dag.py:4138} INFO - Setting next_dagrun for example_branch_dop_operator_v3 to 2026-08-12 04:45:00+00:00, run_after=2026-08-12 04:46:00+00:00
[2026-08-12T04:46:38.691+0000] {processor.py:208} INFO - Processing /home/airflow/.local/lib/python3.12/site-packages/airflow/example_dags/example_branch_python_dop_operator_3.py took 0.110 seconds
[2026-08-12T04:47:09.411+0000] {processor.py:186} INFO - Started process (PID=1774) to work on /home/airflow/.local/lib/python3.12/site-packages/airflow/example_dags/example_branch_python_dop_operator_3.py
[2026-08-12T04:47:09.413+0000] {processor.py:914} INFO - Processing file /home/airflow/.local/lib/python3.12/site-packages/airflow/example_dags/example_branch_python_dop_operator_3.py for tasks to queue
[2026-08-12T04:47:09.416+0000] {logging_mixin.py:190} INFO - [2026-08-12T04:47:09.416+0000] {dagbag.py:587} INFO - Filling up the DagBag from /home/airflow/.local/lib/python3.12/site-packages/airflow/example_dags/example_branch_python_dop_operator_3.py
[2026-08-12T04:47:09.433+0000] {processor.py:925} INFO - DAG(s) 'example_branch_dop_operator_v3' retrieved from /home/airflow/.local/lib/python3.12/site-packages/airflow/example_dags/example_branch_python_dop_operator_3.py
[2026-08-12T04:47:09.459+0000] {logging_mixin.py:190} INFO - [2026-08-12T04:47:09.459+0000] {dag.py:3211} INFO - Sync 1 DAGs
[2026-08-12T04:47:09.488+0000] {logging_mixin.py:190} INFO - [2026-08-12T04:47:09.488+0000] {dag.py:4138} INFO - Setting next_dagrun for example_branch_dop_operator_v3 to 2026-08-12 04:46:00+00:00, run_after=2026-08-12 04:47:00+00:00
[2026-08-12T04:47:09.514+0000] {processor.py:208} INFO - Processing /home/airflow/.local/lib/python3.12/site-packages/airflow/example_dags/example_branch_python_dop_operator_3.py took 0.113 seconds
[2026-08-12T04:47:40.743+0000] {processor.py:186} INFO - Started process (PID=1836) to work on /home/airflow/.local/lib/python3.12/site-packages/airflow/example_dags/example_branch_python_dop_operator_3.py
[2026-08-12T04:47:40.745+0000] {processor.py:914} INFO - Processing file /home/airflow/.local/lib/python3.12/site-packages/airflow/example_dags/example_branch_python_dop_operator_3.py for tasks to queue
[2026-08-12T04:47:40.749+0000] {logging_mixin.py:190} INFO - [2026-08-12T04:47:40.748+0000] {dagbag.py:587} INFO - Filling up the DagBag from /home/airflow/.local/lib/python3.12/site-packages/airflow/example_dags/example_branch_python_dop_operator_3.py
[2026-08-12T04:47:40.760+0000] {processor.py:925} INFO - DAG(s) 'example_branch_dop_operator_v3' retrieved from /home/airflow/.local/lib/python3.12/site-packages/airflow/example_dags/example_branch_python_dop_operator_3.py
[2026-08-12T04:47:40.784+0000] {logging_mixin.py:190} INFO - [2026-08-12T04:47:40.783+0000] {dag.py:3211} INFO - Sync 1 DAGs
[2026-08-12T04:47:40.813+0000] {logging_mixin.py:190} INFO - [2026-08-12T04:47:40.813+0000] {dag.py:4138} INFO - Setting next_dagrun for example_branch_dop_operator_v3 to 2026-08-12 04:46:00+00:00, run_after=2026-08-12 04:47:00+00:00
[2026-08-12T04:47:40.838+0000] {processor.py:208} INFO - Processing /home/airflow/.local/lib/python3.12/site-packages/airflow/example_dags/example_branch_python_dop_operator_3.py took 0.101 seconds
[2026-08-12T04:48:11.168+0000] {processor.py:186} INFO - Started process (PID=1898) to work on /home/airflow/.local/lib/python3.12/site-packages/airflow/example_dags/example_branch_python_dop_operator_3.py
[2026-08-12T04:48:11.170+0000] {processor.py:914} INFO - Processing file /home/airflow/.local/lib/python3.12/site-packages/airflow/example_dags/example_branch_python_dop_operator_3.py for tasks to queue
[2026-08-12T04:48:11.173+0000] {logging_mixin.py:190} INFO - [2026-08-12T04:48:11.173+0000] {dagbag.py:587} INFO - Filling up the DagBag from /home/airflow/.local/lib/python3.12/site-packages/airflow/example_dags/example_branch_python_dop_operator_3.py
[2026-08-12T04:48:11.185+0000] {processor.py:925} INFO - DAG(s) 'example_branch_dop_operator_v3' retrieved from /home/airflow/.local/lib/python3.12/site-packages/airflow/example_dags/example_branch_python_dop_operator_3.py
[2026-08-12T04:48:11.213+0000] {logging_mixin.py:190} INFO - [2026-08-12T04:48:11.212+0000] {dag.py:3211} INFO - Sync 1 DAGs
[2026-08-12T04:48:11.247+0000] {logging_mixin.py:190} INFO - [2026-08-12T04:48:11.246+0000] {dag.py:4138} INFO - Setting next_dagrun for example_branch_dop_operator_v3 to 2026-08-12 04:47:00+00:00, run_after=2026-08-12 04:48:00+00:00
[2026-08-12T04:48:11.276+0000] {processor.py:208} INFO - Processing /home/airflow/.local/lib/python3.12/site-packages/airflow/example_dags/example_branch_python_dop_operator_3.py took 0.115 seconds
