[2026-08-12T04:31:27.617+0000] {processor.py:186} INFO - Started process (PID=72) to work on /home/airflow/.local/lib/python3.12/site-packages/airflow/example_dags/example_sensor_decorator.py
[2026-08-12T04:31:27.632+0000] {processor.py:914} INFO - Processing file /home/airflow/.local/lib/python3.12/site-packages/airflow/example_dags/example_sensor_decorator.py for tasks to queue
[2026-08-12T04:31:27.637+0000] {logging_mixin.py:190} INFO - [2026-08-12T04:31:27.637+0000] {dagbag.py:587} INFO - Filling up the DagBag from /home/airflow/.local/lib/python3.12/site-packages/airflow/example_dags/example_sensor_decorator.py
[2026-08-12T04:31:27.660+0000] {processor.py:925} INFO - DAG(s) 'example_sensor_decorator' retrieved from /home/airflow/.local/lib/python3.12/site-packages/airflow/example_dags/example_sensor_decorator.py
[2026-08-12T04:31:27.851+0000] {logging_mixin.py:190} INFO - [2026-08-12T04:31:27.850+0000] {override.py:1858} INFO - Created Permission View: can read on DAG:example_sensor_decorator
[2026-08-12T04:31:27.867+0000] {logging_mixin.py:190} INFO - [2026-08-12T04:31:27.867+0000] {override.py:1858} INFO - Created Permission View: can edit on DAG:example_sensor_decorator
[2026-08-12T04:31:27.896+0000] {logging_mixin.py:190} INFO - [2026-08-12T04:31:27.896+0000] {override.py:1858} INFO - Created Permission View: can delete on DAG:example_sensor_decorator
[2026-08-12T04:31:27.898+0000] {logging_mixin.py:190} INFO - [2026-08-12T04:31:27.898+0000] {dag.py:3211} INFO - Sync 1 DAGs
[2026-08-12T04:31:27.917+0000] {logging_mixin.py:190} INFO - [2026-08-12T04:31:27.916+0000] {dag.py:3234} INFO - Creating ORM DAG for example_sensor_decorator
[2026-08-12T04:31:27.925+0000] {logging_mixin.py:190} INFO - [2026-08-12T04:31:27.921+0000] {dag.py:4138} INFO - Setting next_dagrun for example_sensor_decorator to None, run_after=None
[2026-08-12T04:31:27.974+0000] {processor.py:208} INFO - Processing /home/airflow/.local/lib/python3.12/site-packages/airflow/example_dags/example_sensor_decorator.py took 0.367 seconds
[2026-08-12T04:31:58.027+0000] {processor.py:186} INFO - Started process (PID=134) to work on /home/airflow/.local/lib/python3.12/site-packages/airflow/example_dags/example_sensor_decorator.py
[2026-08-12T04:31:58.032+0000] {processor.py:914} INFO - Processing file /home/airflow/.local/lib/python3.12/site-packages/airflow/example_dags/example_sensor_decorator.py for tasks to queue
[2026-08-12T04:31:58.046+0000] {logging_mixin.py:190} INFO - [2026-08-12T04:31:58.045+0000] {dagbag.py:587} INFO - Filling up the DagBag from /home/airflow/.local/lib/python3.12/site-packages/airflow/example_dags/example_sensor_decorator.py
[2026-08-12T04:31:58.055+0000] {processor.py:925} INFO - DAG(s) 'example_sensor_decorator' retrieved from /home/airflow/.local/lib/python3.12/site-packages/airflow/example_dags/example_sensor_decorator.py
[2026-08-12T04:31:58.098+0000] {logging_mixin.py:190} INFO - [2026-08-12T04:31:58.097+0000] {dag.py:3211} INFO - Sync 1 DAGs
[2026-08-12T04:31:58.126+0000] {logging_mixin.py:190} INFO - [2026-08-12T04:31:58.126+0000] {dag.py:4138} INFO - Setting next_dagrun for example_sensor_decorator to None, run_after=None
[2026-08-12T04:31:58.169+0000] {processor.py:208} INFO - Processing /home/airflow/.local/lib/python3.12/site-packages/airflow/example_dags/example_sensor_decorator.py took 0.148 seconds
[2026-08-12T04:33:17.944+0000] {processor.py:186} INFO - Started process (PID=59) to work on /home/airflow/.local/lib/python3.12/site-packages/airflow/example_dags/example_sensor_decorator.py
[2026-08-12T04:33:17.948+0000] {processor.py:914} INFO - Processing file /home/airflow/.local/lib/python3.12/site-packages/airflow/example_dags/example_sensor_decorator.py for tasks to queue
[2026-08-12T04:33:17.956+0000] {logging_mixin.py:190} INFO - [2026-08-12T04:33:17.955+0000] {dagbag.py:587} INFO - Filling up the DagBag from /home/airflow/.local/lib/python3.12/site-packages/airflow/example_dags/example_sensor_decorator.py
[2026-08-12T04:33:17.993+0000] {processor.py:925} INFO - DAG(s) 'example_sensor_decorator' retrieved from /home/airflow/.local/lib/python3.12/site-packages/airflow/example_dags/example_sensor_decorator.py
[2026-08-12T04:33:18.056+0000] {logging_mixin.py:190} INFO - [2026-08-12T04:33:18.055+0000] {dag.py:3211} INFO - Sync 1 DAGs
[2026-08-12T04:33:18.088+0000] {logging_mixin.py:190} INFO - [2026-08-12T04:33:18.088+0000] {dag.py:4138} INFO - Setting next_dagrun for example_sensor_decorator to None, run_after=None
[2026-08-12T04:33:18.128+0000] {processor.py:208} INFO - Processing /home/airflow/.local/lib/python3.12/site-packages/airflow/example_dags/example_sensor_decorator.py took 0.198 seconds
[2026-08-12T04:33:48.688+0000] {processor.py:186} INFO - Started process (PID=121) to work on /home/airflow/.local/lib/python3.12/site-packages/airflow/example_dags/example_sensor_decorator.py
[2026-08-12T04:33:48.689+0000] {processor.py:914} INFO - Processing file /home/airflow/.local/lib/python3.12/site-packages/airflow/example_dags/example_sensor_decorator.py for tasks to queue
[2026-08-12T04:33:48.693+0000] {logging_mixin.py:190} INFO - [2026-08-12T04:33:48.693+0000] {dagbag.py:587} INFO - Filling up the DagBag from /home/airflow/.local/lib/python3.12/site-packages/airflow/example_dags/example_sensor_decorator.py
[2026-08-12T04:33:48.704+0000] {processor.py:925} INFO - DAG(s) 'example_sensor_decorator' retrieved from /home/airflow/.local/lib/python3.12/site-packages/airflow/example_dags/example_sensor_decorator.py
[2026-08-12T04:33:48.728+0000] {logging_mixin.py:190} INFO - [2026-08-12T04:33:48.728+0000] {dag.py:3211} INFO - Sync 1 DAGs
[2026-08-12T04:33:48.746+0000] {logging_mixin.py:190} INFO - [2026-08-12T04:33:48.746+0000] {dag.py:4138} INFO - Setting next_dagrun for example_sensor_decorator to None, run_after=None
[2026-08-12T04:33:48.774+0000] {processor.py:208} INFO - Processing /home/airflow/.local/lib/python3.12/site-packages/airflow/example_dags/example_sensor_decorator.py took 0.093 seconds
[2026-08-12T04:34:18.914+0000] {processor.py:186} INFO - Started process (PID=183) to work on /home/airflow/.local/lib/python3.12/site-packages/airflow/example_dags/example_sensor_decorator.py
[2026-08-12T04:34:18.917+0000] {processor.py:914} INFO - Processing file /home/airflow/.local/lib/python3.12/site-packages/airflow/example_dags/example_sensor_decorator.py for tasks to queue
[2026-08-12T04:34:18.921+0000] {logging_mixin.py:190} INFO - [2026-08-12T04:34:18.920+0000] {dagbag.py:587} INFO - Filling up the DagBag from /home/airflow/.local/lib/python3.12/site-packages/airflow/example_dags/example_sensor_decorator.py
[2026-08-12T04:34:18.930+0000] {processor.py:925} INFO - DAG(s) 'example_sensor_decorator' retrieved from /home/airflow/.local/lib/python3.12/site-packages/airflow/example_dags/example_sensor_decorator.py
[2026-08-12T04:34:18.952+0000] {logging_mixin.py:190} INFO - [2026-08-12T04:34:18.952+0000] {dag.py:3211} INFO - Sync 1 DAGs
[2026-08-12T04:34:18.972+0000] {logging_mixin.py:190} INFO - [2026-08-12T04:34:18.972+0000] {dag.py:4138} INFO - Setting next_dagrun for example_sensor_decorator to None, run_after=None
[2026-08-12T04:34:18.997+0000] {processor.py:208} INFO - Processing /home/airflow/.local/lib/python3.12/site-packages/airflow/example_dags/example_sensor_decorator.py took 0.089 seconds
[2026-08-12T04:34:49.132+0000] {processor.py:186} INFO - Started process (PID=245) to work on /home/airflow/.local/lib/python3.12/site-packages/airflow/example_dags/example_sensor_decorator.py
[2026-08-12T04:34:49.134+0000] {processor.py:914} INFO - Processing file /home/airflow/.local/lib/python3.12/site-packages/airflow/example_dags/example_sensor_decorator.py for tasks to queue
[2026-08-12T04:34:49.137+0000] {logging_mixin.py:190} INFO - [2026-08-12T04:34:49.136+0000] {dagbag.py:587} INFO - Filling up the DagBag from /home/airflow/.local/lib/python3.12/site-packages/airflow/example_dags/example_sensor_decorator.py
[2026-08-12T04:34:49.146+0000] {processor.py:925} INFO - DAG(s) 'example_sensor_decorator' retrieved from /home/airflow/.local/lib/python3.12/site-packages/airflow/example_dags/example_sensor_decorator.py
[2026-08-12T04:34:49.170+0000] {logging_mixin.py:190} INFO - [2026-08-12T04:34:49.170+0000] {dag.py:3211} INFO - Sync 1 DAGs
[2026-08-12T04:34:49.186+0000] {logging_mixin.py:190} INFO - [2026-08-12T04:34:49.186+0000] {dag.py:4138} INFO - Setting next_dagrun for example_sensor_decorator to None, run_after=None
[2026-08-12T04:34:49.214+0000] {processor.py:208} INFO - Processing /home/airflow/.local/lib/python3.12/site-packages/airflow/example_dags/example_sensor_decorator.py took 0.087 seconds
[2026-08-12T04:35:19.774+0000] {processor.py:186} INFO - Started process (PID=308) to work on /home/airflow/.local/lib/python3.12/site-packages/airflow/example_dags/example_sensor_decorator.py
[2026-08-12T04:35:19.776+0000] {processor.py:914} INFO - Processing file /home/airflow/.local/lib/python3.12/site-packages/airflow/example_dags/example_sensor_decorator.py for tasks to queue
[2026-08-12T04:35:19.779+0000] {logging_mixin.py:190} INFO - [2026-08-12T04:35:19.779+0000] {dagbag.py:587} INFO - Filling up the DagBag from /home/airflow/.local/lib/python3.12/site-packages/airflow/example_dags/example_sensor_decorator.py
[2026-08-12T04:35:19.789+0000] {processor.py:925} INFO - DAG(s) 'example_sensor_decorator' retrieved from /home/airflow/.local/lib/python3.12/site-packages/airflow/example_dags/example_sensor_decorator.py
[2026-08-12T04:35:19.810+0000] {logging_mixin.py:190} INFO - [2026-08-12T04:35:19.810+0000] {dag.py:3211} INFO - Sync 1 DAGs
[2026-08-12T04:35:19.825+0000] {logging_mixin.py:190} INFO - [2026-08-12T04:35:19.824+0000] {dag.py:4138} INFO - Setting next_dagrun for example_sensor_decorator to None, run_after=None
[2026-08-12T04:35:19.863+0000] {processor.py:208} INFO - Processing /home/airflow/.local/lib/python3.12/site-packages/airflow/example_dags/example_sensor_decorator.py took 0.096 seconds
[2026-08-12T04:35:50.223+0000] {processor.py:186} INFO - Started process (PID=370) to work on /home/airflow/.local/lib/python3.12/site-packages/airflow/example_dags/example_sensor_decorator.py
[2026-08-12T04:35:50.225+0000] {processor.py:914} INFO - Processing file /home/airflow/.local/lib/python3.12/site-packages/airflow/example_dags/example_sensor_decorator.py for tasks to queue
[2026-08-12T04:35:50.229+0000] {logging_mixin.py:190} INFO - [2026-08-12T04:35:50.228+0000] {dagbag.py:587} INFO - Filling up the DagBag from /home/airflow/.local/lib/python3.12/site-packages/airflow/example_dags/example_sensor_decorator.py
[2026-08-12T04:35:50.244+0000] {processor.py:925} INFO - DAG(s) 'example_sensor_decorator' retrieved from /home/airflow/.local/lib/python3.12/site-packages/airflow/example_dags/example_sensor_decorator.py
[2026-08-12T04:35:50.271+0000] {logging_mixin.py:190} INFO - [2026-08-12T04:35:50.270+0000] {dag.py:3211} INFO - Sync 1 DAGs
[2026-08-12T04:35:50.293+0000] {logging_mixin.py:190} INFO - [2026-08-12T04:35:50.293+0000] {dag.py:4138} INFO - Setting next_dagrun for example_sensor_decorator to None, run_after=None
[2026-08-12T04:35:50.320+0000] {processor.py:208} INFO - Processing /home/airflow/.local/lib/python3.12/site-packages/airflow/example_dags/example_sensor_decorator.py took 0.104 seconds
[2026-08-12T04:36:20.837+0000] {processor.py:186} INFO - Started process (PID=432) to work on /home/airflow/.local/lib/python3.12/site-packages/airflow/example_dags/example_sensor_decorator.py
[2026-08-12T04:36:20.839+0000] {processor.py:914} INFO - Processing file /home/airflow/.local/lib/python3.12/site-packages/airflow/example_dags/example_sensor_decorator.py for tasks to queue
[2026-08-12T04:36:20.843+0000] {logging_mixin.py:190} INFO - [2026-08-12T04:36:20.842+0000] {dagbag.py:587} INFO - Filling up the DagBag from /home/airflow/.local/lib/python3.12/site-packages/airflow/example_dags/example_sensor_decorator.py
[2026-08-12T04:36:20.853+0000] {processor.py:925} INFO - DAG(s) 'example_sensor_decorator' retrieved from /home/airflow/.local/lib/python3.12/site-packages/airflow/example_dags/example_sensor_decorator.py
[2026-08-12T04:36:20.873+0000] {logging_mixin.py:190} INFO - [2026-08-12T04:36:20.873+0000] {dag.py:3211} INFO - Sync 1 DAGs
[2026-08-12T04:36:20.888+0000] {logging_mixin.py:190} INFO - [2026-08-12T04:36:20.887+0000] {dag.py:4138} INFO - Setting next_dagrun for example_sensor_decorator to None, run_after=None
[2026-08-12T04:36:20.913+0000] {processor.py:208} INFO - Processing /home/airflow/.local/lib/python3.12/site-packages/airflow/example_dags/example_sensor_decorator.py took 0.082 seconds
[2026-08-12T04:36:51.308+0000] {processor.py:186} INFO - Started process (PID=494) to work on /home/airflow/.local/lib/python3.12/site-packages/airflow/example_dags/example_sensor_decorator.py
[2026-08-12T04:36:51.310+0000] {processor.py:914} INFO - Processing file /home/airflow/.local/lib/python3.12/site-packages/airflow/example_dags/example_sensor_decorator.py for tasks to queue
[2026-08-12T04:36:51.313+0000] {logging_mixin.py:190} INFO - [2026-08-12T04:36:51.312+0000] {dagbag.py:587} INFO - Filling up the DagBag from /home/airflow/.local/lib/python3.12/site-packages/airflow/example_dags/example_sensor_decorator.py
[2026-08-12T04:36:51.320+0000] {processor.py:925} INFO - DAG(s) 'example_sensor_decorator' retrieved from /home/airflow/.local/lib/python3.12/site-packages/airflow/example_dags/example_sensor_decorator.py
[2026-08-12T04:36:51.340+0000] {logging_mixin.py:190} INFO - [2026-08-12T04:36:51.340+0000] {dag.py:3211} INFO - Sync 1 DAGs
[2026-08-12T04:36:51.353+0000] {logging_mixin.py:190} INFO - [2026-08-12T04:36:51.353+0000] {dag.py:4138} INFO - Setting next_dagrun for example_sensor_decorator to None, run_after=None
[2026-08-12T04:36:51.376+0000] {processor.py:208} INFO - Processing /home/airflow/.local/lib/python3.12/site-packages/airflow/example_dags/example_sensor_decorator.py took 0.073 seconds
[2026-08-12T04:37:21.607+0000] {processor.py:186} INFO - Started process (PID=556) to work on /home/airflow/.local/lib/python3.12/site-packages/airflow/example_dags/example_sensor_decorator.py
[2026-08-12T04:37:21.608+0000] {processor.py:914} INFO - Processing file /home/airflow/.local/lib/python3.12/site-packages/airflow/example_dags/example_sensor_decorator.py for tasks to queue
[2026-08-12T04:37:21.611+0000] {logging_mixin.py:190} INFO - [2026-08-12T04:37:21.611+0000] {dagbag.py:587} INFO - Filling up the DagBag from /home/airflow/.local/lib/python3.12/site-packages/airflow/example_dags/example_sensor_decorator.py
[2026-08-12T04:37:21.619+0000] {processor.py:925} INFO - DAG(s) 'example_sensor_decorator' retrieved from /home/airflow/.local/lib/python3.12/site-packages/airflow/example_dags/example_sensor_decorator.py
[2026-08-12T04:37:21.639+0000] {logging_mixin.py:190} INFO - [2026-08-12T04:37:21.638+0000] {dag.py:3211} INFO - Sync 1 DAGs
[2026-08-12T04:37:21.654+0000] {logging_mixin.py:190} INFO - [2026-08-12T04:37:21.654+0000] {dag.py:4138} INFO - Setting next_dagrun for example_sensor_decorator to None, run_after=None
[2026-08-12T04:37:21.679+0000] {processor.py:208} INFO - Processing /home/airflow/.local/lib/python3.12/site-packages/airflow/example_dags/example_sensor_decorator.py took 0.078 seconds
[2026-08-12T04:37:52.477+0000] {processor.py:186} INFO - Started process (PID=618) to work on /home/airflow/.local/lib/python3.12/site-packages/airflow/example_dags/example_sensor_decorator.py
[2026-08-12T04:37:52.481+0000] {processor.py:914} INFO - Processing file /home/airflow/.local/lib/python3.12/site-packages/airflow/example_dags/example_sensor_decorator.py for tasks to queue
[2026-08-12T04:37:52.484+0000] {logging_mixin.py:190} INFO - [2026-08-12T04:37:52.483+0000] {dagbag.py:587} INFO - Filling up the DagBag from /home/airflow/.local/lib/python3.12/site-packages/airflow/example_dags/example_sensor_decorator.py
[2026-08-12T04:37:52.492+0000] {processor.py:925} INFO - DAG(s) 'example_sensor_decorator' retrieved from /home/airflow/.local/lib/python3.12/site-packages/airflow/example_dags/example_sensor_decorator.py
[2026-08-12T04:37:52.512+0000] {logging_mixin.py:190} INFO - [2026-08-12T04:37:52.511+0000] {dag.py:3211} INFO - Sync 1 DAGs
[2026-08-12T04:37:52.527+0000] {logging_mixin.py:190} INFO - [2026-08-12T04:37:52.527+0000] {dag.py:4138} INFO - Setting next_dagrun for example_sensor_decorator to None, run_after=None
[2026-08-12T04:37:52.559+0000] {processor.py:208} INFO - Processing /home/airflow/.local/lib/python3.12/site-packages/airflow/example_dags/example_sensor_decorator.py took 0.087 seconds
[2026-08-12T04:38:23.467+0000] {processor.py:186} INFO - Started process (PID=680) to work on /home/airflow/.local/lib/python3.12/site-packages/airflow/example_dags/example_sensor_decorator.py
[2026-08-12T04:38:23.469+0000] {processor.py:914} INFO - Processing file /home/airflow/.local/lib/python3.12/site-packages/airflow/example_dags/example_sensor_decorator.py for tasks to queue
[2026-08-12T04:38:23.472+0000] {logging_mixin.py:190} INFO - [2026-08-12T04:38:23.471+0000] {dagbag.py:587} INFO - Filling up the DagBag from /home/airflow/.local/lib/python3.12/site-packages/airflow/example_dags/example_sensor_decorator.py
[2026-08-12T04:38:23.480+0000] {processor.py:925} INFO - DAG(s) 'example_sensor_decorator' retrieved from /home/airflow/.local/lib/python3.12/site-packages/airflow/example_dags/example_sensor_decorator.py
[2026-08-12T04:38:23.501+0000] {logging_mixin.py:190} INFO - [2026-08-12T04:38:23.501+0000] {dag.py:3211} INFO - Sync 1 DAGs
[2026-08-12T04:38:23.514+0000] {logging_mixin.py:190} INFO - [2026-08-12T04:38:23.513+0000] {dag.py:4138} INFO - Setting next_dagrun for example_sensor_decorator to None, run_after=None
[2026-08-12T04:38:23.539+0000] {processor.py:208} INFO - Processing /home/airflow/.local/lib/python3.12/site-packages/airflow/example_dags/example_sensor_decorator.py took 0.078 seconds
[2026-08-12T04:38:53.859+0000] {processor.py:186} INFO - Started process (PID=742) to work on /home/airflow/.local/lib/python3.12/site-packages/airflow/example_dags/example_sensor_decorator.py
[2026-08-12T04:38:53.861+0000] {processor.py:914} INFO - Processing file /home/airflow/.local/lib/python3.12/site-packages/airflow/example_dags/example_sensor_decorator.py for tasks to queue
[2026-08-12T04:38:53.865+0000] {logging_mixin.py:190} INFO - [2026-08-12T04:38:53.865+0000] {dagbag.py:587} INFO - Filling up the DagBag from /home/airflow/.local/lib/python3.12/site-packages/airflow/example_dags/example_sensor_decorator.py
[2026-08-12T04:38:53.876+0000] {processor.py:925} INFO - DAG(s) 'example_sensor_decorator' retrieved from /home/airflow/.local/lib/python3.12/site-packages/airflow/example_dags/example_sensor_decorator.py
[2026-08-12T04:38:53.899+0000] {logging_mixin.py:190} INFO - [2026-08-12T04:38:53.899+0000] {dag.py:3211} INFO - Sync 1 DAGs
[2026-08-12T04:38:53.920+0000] {logging_mixin.py:190} INFO - [2026-08-12T04:38:53.919+0000] {dag.py:4138} INFO - Setting next_dagrun for example_sensor_decorator to None, run_after=None
[2026-08-12T04:38:53.943+0000] {processor.py:208} INFO - Processing /home/airflow/.local/lib/python3.12/site-packages/airflow/example_dags/example_sensor_decorator.py took 0.091 seconds
[2026-08-12T04:39:24.499+0000] {processor.py:186} INFO - Started process (PID=804) to work on /home/airflow/.local/lib/python3.12/site-packages/airflow/example_dags/example_sensor_decorator.py
[2026-08-12T04:39:24.501+0000] {processor.py:914} INFO - Processing file /home/airflow/.local/lib/python3.12/site-packages/airflow/example_dags/example_sensor_decorator.py for tasks to queue
[2026-08-12T04:39:24.505+0000] {logging_mixin.py:190} INFO - [2026-08-12T04:39:24.504+0000] {dagbag.py:587} INFO - Filling up the DagBag from /home/airflow/.local/lib/python3.12/site-packages/airflow/example_dags/example_sensor_decorator.py
[2026-08-12T04:39:24.514+0000] {processor.py:925} INFO - DAG(s) 'example_sensor_decorator' retrieved from /home/airflow/.local/lib/python3.12/site-packages/airflow/example_dags/example_sensor_decorator.py
[2026-08-12T04:39:24.538+0000] {logging_mixin.py:190} INFO - [2026-08-12T04:39:24.538+0000] {dag.py:3211} INFO - Sync 1 DAGs
[2026-08-12T04:39:24.554+0000] {logging_mixin.py:190} INFO - [2026-08-12T04:39:24.554+0000] {dag.py:4138} INFO - Setting next_dagrun for example_sensor_decorator to None, run_after=None
[2026-08-12T04:39:24.581+0000] {processor.py:208} INFO - Processing /home/airflow/.local/lib/python3.12/site-packages/airflow/example_dags/example_sensor_decorator.py took 0.088 seconds
[2026-08-12T04:39:55.508+0000] {processor.py:186} INFO - Started process (PID=866) to work on /home/airflow/.local/lib/python3.12/site-packages/airflow/example_dags/example_sensor_decorator.py
[2026-08-12T04:39:55.510+0000] {processor.py:914} INFO - Processing file /home/airflow/.local/lib/python3.12/site-packages/airflow/example_dags/example_sensor_decorator.py for tasks to queue
[2026-08-12T04:39:55.513+0000] {logging_mixin.py:190} INFO - [2026-08-12T04:39:55.512+0000] {dagbag.py:587} INFO - Filling up the DagBag from /home/airflow/.local/lib/python3.12/site-packages/airflow/example_dags/example_sensor_decorator.py
[2026-08-12T04:39:55.523+0000] {processor.py:925} INFO - DAG(s) 'example_sensor_decorator' retrieved from /home/airflow/.local/lib/python3.12/site-packages/airflow/example_dags/example_sensor_decorator.py
[2026-08-12T04:39:55.547+0000] {logging_mixin.py:190} INFO - [2026-08-12T04:39:55.546+0000] {dag.py:3211} INFO - Sync 1 DAGs
[2026-08-12T04:39:55.563+0000] {logging_mixin.py:190} INFO - [2026-08-12T04:39:55.563+0000] {dag.py:4138} INFO - Setting next_dagrun for example_sensor_decorator to None, run_after=None
[2026-08-12T04:39:55.587+0000] {processor.py:208} INFO - Processing /home/airflow/.local/lib/python3.12/site-packages/airflow/example_dags/example_sensor_decorator.py took 0.085 seconds
[2026-08-12T04:40:26.085+0000] {processor.py:186} INFO - Started process (PID=928) to work on /home/airflow/.local/lib/python3.12/site-packages/airflow/example_dags/example_sensor_decorator.py
[2026-08-12T04:40:26.087+0000] {processor.py:914} INFO - Processing file /home/airflow/.local/lib/python3.12/site-packages/airflow/example_dags/example_sensor_decorator.py for tasks to queue
[2026-08-12T04:40:26.090+0000] {logging_mixin.py:190} INFO - [2026-08-12T04:40:26.090+0000] {dagbag.py:587} INFO - Filling up the DagBag from /home/airflow/.local/lib/python3.12/site-packages/airflow/example_dags/example_sensor_decorator.py
[2026-08-12T04:40:26.099+0000] {processor.py:925} INFO - DAG(s) 'example_sensor_decorator' retrieved from /home/airflow/.local/lib/python3.12/site-packages/airflow/example_dags/example_sensor_decorator.py
[2026-08-12T04:40:26.118+0000] {logging_mixin.py:190} INFO - [2026-08-12T04:40:26.118+0000] {dag.py:3211} INFO - Sync 1 DAGs
[2026-08-12T04:40:26.133+0000] {logging_mixin.py:190} INFO - [2026-08-12T04:40:26.133+0000] {dag.py:4138} INFO - Setting next_dagrun for example_sensor_decorator to None, run_after=None
[2026-08-12T04:40:26.158+0000] {processor.py:208} INFO - Processing /home/airflow/.local/lib/python3.12/site-packages/airflow/example_dags/example_sensor_decorator.py took 0.078 seconds
[2026-08-12T04:40:56.414+0000] {processor.py:186} INFO - Started process (PID=990) to work on /home/airflow/.local/lib/python3.12/site-packages/airflow/example_dags/example_sensor_decorator.py
[2026-08-12T04:40:56.415+0000] {processor.py:914} INFO - Processing file /home/airflow/.local/lib/python3.12/site-packages/airflow/example_dags/example_sensor_decorator.py for tasks to queue
[2026-08-12T04:40:56.418+0000] {logging_mixin.py:190} INFO - [2026-08-12T04:40:56.418+0000] {dagbag.py:587} INFO - Filling up the DagBag from /home/airflow/.local/lib/python3.12/site-packages/airflow/example_dags/example_sensor_decorator.py
[2026-08-12T04:40:56.428+0000] {processor.py:925} INFO - DAG(s) 'example_sensor_decorator' retrieved from /home/airflow/.local/lib/python3.12/site-packages/airflow/example_dags/example_sensor_decorator.py
[2026-08-12T04:40:56.454+0000] {logging_mixin.py:190} INFO - [2026-08-12T04:40:56.454+0000] {dag.py:3211} INFO - Sync 1 DAGs
[2026-08-12T04:40:56.483+0000] {logging_mixin.py:190} INFO - [2026-08-12T04:40:56.483+0000] {dag.py:4138} INFO - Setting next_dagrun for example_sensor_decorator to None, run_after=None
[2026-08-12T04:40:56.522+0000] {processor.py:208} INFO - Processing /home/airflow/.local/lib/python3.12/site-packages/airflow/example_dags/example_sensor_decorator.py took 0.115 seconds
[2026-08-12T04:41:26.701+0000] {processor.py:186} INFO - Started process (PID=1052) to work on /home/airflow/.local/lib/python3.12/site-packages/airflow/example_dags/example_sensor_decorator.py
[2026-08-12T04:41:26.703+0000] {processor.py:914} INFO - Processing file /home/airflow/.local/lib/python3.12/site-packages/airflow/example_dags/example_sensor_decorator.py for tasks to queue
[2026-08-12T04:41:26.706+0000] {logging_mixin.py:190} INFO - [2026-08-12T04:41:26.706+0000] {dagbag.py:587} INFO - Filling up the DagBag from /home/airflow/.local/lib/python3.12/site-packages/airflow/example_dags/example_sensor_decorator.py
[2026-08-12T04:41:26.717+0000] {processor.py:925} INFO - DAG(s) 'example_sensor_decorator' retrieved from /home/airflow/.local/lib/python3.12/site-packages/airflow/example_dags/example_sensor_decorator.py
[2026-08-12T04:41:26.743+0000] {logging_mixin.py:190} INFO - [2026-08-12T04:41:26.743+0000] {dag.py:3211} INFO - Sync 1 DAGs
[2026-08-12T04:41:26.757+0000] {logging_mixin.py:190} INFO - [2026-08-12T04:41:26.757+0000] {dag.py:4138} INFO - Setting next_dagrun for example_sensor_decorator to None, run_after=None
[2026-08-12T04:41:26.782+0000] {processor.py:208} INFO - Processing /home/airflow/.local/lib/python3.12/site-packages/airflow/example_dags/example_sensor_decorator.py took 0.087 seconds
[2026-08-12T04:41:57.016+0000] {processor.py:186} INFO - Started process (PID=1114) to work on /home/airflow/.local/lib/python3.12/site-packages/airflow/example_dags/example_sensor_decorator.py
[2026-08-12T04:41:57.018+0000] {processor.py:914} INFO - Processing file /home/airflow/.local/lib/python3.12/site-packages/airflow/example_dags/example_sensor_decorator.py for tasks to queue
[2026-08-12T04:41:57.022+0000] {logging_mixin.py:190} INFO - [2026-08-12T04:41:57.021+0000] {dagbag.py:587} INFO - Filling up the DagBag from /home/airflow/.local/lib/python3.12/site-packages/airflow/example_dags/example_sensor_decorator.py
[2026-08-12T04:41:57.037+0000] {processor.py:925} INFO - DAG(s) 'example_sensor_decorator' retrieved from /home/airflow/.local/lib/python3.12/site-packages/airflow/example_dags/example_sensor_decorator.py
[2026-08-12T04:41:57.065+0000] {logging_mixin.py:190} INFO - [2026-08-12T04:41:57.064+0000] {dag.py:3211} INFO - Sync 1 DAGs
[2026-08-12T04:41:57.100+0000] {logging_mixin.py:190} INFO - [2026-08-12T04:41:57.100+0000] {dag.py:4138} INFO - Setting next_dagrun for example_sensor_decorator to None, run_after=None
[2026-08-12T04:41:57.137+0000] {processor.py:208} INFO - Processing /home/airflow/.local/lib/python3.12/site-packages/airflow/example_dags/example_sensor_decorator.py took 0.130 seconds
[2026-08-12T04:42:27.873+0000] {processor.py:186} INFO - Started process (PID=1176) to work on /home/airflow/.local/lib/python3.12/site-packages/airflow/example_dags/example_sensor_decorator.py
[2026-08-12T04:42:27.874+0000] {processor.py:914} INFO - Processing file /home/airflow/.local/lib/python3.12/site-packages/airflow/example_dags/example_sensor_decorator.py for tasks to queue
[2026-08-12T04:42:27.878+0000] {logging_mixin.py:190} INFO - [2026-08-12T04:42:27.878+0000] {dagbag.py:587} INFO - Filling up the DagBag from /home/airflow/.local/lib/python3.12/site-packages/airflow/example_dags/example_sensor_decorator.py
[2026-08-12T04:42:27.889+0000] {processor.py:925} INFO - DAG(s) 'example_sensor_decorator' retrieved from /home/airflow/.local/lib/python3.12/site-packages/airflow/example_dags/example_sensor_decorator.py
[2026-08-12T04:42:27.915+0000] {logging_mixin.py:190} INFO - [2026-08-12T04:42:27.915+0000] {dag.py:3211} INFO - Sync 1 DAGs
[2026-08-12T04:42:27.933+0000] {logging_mixin.py:190} INFO - [2026-08-12T04:42:27.933+0000] {dag.py:4138} INFO - Setting next_dagrun for example_sensor_decorator to None, run_after=None
[2026-08-12T04:42:27.956+0000] {processor.py:208} INFO - Processing /home/airflow/.local/lib/python3.12/site-packages/airflow/example_dags/example_sensor_decorator.py took 0.091 seconds
[2026-08-12T04:42:58.083+0000] {processor.py:186} INFO - Started process (PID=1238) to work on /home/airflow/.local/lib/python3.12/site-packages/airflow/example_dags/example_sensor_decorator.py
[2026-08-12T04:42:58.085+0000] {processor.py:914} INFO - Processing file /home/airflow/.local/lib/python3.12/site-packages/airflow/example_dags/example_sensor_decorator.py for tasks to queue
[2026-08-12T04:42:58.088+0000] {logging_mixin.py:190} INFO - [2026-08-12T04:42:58.087+0000] {dagbag.py:587} INFO - Filling up the DagBag from /home/airflow/.local/lib/python3.12/site-packages/airflow/example_dags/example_sensor_decorator.py
[2026-08-12T04:42:58.096+0000] {processor.py:925} INFO - DAG(s) 'example_sensor_decorator' retrieved from /home/airflow/.local/lib/python3.12/site-packages/airflow/example_dags/example_sensor_decorator.py
[2026-08-12T04:42:58.119+0000] {logging_mixin.py:190} INFO - [2026-08-12T04:42:58.118+0000] {dag.py:3211} INFO - Sync 1 DAGs
[2026-08-12T04:42:58.135+0000] {logging_mixin.py:190} INFO - [2026-08-12T04:42:58.135+0000] {dag.py:4138} INFO - Setting next_dagrun for example_sensor_decorator to None, run_after=None
[2026-08-12T04:42:58.158+0000] {processor.py:208} INFO - Processing /home/airflow/.local/lib/python3.12/site-packages/airflow/example_dags/example_sensor_decorator.py took 0.082 seconds
[2026-08-12T04:43:29.024+0000] {processor.py:186} INFO - Started process (PID=1300) to work on /home/airflow/.local/lib/python3.12/site-packages/airflow/example_dags/example_sensor_decorator.py
[2026-08-12T04:43:29.026+0000] {processor.py:914} INFO - Processing file /home/airflow/.local/lib/python3.12/site-packages/airflow/example_dags/example_sensor_decorator.py for tasks to queue
[2026-08-12T04:43:29.029+0000] {logging_mixin.py:190} INFO - [2026-08-12T04:43:29.029+0000] {dagbag.py:587} INFO - Filling up the DagBag from /home/airflow/.local/lib/python3.12/site-packages/airflow/example_dags/example_sensor_decorator.py
[2026-08-12T04:43:29.039+0000] {processor.py:925} INFO - DAG(s) 'example_sensor_decorator' retrieved from /home/airflow/.local/lib/python3.12/site-packages/airflow/example_dags/example_sensor_decorator.py
[2026-08-12T04:43:29.061+0000] {logging_mixin.py:190} INFO - [2026-08-12T04:43:29.061+0000] {dag.py:3211} INFO - Sync 1 DAGs
[2026-08-12T04:43:29.089+0000] {logging_mixin.py:190} INFO - [2026-08-12T04:43:29.089+0000] {dag.py:4138} INFO - Setting next_dagrun for example_sensor_decorator to None, run_after=None
[2026-08-12T04:43:29.131+0000] {processor.py:208} INFO - Processing /home/airflow/.local/lib/python3.12/site-packages/airflow/example_dags/example_sensor_decorator.py took 0.113 seconds
[2026-08-12T04:43:59.770+0000] {processor.py:186} INFO - Started process (PID=1362) to work on /home/airflow/.local/lib/python3.12/site-packages/airflow/example_dags/example_sensor_decorator.py
[2026-08-12T04:43:59.772+0000] {processor.py:914} INFO - Processing file /home/airflow/.local/lib/python3.12/site-packages/airflow/example_dags/example_sensor_decorator.py for tasks to queue
[2026-08-12T04:43:59.775+0000] {logging_mixin.py:190} INFO - [2026-08-12T04:43:59.774+0000] {dagbag.py:587} INFO - Filling up the DagBag from /home/airflow/.local/lib/python3.12/site-packages/airflow/example_dags/example_sensor_decorator.py
[2026-08-12T04:43:59.783+0000] {processor.py:925} INFO - DAG(s) 'example_sensor_decorator' retrieved from /home/airflow/.local/lib/python3.12/site-packages/airflow/example_dags/example_sensor_decorator.py
[2026-08-12T04:43:59.801+0000] {logging_mixin.py:190} INFO - [2026-08-12T04:43:59.801+0000] {dag.py:3211} INFO - Sync 1 DAGs
[2026-08-12T04:43:59.815+0000] {logging_mixin.py:190} INFO - [2026-08-12T04:43:59.815+0000] {dag.py:4138} INFO - Setting next_dagrun for example_sensor_decorator to None, run_after=None
[2026-08-12T04:43:59.838+0000] {processor.py:208} INFO - Processing /home/airflow/.local/lib/python3.12/site-packages/airflow/example_dags/example_sensor_decorator.py took 0.075 seconds
[2026-08-12T04:44:30.246+0000] {processor.py:186} INFO - Started process (PID=1425) to work on /home/airflow/.local/lib/python3.12/site-packages/airflow/example_dags/example_sensor_decorator.py
[2026-08-12T04:44:30.247+0000] {processor.py:914} INFO - Processing file /home/airflow/.local/lib/python3.12/site-packages/airflow/example_dags/example_sensor_decorator.py for tasks to queue
[2026-08-12T04:44:30.251+0000] {logging_mixin.py:190} INFO - [2026-08-12T04:44:30.251+0000] {dagbag.py:587} INFO - Filling up the DagBag from /home/airflow/.local/lib/python3.12/site-packages/airflow/example_dags/example_sensor_decorator.py
[2026-08-12T04:44:30.266+0000] {processor.py:925} INFO - DAG(s) 'example_sensor_decorator' retrieved from /home/airflow/.local/lib/python3.12/site-packages/airflow/example_dags/example_sensor_decorator.py
[2026-08-12T04:44:30.296+0000] {logging_mixin.py:190} INFO - [2026-08-12T04:44:30.296+0000] {dag.py:3211} INFO - Sync 1 DAGs
[2026-08-12T04:44:30.324+0000] {logging_mixin.py:190} INFO - [2026-08-12T04:44:30.324+0000] {dag.py:4138} INFO - Setting next_dagrun for example_sensor_decorator to None, run_after=None
[2026-08-12T04:44:30.372+0000] {processor.py:208} INFO - Processing /home/airflow/.local/lib/python3.12/site-packages/airflow/example_dags/example_sensor_decorator.py took 0.135 seconds
[2026-08-12T04:45:00.899+0000] {processor.py:186} INFO - Started process (PID=1487) to work on /home/airflow/.local/lib/python3.12/site-packages/airflow/example_dags/example_sensor_decorator.py
[2026-08-12T04:45:00.900+0000] {processor.py:914} INFO - Processing file /home/airflow/.local/lib/python3.12/site-packages/airflow/example_dags/example_sensor_decorator.py for tasks to queue
[2026-08-12T04:45:00.903+0000] {logging_mixin.py:190} INFO - [2026-08-12T04:45:00.903+0000] {dagbag.py:587} INFO - Filling up the DagBag from /home/airflow/.local/lib/python3.12/site-packages/airflow/example_dags/example_sensor_decorator.py
[2026-08-12T04:45:00.913+0000] {processor.py:925} INFO - DAG(s) 'example_sensor_decorator' retrieved from /home/airflow/.local/lib/python3.12/site-packages/airflow/example_dags/example_sensor_decorator.py
[2026-08-12T04:45:00.951+0000] {logging_mixin.py:190} INFO - [2026-08-12T04:45:00.951+0000] {dag.py:3211} INFO - Sync 1 DAGs
[2026-08-12T04:45:01.001+0000] {logging_mixin.py:190} INFO - [2026-08-12T04:45:01.000+0000] {dag.py:4138} INFO - Setting next_dagrun for example_sensor_decorator to None, run_after=None
[2026-08-12T04:45:01.052+0000] {processor.py:208} INFO - Processing /home/airflow/.local/lib/python3.12/site-packages/airflow/example_dags/example_sensor_decorator.py took 0.159 seconds
[2026-08-12T04:45:31.235+0000] {processor.py:186} INFO - Started process (PID=1549) to work on /home/airflow/.local/lib/python3.12/site-packages/airflow/example_dags/example_sensor_decorator.py
[2026-08-12T04:45:31.237+0000] {processor.py:914} INFO - Processing file /home/airflow/.local/lib/python3.12/site-packages/airflow/example_dags/example_sensor_decorator.py for tasks to queue
[2026-08-12T04:45:31.240+0000] {logging_mixin.py:190} INFO - [2026-08-12T04:45:31.240+0000] {dagbag.py:587} INFO - Filling up the DagBag from /home/airflow/.local/lib/python3.12/site-packages/airflow/example_dags/example_sensor_decorator.py
[2026-08-12T04:45:31.250+0000] {processor.py:925} INFO - DAG(s) 'example_sensor_decorator' retrieved from /home/airflow/.local/lib/python3.12/site-packages/airflow/example_dags/example_sensor_decorator.py
[2026-08-12T04:45:31.272+0000] {logging_mixin.py:190} INFO - [2026-08-12T04:45:31.272+0000] {dag.py:3211} INFO - Sync 1 DAGs
[2026-08-12T04:45:31.286+0000] {logging_mixin.py:190} INFO - [2026-08-12T04:45:31.286+0000] {dag.py:4138} INFO - Setting next_dagrun for example_sensor_decorator to None, run_after=None
[2026-08-12T04:45:31.309+0000] {processor.py:208} INFO - Processing /home/airflow/.local/lib/python3.12/site-packages/airflow/example_dags/example_sensor_decorator.py took 0.080 seconds
[2026-08-12T04:46:01.456+0000] {processor.py:186} INFO - Started process (PID=1611) to work on /home/airflow/.local/lib/python3.12/site-packages/airflow/example_dags/example_sensor_decorator.py
[2026-08-12T04:46:01.458+0000] {processor.py:914} INFO - Processing file /home/airflow/.local/lib/python3.12/site-packages/airflow/example_dags/example_sensor_decorator.py for tasks to queue
[2026-08-12T04:46:01.462+0000] {logging_mixin.py:190} INFO - [2026-08-12T04:46:01.461+0000] {dagbag.py:587} INFO - Filling up the DagBag from /home/airflow/.local/lib/python3.12/site-packages/airflow/example_dags/example_sensor_decorator.py
[2026-08-12T04:46:01.473+0000] {processor.py:925} INFO - DAG(s) 'example_sensor_decorator' retrieved from /home/airflow/.local/lib/python3.12/site-packages/airflow/example_dags/example_sensor_decorator.py
[2026-08-12T04:46:01.497+0000] {logging_mixin.py:190} INFO - [2026-08-12T04:46:01.497+0000] {dag.py:3211} INFO - Sync 1 DAGs
[2026-08-12T04:46:01.515+0000] {logging_mixin.py:190} INFO - [2026-08-12T04:46:01.515+0000] {dag.py:4138} INFO - Setting next_dagrun for example_sensor_decorator to None, run_after=None
[2026-08-12T04:46:01.539+0000] {processor.py:208} INFO - Processing /home/airflow/.local/lib/python3.12/site-packages/airflow/example_dags/example_sensor_decorator.py took 0.090 seconds
[2026-08-12T04:46:32.520+0000] {processor.py:186} INFO - Started process (PID=1673) to work on /home/airflow/.local/lib/python3.12/site-packages/airflow/example_dags/example_sensor_decorator.py
[2026-08-12T04:46:32.523+0000] {processor.py:914} INFO - Processing file /home/airflow/.local/lib/python3.12/site-packages/airflow/example_dags/example_sensor_decorator.py for tasks to queue
[2026-08-12T04:46:32.527+0000] {logging_mixin.py:190} INFO - [2026-08-12T04:46:32.526+0000] {dagbag.py:587} INFO - Filling up the DagBag from /home/airflow/.local/lib/python3.12/site-packages/airflow/example_dags/example_sensor_decorator.py
[2026-08-12T04:46:32.537+0000] {processor.py:925} INFO - DAG(s) 'example_sensor_decorator' retrieved from /home/airflow/.local/lib/python3.12/site-packages/airflow/example_dags/example_sensor_decorator.py
[2026-08-12T04:46:32.559+0000] {logging_mixin.py:190} INFO - [2026-08-12T04:46:32.559+0000] {dag.py:3211} INFO - Sync 1 DAGs
[2026-08-12T04:46:32.573+0000] {logging_mixin.py:190} INFO - [2026-08-12T04:46:32.573+0000] {dag.py:4138} INFO - Setting next_dagrun for example_sensor_decorator to None, run_after=None
[2026-08-12T04:46:32.602+0000] {processor.py:208} INFO - Processing /home/airflow/.local/lib/python3.12/site-packages/airflow/example_dags/example_sensor_decorator.py took 0.089 seconds
[2026-08-12T04:47:03.049+0000] {processor.py:186} INFO - Started process (PID=1735) to work on /home/airflow/.local/lib/python3.12/site-packages/airflow/example_dags/example_sensor_decorator.py
[2026-08-12T04:47:03.052+0000] {processor.py:914} INFO - Processing file /home/airflow/.local/lib/python3.12/site-packages/airflow/example_dags/example_sensor_decorator.py for tasks to queue
[2026-08-12T04:47:03.056+0000] {logging_mixin.py:190} INFO - [2026-08-12T04:47:03.055+0000] {dagbag.py:587} INFO - Filling up the DagBag from /home/airflow/.local/lib/python3.12/site-packages/airflow/example_dags/example_sensor_decorator.py
[2026-08-12T04:47:03.067+0000] {processor.py:925} INFO - DAG(s) 'example_sensor_decorator' retrieved from /home/airflow/.local/lib/python3.12/site-packages/airflow/example_dags/example_sensor_decorator.py
[2026-08-12T04:47:03.095+0000] {logging_mixin.py:190} INFO - [2026-08-12T04:47:03.094+0000] {dag.py:3211} INFO - Sync 1 DAGs
[2026-08-12T04:47:03.114+0000] {logging_mixin.py:190} INFO - [2026-08-12T04:47:03.113+0000] {dag.py:4138} INFO - Setting next_dagrun for example_sensor_decorator to None, run_after=None
[2026-08-12T04:47:03.145+0000] {processor.py:208} INFO - Processing /home/airflow/.local/lib/python3.12/site-packages/airflow/example_dags/example_sensor_decorator.py took 0.104 seconds
[2026-08-12T04:47:34.114+0000] {processor.py:186} INFO - Started process (PID=1797) to work on /home/airflow/.local/lib/python3.12/site-packages/airflow/example_dags/example_sensor_decorator.py
[2026-08-12T04:47:34.116+0000] {processor.py:914} INFO - Processing file /home/airflow/.local/lib/python3.12/site-packages/airflow/example_dags/example_sensor_decorator.py for tasks to queue
[2026-08-12T04:47:34.119+0000] {logging_mixin.py:190} INFO - [2026-08-12T04:47:34.119+0000] {dagbag.py:587} INFO - Filling up the DagBag from /home/airflow/.local/lib/python3.12/site-packages/airflow/example_dags/example_sensor_decorator.py
[2026-08-12T04:47:34.128+0000] {processor.py:925} INFO - DAG(s) 'example_sensor_decorator' retrieved from /home/airflow/.local/lib/python3.12/site-packages/airflow/example_dags/example_sensor_decorator.py
[2026-08-12T04:47:34.152+0000] {logging_mixin.py:190} INFO - [2026-08-12T04:47:34.152+0000] {dag.py:3211} INFO - Sync 1 DAGs
[2026-08-12T04:47:34.169+0000] {logging_mixin.py:190} INFO - [2026-08-12T04:47:34.169+0000] {dag.py:4138} INFO - Setting next_dagrun for example_sensor_decorator to None, run_after=None
[2026-08-12T04:47:34.196+0000] {processor.py:208} INFO - Processing /home/airflow/.local/lib/python3.12/site-packages/airflow/example_dags/example_sensor_decorator.py took 0.089 seconds
[2026-08-12T04:48:04.283+0000] {processor.py:186} INFO - Started process (PID=1859) to work on /home/airflow/.local/lib/python3.12/site-packages/airflow/example_dags/example_sensor_decorator.py
[2026-08-12T04:48:04.285+0000] {processor.py:914} INFO - Processing file /home/airflow/.local/lib/python3.12/site-packages/airflow/example_dags/example_sensor_decorator.py for tasks to queue
[2026-08-12T04:48:04.288+0000] {logging_mixin.py:190} INFO - [2026-08-12T04:48:04.288+0000] {dagbag.py:587} INFO - Filling up the DagBag from /home/airflow/.local/lib/python3.12/site-packages/airflow/example_dags/example_sensor_decorator.py
[2026-08-12T04:48:04.298+0000] {processor.py:925} INFO - DAG(s) 'example_sensor_decorator' retrieved from /home/airflow/.local/lib/python3.12/site-packages/airflow/example_dags/example_sensor_decorator.py
[2026-08-12T04:48:04.320+0000] {logging_mixin.py:190} INFO - [2026-08-12T04:48:04.320+0000] {dag.py:3211} INFO - Sync 1 DAGs
[2026-08-12T04:48:04.336+0000] {logging_mixin.py:190} INFO - [2026-08-12T04:48:04.336+0000] {dag.py:4138} INFO - Setting next_dagrun for example_sensor_decorator to None, run_after=None
[2026-08-12T04:48:04.369+0000] {processor.py:208} INFO - Processing /home/airflow/.local/lib/python3.12/site-packages/airflow/example_dags/example_sensor_decorator.py took 0.092 seconds
