[2026-08-12T04:31:31.472+0000] {processor.py:186} INFO - Started process (PID=85) to work on /home/airflow/.local/lib/python3.12/site-packages/airflow/example_dags/example_inlet_event_extra.py
[2026-08-12T04:31:31.474+0000] {processor.py:914} INFO - Processing file /home/airflow/.local/lib/python3.12/site-packages/airflow/example_dags/example_inlet_event_extra.py for tasks to queue
[2026-08-12T04:31:31.479+0000] {logging_mixin.py:190} INFO - [2026-08-12T04:31:31.478+0000] {dagbag.py:587} INFO - Filling up the DagBag from /home/airflow/.local/lib/python3.12/site-packages/airflow/example_dags/example_inlet_event_extra.py
[2026-08-12T04:31:31.735+0000] {processor.py:925} INFO - DAG(s) 'read_dataset_event_from_classic', 'read_dataset_event' retrieved from /home/airflow/.local/lib/python3.12/site-packages/airflow/example_dags/example_inlet_event_extra.py
[2026-08-12T04:31:31.893+0000] {logging_mixin.py:190} INFO - [2026-08-12T04:31:31.892+0000] {override.py:1858} INFO - Created Permission View: can read on DAG:read_dataset_event_from_classic
[2026-08-12T04:31:31.927+0000] {logging_mixin.py:190} INFO - [2026-08-12T04:31:31.927+0000] {override.py:1858} INFO - Created Permission View: can edit on DAG:read_dataset_event_from_classic
[2026-08-12T04:31:31.939+0000] {logging_mixin.py:190} INFO - [2026-08-12T04:31:31.938+0000] {override.py:1858} INFO - Created Permission View: can delete on DAG:read_dataset_event_from_classic
[2026-08-12T04:31:31.961+0000] {logging_mixin.py:190} INFO - [2026-08-12T04:31:31.961+0000] {override.py:1858} INFO - Created Permission View: can read on DAG:read_dataset_event
[2026-08-12T04:31:31.974+0000] {logging_mixin.py:190} INFO - [2026-08-12T04:31:31.974+0000] {override.py:1858} INFO - Created Permission View: can edit on DAG:read_dataset_event
[2026-08-12T04:31:31.997+0000] {logging_mixin.py:190} INFO - [2026-08-12T04:31:31.996+0000] {override.py:1858} INFO - Created Permission View: can delete on DAG:read_dataset_event
[2026-08-12T04:31:32.000+0000] {logging_mixin.py:190} INFO - [2026-08-12T04:31:31.999+0000] {dag.py:3211} INFO - Sync 2 DAGs
[2026-08-12T04:31:32.031+0000] {logging_mixin.py:190} INFO - [2026-08-12T04:31:32.030+0000] {dag.py:3234} INFO - Creating ORM DAG for read_dataset_event
[2026-08-12T04:31:32.033+0000] {logging_mixin.py:190} INFO - [2026-08-12T04:31:32.033+0000] {dag.py:3234} INFO - Creating ORM DAG for read_dataset_event_from_classic
[2026-08-12T04:31:32.046+0000] {logging_mixin.py:190} INFO - [2026-08-12T04:31:32.046+0000] {dag.py:4138} INFO - Setting next_dagrun for read_dataset_event to 2026-08-11 00:00:00+00:00, run_after=2026-08-12 00:00:00+00:00
[2026-08-12T04:31:32.049+0000] {logging_mixin.py:190} INFO - [2026-08-12T04:31:32.049+0000] {dag.py:4138} INFO - Setting next_dagrun for read_dataset_event_from_classic to 2026-08-11 00:00:00+00:00, run_after=2026-08-12 00:00:00+00:00
[2026-08-12T04:31:32.077+0000] {processor.py:208} INFO - Processing /home/airflow/.local/lib/python3.12/site-packages/airflow/example_dags/example_inlet_event_extra.py took 0.615 seconds
[2026-08-12T04:32:02.434+0000] {processor.py:186} INFO - Started process (PID=147) to work on /home/airflow/.local/lib/python3.12/site-packages/airflow/example_dags/example_inlet_event_extra.py
[2026-08-12T04:32:02.435+0000] {processor.py:914} INFO - Processing file /home/airflow/.local/lib/python3.12/site-packages/airflow/example_dags/example_inlet_event_extra.py for tasks to queue
[2026-08-12T04:32:02.439+0000] {logging_mixin.py:190} INFO - [2026-08-12T04:32:02.438+0000] {dagbag.py:587} INFO - Filling up the DagBag from /home/airflow/.local/lib/python3.12/site-packages/airflow/example_dags/example_inlet_event_extra.py
[2026-08-12T04:32:02.601+0000] {processor.py:925} INFO - DAG(s) 'read_dataset_event_from_classic', 'read_dataset_event' retrieved from /home/airflow/.local/lib/python3.12/site-packages/airflow/example_dags/example_inlet_event_extra.py
[2026-08-12T04:32:02.627+0000] {logging_mixin.py:190} INFO - [2026-08-12T04:32:02.627+0000] {dag.py:3211} INFO - Sync 2 DAGs
[2026-08-12T04:32:02.656+0000] {logging_mixin.py:190} INFO - [2026-08-12T04:32:02.655+0000] {dag.py:4138} INFO - Setting next_dagrun for read_dataset_event to 2026-08-11 00:00:00+00:00, run_after=2026-08-12 00:00:00+00:00
[2026-08-12T04:32:02.661+0000] {logging_mixin.py:190} INFO - [2026-08-12T04:32:02.661+0000] {dag.py:4138} INFO - Setting next_dagrun for read_dataset_event_from_classic to 2026-08-11 00:00:00+00:00, run_after=2026-08-12 00:00:00+00:00
[2026-08-12T04:32:02.692+0000] {processor.py:208} INFO - Processing /home/airflow/.local/lib/python3.12/site-packages/airflow/example_dags/example_inlet_event_extra.py took 0.264 seconds
[2026-08-12T04:33:19.762+0000] {processor.py:186} INFO - Started process (PID=72) to work on /home/airflow/.local/lib/python3.12/site-packages/airflow/example_dags/example_inlet_event_extra.py
[2026-08-12T04:33:19.764+0000] {processor.py:914} INFO - Processing file /home/airflow/.local/lib/python3.12/site-packages/airflow/example_dags/example_inlet_event_extra.py for tasks to queue
[2026-08-12T04:33:19.769+0000] {logging_mixin.py:190} INFO - [2026-08-12T04:33:19.769+0000] {dagbag.py:587} INFO - Filling up the DagBag from /home/airflow/.local/lib/python3.12/site-packages/airflow/example_dags/example_inlet_event_extra.py
[2026-08-12T04:33:20.043+0000] {processor.py:925} INFO - DAG(s) 'read_dataset_event_from_classic', 'read_dataset_event' retrieved from /home/airflow/.local/lib/python3.12/site-packages/airflow/example_dags/example_inlet_event_extra.py
[2026-08-12T04:33:20.080+0000] {logging_mixin.py:190} INFO - [2026-08-12T04:33:20.080+0000] {dag.py:3211} INFO - Sync 2 DAGs
[2026-08-12T04:33:20.128+0000] {logging_mixin.py:190} INFO - [2026-08-12T04:33:20.128+0000] {dag.py:4138} INFO - Setting next_dagrun for read_dataset_event to 2026-08-11 00:00:00+00:00, run_after=2026-08-12 00:00:00+00:00
[2026-08-12T04:33:20.138+0000] {logging_mixin.py:190} INFO - [2026-08-12T04:33:20.138+0000] {dag.py:4138} INFO - Setting next_dagrun for read_dataset_event_from_classic to 2026-08-11 00:00:00+00:00, run_after=2026-08-12 00:00:00+00:00
[2026-08-12T04:33:20.172+0000] {processor.py:208} INFO - Processing /home/airflow/.local/lib/python3.12/site-packages/airflow/example_dags/example_inlet_event_extra.py took 0.419 seconds
[2026-08-12T04:33:50.944+0000] {processor.py:186} INFO - Started process (PID=134) to work on /home/airflow/.local/lib/python3.12/site-packages/airflow/example_dags/example_inlet_event_extra.py
[2026-08-12T04:33:50.946+0000] {processor.py:914} INFO - Processing file /home/airflow/.local/lib/python3.12/site-packages/airflow/example_dags/example_inlet_event_extra.py for tasks to queue
[2026-08-12T04:33:50.950+0000] {logging_mixin.py:190} INFO - [2026-08-12T04:33:50.949+0000] {dagbag.py:587} INFO - Filling up the DagBag from /home/airflow/.local/lib/python3.12/site-packages/airflow/example_dags/example_inlet_event_extra.py
[2026-08-12T04:33:51.095+0000] {processor.py:925} INFO - DAG(s) 'read_dataset_event_from_classic', 'read_dataset_event' retrieved from /home/airflow/.local/lib/python3.12/site-packages/airflow/example_dags/example_inlet_event_extra.py
[2026-08-12T04:33:51.127+0000] {logging_mixin.py:190} INFO - [2026-08-12T04:33:51.127+0000] {dag.py:3211} INFO - Sync 2 DAGs
[2026-08-12T04:33:51.178+0000] {logging_mixin.py:190} INFO - [2026-08-12T04:33:51.177+0000] {dag.py:4138} INFO - Setting next_dagrun for read_dataset_event to 2026-08-11 00:00:00+00:00, run_after=2026-08-12 00:00:00+00:00
[2026-08-12T04:33:51.188+0000] {logging_mixin.py:190} INFO - [2026-08-12T04:33:51.187+0000] {dag.py:4138} INFO - Setting next_dagrun for read_dataset_event_from_classic to 2026-08-11 00:00:00+00:00, run_after=2026-08-12 00:00:00+00:00
[2026-08-12T04:33:51.224+0000] {processor.py:208} INFO - Processing /home/airflow/.local/lib/python3.12/site-packages/airflow/example_dags/example_inlet_event_extra.py took 0.287 seconds
[2026-08-12T04:34:21.283+0000] {processor.py:186} INFO - Started process (PID=197) to work on /home/airflow/.local/lib/python3.12/site-packages/airflow/example_dags/example_inlet_event_extra.py
[2026-08-12T04:34:21.286+0000] {processor.py:914} INFO - Processing file /home/airflow/.local/lib/python3.12/site-packages/airflow/example_dags/example_inlet_event_extra.py for tasks to queue
[2026-08-12T04:34:21.290+0000] {logging_mixin.py:190} INFO - [2026-08-12T04:34:21.290+0000] {dagbag.py:587} INFO - Filling up the DagBag from /home/airflow/.local/lib/python3.12/site-packages/airflow/example_dags/example_inlet_event_extra.py
[2026-08-12T04:34:21.455+0000] {processor.py:925} INFO - DAG(s) 'read_dataset_event', 'read_dataset_event_from_classic' retrieved from /home/airflow/.local/lib/python3.12/site-packages/airflow/example_dags/example_inlet_event_extra.py
[2026-08-12T04:34:21.489+0000] {logging_mixin.py:190} INFO - [2026-08-12T04:34:21.488+0000] {dag.py:3211} INFO - Sync 2 DAGs
[2026-08-12T04:34:21.515+0000] {logging_mixin.py:190} INFO - [2026-08-12T04:34:21.515+0000] {dag.py:4138} INFO - Setting next_dagrun for read_dataset_event to 2026-08-11 00:00:00+00:00, run_after=2026-08-12 00:00:00+00:00
[2026-08-12T04:34:21.522+0000] {logging_mixin.py:190} INFO - [2026-08-12T04:34:21.522+0000] {dag.py:4138} INFO - Setting next_dagrun for read_dataset_event_from_classic to 2026-08-11 00:00:00+00:00, run_after=2026-08-12 00:00:00+00:00
[2026-08-12T04:34:21.546+0000] {processor.py:208} INFO - Processing /home/airflow/.local/lib/python3.12/site-packages/airflow/example_dags/example_inlet_event_extra.py took 0.269 seconds
[2026-08-12T04:34:51.661+0000] {processor.py:186} INFO - Started process (PID=260) to work on /home/airflow/.local/lib/python3.12/site-packages/airflow/example_dags/example_inlet_event_extra.py
[2026-08-12T04:34:51.663+0000] {processor.py:914} INFO - Processing file /home/airflow/.local/lib/python3.12/site-packages/airflow/example_dags/example_inlet_event_extra.py for tasks to queue
[2026-08-12T04:34:51.667+0000] {logging_mixin.py:190} INFO - [2026-08-12T04:34:51.667+0000] {dagbag.py:587} INFO - Filling up the DagBag from /home/airflow/.local/lib/python3.12/site-packages/airflow/example_dags/example_inlet_event_extra.py
[2026-08-12T04:34:51.839+0000] {processor.py:925} INFO - DAG(s) 'read_dataset_event', 'read_dataset_event_from_classic' retrieved from /home/airflow/.local/lib/python3.12/site-packages/airflow/example_dags/example_inlet_event_extra.py
[2026-08-12T04:34:51.868+0000] {logging_mixin.py:190} INFO - [2026-08-12T04:34:51.868+0000] {dag.py:3211} INFO - Sync 2 DAGs
[2026-08-12T04:34:51.899+0000] {logging_mixin.py:190} INFO - [2026-08-12T04:34:51.898+0000] {dag.py:4138} INFO - Setting next_dagrun for read_dataset_event to 2026-08-11 00:00:00+00:00, run_after=2026-08-12 00:00:00+00:00
[2026-08-12T04:34:51.904+0000] {logging_mixin.py:190} INFO - [2026-08-12T04:34:51.904+0000] {dag.py:4138} INFO - Setting next_dagrun for read_dataset_event_from_classic to 2026-08-11 00:00:00+00:00, run_after=2026-08-12 00:00:00+00:00
[2026-08-12T04:34:51.930+0000] {processor.py:208} INFO - Processing /home/airflow/.local/lib/python3.12/site-packages/airflow/example_dags/example_inlet_event_extra.py took 0.278 seconds
[2026-08-12T04:35:22.078+0000] {processor.py:186} INFO - Started process (PID=325) to work on /home/airflow/.local/lib/python3.12/site-packages/airflow/example_dags/example_inlet_event_extra.py
[2026-08-12T04:35:22.080+0000] {processor.py:914} INFO - Processing file /home/airflow/.local/lib/python3.12/site-packages/airflow/example_dags/example_inlet_event_extra.py for tasks to queue
[2026-08-12T04:35:22.083+0000] {logging_mixin.py:190} INFO - [2026-08-12T04:35:22.083+0000] {dagbag.py:587} INFO - Filling up the DagBag from /home/airflow/.local/lib/python3.12/site-packages/airflow/example_dags/example_inlet_event_extra.py
[2026-08-12T04:35:22.217+0000] {processor.py:925} INFO - DAG(s) 'read_dataset_event', 'read_dataset_event_from_classic' retrieved from /home/airflow/.local/lib/python3.12/site-packages/airflow/example_dags/example_inlet_event_extra.py
[2026-08-12T04:35:22.241+0000] {logging_mixin.py:190} INFO - [2026-08-12T04:35:22.240+0000] {dag.py:3211} INFO - Sync 2 DAGs
[2026-08-12T04:35:22.266+0000] {logging_mixin.py:190} INFO - [2026-08-12T04:35:22.266+0000] {dag.py:4138} INFO - Setting next_dagrun for read_dataset_event to 2026-08-11 00:00:00+00:00, run_after=2026-08-12 00:00:00+00:00
[2026-08-12T04:35:22.272+0000] {logging_mixin.py:190} INFO - [2026-08-12T04:35:22.271+0000] {dag.py:4138} INFO - Setting next_dagrun for read_dataset_event_from_classic to 2026-08-11 00:00:00+00:00, run_after=2026-08-12 00:00:00+00:00
[2026-08-12T04:35:22.297+0000] {processor.py:208} INFO - Processing /home/airflow/.local/lib/python3.12/site-packages/airflow/example_dags/example_inlet_event_extra.py took 0.224 seconds
[2026-08-12T04:35:52.559+0000] {processor.py:186} INFO - Started process (PID=387) to work on /home/airflow/.local/lib/python3.12/site-packages/airflow/example_dags/example_inlet_event_extra.py
[2026-08-12T04:35:52.561+0000] {processor.py:914} INFO - Processing file /home/airflow/.local/lib/python3.12/site-packages/airflow/example_dags/example_inlet_event_extra.py for tasks to queue
[2026-08-12T04:35:52.564+0000] {logging_mixin.py:190} INFO - [2026-08-12T04:35:52.563+0000] {dagbag.py:587} INFO - Filling up the DagBag from /home/airflow/.local/lib/python3.12/site-packages/airflow/example_dags/example_inlet_event_extra.py
[2026-08-12T04:35:52.687+0000] {processor.py:925} INFO - DAG(s) 'read_dataset_event_from_classic', 'read_dataset_event' retrieved from /home/airflow/.local/lib/python3.12/site-packages/airflow/example_dags/example_inlet_event_extra.py
[2026-08-12T04:35:52.708+0000] {logging_mixin.py:190} INFO - [2026-08-12T04:35:52.708+0000] {dag.py:3211} INFO - Sync 2 DAGs
[2026-08-12T04:35:52.734+0000] {logging_mixin.py:190} INFO - [2026-08-12T04:35:52.734+0000] {dag.py:4138} INFO - Setting next_dagrun for read_dataset_event to 2026-08-11 00:00:00+00:00, run_after=2026-08-12 00:00:00+00:00
[2026-08-12T04:35:52.740+0000] {logging_mixin.py:190} INFO - [2026-08-12T04:35:52.740+0000] {dag.py:4138} INFO - Setting next_dagrun for read_dataset_event_from_classic to 2026-08-11 00:00:00+00:00, run_after=2026-08-12 00:00:00+00:00
[2026-08-12T04:35:52.764+0000] {processor.py:208} INFO - Processing /home/airflow/.local/lib/python3.12/site-packages/airflow/example_dags/example_inlet_event_extra.py took 0.210 seconds
[2026-08-12T04:36:23.035+0000] {processor.py:186} INFO - Started process (PID=449) to work on /home/airflow/.local/lib/python3.12/site-packages/airflow/example_dags/example_inlet_event_extra.py
[2026-08-12T04:36:23.037+0000] {processor.py:914} INFO - Processing file /home/airflow/.local/lib/python3.12/site-packages/airflow/example_dags/example_inlet_event_extra.py for tasks to queue
[2026-08-12T04:36:23.041+0000] {logging_mixin.py:190} INFO - [2026-08-12T04:36:23.040+0000] {dagbag.py:587} INFO - Filling up the DagBag from /home/airflow/.local/lib/python3.12/site-packages/airflow/example_dags/example_inlet_event_extra.py
[2026-08-12T04:36:23.172+0000] {processor.py:925} INFO - DAG(s) 'read_dataset_event', 'read_dataset_event_from_classic' retrieved from /home/airflow/.local/lib/python3.12/site-packages/airflow/example_dags/example_inlet_event_extra.py
[2026-08-12T04:36:23.196+0000] {logging_mixin.py:190} INFO - [2026-08-12T04:36:23.196+0000] {dag.py:3211} INFO - Sync 2 DAGs
[2026-08-12T04:36:23.225+0000] {logging_mixin.py:190} INFO - [2026-08-12T04:36:23.225+0000] {dag.py:4138} INFO - Setting next_dagrun for read_dataset_event to 2026-08-11 00:00:00+00:00, run_after=2026-08-12 00:00:00+00:00
[2026-08-12T04:36:23.231+0000] {logging_mixin.py:190} INFO - [2026-08-12T04:36:23.231+0000] {dag.py:4138} INFO - Setting next_dagrun for read_dataset_event_from_classic to 2026-08-11 00:00:00+00:00, run_after=2026-08-12 00:00:00+00:00
[2026-08-12T04:36:23.252+0000] {processor.py:208} INFO - Processing /home/airflow/.local/lib/python3.12/site-packages/airflow/example_dags/example_inlet_event_extra.py took 0.223 seconds
[2026-08-12T04:36:53.663+0000] {processor.py:186} INFO - Started process (PID=512) to work on /home/airflow/.local/lib/python3.12/site-packages/airflow/example_dags/example_inlet_event_extra.py
[2026-08-12T04:36:53.664+0000] {processor.py:914} INFO - Processing file /home/airflow/.local/lib/python3.12/site-packages/airflow/example_dags/example_inlet_event_extra.py for tasks to queue
[2026-08-12T04:36:53.667+0000] {logging_mixin.py:190} INFO - [2026-08-12T04:36:53.667+0000] {dagbag.py:587} INFO - Filling up the DagBag from /home/airflow/.local/lib/python3.12/site-packages/airflow/example_dags/example_inlet_event_extra.py
[2026-08-12T04:36:53.789+0000] {processor.py:925} INFO - DAG(s) 'read_dataset_event_from_classic', 'read_dataset_event' retrieved from /home/airflow/.local/lib/python3.12/site-packages/airflow/example_dags/example_inlet_event_extra.py
[2026-08-12T04:36:53.826+0000] {logging_mixin.py:190} INFO - [2026-08-12T04:36:53.826+0000] {dag.py:3211} INFO - Sync 2 DAGs
[2026-08-12T04:36:53.853+0000] {logging_mixin.py:190} INFO - [2026-08-12T04:36:53.853+0000] {dag.py:4138} INFO - Setting next_dagrun for read_dataset_event to 2026-08-11 00:00:00+00:00, run_after=2026-08-12 00:00:00+00:00
[2026-08-12T04:36:53.859+0000] {logging_mixin.py:190} INFO - [2026-08-12T04:36:53.859+0000] {dag.py:4138} INFO - Setting next_dagrun for read_dataset_event_from_classic to 2026-08-11 00:00:00+00:00, run_after=2026-08-12 00:00:00+00:00
[2026-08-12T04:36:53.881+0000] {processor.py:208} INFO - Processing /home/airflow/.local/lib/python3.12/site-packages/airflow/example_dags/example_inlet_event_extra.py took 0.224 seconds
[2026-08-12T04:37:24.232+0000] {processor.py:186} INFO - Started process (PID=574) to work on /home/airflow/.local/lib/python3.12/site-packages/airflow/example_dags/example_inlet_event_extra.py
[2026-08-12T04:37:24.234+0000] {processor.py:914} INFO - Processing file /home/airflow/.local/lib/python3.12/site-packages/airflow/example_dags/example_inlet_event_extra.py for tasks to queue
[2026-08-12T04:37:24.239+0000] {logging_mixin.py:190} INFO - [2026-08-12T04:37:24.238+0000] {dagbag.py:587} INFO - Filling up the DagBag from /home/airflow/.local/lib/python3.12/site-packages/airflow/example_dags/example_inlet_event_extra.py
[2026-08-12T04:37:24.405+0000] {processor.py:925} INFO - DAG(s) 'read_dataset_event', 'read_dataset_event_from_classic' retrieved from /home/airflow/.local/lib/python3.12/site-packages/airflow/example_dags/example_inlet_event_extra.py
[2026-08-12T04:37:24.434+0000] {logging_mixin.py:190} INFO - [2026-08-12T04:37:24.434+0000] {dag.py:3211} INFO - Sync 2 DAGs
[2026-08-12T04:37:24.468+0000] {logging_mixin.py:190} INFO - [2026-08-12T04:37:24.467+0000] {dag.py:4138} INFO - Setting next_dagrun for read_dataset_event to 2026-08-11 00:00:00+00:00, run_after=2026-08-12 00:00:00+00:00
[2026-08-12T04:37:24.476+0000] {logging_mixin.py:190} INFO - [2026-08-12T04:37:24.475+0000] {dag.py:4138} INFO - Setting next_dagrun for read_dataset_event_from_classic to 2026-08-11 00:00:00+00:00, run_after=2026-08-12 00:00:00+00:00
[2026-08-12T04:37:24.502+0000] {processor.py:208} INFO - Processing /home/airflow/.local/lib/python3.12/site-packages/airflow/example_dags/example_inlet_event_extra.py took 0.278 seconds
[2026-08-12T04:37:54.595+0000] {processor.py:186} INFO - Started process (PID=631) to work on /home/airflow/.local/lib/python3.12/site-packages/airflow/example_dags/example_inlet_event_extra.py
[2026-08-12T04:37:54.597+0000] {processor.py:914} INFO - Processing file /home/airflow/.local/lib/python3.12/site-packages/airflow/example_dags/example_inlet_event_extra.py for tasks to queue
[2026-08-12T04:37:54.602+0000] {logging_mixin.py:190} INFO - [2026-08-12T04:37:54.601+0000] {dagbag.py:587} INFO - Filling up the DagBag from /home/airflow/.local/lib/python3.12/site-packages/airflow/example_dags/example_inlet_event_extra.py
[2026-08-12T04:37:54.770+0000] {processor.py:925} INFO - DAG(s) 'read_dataset_event', 'read_dataset_event_from_classic' retrieved from /home/airflow/.local/lib/python3.12/site-packages/airflow/example_dags/example_inlet_event_extra.py
[2026-08-12T04:37:54.794+0000] {logging_mixin.py:190} INFO - [2026-08-12T04:37:54.794+0000] {dag.py:3211} INFO - Sync 2 DAGs
[2026-08-12T04:37:54.820+0000] {logging_mixin.py:190} INFO - [2026-08-12T04:37:54.820+0000] {dag.py:4138} INFO - Setting next_dagrun for read_dataset_event to 2026-08-11 00:00:00+00:00, run_after=2026-08-12 00:00:00+00:00
[2026-08-12T04:37:54.826+0000] {logging_mixin.py:190} INFO - [2026-08-12T04:37:54.825+0000] {dag.py:4138} INFO - Setting next_dagrun for read_dataset_event_from_classic to 2026-08-11 00:00:00+00:00, run_after=2026-08-12 00:00:00+00:00
[2026-08-12T04:37:54.850+0000] {processor.py:208} INFO - Processing /home/airflow/.local/lib/python3.12/site-packages/airflow/example_dags/example_inlet_event_extra.py took 0.261 seconds
[2026-08-12T04:38:24.918+0000] {processor.py:186} INFO - Started process (PID=693) to work on /home/airflow/.local/lib/python3.12/site-packages/airflow/example_dags/example_inlet_event_extra.py
[2026-08-12T04:38:24.920+0000] {processor.py:914} INFO - Processing file /home/airflow/.local/lib/python3.12/site-packages/airflow/example_dags/example_inlet_event_extra.py for tasks to queue
[2026-08-12T04:38:24.924+0000] {logging_mixin.py:190} INFO - [2026-08-12T04:38:24.923+0000] {dagbag.py:587} INFO - Filling up the DagBag from /home/airflow/.local/lib/python3.12/site-packages/airflow/example_dags/example_inlet_event_extra.py
[2026-08-12T04:38:25.041+0000] {processor.py:925} INFO - DAG(s) 'read_dataset_event_from_classic', 'read_dataset_event' retrieved from /home/airflow/.local/lib/python3.12/site-packages/airflow/example_dags/example_inlet_event_extra.py
[2026-08-12T04:38:25.063+0000] {logging_mixin.py:190} INFO - [2026-08-12T04:38:25.063+0000] {dag.py:3211} INFO - Sync 2 DAGs
[2026-08-12T04:38:25.087+0000] {logging_mixin.py:190} INFO - [2026-08-12T04:38:25.087+0000] {dag.py:4138} INFO - Setting next_dagrun for read_dataset_event to 2026-08-11 00:00:00+00:00, run_after=2026-08-12 00:00:00+00:00
[2026-08-12T04:38:25.092+0000] {logging_mixin.py:190} INFO - [2026-08-12T04:38:25.092+0000] {dag.py:4138} INFO - Setting next_dagrun for read_dataset_event_from_classic to 2026-08-11 00:00:00+00:00, run_after=2026-08-12 00:00:00+00:00
[2026-08-12T04:38:25.111+0000] {processor.py:208} INFO - Processing /home/airflow/.local/lib/python3.12/site-packages/airflow/example_dags/example_inlet_event_extra.py took 0.200 seconds
[2026-08-12T04:38:55.198+0000] {processor.py:186} INFO - Started process (PID=755) to work on /home/airflow/.local/lib/python3.12/site-packages/airflow/example_dags/example_inlet_event_extra.py
[2026-08-12T04:38:55.200+0000] {processor.py:914} INFO - Processing file /home/airflow/.local/lib/python3.12/site-packages/airflow/example_dags/example_inlet_event_extra.py for tasks to queue
[2026-08-12T04:38:55.204+0000] {logging_mixin.py:190} INFO - [2026-08-12T04:38:55.203+0000] {dagbag.py:587} INFO - Filling up the DagBag from /home/airflow/.local/lib/python3.12/site-packages/airflow/example_dags/example_inlet_event_extra.py
[2026-08-12T04:38:55.379+0000] {processor.py:925} INFO - DAG(s) 'read_dataset_event_from_classic', 'read_dataset_event' retrieved from /home/airflow/.local/lib/python3.12/site-packages/airflow/example_dags/example_inlet_event_extra.py
[2026-08-12T04:38:55.402+0000] {logging_mixin.py:190} INFO - [2026-08-12T04:38:55.402+0000] {dag.py:3211} INFO - Sync 2 DAGs
[2026-08-12T04:38:55.425+0000] {logging_mixin.py:190} INFO - [2026-08-12T04:38:55.425+0000] {dag.py:4138} INFO - Setting next_dagrun for read_dataset_event to 2026-08-11 00:00:00+00:00, run_after=2026-08-12 00:00:00+00:00
[2026-08-12T04:38:55.431+0000] {logging_mixin.py:190} INFO - [2026-08-12T04:38:55.431+0000] {dag.py:4138} INFO - Setting next_dagrun for read_dataset_event_from_classic to 2026-08-11 00:00:00+00:00, run_after=2026-08-12 00:00:00+00:00
[2026-08-12T04:38:55.465+0000] {processor.py:208} INFO - Processing /home/airflow/.local/lib/python3.12/site-packages/airflow/example_dags/example_inlet_event_extra.py took 0.272 seconds
[2026-08-12T04:39:25.572+0000] {processor.py:186} INFO - Started process (PID=817) to work on /home/airflow/.local/lib/python3.12/site-packages/airflow/example_dags/example_inlet_event_extra.py
[2026-08-12T04:39:25.574+0000] {processor.py:914} INFO - Processing file /home/airflow/.local/lib/python3.12/site-packages/airflow/example_dags/example_inlet_event_extra.py for tasks to queue
[2026-08-12T04:39:25.578+0000] {logging_mixin.py:190} INFO - [2026-08-12T04:39:25.577+0000] {dagbag.py:587} INFO - Filling up the DagBag from /home/airflow/.local/lib/python3.12/site-packages/airflow/example_dags/example_inlet_event_extra.py
[2026-08-12T04:39:25.737+0000] {processor.py:925} INFO - DAG(s) 'read_dataset_event', 'read_dataset_event_from_classic' retrieved from /home/airflow/.local/lib/python3.12/site-packages/airflow/example_dags/example_inlet_event_extra.py
[2026-08-12T04:39:25.762+0000] {logging_mixin.py:190} INFO - [2026-08-12T04:39:25.762+0000] {dag.py:3211} INFO - Sync 2 DAGs
[2026-08-12T04:39:25.793+0000] {logging_mixin.py:190} INFO - [2026-08-12T04:39:25.793+0000] {dag.py:4138} INFO - Setting next_dagrun for read_dataset_event to 2026-08-11 00:00:00+00:00, run_after=2026-08-12 00:00:00+00:00
[2026-08-12T04:39:25.799+0000] {logging_mixin.py:190} INFO - [2026-08-12T04:39:25.799+0000] {dag.py:4138} INFO - Setting next_dagrun for read_dataset_event_from_classic to 2026-08-11 00:00:00+00:00, run_after=2026-08-12 00:00:00+00:00
[2026-08-12T04:39:25.835+0000] {processor.py:208} INFO - Processing /home/airflow/.local/lib/python3.12/site-packages/airflow/example_dags/example_inlet_event_extra.py took 0.271 seconds
[2026-08-12T04:39:56.732+0000] {processor.py:186} INFO - Started process (PID=879) to work on /home/airflow/.local/lib/python3.12/site-packages/airflow/example_dags/example_inlet_event_extra.py
[2026-08-12T04:39:56.734+0000] {processor.py:914} INFO - Processing file /home/airflow/.local/lib/python3.12/site-packages/airflow/example_dags/example_inlet_event_extra.py for tasks to queue
[2026-08-12T04:39:56.736+0000] {logging_mixin.py:190} INFO - [2026-08-12T04:39:56.736+0000] {dagbag.py:587} INFO - Filling up the DagBag from /home/airflow/.local/lib/python3.12/site-packages/airflow/example_dags/example_inlet_event_extra.py
[2026-08-12T04:39:56.870+0000] {processor.py:925} INFO - DAG(s) 'read_dataset_event_from_classic', 'read_dataset_event' retrieved from /home/airflow/.local/lib/python3.12/site-packages/airflow/example_dags/example_inlet_event_extra.py
[2026-08-12T04:39:56.896+0000] {logging_mixin.py:190} INFO - [2026-08-12T04:39:56.895+0000] {dag.py:3211} INFO - Sync 2 DAGs
[2026-08-12T04:39:56.921+0000] {logging_mixin.py:190} INFO - [2026-08-12T04:39:56.920+0000] {dag.py:4138} INFO - Setting next_dagrun for read_dataset_event to 2026-08-11 00:00:00+00:00, run_after=2026-08-12 00:00:00+00:00
[2026-08-12T04:39:56.927+0000] {logging_mixin.py:190} INFO - [2026-08-12T04:39:56.927+0000] {dag.py:4138} INFO - Setting next_dagrun for read_dataset_event_from_classic to 2026-08-11 00:00:00+00:00, run_after=2026-08-12 00:00:00+00:00
[2026-08-12T04:39:56.965+0000] {processor.py:208} INFO - Processing /home/airflow/.local/lib/python3.12/site-packages/airflow/example_dags/example_inlet_event_extra.py took 0.238 seconds
[2026-08-12T04:40:27.047+0000] {processor.py:186} INFO - Started process (PID=941) to work on /home/airflow/.local/lib/python3.12/site-packages/airflow/example_dags/example_inlet_event_extra.py
[2026-08-12T04:40:27.049+0000] {processor.py:914} INFO - Processing file /home/airflow/.local/lib/python3.12/site-packages/airflow/example_dags/example_inlet_event_extra.py for tasks to queue
[2026-08-12T04:40:27.052+0000] {logging_mixin.py:190} INFO - [2026-08-12T04:40:27.051+0000] {dagbag.py:587} INFO - Filling up the DagBag from /home/airflow/.local/lib/python3.12/site-packages/airflow/example_dags/example_inlet_event_extra.py
[2026-08-12T04:40:27.195+0000] {processor.py:925} INFO - DAG(s) 'read_dataset_event', 'read_dataset_event_from_classic' retrieved from /home/airflow/.local/lib/python3.12/site-packages/airflow/example_dags/example_inlet_event_extra.py
[2026-08-12T04:40:27.220+0000] {logging_mixin.py:190} INFO - [2026-08-12T04:40:27.220+0000] {dag.py:3211} INFO - Sync 2 DAGs
[2026-08-12T04:40:27.246+0000] {logging_mixin.py:190} INFO - [2026-08-12T04:40:27.245+0000] {dag.py:4138} INFO - Setting next_dagrun for read_dataset_event to 2026-08-11 00:00:00+00:00, run_after=2026-08-12 00:00:00+00:00
[2026-08-12T04:40:27.251+0000] {logging_mixin.py:190} INFO - [2026-08-12T04:40:27.251+0000] {dag.py:4138} INFO - Setting next_dagrun for read_dataset_event_from_classic to 2026-08-11 00:00:00+00:00, run_after=2026-08-12 00:00:00+00:00
[2026-08-12T04:40:27.277+0000] {processor.py:208} INFO - Processing /home/airflow/.local/lib/python3.12/site-packages/airflow/example_dags/example_inlet_event_extra.py took 0.237 seconds
[2026-08-12T04:40:57.570+0000] {processor.py:186} INFO - Started process (PID=1003) to work on /home/airflow/.local/lib/python3.12/site-packages/airflow/example_dags/example_inlet_event_extra.py
[2026-08-12T04:40:57.572+0000] {processor.py:914} INFO - Processing file /home/airflow/.local/lib/python3.12/site-packages/airflow/example_dags/example_inlet_event_extra.py for tasks to queue
[2026-08-12T04:40:57.575+0000] {logging_mixin.py:190} INFO - [2026-08-12T04:40:57.575+0000] {dagbag.py:587} INFO - Filling up the DagBag from /home/airflow/.local/lib/python3.12/site-packages/airflow/example_dags/example_inlet_event_extra.py
[2026-08-12T04:40:57.714+0000] {processor.py:925} INFO - DAG(s) 'read_dataset_event', 'read_dataset_event_from_classic' retrieved from /home/airflow/.local/lib/python3.12/site-packages/airflow/example_dags/example_inlet_event_extra.py
[2026-08-12T04:40:57.741+0000] {logging_mixin.py:190} INFO - [2026-08-12T04:40:57.740+0000] {dag.py:3211} INFO - Sync 2 DAGs
[2026-08-12T04:40:57.766+0000] {logging_mixin.py:190} INFO - [2026-08-12T04:40:57.765+0000] {dag.py:4138} INFO - Setting next_dagrun for read_dataset_event to 2026-08-11 00:00:00+00:00, run_after=2026-08-12 00:00:00+00:00
[2026-08-12T04:40:57.773+0000] {logging_mixin.py:190} INFO - [2026-08-12T04:40:57.773+0000] {dag.py:4138} INFO - Setting next_dagrun for read_dataset_event_from_classic to 2026-08-11 00:00:00+00:00, run_after=2026-08-12 00:00:00+00:00
[2026-08-12T04:40:57.799+0000] {processor.py:208} INFO - Processing /home/airflow/.local/lib/python3.12/site-packages/airflow/example_dags/example_inlet_event_extra.py took 0.235 seconds
[2026-08-12T04:41:28.120+0000] {processor.py:186} INFO - Started process (PID=1065) to work on /home/airflow/.local/lib/python3.12/site-packages/airflow/example_dags/example_inlet_event_extra.py
[2026-08-12T04:41:28.122+0000] {processor.py:914} INFO - Processing file /home/airflow/.local/lib/python3.12/site-packages/airflow/example_dags/example_inlet_event_extra.py for tasks to queue
[2026-08-12T04:41:28.125+0000] {logging_mixin.py:190} INFO - [2026-08-12T04:41:28.125+0000] {dagbag.py:587} INFO - Filling up the DagBag from /home/airflow/.local/lib/python3.12/site-packages/airflow/example_dags/example_inlet_event_extra.py
[2026-08-12T04:41:28.275+0000] {processor.py:925} INFO - DAG(s) 'read_dataset_event', 'read_dataset_event_from_classic' retrieved from /home/airflow/.local/lib/python3.12/site-packages/airflow/example_dags/example_inlet_event_extra.py
[2026-08-12T04:41:28.301+0000] {logging_mixin.py:190} INFO - [2026-08-12T04:41:28.301+0000] {dag.py:3211} INFO - Sync 2 DAGs
[2026-08-12T04:41:28.332+0000] {logging_mixin.py:190} INFO - [2026-08-12T04:41:28.332+0000] {dag.py:4138} INFO - Setting next_dagrun for read_dataset_event to 2026-08-11 00:00:00+00:00, run_after=2026-08-12 00:00:00+00:00
[2026-08-12T04:41:28.338+0000] {logging_mixin.py:190} INFO - [2026-08-12T04:41:28.338+0000] {dag.py:4138} INFO - Setting next_dagrun for read_dataset_event_from_classic to 2026-08-11 00:00:00+00:00, run_after=2026-08-12 00:00:00+00:00
[2026-08-12T04:41:28.361+0000] {processor.py:208} INFO - Processing /home/airflow/.local/lib/python3.12/site-packages/airflow/example_dags/example_inlet_event_extra.py took 0.247 seconds
[2026-08-12T04:41:59.100+0000] {processor.py:186} INFO - Started process (PID=1127) to work on /home/airflow/.local/lib/python3.12/site-packages/airflow/example_dags/example_inlet_event_extra.py
[2026-08-12T04:41:59.102+0000] {processor.py:914} INFO - Processing file /home/airflow/.local/lib/python3.12/site-packages/airflow/example_dags/example_inlet_event_extra.py for tasks to queue
[2026-08-12T04:41:59.105+0000] {logging_mixin.py:190} INFO - [2026-08-12T04:41:59.105+0000] {dagbag.py:587} INFO - Filling up the DagBag from /home/airflow/.local/lib/python3.12/site-packages/airflow/example_dags/example_inlet_event_extra.py
[2026-08-12T04:41:59.265+0000] {processor.py:925} INFO - DAG(s) 'read_dataset_event', 'read_dataset_event_from_classic' retrieved from /home/airflow/.local/lib/python3.12/site-packages/airflow/example_dags/example_inlet_event_extra.py
[2026-08-12T04:41:59.289+0000] {logging_mixin.py:190} INFO - [2026-08-12T04:41:59.288+0000] {dag.py:3211} INFO - Sync 2 DAGs
[2026-08-12T04:41:59.320+0000] {logging_mixin.py:190} INFO - [2026-08-12T04:41:59.319+0000] {dag.py:4138} INFO - Setting next_dagrun for read_dataset_event to 2026-08-11 00:00:00+00:00, run_after=2026-08-12 00:00:00+00:00
[2026-08-12T04:41:59.325+0000] {logging_mixin.py:190} INFO - [2026-08-12T04:41:59.325+0000] {dag.py:4138} INFO - Setting next_dagrun for read_dataset_event_from_classic to 2026-08-11 00:00:00+00:00, run_after=2026-08-12 00:00:00+00:00
[2026-08-12T04:41:59.352+0000] {processor.py:208} INFO - Processing /home/airflow/.local/lib/python3.12/site-packages/airflow/example_dags/example_inlet_event_extra.py took 0.257 seconds
[2026-08-12T04:42:30.161+0000] {processor.py:186} INFO - Started process (PID=1189) to work on /home/airflow/.local/lib/python3.12/site-packages/airflow/example_dags/example_inlet_event_extra.py
[2026-08-12T04:42:30.163+0000] {processor.py:914} INFO - Processing file /home/airflow/.local/lib/python3.12/site-packages/airflow/example_dags/example_inlet_event_extra.py for tasks to queue
[2026-08-12T04:42:30.166+0000] {logging_mixin.py:190} INFO - [2026-08-12T04:42:30.166+0000] {dagbag.py:587} INFO - Filling up the DagBag from /home/airflow/.local/lib/python3.12/site-packages/airflow/example_dags/example_inlet_event_extra.py
[2026-08-12T04:42:30.330+0000] {processor.py:925} INFO - DAG(s) 'read_dataset_event', 'read_dataset_event_from_classic' retrieved from /home/airflow/.local/lib/python3.12/site-packages/airflow/example_dags/example_inlet_event_extra.py
[2026-08-12T04:42:30.352+0000] {logging_mixin.py:190} INFO - [2026-08-12T04:42:30.352+0000] {dag.py:3211} INFO - Sync 2 DAGs
[2026-08-12T04:42:30.375+0000] {logging_mixin.py:190} INFO - [2026-08-12T04:42:30.375+0000] {dag.py:4138} INFO - Setting next_dagrun for read_dataset_event to 2026-08-11 00:00:00+00:00, run_after=2026-08-12 00:00:00+00:00
[2026-08-12T04:42:30.381+0000] {logging_mixin.py:190} INFO - [2026-08-12T04:42:30.381+0000] {dag.py:4138} INFO - Setting next_dagrun for read_dataset_event_from_classic to 2026-08-11 00:00:00+00:00, run_after=2026-08-12 00:00:00+00:00
[2026-08-12T04:42:30.404+0000] {processor.py:208} INFO - Processing /home/airflow/.local/lib/python3.12/site-packages/airflow/example_dags/example_inlet_event_extra.py took 0.248 seconds
[2026-08-12T04:43:01.149+0000] {processor.py:186} INFO - Started process (PID=1251) to work on /home/airflow/.local/lib/python3.12/site-packages/airflow/example_dags/example_inlet_event_extra.py
[2026-08-12T04:43:01.151+0000] {processor.py:914} INFO - Processing file /home/airflow/.local/lib/python3.12/site-packages/airflow/example_dags/example_inlet_event_extra.py for tasks to queue
[2026-08-12T04:43:01.157+0000] {logging_mixin.py:190} INFO - [2026-08-12T04:43:01.156+0000] {dagbag.py:587} INFO - Filling up the DagBag from /home/airflow/.local/lib/python3.12/site-packages/airflow/example_dags/example_inlet_event_extra.py
[2026-08-12T04:43:01.312+0000] {processor.py:925} INFO - DAG(s) 'read_dataset_event', 'read_dataset_event_from_classic' retrieved from /home/airflow/.local/lib/python3.12/site-packages/airflow/example_dags/example_inlet_event_extra.py
[2026-08-12T04:43:01.335+0000] {logging_mixin.py:190} INFO - [2026-08-12T04:43:01.335+0000] {dag.py:3211} INFO - Sync 2 DAGs
[2026-08-12T04:43:01.362+0000] {logging_mixin.py:190} INFO - [2026-08-12T04:43:01.362+0000] {dag.py:4138} INFO - Setting next_dagrun for read_dataset_event to 2026-08-11 00:00:00+00:00, run_after=2026-08-12 00:00:00+00:00
[2026-08-12T04:43:01.369+0000] {logging_mixin.py:190} INFO - [2026-08-12T04:43:01.369+0000] {dag.py:4138} INFO - Setting next_dagrun for read_dataset_event_from_classic to 2026-08-11 00:00:00+00:00, run_after=2026-08-12 00:00:00+00:00
[2026-08-12T04:43:01.392+0000] {processor.py:208} INFO - Processing /home/airflow/.local/lib/python3.12/site-packages/airflow/example_dags/example_inlet_event_extra.py took 0.252 seconds
[2026-08-12T04:43:32.043+0000] {processor.py:186} INFO - Started process (PID=1313) to work on /home/airflow/.local/lib/python3.12/site-packages/airflow/example_dags/example_inlet_event_extra.py
[2026-08-12T04:43:32.045+0000] {processor.py:914} INFO - Processing file /home/airflow/.local/lib/python3.12/site-packages/airflow/example_dags/example_inlet_event_extra.py for tasks to queue
[2026-08-12T04:43:32.049+0000] {logging_mixin.py:190} INFO - [2026-08-12T04:43:32.048+0000] {dagbag.py:587} INFO - Filling up the DagBag from /home/airflow/.local/lib/python3.12/site-packages/airflow/example_dags/example_inlet_event_extra.py
[2026-08-12T04:43:32.182+0000] {processor.py:925} INFO - DAG(s) 'read_dataset_event', 'read_dataset_event_from_classic' retrieved from /home/airflow/.local/lib/python3.12/site-packages/airflow/example_dags/example_inlet_event_extra.py
[2026-08-12T04:43:32.216+0000] {logging_mixin.py:190} INFO - [2026-08-12T04:43:32.216+0000] {dag.py:3211} INFO - Sync 2 DAGs
[2026-08-12T04:43:32.256+0000] {logging_mixin.py:190} INFO - [2026-08-12T04:43:32.256+0000] {dag.py:4138} INFO - Setting next_dagrun for read_dataset_event to 2026-08-11 00:00:00+00:00, run_after=2026-08-12 00:00:00+00:00
[2026-08-12T04:43:32.264+0000] {logging_mixin.py:190} INFO - [2026-08-12T04:43:32.264+0000] {dag.py:4138} INFO - Setting next_dagrun for read_dataset_event_from_classic to 2026-08-11 00:00:00+00:00, run_after=2026-08-12 00:00:00+00:00
[2026-08-12T04:43:32.293+0000] {processor.py:208} INFO - Processing /home/airflow/.local/lib/python3.12/site-packages/airflow/example_dags/example_inlet_event_extra.py took 0.256 seconds
[2026-08-12T04:44:02.773+0000] {processor.py:186} INFO - Started process (PID=1375) to work on /home/airflow/.local/lib/python3.12/site-packages/airflow/example_dags/example_inlet_event_extra.py
[2026-08-12T04:44:02.775+0000] {processor.py:914} INFO - Processing file /home/airflow/.local/lib/python3.12/site-packages/airflow/example_dags/example_inlet_event_extra.py for tasks to queue
[2026-08-12T04:44:02.777+0000] {logging_mixin.py:190} INFO - [2026-08-12T04:44:02.777+0000] {dagbag.py:587} INFO - Filling up the DagBag from /home/airflow/.local/lib/python3.12/site-packages/airflow/example_dags/example_inlet_event_extra.py
[2026-08-12T04:44:02.916+0000] {processor.py:925} INFO - DAG(s) 'read_dataset_event', 'read_dataset_event_from_classic' retrieved from /home/airflow/.local/lib/python3.12/site-packages/airflow/example_dags/example_inlet_event_extra.py
[2026-08-12T04:44:02.939+0000] {logging_mixin.py:190} INFO - [2026-08-12T04:44:02.939+0000] {dag.py:3211} INFO - Sync 2 DAGs
[2026-08-12T04:44:02.991+0000] {logging_mixin.py:190} INFO - [2026-08-12T04:44:02.991+0000] {dag.py:4138} INFO - Setting next_dagrun for read_dataset_event to 2026-08-11 00:00:00+00:00, run_after=2026-08-12 00:00:00+00:00
[2026-08-12T04:44:02.997+0000] {logging_mixin.py:190} INFO - [2026-08-12T04:44:02.996+0000] {dag.py:4138} INFO - Setting next_dagrun for read_dataset_event_from_classic to 2026-08-11 00:00:00+00:00, run_after=2026-08-12 00:00:00+00:00
[2026-08-12T04:44:03.033+0000] {processor.py:208} INFO - Processing /home/airflow/.local/lib/python3.12/site-packages/airflow/example_dags/example_inlet_event_extra.py took 0.265 seconds
[2026-08-12T04:44:33.231+0000] {processor.py:186} INFO - Started process (PID=1438) to work on /home/airflow/.local/lib/python3.12/site-packages/airflow/example_dags/example_inlet_event_extra.py
[2026-08-12T04:44:33.233+0000] {processor.py:914} INFO - Processing file /home/airflow/.local/lib/python3.12/site-packages/airflow/example_dags/example_inlet_event_extra.py for tasks to queue
[2026-08-12T04:44:33.236+0000] {logging_mixin.py:190} INFO - [2026-08-12T04:44:33.235+0000] {dagbag.py:587} INFO - Filling up the DagBag from /home/airflow/.local/lib/python3.12/site-packages/airflow/example_dags/example_inlet_event_extra.py
[2026-08-12T04:44:33.384+0000] {processor.py:925} INFO - DAG(s) 'read_dataset_event', 'read_dataset_event_from_classic' retrieved from /home/airflow/.local/lib/python3.12/site-packages/airflow/example_dags/example_inlet_event_extra.py
[2026-08-12T04:44:33.406+0000] {logging_mixin.py:190} INFO - [2026-08-12T04:44:33.406+0000] {dag.py:3211} INFO - Sync 2 DAGs
[2026-08-12T04:44:33.429+0000] {logging_mixin.py:190} INFO - [2026-08-12T04:44:33.429+0000] {dag.py:4138} INFO - Setting next_dagrun for read_dataset_event to 2026-08-11 00:00:00+00:00, run_after=2026-08-12 00:00:00+00:00
[2026-08-12T04:44:33.435+0000] {logging_mixin.py:190} INFO - [2026-08-12T04:44:33.434+0000] {dag.py:4138} INFO - Setting next_dagrun for read_dataset_event_from_classic to 2026-08-11 00:00:00+00:00, run_after=2026-08-12 00:00:00+00:00
[2026-08-12T04:44:33.458+0000] {processor.py:208} INFO - Processing /home/airflow/.local/lib/python3.12/site-packages/airflow/example_dags/example_inlet_event_extra.py took 0.232 seconds
[2026-08-12T04:45:04.269+0000] {processor.py:186} INFO - Started process (PID=1500) to work on /home/airflow/.local/lib/python3.12/site-packages/airflow/example_dags/example_inlet_event_extra.py
[2026-08-12T04:45:04.271+0000] {processor.py:914} INFO - Processing file /home/airflow/.local/lib/python3.12/site-packages/airflow/example_dags/example_inlet_event_extra.py for tasks to queue
[2026-08-12T04:45:04.275+0000] {logging_mixin.py:190} INFO - [2026-08-12T04:45:04.275+0000] {dagbag.py:587} INFO - Filling up the DagBag from /home/airflow/.local/lib/python3.12/site-packages/airflow/example_dags/example_inlet_event_extra.py
[2026-08-12T04:45:04.483+0000] {processor.py:925} INFO - DAG(s) 'read_dataset_event_from_classic', 'read_dataset_event' retrieved from /home/airflow/.local/lib/python3.12/site-packages/airflow/example_dags/example_inlet_event_extra.py
[2026-08-12T04:45:04.585+0000] {logging_mixin.py:190} INFO - [2026-08-12T04:45:04.584+0000] {dag.py:3211} INFO - Sync 2 DAGs
[2026-08-12T04:45:04.639+0000] {logging_mixin.py:190} INFO - [2026-08-12T04:45:04.639+0000] {dag.py:4138} INFO - Setting next_dagrun for read_dataset_event to 2026-08-11 00:00:00+00:00, run_after=2026-08-12 00:00:00+00:00
[2026-08-12T04:45:04.651+0000] {logging_mixin.py:190} INFO - [2026-08-12T04:45:04.651+0000] {dag.py:4138} INFO - Setting next_dagrun for read_dataset_event_from_classic to 2026-08-11 00:00:00+00:00, run_after=2026-08-12 00:00:00+00:00
[2026-08-12T04:45:04.676+0000] {processor.py:208} INFO - Processing /home/airflow/.local/lib/python3.12/site-packages/airflow/example_dags/example_inlet_event_extra.py took 0.413 seconds
[2026-08-12T04:45:35.634+0000] {processor.py:186} INFO - Started process (PID=1562) to work on /home/airflow/.local/lib/python3.12/site-packages/airflow/example_dags/example_inlet_event_extra.py
[2026-08-12T04:45:35.636+0000] {processor.py:914} INFO - Processing file /home/airflow/.local/lib/python3.12/site-packages/airflow/example_dags/example_inlet_event_extra.py for tasks to queue
[2026-08-12T04:45:35.639+0000] {logging_mixin.py:190} INFO - [2026-08-12T04:45:35.639+0000] {dagbag.py:587} INFO - Filling up the DagBag from /home/airflow/.local/lib/python3.12/site-packages/airflow/example_dags/example_inlet_event_extra.py
[2026-08-12T04:45:35.801+0000] {processor.py:925} INFO - DAG(s) 'read_dataset_event_from_classic', 'read_dataset_event' retrieved from /home/airflow/.local/lib/python3.12/site-packages/airflow/example_dags/example_inlet_event_extra.py
[2026-08-12T04:45:35.830+0000] {logging_mixin.py:190} INFO - [2026-08-12T04:45:35.830+0000] {dag.py:3211} INFO - Sync 2 DAGs
[2026-08-12T04:45:35.858+0000] {logging_mixin.py:190} INFO - [2026-08-12T04:45:35.857+0000] {dag.py:4138} INFO - Setting next_dagrun for read_dataset_event to 2026-08-11 00:00:00+00:00, run_after=2026-08-12 00:00:00+00:00
[2026-08-12T04:45:35.863+0000] {logging_mixin.py:190} INFO - [2026-08-12T04:45:35.863+0000] {dag.py:4138} INFO - Setting next_dagrun for read_dataset_event_from_classic to 2026-08-11 00:00:00+00:00, run_after=2026-08-12 00:00:00+00:00
[2026-08-12T04:45:35.890+0000] {processor.py:208} INFO - Processing /home/airflow/.local/lib/python3.12/site-packages/airflow/example_dags/example_inlet_event_extra.py took 0.263 seconds
[2026-08-12T04:46:06.009+0000] {processor.py:186} INFO - Started process (PID=1625) to work on /home/airflow/.local/lib/python3.12/site-packages/airflow/example_dags/example_inlet_event_extra.py
[2026-08-12T04:46:06.011+0000] {processor.py:914} INFO - Processing file /home/airflow/.local/lib/python3.12/site-packages/airflow/example_dags/example_inlet_event_extra.py for tasks to queue
[2026-08-12T04:46:06.014+0000] {logging_mixin.py:190} INFO - [2026-08-12T04:46:06.013+0000] {dagbag.py:587} INFO - Filling up the DagBag from /home/airflow/.local/lib/python3.12/site-packages/airflow/example_dags/example_inlet_event_extra.py
[2026-08-12T04:46:06.165+0000] {processor.py:925} INFO - DAG(s) 'read_dataset_event', 'read_dataset_event_from_classic' retrieved from /home/airflow/.local/lib/python3.12/site-packages/airflow/example_dags/example_inlet_event_extra.py
[2026-08-12T04:46:06.191+0000] {logging_mixin.py:190} INFO - [2026-08-12T04:46:06.190+0000] {dag.py:3211} INFO - Sync 2 DAGs
[2026-08-12T04:46:06.240+0000] {logging_mixin.py:190} INFO - [2026-08-12T04:46:06.240+0000] {dag.py:4138} INFO - Setting next_dagrun for read_dataset_event to 2026-08-11 00:00:00+00:00, run_after=2026-08-12 00:00:00+00:00
[2026-08-12T04:46:06.246+0000] {logging_mixin.py:190} INFO - [2026-08-12T04:46:06.246+0000] {dag.py:4138} INFO - Setting next_dagrun for read_dataset_event_from_classic to 2026-08-11 00:00:00+00:00, run_after=2026-08-12 00:00:00+00:00
[2026-08-12T04:46:06.269+0000] {processor.py:208} INFO - Processing /home/airflow/.local/lib/python3.12/site-packages/airflow/example_dags/example_inlet_event_extra.py took 0.265 seconds
[2026-08-12T04:46:36.415+0000] {processor.py:186} INFO - Started process (PID=1686) to work on /home/airflow/.local/lib/python3.12/site-packages/airflow/example_dags/example_inlet_event_extra.py
[2026-08-12T04:46:36.417+0000] {processor.py:914} INFO - Processing file /home/airflow/.local/lib/python3.12/site-packages/airflow/example_dags/example_inlet_event_extra.py for tasks to queue
[2026-08-12T04:46:36.421+0000] {logging_mixin.py:190} INFO - [2026-08-12T04:46:36.421+0000] {dagbag.py:587} INFO - Filling up the DagBag from /home/airflow/.local/lib/python3.12/site-packages/airflow/example_dags/example_inlet_event_extra.py
[2026-08-12T04:46:36.553+0000] {processor.py:925} INFO - DAG(s) 'read_dataset_event', 'read_dataset_event_from_classic' retrieved from /home/airflow/.local/lib/python3.12/site-packages/airflow/example_dags/example_inlet_event_extra.py
[2026-08-12T04:46:36.580+0000] {logging_mixin.py:190} INFO - [2026-08-12T04:46:36.580+0000] {dag.py:3211} INFO - Sync 2 DAGs
[2026-08-12T04:46:36.608+0000] {logging_mixin.py:190} INFO - [2026-08-12T04:46:36.608+0000] {dag.py:4138} INFO - Setting next_dagrun for read_dataset_event to 2026-08-11 00:00:00+00:00, run_after=2026-08-12 00:00:00+00:00
[2026-08-12T04:46:36.614+0000] {logging_mixin.py:190} INFO - [2026-08-12T04:46:36.614+0000] {dag.py:4138} INFO - Setting next_dagrun for read_dataset_event_from_classic to 2026-08-11 00:00:00+00:00, run_after=2026-08-12 00:00:00+00:00
[2026-08-12T04:46:36.637+0000] {processor.py:208} INFO - Processing /home/airflow/.local/lib/python3.12/site-packages/airflow/example_dags/example_inlet_event_extra.py took 0.232 seconds
[2026-08-12T04:47:07.000+0000] {processor.py:186} INFO - Started process (PID=1748) to work on /home/airflow/.local/lib/python3.12/site-packages/airflow/example_dags/example_inlet_event_extra.py
[2026-08-12T04:47:07.001+0000] {processor.py:914} INFO - Processing file /home/airflow/.local/lib/python3.12/site-packages/airflow/example_dags/example_inlet_event_extra.py for tasks to queue
[2026-08-12T04:47:07.004+0000] {logging_mixin.py:190} INFO - [2026-08-12T04:47:07.004+0000] {dagbag.py:587} INFO - Filling up the DagBag from /home/airflow/.local/lib/python3.12/site-packages/airflow/example_dags/example_inlet_event_extra.py
[2026-08-12T04:47:07.146+0000] {processor.py:925} INFO - DAG(s) 'read_dataset_event_from_classic', 'read_dataset_event' retrieved from /home/airflow/.local/lib/python3.12/site-packages/airflow/example_dags/example_inlet_event_extra.py
[2026-08-12T04:47:07.175+0000] {logging_mixin.py:190} INFO - [2026-08-12T04:47:07.175+0000] {dag.py:3211} INFO - Sync 2 DAGs
[2026-08-12T04:47:07.206+0000] {logging_mixin.py:190} INFO - [2026-08-12T04:47:07.206+0000] {dag.py:4138} INFO - Setting next_dagrun for read_dataset_event to 2026-08-11 00:00:00+00:00, run_after=2026-08-12 00:00:00+00:00
[2026-08-12T04:47:07.213+0000] {logging_mixin.py:190} INFO - [2026-08-12T04:47:07.212+0000] {dag.py:4138} INFO - Setting next_dagrun for read_dataset_event_from_classic to 2026-08-11 00:00:00+00:00, run_after=2026-08-12 00:00:00+00:00
[2026-08-12T04:47:07.249+0000] {processor.py:208} INFO - Processing /home/airflow/.local/lib/python3.12/site-packages/airflow/example_dags/example_inlet_event_extra.py took 0.255 seconds
[2026-08-12T04:47:37.450+0000] {processor.py:186} INFO - Started process (PID=1811) to work on /home/airflow/.local/lib/python3.12/site-packages/airflow/example_dags/example_inlet_event_extra.py
[2026-08-12T04:47:37.452+0000] {processor.py:914} INFO - Processing file /home/airflow/.local/lib/python3.12/site-packages/airflow/example_dags/example_inlet_event_extra.py for tasks to queue
[2026-08-12T04:47:37.456+0000] {logging_mixin.py:190} INFO - [2026-08-12T04:47:37.455+0000] {dagbag.py:587} INFO - Filling up the DagBag from /home/airflow/.local/lib/python3.12/site-packages/airflow/example_dags/example_inlet_event_extra.py
[2026-08-12T04:47:37.632+0000] {processor.py:925} INFO - DAG(s) 'read_dataset_event', 'read_dataset_event_from_classic' retrieved from /home/airflow/.local/lib/python3.12/site-packages/airflow/example_dags/example_inlet_event_extra.py
[2026-08-12T04:47:37.661+0000] {logging_mixin.py:190} INFO - [2026-08-12T04:47:37.661+0000] {dag.py:3211} INFO - Sync 2 DAGs
[2026-08-12T04:47:37.687+0000] {logging_mixin.py:190} INFO - [2026-08-12T04:47:37.686+0000] {dag.py:4138} INFO - Setting next_dagrun for read_dataset_event to 2026-08-11 00:00:00+00:00, run_after=2026-08-12 00:00:00+00:00
[2026-08-12T04:47:37.692+0000] {logging_mixin.py:190} INFO - [2026-08-12T04:47:37.692+0000] {dag.py:4138} INFO - Setting next_dagrun for read_dataset_event_from_classic to 2026-08-11 00:00:00+00:00, run_after=2026-08-12 00:00:00+00:00
[2026-08-12T04:47:37.718+0000] {processor.py:208} INFO - Processing /home/airflow/.local/lib/python3.12/site-packages/airflow/example_dags/example_inlet_event_extra.py took 0.274 seconds
[2026-08-12T04:48:07.843+0000] {processor.py:186} INFO - Started process (PID=1874) to work on /home/airflow/.local/lib/python3.12/site-packages/airflow/example_dags/example_inlet_event_extra.py
[2026-08-12T04:48:07.845+0000] {processor.py:914} INFO - Processing file /home/airflow/.local/lib/python3.12/site-packages/airflow/example_dags/example_inlet_event_extra.py for tasks to queue
[2026-08-12T04:48:07.848+0000] {logging_mixin.py:190} INFO - [2026-08-12T04:48:07.848+0000] {dagbag.py:587} INFO - Filling up the DagBag from /home/airflow/.local/lib/python3.12/site-packages/airflow/example_dags/example_inlet_event_extra.py
[2026-08-12T04:48:07.984+0000] {processor.py:925} INFO - DAG(s) 'read_dataset_event', 'read_dataset_event_from_classic' retrieved from /home/airflow/.local/lib/python3.12/site-packages/airflow/example_dags/example_inlet_event_extra.py
[2026-08-12T04:48:08.006+0000] {logging_mixin.py:190} INFO - [2026-08-12T04:48:08.006+0000] {dag.py:3211} INFO - Sync 2 DAGs
[2026-08-12T04:48:08.030+0000] {logging_mixin.py:190} INFO - [2026-08-12T04:48:08.030+0000] {dag.py:4138} INFO - Setting next_dagrun for read_dataset_event to 2026-08-11 00:00:00+00:00, run_after=2026-08-12 00:00:00+00:00
[2026-08-12T04:48:08.037+0000] {logging_mixin.py:190} INFO - [2026-08-12T04:48:08.037+0000] {dag.py:4138} INFO - Setting next_dagrun for read_dataset_event_from_classic to 2026-08-11 00:00:00+00:00, run_after=2026-08-12 00:00:00+00:00
[2026-08-12T04:48:08.058+0000] {processor.py:208} INFO - Processing /home/airflow/.local/lib/python3.12/site-packages/airflow/example_dags/example_inlet_event_extra.py took 0.221 seconds
