[2026-08-12T04:31:26.442+0000] {processor.py:186} INFO - Started process (PID=69) to work on /home/airflow/.local/lib/python3.12/site-packages/airflow/example_dags/example_branch_day_of_week_operator.py
[2026-08-12T04:31:26.446+0000] {processor.py:914} INFO - Processing file /home/airflow/.local/lib/python3.12/site-packages/airflow/example_dags/example_branch_day_of_week_operator.py for tasks to queue
[2026-08-12T04:31:26.454+0000] {logging_mixin.py:190} INFO - [2026-08-12T04:31:26.453+0000] {dagbag.py:587} INFO - Filling up the DagBag from /home/airflow/.local/lib/python3.12/site-packages/airflow/example_dags/example_branch_day_of_week_operator.py
[2026-08-12T04:31:26.493+0000] {processor.py:925} INFO - DAG(s) 'example_weekday_branch_operator' retrieved from /home/airflow/.local/lib/python3.12/site-packages/airflow/example_dags/example_branch_day_of_week_operator.py
[2026-08-12T04:31:27.023+0000] {logging_mixin.py:190} INFO - [2026-08-12T04:31:27.022+0000] {override.py:1858} INFO - Created Permission View: can read on DAG:example_weekday_branch_operator
[2026-08-12T04:31:27.040+0000] {logging_mixin.py:190} INFO - [2026-08-12T04:31:27.040+0000] {override.py:1858} INFO - Created Permission View: can edit on DAG:example_weekday_branch_operator
[2026-08-12T04:31:27.054+0000] {logging_mixin.py:190} INFO - [2026-08-12T04:31:27.053+0000] {override.py:1858} INFO - Created Permission View: can delete on DAG:example_weekday_branch_operator
[2026-08-12T04:31:27.056+0000] {logging_mixin.py:190} INFO - [2026-08-12T04:31:27.055+0000] {dag.py:3211} INFO - Sync 1 DAGs
[2026-08-12T04:31:27.081+0000] {logging_mixin.py:190} INFO - [2026-08-12T04:31:27.081+0000] {dag.py:3234} INFO - Creating ORM DAG for example_weekday_branch_operator
[2026-08-12T04:31:27.110+0000] {logging_mixin.py:190} INFO - [2026-08-12T04:31:27.110+0000] {dag.py:4138} INFO - Setting next_dagrun for example_weekday_branch_operator to 2026-08-11 00:00:00+00:00, run_after=2026-08-12 00:00:00+00:00
[2026-08-12T04:31:27.146+0000] {processor.py:208} INFO - Processing /home/airflow/.local/lib/python3.12/site-packages/airflow/example_dags/example_branch_day_of_week_operator.py took 0.717 seconds
[2026-08-12T04:31:57.708+0000] {processor.py:186} INFO - Started process (PID=131) to work on /home/airflow/.local/lib/python3.12/site-packages/airflow/example_dags/example_branch_day_of_week_operator.py
[2026-08-12T04:31:57.709+0000] {processor.py:914} INFO - Processing file /home/airflow/.local/lib/python3.12/site-packages/airflow/example_dags/example_branch_day_of_week_operator.py for tasks to queue
[2026-08-12T04:31:57.713+0000] {logging_mixin.py:190} INFO - [2026-08-12T04:31:57.712+0000] {dagbag.py:587} INFO - Filling up the DagBag from /home/airflow/.local/lib/python3.12/site-packages/airflow/example_dags/example_branch_day_of_week_operator.py
[2026-08-12T04:31:57.736+0000] {processor.py:925} INFO - DAG(s) 'example_weekday_branch_operator' retrieved from /home/airflow/.local/lib/python3.12/site-packages/airflow/example_dags/example_branch_day_of_week_operator.py
[2026-08-12T04:31:57.765+0000] {logging_mixin.py:190} INFO - [2026-08-12T04:31:57.765+0000] {dag.py:3211} INFO - Sync 1 DAGs
[2026-08-12T04:31:57.811+0000] {logging_mixin.py:190} INFO - [2026-08-12T04:31:57.811+0000] {dag.py:4138} INFO - Setting next_dagrun for example_weekday_branch_operator to 2026-08-11 00:00:00+00:00, run_after=2026-08-12 00:00:00+00:00
[2026-08-12T04:31:57.840+0000] {processor.py:208} INFO - Processing /home/airflow/.local/lib/python3.12/site-packages/airflow/example_dags/example_branch_day_of_week_operator.py took 0.137 seconds
[2026-08-12T04:33:16.661+0000] {processor.py:186} INFO - Started process (PID=50) to work on /home/airflow/.local/lib/python3.12/site-packages/airflow/example_dags/example_branch_day_of_week_operator.py
[2026-08-12T04:33:16.664+0000] {processor.py:914} INFO - Processing file /home/airflow/.local/lib/python3.12/site-packages/airflow/example_dags/example_branch_day_of_week_operator.py for tasks to queue
[2026-08-12T04:33:16.670+0000] {logging_mixin.py:190} INFO - [2026-08-12T04:33:16.669+0000] {dagbag.py:587} INFO - Filling up the DagBag from /home/airflow/.local/lib/python3.12/site-packages/airflow/example_dags/example_branch_day_of_week_operator.py
[2026-08-12T04:33:16.712+0000] {processor.py:925} INFO - DAG(s) 'example_weekday_branch_operator' retrieved from /home/airflow/.local/lib/python3.12/site-packages/airflow/example_dags/example_branch_day_of_week_operator.py
[2026-08-12T04:33:16.967+0000] {logging_mixin.py:190} INFO - [2026-08-12T04:33:16.967+0000] {dag.py:3211} INFO - Sync 1 DAGs
[2026-08-12T04:33:17.197+0000] {logging_mixin.py:190} INFO - [2026-08-12T04:33:17.196+0000] {dag.py:4138} INFO - Setting next_dagrun for example_weekday_branch_operator to 2026-08-11 00:00:00+00:00, run_after=2026-08-12 00:00:00+00:00
[2026-08-12T04:33:17.307+0000] {processor.py:208} INFO - Processing /home/airflow/.local/lib/python3.12/site-packages/airflow/example_dags/example_branch_day_of_week_operator.py took 0.664 seconds
[2026-08-12T04:33:47.362+0000] {processor.py:186} INFO - Started process (PID=118) to work on /home/airflow/.local/lib/python3.12/site-packages/airflow/example_dags/example_branch_day_of_week_operator.py
[2026-08-12T04:33:47.363+0000] {processor.py:914} INFO - Processing file /home/airflow/.local/lib/python3.12/site-packages/airflow/example_dags/example_branch_day_of_week_operator.py for tasks to queue
[2026-08-12T04:33:47.367+0000] {logging_mixin.py:190} INFO - [2026-08-12T04:33:47.366+0000] {dagbag.py:587} INFO - Filling up the DagBag from /home/airflow/.local/lib/python3.12/site-packages/airflow/example_dags/example_branch_day_of_week_operator.py
[2026-08-12T04:33:47.378+0000] {processor.py:925} INFO - DAG(s) 'example_weekday_branch_operator' retrieved from /home/airflow/.local/lib/python3.12/site-packages/airflow/example_dags/example_branch_day_of_week_operator.py
[2026-08-12T04:33:47.407+0000] {logging_mixin.py:190} INFO - [2026-08-12T04:33:47.407+0000] {dag.py:3211} INFO - Sync 1 DAGs
[2026-08-12T04:33:47.434+0000] {logging_mixin.py:190} INFO - [2026-08-12T04:33:47.433+0000] {dag.py:4138} INFO - Setting next_dagrun for example_weekday_branch_operator to 2026-08-11 00:00:00+00:00, run_after=2026-08-12 00:00:00+00:00
[2026-08-12T04:33:47.469+0000] {processor.py:208} INFO - Processing /home/airflow/.local/lib/python3.12/site-packages/airflow/example_dags/example_branch_day_of_week_operator.py took 0.114 seconds
[2026-08-12T04:34:17.617+0000] {processor.py:186} INFO - Started process (PID=180) to work on /home/airflow/.local/lib/python3.12/site-packages/airflow/example_dags/example_branch_day_of_week_operator.py
[2026-08-12T04:34:17.620+0000] {processor.py:914} INFO - Processing file /home/airflow/.local/lib/python3.12/site-packages/airflow/example_dags/example_branch_day_of_week_operator.py for tasks to queue
[2026-08-12T04:34:17.624+0000] {logging_mixin.py:190} INFO - [2026-08-12T04:34:17.624+0000] {dagbag.py:587} INFO - Filling up the DagBag from /home/airflow/.local/lib/python3.12/site-packages/airflow/example_dags/example_branch_day_of_week_operator.py
[2026-08-12T04:34:17.636+0000] {processor.py:925} INFO - DAG(s) 'example_weekday_branch_operator' retrieved from /home/airflow/.local/lib/python3.12/site-packages/airflow/example_dags/example_branch_day_of_week_operator.py
[2026-08-12T04:34:17.660+0000] {logging_mixin.py:190} INFO - [2026-08-12T04:34:17.660+0000] {dag.py:3211} INFO - Sync 1 DAGs
[2026-08-12T04:34:17.684+0000] {logging_mixin.py:190} INFO - [2026-08-12T04:34:17.684+0000] {dag.py:4138} INFO - Setting next_dagrun for example_weekday_branch_operator to 2026-08-11 00:00:00+00:00, run_after=2026-08-12 00:00:00+00:00
[2026-08-12T04:34:17.716+0000] {processor.py:208} INFO - Processing /home/airflow/.local/lib/python3.12/site-packages/airflow/example_dags/example_branch_day_of_week_operator.py took 0.109 seconds
[2026-08-12T04:34:47.788+0000] {processor.py:186} INFO - Started process (PID=242) to work on /home/airflow/.local/lib/python3.12/site-packages/airflow/example_dags/example_branch_day_of_week_operator.py
[2026-08-12T04:34:47.790+0000] {processor.py:914} INFO - Processing file /home/airflow/.local/lib/python3.12/site-packages/airflow/example_dags/example_branch_day_of_week_operator.py for tasks to queue
[2026-08-12T04:34:47.794+0000] {logging_mixin.py:190} INFO - [2026-08-12T04:34:47.794+0000] {dagbag.py:587} INFO - Filling up the DagBag from /home/airflow/.local/lib/python3.12/site-packages/airflow/example_dags/example_branch_day_of_week_operator.py
[2026-08-12T04:34:47.803+0000] {processor.py:925} INFO - DAG(s) 'example_weekday_branch_operator' retrieved from /home/airflow/.local/lib/python3.12/site-packages/airflow/example_dags/example_branch_day_of_week_operator.py
[2026-08-12T04:34:47.841+0000] {logging_mixin.py:190} INFO - [2026-08-12T04:34:47.841+0000] {dag.py:3211} INFO - Sync 1 DAGs
[2026-08-12T04:34:47.866+0000] {logging_mixin.py:190} INFO - [2026-08-12T04:34:47.866+0000] {dag.py:4138} INFO - Setting next_dagrun for example_weekday_branch_operator to 2026-08-11 00:00:00+00:00, run_after=2026-08-12 00:00:00+00:00
[2026-08-12T04:34:47.908+0000] {processor.py:208} INFO - Processing /home/airflow/.local/lib/python3.12/site-packages/airflow/example_dags/example_branch_day_of_week_operator.py took 0.130 seconds
[2026-08-12T04:35:18.464+0000] {processor.py:186} INFO - Started process (PID=305) to work on /home/airflow/.local/lib/python3.12/site-packages/airflow/example_dags/example_branch_day_of_week_operator.py
[2026-08-12T04:35:18.465+0000] {processor.py:914} INFO - Processing file /home/airflow/.local/lib/python3.12/site-packages/airflow/example_dags/example_branch_day_of_week_operator.py for tasks to queue
[2026-08-12T04:35:18.468+0000] {logging_mixin.py:190} INFO - [2026-08-12T04:35:18.467+0000] {dagbag.py:587} INFO - Filling up the DagBag from /home/airflow/.local/lib/python3.12/site-packages/airflow/example_dags/example_branch_day_of_week_operator.py
[2026-08-12T04:35:18.476+0000] {processor.py:925} INFO - DAG(s) 'example_weekday_branch_operator' retrieved from /home/airflow/.local/lib/python3.12/site-packages/airflow/example_dags/example_branch_day_of_week_operator.py
[2026-08-12T04:35:18.500+0000] {logging_mixin.py:190} INFO - [2026-08-12T04:35:18.500+0000] {dag.py:3211} INFO - Sync 1 DAGs
[2026-08-12T04:35:18.522+0000] {logging_mixin.py:190} INFO - [2026-08-12T04:35:18.521+0000] {dag.py:4138} INFO - Setting next_dagrun for example_weekday_branch_operator to 2026-08-11 00:00:00+00:00, run_after=2026-08-12 00:00:00+00:00
[2026-08-12T04:35:18.546+0000] {processor.py:208} INFO - Processing /home/airflow/.local/lib/python3.12/site-packages/airflow/example_dags/example_branch_day_of_week_operator.py took 0.090 seconds
[2026-08-12T04:35:48.944+0000] {processor.py:186} INFO - Started process (PID=367) to work on /home/airflow/.local/lib/python3.12/site-packages/airflow/example_dags/example_branch_day_of_week_operator.py
[2026-08-12T04:35:48.945+0000] {processor.py:914} INFO - Processing file /home/airflow/.local/lib/python3.12/site-packages/airflow/example_dags/example_branch_day_of_week_operator.py for tasks to queue
[2026-08-12T04:35:48.949+0000] {logging_mixin.py:190} INFO - [2026-08-12T04:35:48.949+0000] {dagbag.py:587} INFO - Filling up the DagBag from /home/airflow/.local/lib/python3.12/site-packages/airflow/example_dags/example_branch_day_of_week_operator.py
[2026-08-12T04:35:48.960+0000] {processor.py:925} INFO - DAG(s) 'example_weekday_branch_operator' retrieved from /home/airflow/.local/lib/python3.12/site-packages/airflow/example_dags/example_branch_day_of_week_operator.py
[2026-08-12T04:35:48.982+0000] {logging_mixin.py:190} INFO - [2026-08-12T04:35:48.982+0000] {dag.py:3211} INFO - Sync 1 DAGs
[2026-08-12T04:35:49.012+0000] {logging_mixin.py:190} INFO - [2026-08-12T04:35:49.011+0000] {dag.py:4138} INFO - Setting next_dagrun for example_weekday_branch_operator to 2026-08-11 00:00:00+00:00, run_after=2026-08-12 00:00:00+00:00
[2026-08-12T04:35:49.040+0000] {processor.py:208} INFO - Processing /home/airflow/.local/lib/python3.12/site-packages/airflow/example_dags/example_branch_day_of_week_operator.py took 0.103 seconds
[2026-08-12T04:36:19.538+0000] {processor.py:186} INFO - Started process (PID=429) to work on /home/airflow/.local/lib/python3.12/site-packages/airflow/example_dags/example_branch_day_of_week_operator.py
[2026-08-12T04:36:19.539+0000] {processor.py:914} INFO - Processing file /home/airflow/.local/lib/python3.12/site-packages/airflow/example_dags/example_branch_day_of_week_operator.py for tasks to queue
[2026-08-12T04:36:19.542+0000] {logging_mixin.py:190} INFO - [2026-08-12T04:36:19.542+0000] {dagbag.py:587} INFO - Filling up the DagBag from /home/airflow/.local/lib/python3.12/site-packages/airflow/example_dags/example_branch_day_of_week_operator.py
[2026-08-12T04:36:19.554+0000] {processor.py:925} INFO - DAG(s) 'example_weekday_branch_operator' retrieved from /home/airflow/.local/lib/python3.12/site-packages/airflow/example_dags/example_branch_day_of_week_operator.py
[2026-08-12T04:36:19.579+0000] {logging_mixin.py:190} INFO - [2026-08-12T04:36:19.579+0000] {dag.py:3211} INFO - Sync 1 DAGs
[2026-08-12T04:36:19.606+0000] {logging_mixin.py:190} INFO - [2026-08-12T04:36:19.605+0000] {dag.py:4138} INFO - Setting next_dagrun for example_weekday_branch_operator to 2026-08-11 00:00:00+00:00, run_after=2026-08-12 00:00:00+00:00
[2026-08-12T04:36:19.637+0000] {processor.py:208} INFO - Processing /home/airflow/.local/lib/python3.12/site-packages/airflow/example_dags/example_branch_day_of_week_operator.py took 0.105 seconds
[2026-08-12T04:36:50.011+0000] {processor.py:186} INFO - Started process (PID=491) to work on /home/airflow/.local/lib/python3.12/site-packages/airflow/example_dags/example_branch_day_of_week_operator.py
[2026-08-12T04:36:50.013+0000] {processor.py:914} INFO - Processing file /home/airflow/.local/lib/python3.12/site-packages/airflow/example_dags/example_branch_day_of_week_operator.py for tasks to queue
[2026-08-12T04:36:50.016+0000] {logging_mixin.py:190} INFO - [2026-08-12T04:36:50.016+0000] {dagbag.py:587} INFO - Filling up the DagBag from /home/airflow/.local/lib/python3.12/site-packages/airflow/example_dags/example_branch_day_of_week_operator.py
[2026-08-12T04:36:50.028+0000] {processor.py:925} INFO - DAG(s) 'example_weekday_branch_operator' retrieved from /home/airflow/.local/lib/python3.12/site-packages/airflow/example_dags/example_branch_day_of_week_operator.py
[2026-08-12T04:36:50.048+0000] {logging_mixin.py:190} INFO - [2026-08-12T04:36:50.048+0000] {dag.py:3211} INFO - Sync 1 DAGs
[2026-08-12T04:36:50.073+0000] {logging_mixin.py:190} INFO - [2026-08-12T04:36:50.073+0000] {dag.py:4138} INFO - Setting next_dagrun for example_weekday_branch_operator to 2026-08-11 00:00:00+00:00, run_after=2026-08-12 00:00:00+00:00
[2026-08-12T04:36:50.113+0000] {processor.py:208} INFO - Processing /home/airflow/.local/lib/python3.12/site-packages/airflow/example_dags/example_branch_day_of_week_operator.py took 0.109 seconds
[2026-08-12T04:37:20.316+0000] {processor.py:186} INFO - Started process (PID=553) to work on /home/airflow/.local/lib/python3.12/site-packages/airflow/example_dags/example_branch_day_of_week_operator.py
[2026-08-12T04:37:20.317+0000] {processor.py:914} INFO - Processing file /home/airflow/.local/lib/python3.12/site-packages/airflow/example_dags/example_branch_day_of_week_operator.py for tasks to queue
[2026-08-12T04:37:20.321+0000] {logging_mixin.py:190} INFO - [2026-08-12T04:37:20.320+0000] {dagbag.py:587} INFO - Filling up the DagBag from /home/airflow/.local/lib/python3.12/site-packages/airflow/example_dags/example_branch_day_of_week_operator.py
[2026-08-12T04:37:20.331+0000] {processor.py:925} INFO - DAG(s) 'example_weekday_branch_operator' retrieved from /home/airflow/.local/lib/python3.12/site-packages/airflow/example_dags/example_branch_day_of_week_operator.py
[2026-08-12T04:37:20.352+0000] {logging_mixin.py:190} INFO - [2026-08-12T04:37:20.352+0000] {dag.py:3211} INFO - Sync 1 DAGs
[2026-08-12T04:37:20.376+0000] {logging_mixin.py:190} INFO - [2026-08-12T04:37:20.375+0000] {dag.py:4138} INFO - Setting next_dagrun for example_weekday_branch_operator to 2026-08-11 00:00:00+00:00, run_after=2026-08-12 00:00:00+00:00
[2026-08-12T04:37:20.414+0000] {processor.py:208} INFO - Processing /home/airflow/.local/lib/python3.12/site-packages/airflow/example_dags/example_branch_day_of_week_operator.py took 0.105 seconds
[2026-08-12T04:37:51.155+0000] {processor.py:186} INFO - Started process (PID=615) to work on /home/airflow/.local/lib/python3.12/site-packages/airflow/example_dags/example_branch_day_of_week_operator.py
[2026-08-12T04:37:51.156+0000] {processor.py:914} INFO - Processing file /home/airflow/.local/lib/python3.12/site-packages/airflow/example_dags/example_branch_day_of_week_operator.py for tasks to queue
[2026-08-12T04:37:51.160+0000] {logging_mixin.py:190} INFO - [2026-08-12T04:37:51.160+0000] {dagbag.py:587} INFO - Filling up the DagBag from /home/airflow/.local/lib/python3.12/site-packages/airflow/example_dags/example_branch_day_of_week_operator.py
[2026-08-12T04:37:51.172+0000] {processor.py:925} INFO - DAG(s) 'example_weekday_branch_operator' retrieved from /home/airflow/.local/lib/python3.12/site-packages/airflow/example_dags/example_branch_day_of_week_operator.py
[2026-08-12T04:37:51.203+0000] {logging_mixin.py:190} INFO - [2026-08-12T04:37:51.203+0000] {dag.py:3211} INFO - Sync 1 DAGs
[2026-08-12T04:37:51.234+0000] {logging_mixin.py:190} INFO - [2026-08-12T04:37:51.234+0000] {dag.py:4138} INFO - Setting next_dagrun for example_weekday_branch_operator to 2026-08-11 00:00:00+00:00, run_after=2026-08-12 00:00:00+00:00
[2026-08-12T04:37:51.264+0000] {processor.py:208} INFO - Processing /home/airflow/.local/lib/python3.12/site-packages/airflow/example_dags/example_branch_day_of_week_operator.py took 0.117 seconds
[2026-08-12T04:38:22.170+0000] {processor.py:186} INFO - Started process (PID=677) to work on /home/airflow/.local/lib/python3.12/site-packages/airflow/example_dags/example_branch_day_of_week_operator.py
[2026-08-12T04:38:22.172+0000] {processor.py:914} INFO - Processing file /home/airflow/.local/lib/python3.12/site-packages/airflow/example_dags/example_branch_day_of_week_operator.py for tasks to queue
[2026-08-12T04:38:22.175+0000] {logging_mixin.py:190} INFO - [2026-08-12T04:38:22.175+0000] {dagbag.py:587} INFO - Filling up the DagBag from /home/airflow/.local/lib/python3.12/site-packages/airflow/example_dags/example_branch_day_of_week_operator.py
[2026-08-12T04:38:22.186+0000] {processor.py:925} INFO - DAG(s) 'example_weekday_branch_operator' retrieved from /home/airflow/.local/lib/python3.12/site-packages/airflow/example_dags/example_branch_day_of_week_operator.py
[2026-08-12T04:38:22.211+0000] {logging_mixin.py:190} INFO - [2026-08-12T04:38:22.210+0000] {dag.py:3211} INFO - Sync 1 DAGs
[2026-08-12T04:38:22.236+0000] {logging_mixin.py:190} INFO - [2026-08-12T04:38:22.236+0000] {dag.py:4138} INFO - Setting next_dagrun for example_weekday_branch_operator to 2026-08-11 00:00:00+00:00, run_after=2026-08-12 00:00:00+00:00
[2026-08-12T04:38:22.261+0000] {processor.py:208} INFO - Processing /home/airflow/.local/lib/python3.12/site-packages/airflow/example_dags/example_branch_day_of_week_operator.py took 0.099 seconds
[2026-08-12T04:38:52.628+0000] {processor.py:186} INFO - Started process (PID=739) to work on /home/airflow/.local/lib/python3.12/site-packages/airflow/example_dags/example_branch_day_of_week_operator.py
[2026-08-12T04:38:52.630+0000] {processor.py:914} INFO - Processing file /home/airflow/.local/lib/python3.12/site-packages/airflow/example_dags/example_branch_day_of_week_operator.py for tasks to queue
[2026-08-12T04:38:52.635+0000] {logging_mixin.py:190} INFO - [2026-08-12T04:38:52.634+0000] {dagbag.py:587} INFO - Filling up the DagBag from /home/airflow/.local/lib/python3.12/site-packages/airflow/example_dags/example_branch_day_of_week_operator.py
[2026-08-12T04:38:52.651+0000] {processor.py:925} INFO - DAG(s) 'example_weekday_branch_operator' retrieved from /home/airflow/.local/lib/python3.12/site-packages/airflow/example_dags/example_branch_day_of_week_operator.py
[2026-08-12T04:38:52.676+0000] {logging_mixin.py:190} INFO - [2026-08-12T04:38:52.676+0000] {dag.py:3211} INFO - Sync 1 DAGs
[2026-08-12T04:38:52.705+0000] {logging_mixin.py:190} INFO - [2026-08-12T04:38:52.705+0000] {dag.py:4138} INFO - Setting next_dagrun for example_weekday_branch_operator to 2026-08-11 00:00:00+00:00, run_after=2026-08-12 00:00:00+00:00
[2026-08-12T04:38:52.751+0000] {processor.py:208} INFO - Processing /home/airflow/.local/lib/python3.12/site-packages/airflow/example_dags/example_branch_day_of_week_operator.py took 0.130 seconds
[2026-08-12T04:39:23.214+0000] {processor.py:186} INFO - Started process (PID=801) to work on /home/airflow/.local/lib/python3.12/site-packages/airflow/example_dags/example_branch_day_of_week_operator.py
[2026-08-12T04:39:23.216+0000] {processor.py:914} INFO - Processing file /home/airflow/.local/lib/python3.12/site-packages/airflow/example_dags/example_branch_day_of_week_operator.py for tasks to queue
[2026-08-12T04:39:23.220+0000] {logging_mixin.py:190} INFO - [2026-08-12T04:39:23.219+0000] {dagbag.py:587} INFO - Filling up the DagBag from /home/airflow/.local/lib/python3.12/site-packages/airflow/example_dags/example_branch_day_of_week_operator.py
[2026-08-12T04:39:23.230+0000] {processor.py:925} INFO - DAG(s) 'example_weekday_branch_operator' retrieved from /home/airflow/.local/lib/python3.12/site-packages/airflow/example_dags/example_branch_day_of_week_operator.py
[2026-08-12T04:39:23.251+0000] {logging_mixin.py:190} INFO - [2026-08-12T04:39:23.251+0000] {dag.py:3211} INFO - Sync 1 DAGs
[2026-08-12T04:39:23.281+0000] {logging_mixin.py:190} INFO - [2026-08-12T04:39:23.280+0000] {dag.py:4138} INFO - Setting next_dagrun for example_weekday_branch_operator to 2026-08-11 00:00:00+00:00, run_after=2026-08-12 00:00:00+00:00
[2026-08-12T04:39:23.309+0000] {processor.py:208} INFO - Processing /home/airflow/.local/lib/python3.12/site-packages/airflow/example_dags/example_branch_day_of_week_operator.py took 0.101 seconds
[2026-08-12T04:39:54.199+0000] {processor.py:186} INFO - Started process (PID=863) to work on /home/airflow/.local/lib/python3.12/site-packages/airflow/example_dags/example_branch_day_of_week_operator.py
[2026-08-12T04:39:54.200+0000] {processor.py:914} INFO - Processing file /home/airflow/.local/lib/python3.12/site-packages/airflow/example_dags/example_branch_day_of_week_operator.py for tasks to queue
[2026-08-12T04:39:54.203+0000] {logging_mixin.py:190} INFO - [2026-08-12T04:39:54.203+0000] {dagbag.py:587} INFO - Filling up the DagBag from /home/airflow/.local/lib/python3.12/site-packages/airflow/example_dags/example_branch_day_of_week_operator.py
[2026-08-12T04:39:54.213+0000] {processor.py:925} INFO - DAG(s) 'example_weekday_branch_operator' retrieved from /home/airflow/.local/lib/python3.12/site-packages/airflow/example_dags/example_branch_day_of_week_operator.py
[2026-08-12T04:39:54.234+0000] {logging_mixin.py:190} INFO - [2026-08-12T04:39:54.234+0000] {dag.py:3211} INFO - Sync 1 DAGs
[2026-08-12T04:39:54.259+0000] {logging_mixin.py:190} INFO - [2026-08-12T04:39:54.258+0000] {dag.py:4138} INFO - Setting next_dagrun for example_weekday_branch_operator to 2026-08-11 00:00:00+00:00, run_after=2026-08-12 00:00:00+00:00
[2026-08-12T04:39:54.280+0000] {processor.py:208} INFO - Processing /home/airflow/.local/lib/python3.12/site-packages/airflow/example_dags/example_branch_day_of_week_operator.py took 0.087 seconds
[2026-08-12T04:40:24.809+0000] {processor.py:186} INFO - Started process (PID=925) to work on /home/airflow/.local/lib/python3.12/site-packages/airflow/example_dags/example_branch_day_of_week_operator.py
[2026-08-12T04:40:24.811+0000] {processor.py:914} INFO - Processing file /home/airflow/.local/lib/python3.12/site-packages/airflow/example_dags/example_branch_day_of_week_operator.py for tasks to queue
[2026-08-12T04:40:24.814+0000] {logging_mixin.py:190} INFO - [2026-08-12T04:40:24.814+0000] {dagbag.py:587} INFO - Filling up the DagBag from /home/airflow/.local/lib/python3.12/site-packages/airflow/example_dags/example_branch_day_of_week_operator.py
[2026-08-12T04:40:24.826+0000] {processor.py:925} INFO - DAG(s) 'example_weekday_branch_operator' retrieved from /home/airflow/.local/lib/python3.12/site-packages/airflow/example_dags/example_branch_day_of_week_operator.py
[2026-08-12T04:40:24.850+0000] {logging_mixin.py:190} INFO - [2026-08-12T04:40:24.849+0000] {dag.py:3211} INFO - Sync 1 DAGs
[2026-08-12T04:40:24.873+0000] {logging_mixin.py:190} INFO - [2026-08-12T04:40:24.873+0000] {dag.py:4138} INFO - Setting next_dagrun for example_weekday_branch_operator to 2026-08-11 00:00:00+00:00, run_after=2026-08-12 00:00:00+00:00
[2026-08-12T04:40:24.897+0000] {processor.py:208} INFO - Processing /home/airflow/.local/lib/python3.12/site-packages/airflow/example_dags/example_branch_day_of_week_operator.py took 0.097 seconds
[2026-08-12T04:40:55.116+0000] {processor.py:186} INFO - Started process (PID=987) to work on /home/airflow/.local/lib/python3.12/site-packages/airflow/example_dags/example_branch_day_of_week_operator.py
[2026-08-12T04:40:55.118+0000] {processor.py:914} INFO - Processing file /home/airflow/.local/lib/python3.12/site-packages/airflow/example_dags/example_branch_day_of_week_operator.py for tasks to queue
[2026-08-12T04:40:55.122+0000] {logging_mixin.py:190} INFO - [2026-08-12T04:40:55.122+0000] {dagbag.py:587} INFO - Filling up the DagBag from /home/airflow/.local/lib/python3.12/site-packages/airflow/example_dags/example_branch_day_of_week_operator.py
[2026-08-12T04:40:55.134+0000] {processor.py:925} INFO - DAG(s) 'example_weekday_branch_operator' retrieved from /home/airflow/.local/lib/python3.12/site-packages/airflow/example_dags/example_branch_day_of_week_operator.py
[2026-08-12T04:40:55.158+0000] {logging_mixin.py:190} INFO - [2026-08-12T04:40:55.158+0000] {dag.py:3211} INFO - Sync 1 DAGs
[2026-08-12T04:40:55.186+0000] {logging_mixin.py:190} INFO - [2026-08-12T04:40:55.186+0000] {dag.py:4138} INFO - Setting next_dagrun for example_weekday_branch_operator to 2026-08-11 00:00:00+00:00, run_after=2026-08-12 00:00:00+00:00
[2026-08-12T04:40:55.213+0000] {processor.py:208} INFO - Processing /home/airflow/.local/lib/python3.12/site-packages/airflow/example_dags/example_branch_day_of_week_operator.py took 0.104 seconds
[2026-08-12T04:41:25.412+0000] {processor.py:186} INFO - Started process (PID=1049) to work on /home/airflow/.local/lib/python3.12/site-packages/airflow/example_dags/example_branch_day_of_week_operator.py
[2026-08-12T04:41:25.413+0000] {processor.py:914} INFO - Processing file /home/airflow/.local/lib/python3.12/site-packages/airflow/example_dags/example_branch_day_of_week_operator.py for tasks to queue
[2026-08-12T04:41:25.417+0000] {logging_mixin.py:190} INFO - [2026-08-12T04:41:25.417+0000] {dagbag.py:587} INFO - Filling up the DagBag from /home/airflow/.local/lib/python3.12/site-packages/airflow/example_dags/example_branch_day_of_week_operator.py
[2026-08-12T04:41:25.426+0000] {processor.py:925} INFO - DAG(s) 'example_weekday_branch_operator' retrieved from /home/airflow/.local/lib/python3.12/site-packages/airflow/example_dags/example_branch_day_of_week_operator.py
[2026-08-12T04:41:25.451+0000] {logging_mixin.py:190} INFO - [2026-08-12T04:41:25.450+0000] {dag.py:3211} INFO - Sync 1 DAGs
[2026-08-12T04:41:25.479+0000] {logging_mixin.py:190} INFO - [2026-08-12T04:41:25.478+0000] {dag.py:4138} INFO - Setting next_dagrun for example_weekday_branch_operator to 2026-08-11 00:00:00+00:00, run_after=2026-08-12 00:00:00+00:00
[2026-08-12T04:41:25.505+0000] {processor.py:208} INFO - Processing /home/airflow/.local/lib/python3.12/site-packages/airflow/example_dags/example_branch_day_of_week_operator.py took 0.099 seconds
[2026-08-12T04:41:55.678+0000] {processor.py:186} INFO - Started process (PID=1111) to work on /home/airflow/.local/lib/python3.12/site-packages/airflow/example_dags/example_branch_day_of_week_operator.py
[2026-08-12T04:41:55.680+0000] {processor.py:914} INFO - Processing file /home/airflow/.local/lib/python3.12/site-packages/airflow/example_dags/example_branch_day_of_week_operator.py for tasks to queue
[2026-08-12T04:41:55.683+0000] {logging_mixin.py:190} INFO - [2026-08-12T04:41:55.683+0000] {dagbag.py:587} INFO - Filling up the DagBag from /home/airflow/.local/lib/python3.12/site-packages/airflow/example_dags/example_branch_day_of_week_operator.py
[2026-08-12T04:41:55.694+0000] {processor.py:925} INFO - DAG(s) 'example_weekday_branch_operator' retrieved from /home/airflow/.local/lib/python3.12/site-packages/airflow/example_dags/example_branch_day_of_week_operator.py
[2026-08-12T04:41:55.716+0000] {logging_mixin.py:190} INFO - [2026-08-12T04:41:55.716+0000] {dag.py:3211} INFO - Sync 1 DAGs
[2026-08-12T04:41:55.740+0000] {logging_mixin.py:190} INFO - [2026-08-12T04:41:55.739+0000] {dag.py:4138} INFO - Setting next_dagrun for example_weekday_branch_operator to 2026-08-11 00:00:00+00:00, run_after=2026-08-12 00:00:00+00:00
[2026-08-12T04:41:55.765+0000] {processor.py:208} INFO - Processing /home/airflow/.local/lib/python3.12/site-packages/airflow/example_dags/example_branch_day_of_week_operator.py took 0.093 seconds
[2026-08-12T04:42:26.579+0000] {processor.py:186} INFO - Started process (PID=1173) to work on /home/airflow/.local/lib/python3.12/site-packages/airflow/example_dags/example_branch_day_of_week_operator.py
[2026-08-12T04:42:26.581+0000] {processor.py:914} INFO - Processing file /home/airflow/.local/lib/python3.12/site-packages/airflow/example_dags/example_branch_day_of_week_operator.py for tasks to queue
[2026-08-12T04:42:26.584+0000] {logging_mixin.py:190} INFO - [2026-08-12T04:42:26.584+0000] {dagbag.py:587} INFO - Filling up the DagBag from /home/airflow/.local/lib/python3.12/site-packages/airflow/example_dags/example_branch_day_of_week_operator.py
[2026-08-12T04:42:26.596+0000] {processor.py:925} INFO - DAG(s) 'example_weekday_branch_operator' retrieved from /home/airflow/.local/lib/python3.12/site-packages/airflow/example_dags/example_branch_day_of_week_operator.py
[2026-08-12T04:42:26.618+0000] {logging_mixin.py:190} INFO - [2026-08-12T04:42:26.617+0000] {dag.py:3211} INFO - Sync 1 DAGs
[2026-08-12T04:42:26.648+0000] {logging_mixin.py:190} INFO - [2026-08-12T04:42:26.648+0000] {dag.py:4138} INFO - Setting next_dagrun for example_weekday_branch_operator to 2026-08-11 00:00:00+00:00, run_after=2026-08-12 00:00:00+00:00
[2026-08-12T04:42:26.672+0000] {processor.py:208} INFO - Processing /home/airflow/.local/lib/python3.12/site-packages/airflow/example_dags/example_branch_day_of_week_operator.py took 0.099 seconds
[2026-08-12T04:42:56.756+0000] {processor.py:186} INFO - Started process (PID=1234) to work on /home/airflow/.local/lib/python3.12/site-packages/airflow/example_dags/example_branch_day_of_week_operator.py
[2026-08-12T04:42:56.757+0000] {processor.py:914} INFO - Processing file /home/airflow/.local/lib/python3.12/site-packages/airflow/example_dags/example_branch_day_of_week_operator.py for tasks to queue
[2026-08-12T04:42:56.761+0000] {logging_mixin.py:190} INFO - [2026-08-12T04:42:56.761+0000] {dagbag.py:587} INFO - Filling up the DagBag from /home/airflow/.local/lib/python3.12/site-packages/airflow/example_dags/example_branch_day_of_week_operator.py
[2026-08-12T04:42:56.772+0000] {processor.py:925} INFO - DAG(s) 'example_weekday_branch_operator' retrieved from /home/airflow/.local/lib/python3.12/site-packages/airflow/example_dags/example_branch_day_of_week_operator.py
[2026-08-12T04:42:56.812+0000] {logging_mixin.py:190} INFO - [2026-08-12T04:42:56.812+0000] {dag.py:3211} INFO - Sync 1 DAGs
[2026-08-12T04:42:56.838+0000] {logging_mixin.py:190} INFO - [2026-08-12T04:42:56.838+0000] {dag.py:4138} INFO - Setting next_dagrun for example_weekday_branch_operator to 2026-08-11 00:00:00+00:00, run_after=2026-08-12 00:00:00+00:00
[2026-08-12T04:42:56.862+0000] {processor.py:208} INFO - Processing /home/airflow/.local/lib/python3.12/site-packages/airflow/example_dags/example_branch_day_of_week_operator.py took 0.113 seconds
[2026-08-12T04:43:27.742+0000] {processor.py:186} INFO - Started process (PID=1297) to work on /home/airflow/.local/lib/python3.12/site-packages/airflow/example_dags/example_branch_day_of_week_operator.py
[2026-08-12T04:43:27.744+0000] {processor.py:914} INFO - Processing file /home/airflow/.local/lib/python3.12/site-packages/airflow/example_dags/example_branch_day_of_week_operator.py for tasks to queue
[2026-08-12T04:43:27.748+0000] {logging_mixin.py:190} INFO - [2026-08-12T04:43:27.748+0000] {dagbag.py:587} INFO - Filling up the DagBag from /home/airflow/.local/lib/python3.12/site-packages/airflow/example_dags/example_branch_day_of_week_operator.py
[2026-08-12T04:43:27.760+0000] {processor.py:925} INFO - DAG(s) 'example_weekday_branch_operator' retrieved from /home/airflow/.local/lib/python3.12/site-packages/airflow/example_dags/example_branch_day_of_week_operator.py
[2026-08-12T04:43:27.787+0000] {logging_mixin.py:190} INFO - [2026-08-12T04:43:27.787+0000] {dag.py:3211} INFO - Sync 1 DAGs
[2026-08-12T04:43:27.814+0000] {logging_mixin.py:190} INFO - [2026-08-12T04:43:27.813+0000] {dag.py:4138} INFO - Setting next_dagrun for example_weekday_branch_operator to 2026-08-11 00:00:00+00:00, run_after=2026-08-12 00:00:00+00:00
[2026-08-12T04:43:27.848+0000] {processor.py:208} INFO - Processing /home/airflow/.local/lib/python3.12/site-packages/airflow/example_dags/example_branch_day_of_week_operator.py took 0.112 seconds
[2026-08-12T04:43:58.437+0000] {processor.py:186} INFO - Started process (PID=1359) to work on /home/airflow/.local/lib/python3.12/site-packages/airflow/example_dags/example_branch_day_of_week_operator.py
[2026-08-12T04:43:58.438+0000] {processor.py:914} INFO - Processing file /home/airflow/.local/lib/python3.12/site-packages/airflow/example_dags/example_branch_day_of_week_operator.py for tasks to queue
[2026-08-12T04:43:58.441+0000] {logging_mixin.py:190} INFO - [2026-08-12T04:43:58.441+0000] {dagbag.py:587} INFO - Filling up the DagBag from /home/airflow/.local/lib/python3.12/site-packages/airflow/example_dags/example_branch_day_of_week_operator.py
[2026-08-12T04:43:58.450+0000] {processor.py:925} INFO - DAG(s) 'example_weekday_branch_operator' retrieved from /home/airflow/.local/lib/python3.12/site-packages/airflow/example_dags/example_branch_day_of_week_operator.py
[2026-08-12T04:43:58.486+0000] {logging_mixin.py:190} INFO - [2026-08-12T04:43:58.486+0000] {dag.py:3211} INFO - Sync 1 DAGs
[2026-08-12T04:43:58.526+0000] {logging_mixin.py:190} INFO - [2026-08-12T04:43:58.526+0000] {dag.py:4138} INFO - Setting next_dagrun for example_weekday_branch_operator to 2026-08-11 00:00:00+00:00, run_after=2026-08-12 00:00:00+00:00
[2026-08-12T04:43:58.562+0000] {processor.py:208} INFO - Processing /home/airflow/.local/lib/python3.12/site-packages/airflow/example_dags/example_branch_day_of_week_operator.py took 0.130 seconds
[2026-08-12T04:44:28.883+0000] {processor.py:186} INFO - Started process (PID=1422) to work on /home/airflow/.local/lib/python3.12/site-packages/airflow/example_dags/example_branch_day_of_week_operator.py
[2026-08-12T04:44:28.885+0000] {processor.py:914} INFO - Processing file /home/airflow/.local/lib/python3.12/site-packages/airflow/example_dags/example_branch_day_of_week_operator.py for tasks to queue
[2026-08-12T04:44:28.890+0000] {logging_mixin.py:190} INFO - [2026-08-12T04:44:28.889+0000] {dagbag.py:587} INFO - Filling up the DagBag from /home/airflow/.local/lib/python3.12/site-packages/airflow/example_dags/example_branch_day_of_week_operator.py
[2026-08-12T04:44:28.901+0000] {processor.py:925} INFO - DAG(s) 'example_weekday_branch_operator' retrieved from /home/airflow/.local/lib/python3.12/site-packages/airflow/example_dags/example_branch_day_of_week_operator.py
[2026-08-12T04:44:28.926+0000] {logging_mixin.py:190} INFO - [2026-08-12T04:44:28.926+0000] {dag.py:3211} INFO - Sync 1 DAGs
[2026-08-12T04:44:28.950+0000] {logging_mixin.py:190} INFO - [2026-08-12T04:44:28.950+0000] {dag.py:4138} INFO - Setting next_dagrun for example_weekday_branch_operator to 2026-08-11 00:00:00+00:00, run_after=2026-08-12 00:00:00+00:00
[2026-08-12T04:44:28.977+0000] {processor.py:208} INFO - Processing /home/airflow/.local/lib/python3.12/site-packages/airflow/example_dags/example_branch_day_of_week_operator.py took 0.100 seconds
[2026-08-12T04:44:59.583+0000] {processor.py:186} INFO - Started process (PID=1484) to work on /home/airflow/.local/lib/python3.12/site-packages/airflow/example_dags/example_branch_day_of_week_operator.py
[2026-08-12T04:44:59.585+0000] {processor.py:914} INFO - Processing file /home/airflow/.local/lib/python3.12/site-packages/airflow/example_dags/example_branch_day_of_week_operator.py for tasks to queue
[2026-08-12T04:44:59.589+0000] {logging_mixin.py:190} INFO - [2026-08-12T04:44:59.589+0000] {dagbag.py:587} INFO - Filling up the DagBag from /home/airflow/.local/lib/python3.12/site-packages/airflow/example_dags/example_branch_day_of_week_operator.py
[2026-08-12T04:44:59.599+0000] {processor.py:925} INFO - DAG(s) 'example_weekday_branch_operator' retrieved from /home/airflow/.local/lib/python3.12/site-packages/airflow/example_dags/example_branch_day_of_week_operator.py
[2026-08-12T04:44:59.623+0000] {logging_mixin.py:190} INFO - [2026-08-12T04:44:59.622+0000] {dag.py:3211} INFO - Sync 1 DAGs
[2026-08-12T04:44:59.650+0000] {logging_mixin.py:190} INFO - [2026-08-12T04:44:59.649+0000] {dag.py:4138} INFO - Setting next_dagrun for example_weekday_branch_operator to 2026-08-11 00:00:00+00:00, run_after=2026-08-12 00:00:00+00:00
[2026-08-12T04:44:59.685+0000] {processor.py:208} INFO - Processing /home/airflow/.local/lib/python3.12/site-packages/airflow/example_dags/example_branch_day_of_week_operator.py took 0.108 seconds
[2026-08-12T04:45:29.859+0000] {processor.py:186} INFO - Started process (PID=1546) to work on /home/airflow/.local/lib/python3.12/site-packages/airflow/example_dags/example_branch_day_of_week_operator.py
[2026-08-12T04:45:29.861+0000] {processor.py:914} INFO - Processing file /home/airflow/.local/lib/python3.12/site-packages/airflow/example_dags/example_branch_day_of_week_operator.py for tasks to queue
[2026-08-12T04:45:29.864+0000] {logging_mixin.py:190} INFO - [2026-08-12T04:45:29.864+0000] {dagbag.py:587} INFO - Filling up the DagBag from /home/airflow/.local/lib/python3.12/site-packages/airflow/example_dags/example_branch_day_of_week_operator.py
[2026-08-12T04:45:29.874+0000] {processor.py:925} INFO - DAG(s) 'example_weekday_branch_operator' retrieved from /home/airflow/.local/lib/python3.12/site-packages/airflow/example_dags/example_branch_day_of_week_operator.py
[2026-08-12T04:45:29.896+0000] {logging_mixin.py:190} INFO - [2026-08-12T04:45:29.896+0000] {dag.py:3211} INFO - Sync 1 DAGs
[2026-08-12T04:45:29.925+0000] {logging_mixin.py:190} INFO - [2026-08-12T04:45:29.925+0000] {dag.py:4138} INFO - Setting next_dagrun for example_weekday_branch_operator to 2026-08-11 00:00:00+00:00, run_after=2026-08-12 00:00:00+00:00
[2026-08-12T04:45:29.971+0000] {processor.py:208} INFO - Processing /home/airflow/.local/lib/python3.12/site-packages/airflow/example_dags/example_branch_day_of_week_operator.py took 0.117 seconds
[2026-08-12T04:46:00.085+0000] {processor.py:186} INFO - Started process (PID=1607) to work on /home/airflow/.local/lib/python3.12/site-packages/airflow/example_dags/example_branch_day_of_week_operator.py
[2026-08-12T04:46:00.087+0000] {processor.py:914} INFO - Processing file /home/airflow/.local/lib/python3.12/site-packages/airflow/example_dags/example_branch_day_of_week_operator.py for tasks to queue
[2026-08-12T04:46:00.093+0000] {logging_mixin.py:190} INFO - [2026-08-12T04:46:00.092+0000] {dagbag.py:587} INFO - Filling up the DagBag from /home/airflow/.local/lib/python3.12/site-packages/airflow/example_dags/example_branch_day_of_week_operator.py
[2026-08-12T04:46:00.106+0000] {processor.py:925} INFO - DAG(s) 'example_weekday_branch_operator' retrieved from /home/airflow/.local/lib/python3.12/site-packages/airflow/example_dags/example_branch_day_of_week_operator.py
[2026-08-12T04:46:00.131+0000] {logging_mixin.py:190} INFO - [2026-08-12T04:46:00.131+0000] {dag.py:3211} INFO - Sync 1 DAGs
[2026-08-12T04:46:00.154+0000] {logging_mixin.py:190} INFO - [2026-08-12T04:46:00.154+0000] {dag.py:4138} INFO - Setting next_dagrun for example_weekday_branch_operator to 2026-08-11 00:00:00+00:00, run_after=2026-08-12 00:00:00+00:00
[2026-08-12T04:46:00.180+0000] {processor.py:208} INFO - Processing /home/airflow/.local/lib/python3.12/site-packages/airflow/example_dags/example_branch_day_of_week_operator.py took 0.103 seconds
[2026-08-12T04:46:30.233+0000] {processor.py:186} INFO - Started process (PID=1669) to work on /home/airflow/.local/lib/python3.12/site-packages/airflow/example_dags/example_branch_day_of_week_operator.py
[2026-08-12T04:46:30.234+0000] {processor.py:914} INFO - Processing file /home/airflow/.local/lib/python3.12/site-packages/airflow/example_dags/example_branch_day_of_week_operator.py for tasks to queue
[2026-08-12T04:46:30.239+0000] {logging_mixin.py:190} INFO - [2026-08-12T04:46:30.238+0000] {dagbag.py:587} INFO - Filling up the DagBag from /home/airflow/.local/lib/python3.12/site-packages/airflow/example_dags/example_branch_day_of_week_operator.py
[2026-08-12T04:46:30.253+0000] {processor.py:925} INFO - DAG(s) 'example_weekday_branch_operator' retrieved from /home/airflow/.local/lib/python3.12/site-packages/airflow/example_dags/example_branch_day_of_week_operator.py
[2026-08-12T04:46:30.277+0000] {logging_mixin.py:190} INFO - [2026-08-12T04:46:30.276+0000] {dag.py:3211} INFO - Sync 1 DAGs
[2026-08-12T04:46:30.302+0000] {logging_mixin.py:190} INFO - [2026-08-12T04:46:30.302+0000] {dag.py:4138} INFO - Setting next_dagrun for example_weekday_branch_operator to 2026-08-11 00:00:00+00:00, run_after=2026-08-12 00:00:00+00:00
[2026-08-12T04:46:30.326+0000] {processor.py:208} INFO - Processing /home/airflow/.local/lib/python3.12/site-packages/airflow/example_dags/example_branch_day_of_week_operator.py took 0.099 seconds
[2026-08-12T04:47:00.744+0000] {processor.py:186} INFO - Started process (PID=1731) to work on /home/airflow/.local/lib/python3.12/site-packages/airflow/example_dags/example_branch_day_of_week_operator.py
[2026-08-12T04:47:00.745+0000] {processor.py:914} INFO - Processing file /home/airflow/.local/lib/python3.12/site-packages/airflow/example_dags/example_branch_day_of_week_operator.py for tasks to queue
[2026-08-12T04:47:00.750+0000] {logging_mixin.py:190} INFO - [2026-08-12T04:47:00.749+0000] {dagbag.py:587} INFO - Filling up the DagBag from /home/airflow/.local/lib/python3.12/site-packages/airflow/example_dags/example_branch_day_of_week_operator.py
[2026-08-12T04:47:00.758+0000] {processor.py:925} INFO - DAG(s) 'example_weekday_branch_operator' retrieved from /home/airflow/.local/lib/python3.12/site-packages/airflow/example_dags/example_branch_day_of_week_operator.py
[2026-08-12T04:47:00.781+0000] {logging_mixin.py:190} INFO - [2026-08-12T04:47:00.781+0000] {dag.py:3211} INFO - Sync 1 DAGs
[2026-08-12T04:47:00.806+0000] {logging_mixin.py:190} INFO - [2026-08-12T04:47:00.806+0000] {dag.py:4138} INFO - Setting next_dagrun for example_weekday_branch_operator to 2026-08-11 00:00:00+00:00, run_after=2026-08-12 00:00:00+00:00
[2026-08-12T04:47:00.833+0000] {processor.py:208} INFO - Processing /home/airflow/.local/lib/python3.12/site-packages/airflow/example_dags/example_branch_day_of_week_operator.py took 0.094 seconds
[2026-08-12T04:47:31.786+0000] {processor.py:186} INFO - Started process (PID=1793) to work on /home/airflow/.local/lib/python3.12/site-packages/airflow/example_dags/example_branch_day_of_week_operator.py
[2026-08-12T04:47:31.789+0000] {processor.py:914} INFO - Processing file /home/airflow/.local/lib/python3.12/site-packages/airflow/example_dags/example_branch_day_of_week_operator.py for tasks to queue
[2026-08-12T04:47:31.793+0000] {logging_mixin.py:190} INFO - [2026-08-12T04:47:31.792+0000] {dagbag.py:587} INFO - Filling up the DagBag from /home/airflow/.local/lib/python3.12/site-packages/airflow/example_dags/example_branch_day_of_week_operator.py
[2026-08-12T04:47:31.807+0000] {processor.py:925} INFO - DAG(s) 'example_weekday_branch_operator' retrieved from /home/airflow/.local/lib/python3.12/site-packages/airflow/example_dags/example_branch_day_of_week_operator.py
[2026-08-12T04:47:31.833+0000] {logging_mixin.py:190} INFO - [2026-08-12T04:47:31.833+0000] {dag.py:3211} INFO - Sync 1 DAGs
[2026-08-12T04:47:31.883+0000] {logging_mixin.py:190} INFO - [2026-08-12T04:47:31.882+0000] {dag.py:4138} INFO - Setting next_dagrun for example_weekday_branch_operator to 2026-08-11 00:00:00+00:00, run_after=2026-08-12 00:00:00+00:00
[2026-08-12T04:47:31.907+0000] {processor.py:208} INFO - Processing /home/airflow/.local/lib/python3.12/site-packages/airflow/example_dags/example_branch_day_of_week_operator.py took 0.130 seconds
[2026-08-12T04:48:02.006+0000] {processor.py:186} INFO - Started process (PID=1855) to work on /home/airflow/.local/lib/python3.12/site-packages/airflow/example_dags/example_branch_day_of_week_operator.py
[2026-08-12T04:48:02.008+0000] {processor.py:914} INFO - Processing file /home/airflow/.local/lib/python3.12/site-packages/airflow/example_dags/example_branch_day_of_week_operator.py for tasks to queue
[2026-08-12T04:48:02.011+0000] {logging_mixin.py:190} INFO - [2026-08-12T04:48:02.010+0000] {dagbag.py:587} INFO - Filling up the DagBag from /home/airflow/.local/lib/python3.12/site-packages/airflow/example_dags/example_branch_day_of_week_operator.py
[2026-08-12T04:48:02.019+0000] {processor.py:925} INFO - DAG(s) 'example_weekday_branch_operator' retrieved from /home/airflow/.local/lib/python3.12/site-packages/airflow/example_dags/example_branch_day_of_week_operator.py
[2026-08-12T04:48:02.039+0000] {logging_mixin.py:190} INFO - [2026-08-12T04:48:02.038+0000] {dag.py:3211} INFO - Sync 1 DAGs
[2026-08-12T04:48:02.061+0000] {logging_mixin.py:190} INFO - [2026-08-12T04:48:02.060+0000] {dag.py:4138} INFO - Setting next_dagrun for example_weekday_branch_operator to 2026-08-11 00:00:00+00:00, run_after=2026-08-12 00:00:00+00:00
[2026-08-12T04:48:02.087+0000] {processor.py:208} INFO - Processing /home/airflow/.local/lib/python3.12/site-packages/airflow/example_dags/example_branch_day_of_week_operator.py took 0.085 seconds
