[2026-08-12T04:31:27.211+0000] {processor.py:186} INFO - Started process (PID=70) to work on /home/airflow/.local/lib/python3.12/site-packages/airflow/example_dags/example_branch_operator.py
[2026-08-12T04:31:27.213+0000] {processor.py:914} INFO - Processing file /home/airflow/.local/lib/python3.12/site-packages/airflow/example_dags/example_branch_operator.py for tasks to queue
[2026-08-12T04:31:27.217+0000] {logging_mixin.py:190} INFO - [2026-08-12T04:31:27.216+0000] {dagbag.py:587} INFO - Filling up the DagBag from /home/airflow/.local/lib/python3.12/site-packages/airflow/example_dags/example_branch_operator.py
[2026-08-12T04:31:27.259+0000] {processor.py:925} INFO - DAG(s) 'example_branch_operator' retrieved from /home/airflow/.local/lib/python3.12/site-packages/airflow/example_dags/example_branch_operator.py
[2026-08-12T04:31:27.445+0000] {logging_mixin.py:190} INFO - [2026-08-12T04:31:27.444+0000] {override.py:1858} INFO - Created Permission View: can read on DAG:example_branch_operator
[2026-08-12T04:31:27.461+0000] {logging_mixin.py:190} INFO - [2026-08-12T04:31:27.460+0000] {override.py:1858} INFO - Created Permission View: can edit on DAG:example_branch_operator
[2026-08-12T04:31:27.473+0000] {logging_mixin.py:190} INFO - [2026-08-12T04:31:27.472+0000] {override.py:1858} INFO - Created Permission View: can delete on DAG:example_branch_operator
[2026-08-12T04:31:27.474+0000] {logging_mixin.py:190} INFO - [2026-08-12T04:31:27.474+0000] {dag.py:3211} INFO - Sync 1 DAGs
[2026-08-12T04:31:27.494+0000] {logging_mixin.py:190} INFO - [2026-08-12T04:31:27.493+0000] {dag.py:3234} INFO - Creating ORM DAG for example_branch_operator
[2026-08-12T04:31:27.508+0000] {logging_mixin.py:190} INFO - [2026-08-12T04:31:27.508+0000] {dag.py:4138} INFO - Setting next_dagrun for example_branch_operator to 2026-08-11 00:00:00+00:00, run_after=2026-08-12 00:00:00+00:00
[2026-08-12T04:31:27.541+0000] {processor.py:208} INFO - Processing /home/airflow/.local/lib/python3.12/site-packages/airflow/example_dags/example_branch_operator.py took 0.338 seconds
[2026-08-12T04:31:57.882+0000] {processor.py:186} INFO - Started process (PID=132) to work on /home/airflow/.local/lib/python3.12/site-packages/airflow/example_dags/example_branch_operator.py
[2026-08-12T04:31:57.883+0000] {processor.py:914} INFO - Processing file /home/airflow/.local/lib/python3.12/site-packages/airflow/example_dags/example_branch_operator.py for tasks to queue
[2026-08-12T04:31:57.887+0000] {logging_mixin.py:190} INFO - [2026-08-12T04:31:57.887+0000] {dagbag.py:587} INFO - Filling up the DagBag from /home/airflow/.local/lib/python3.12/site-packages/airflow/example_dags/example_branch_operator.py
[2026-08-12T04:31:57.908+0000] {processor.py:925} INFO - DAG(s) 'example_branch_operator' retrieved from /home/airflow/.local/lib/python3.12/site-packages/airflow/example_dags/example_branch_operator.py
[2026-08-12T04:31:57.940+0000] {logging_mixin.py:190} INFO - [2026-08-12T04:31:57.940+0000] {dag.py:3211} INFO - Sync 1 DAGs
[2026-08-12T04:31:57.964+0000] {logging_mixin.py:190} INFO - [2026-08-12T04:31:57.963+0000] {dag.py:4138} INFO - Setting next_dagrun for example_branch_operator to 2026-08-11 00:00:00+00:00, run_after=2026-08-12 00:00:00+00:00
[2026-08-12T04:31:57.985+0000] {processor.py:208} INFO - Processing /home/airflow/.local/lib/python3.12/site-packages/airflow/example_dags/example_branch_operator.py took 0.111 seconds
[2026-08-12T04:33:17.366+0000] {processor.py:186} INFO - Started process (PID=57) to work on /home/airflow/.local/lib/python3.12/site-packages/airflow/example_dags/example_branch_operator.py
[2026-08-12T04:33:17.370+0000] {processor.py:914} INFO - Processing file /home/airflow/.local/lib/python3.12/site-packages/airflow/example_dags/example_branch_operator.py for tasks to queue
[2026-08-12T04:33:17.376+0000] {logging_mixin.py:190} INFO - [2026-08-12T04:33:17.375+0000] {dagbag.py:587} INFO - Filling up the DagBag from /home/airflow/.local/lib/python3.12/site-packages/airflow/example_dags/example_branch_operator.py
[2026-08-12T04:33:17.429+0000] {processor.py:925} INFO - DAG(s) 'example_branch_operator' retrieved from /home/airflow/.local/lib/python3.12/site-packages/airflow/example_dags/example_branch_operator.py
[2026-08-12T04:33:17.748+0000] {logging_mixin.py:190} INFO - [2026-08-12T04:33:17.747+0000] {dag.py:3211} INFO - Sync 1 DAGs
[2026-08-12T04:33:17.799+0000] {logging_mixin.py:190} INFO - [2026-08-12T04:33:17.798+0000] {dag.py:4138} INFO - Setting next_dagrun for example_branch_operator to 2026-08-11 00:00:00+00:00, run_after=2026-08-12 00:00:00+00:00
[2026-08-12T04:33:17.867+0000] {processor.py:208} INFO - Processing /home/airflow/.local/lib/python3.12/site-packages/airflow/example_dags/example_branch_operator.py took 0.525 seconds
[2026-08-12T04:33:48.543+0000] {processor.py:186} INFO - Started process (PID=119) to work on /home/airflow/.local/lib/python3.12/site-packages/airflow/example_dags/example_branch_operator.py
[2026-08-12T04:33:48.545+0000] {processor.py:914} INFO - Processing file /home/airflow/.local/lib/python3.12/site-packages/airflow/example_dags/example_branch_operator.py for tasks to queue
[2026-08-12T04:33:48.550+0000] {logging_mixin.py:190} INFO - [2026-08-12T04:33:48.549+0000] {dagbag.py:587} INFO - Filling up the DagBag from /home/airflow/.local/lib/python3.12/site-packages/airflow/example_dags/example_branch_operator.py
[2026-08-12T04:33:48.574+0000] {processor.py:925} INFO - DAG(s) 'example_branch_operator' retrieved from /home/airflow/.local/lib/python3.12/site-packages/airflow/example_dags/example_branch_operator.py
[2026-08-12T04:33:48.608+0000] {logging_mixin.py:190} INFO - [2026-08-12T04:33:48.608+0000] {dag.py:3211} INFO - Sync 1 DAGs
[2026-08-12T04:33:48.636+0000] {logging_mixin.py:190} INFO - [2026-08-12T04:33:48.635+0000] {dag.py:4138} INFO - Setting next_dagrun for example_branch_operator to 2026-08-11 00:00:00+00:00, run_after=2026-08-12 00:00:00+00:00
[2026-08-12T04:33:48.662+0000] {processor.py:208} INFO - Processing /home/airflow/.local/lib/python3.12/site-packages/airflow/example_dags/example_branch_operator.py took 0.128 seconds
[2026-08-12T04:34:18.775+0000] {processor.py:186} INFO - Started process (PID=181) to work on /home/airflow/.local/lib/python3.12/site-packages/airflow/example_dags/example_branch_operator.py
[2026-08-12T04:34:18.777+0000] {processor.py:914} INFO - Processing file /home/airflow/.local/lib/python3.12/site-packages/airflow/example_dags/example_branch_operator.py for tasks to queue
[2026-08-12T04:34:18.781+0000] {logging_mixin.py:190} INFO - [2026-08-12T04:34:18.780+0000] {dagbag.py:587} INFO - Filling up the DagBag from /home/airflow/.local/lib/python3.12/site-packages/airflow/example_dags/example_branch_operator.py
[2026-08-12T04:34:18.807+0000] {processor.py:925} INFO - DAG(s) 'example_branch_operator' retrieved from /home/airflow/.local/lib/python3.12/site-packages/airflow/example_dags/example_branch_operator.py
[2026-08-12T04:34:18.844+0000] {logging_mixin.py:190} INFO - [2026-08-12T04:34:18.844+0000] {dag.py:3211} INFO - Sync 1 DAGs
[2026-08-12T04:34:18.872+0000] {logging_mixin.py:190} INFO - [2026-08-12T04:34:18.872+0000] {dag.py:4138} INFO - Setting next_dagrun for example_branch_operator to 2026-08-11 00:00:00+00:00, run_after=2026-08-12 00:00:00+00:00
[2026-08-12T04:34:18.899+0000] {processor.py:208} INFO - Processing /home/airflow/.local/lib/python3.12/site-packages/airflow/example_dags/example_branch_operator.py took 0.132 seconds
[2026-08-12T04:34:48.981+0000] {processor.py:186} INFO - Started process (PID=243) to work on /home/airflow/.local/lib/python3.12/site-packages/airflow/example_dags/example_branch_operator.py
[2026-08-12T04:34:48.983+0000] {processor.py:914} INFO - Processing file /home/airflow/.local/lib/python3.12/site-packages/airflow/example_dags/example_branch_operator.py for tasks to queue
[2026-08-12T04:34:48.998+0000] {logging_mixin.py:190} INFO - [2026-08-12T04:34:48.987+0000] {dagbag.py:587} INFO - Filling up the DagBag from /home/airflow/.local/lib/python3.12/site-packages/airflow/example_dags/example_branch_operator.py
[2026-08-12T04:34:49.021+0000] {processor.py:925} INFO - DAG(s) 'example_branch_operator' retrieved from /home/airflow/.local/lib/python3.12/site-packages/airflow/example_dags/example_branch_operator.py
[2026-08-12T04:34:49.052+0000] {logging_mixin.py:190} INFO - [2026-08-12T04:34:49.051+0000] {dag.py:3211} INFO - Sync 1 DAGs
[2026-08-12T04:34:49.098+0000] {logging_mixin.py:190} INFO - [2026-08-12T04:34:49.098+0000] {dag.py:4138} INFO - Setting next_dagrun for example_branch_operator to 2026-08-11 00:00:00+00:00, run_after=2026-08-12 00:00:00+00:00
[2026-08-12T04:34:49.125+0000] {processor.py:208} INFO - Processing /home/airflow/.local/lib/python3.12/site-packages/airflow/example_dags/example_branch_operator.py took 0.150 seconds
[2026-08-12T04:35:19.613+0000] {processor.py:186} INFO - Started process (PID=306) to work on /home/airflow/.local/lib/python3.12/site-packages/airflow/example_dags/example_branch_operator.py
[2026-08-12T04:35:19.616+0000] {processor.py:914} INFO - Processing file /home/airflow/.local/lib/python3.12/site-packages/airflow/example_dags/example_branch_operator.py for tasks to queue
[2026-08-12T04:35:19.622+0000] {logging_mixin.py:190} INFO - [2026-08-12T04:35:19.621+0000] {dagbag.py:587} INFO - Filling up the DagBag from /home/airflow/.local/lib/python3.12/site-packages/airflow/example_dags/example_branch_operator.py
[2026-08-12T04:35:19.653+0000] {processor.py:925} INFO - DAG(s) 'example_branch_operator' retrieved from /home/airflow/.local/lib/python3.12/site-packages/airflow/example_dags/example_branch_operator.py
[2026-08-12T04:35:19.693+0000] {logging_mixin.py:190} INFO - [2026-08-12T04:35:19.692+0000] {dag.py:3211} INFO - Sync 1 DAGs
[2026-08-12T04:35:19.723+0000] {logging_mixin.py:190} INFO - [2026-08-12T04:35:19.722+0000] {dag.py:4138} INFO - Setting next_dagrun for example_branch_operator to 2026-08-11 00:00:00+00:00, run_after=2026-08-12 00:00:00+00:00
[2026-08-12T04:35:19.755+0000] {processor.py:208} INFO - Processing /home/airflow/.local/lib/python3.12/site-packages/airflow/example_dags/example_branch_operator.py took 0.153 seconds
[2026-08-12T04:35:50.101+0000] {processor.py:186} INFO - Started process (PID=368) to work on /home/airflow/.local/lib/python3.12/site-packages/airflow/example_dags/example_branch_operator.py
[2026-08-12T04:35:50.103+0000] {processor.py:914} INFO - Processing file /home/airflow/.local/lib/python3.12/site-packages/airflow/example_dags/example_branch_operator.py for tasks to queue
[2026-08-12T04:35:50.106+0000] {logging_mixin.py:190} INFO - [2026-08-12T04:35:50.106+0000] {dagbag.py:587} INFO - Filling up the DagBag from /home/airflow/.local/lib/python3.12/site-packages/airflow/example_dags/example_branch_operator.py
[2026-08-12T04:35:50.126+0000] {processor.py:925} INFO - DAG(s) 'example_branch_operator' retrieved from /home/airflow/.local/lib/python3.12/site-packages/airflow/example_dags/example_branch_operator.py
[2026-08-12T04:35:50.154+0000] {logging_mixin.py:190} INFO - [2026-08-12T04:35:50.154+0000] {dag.py:3211} INFO - Sync 1 DAGs
[2026-08-12T04:35:50.179+0000] {logging_mixin.py:190} INFO - [2026-08-12T04:35:50.179+0000] {dag.py:4138} INFO - Setting next_dagrun for example_branch_operator to 2026-08-11 00:00:00+00:00, run_after=2026-08-12 00:00:00+00:00
[2026-08-12T04:35:50.203+0000] {processor.py:208} INFO - Processing /home/airflow/.local/lib/python3.12/site-packages/airflow/example_dags/example_branch_operator.py took 0.111 seconds
[2026-08-12T04:36:20.704+0000] {processor.py:186} INFO - Started process (PID=430) to work on /home/airflow/.local/lib/python3.12/site-packages/airflow/example_dags/example_branch_operator.py
[2026-08-12T04:36:20.707+0000] {processor.py:914} INFO - Processing file /home/airflow/.local/lib/python3.12/site-packages/airflow/example_dags/example_branch_operator.py for tasks to queue
[2026-08-12T04:36:20.712+0000] {logging_mixin.py:190} INFO - [2026-08-12T04:36:20.711+0000] {dagbag.py:587} INFO - Filling up the DagBag from /home/airflow/.local/lib/python3.12/site-packages/airflow/example_dags/example_branch_operator.py
[2026-08-12T04:36:20.729+0000] {processor.py:925} INFO - DAG(s) 'example_branch_operator' retrieved from /home/airflow/.local/lib/python3.12/site-packages/airflow/example_dags/example_branch_operator.py
[2026-08-12T04:36:20.754+0000] {logging_mixin.py:190} INFO - [2026-08-12T04:36:20.754+0000] {dag.py:3211} INFO - Sync 1 DAGs
[2026-08-12T04:36:20.777+0000] {logging_mixin.py:190} INFO - [2026-08-12T04:36:20.777+0000] {dag.py:4138} INFO - Setting next_dagrun for example_branch_operator to 2026-08-11 00:00:00+00:00, run_after=2026-08-12 00:00:00+00:00
[2026-08-12T04:36:20.803+0000] {processor.py:208} INFO - Processing /home/airflow/.local/lib/python3.12/site-packages/airflow/example_dags/example_branch_operator.py took 0.106 seconds
[2026-08-12T04:36:51.167+0000] {processor.py:186} INFO - Started process (PID=492) to work on /home/airflow/.local/lib/python3.12/site-packages/airflow/example_dags/example_branch_operator.py
[2026-08-12T04:36:51.169+0000] {processor.py:914} INFO - Processing file /home/airflow/.local/lib/python3.12/site-packages/airflow/example_dags/example_branch_operator.py for tasks to queue
[2026-08-12T04:36:51.172+0000] {logging_mixin.py:190} INFO - [2026-08-12T04:36:51.172+0000] {dagbag.py:587} INFO - Filling up the DagBag from /home/airflow/.local/lib/python3.12/site-packages/airflow/example_dags/example_branch_operator.py
[2026-08-12T04:36:51.199+0000] {processor.py:925} INFO - DAG(s) 'example_branch_operator' retrieved from /home/airflow/.local/lib/python3.12/site-packages/airflow/example_dags/example_branch_operator.py
[2026-08-12T04:36:51.227+0000] {logging_mixin.py:190} INFO - [2026-08-12T04:36:51.227+0000] {dag.py:3211} INFO - Sync 1 DAGs
[2026-08-12T04:36:51.250+0000] {logging_mixin.py:190} INFO - [2026-08-12T04:36:51.250+0000] {dag.py:4138} INFO - Setting next_dagrun for example_branch_operator to 2026-08-11 00:00:00+00:00, run_after=2026-08-12 00:00:00+00:00
[2026-08-12T04:36:51.274+0000] {processor.py:208} INFO - Processing /home/airflow/.local/lib/python3.12/site-packages/airflow/example_dags/example_branch_operator.py took 0.111 seconds
[2026-08-12T04:37:21.471+0000] {processor.py:186} INFO - Started process (PID=554) to work on /home/airflow/.local/lib/python3.12/site-packages/airflow/example_dags/example_branch_operator.py
[2026-08-12T04:37:21.474+0000] {processor.py:914} INFO - Processing file /home/airflow/.local/lib/python3.12/site-packages/airflow/example_dags/example_branch_operator.py for tasks to queue
[2026-08-12T04:37:21.477+0000] {logging_mixin.py:190} INFO - [2026-08-12T04:37:21.477+0000] {dagbag.py:587} INFO - Filling up the DagBag from /home/airflow/.local/lib/python3.12/site-packages/airflow/example_dags/example_branch_operator.py
[2026-08-12T04:37:21.495+0000] {processor.py:925} INFO - DAG(s) 'example_branch_operator' retrieved from /home/airflow/.local/lib/python3.12/site-packages/airflow/example_dags/example_branch_operator.py
[2026-08-12T04:37:21.520+0000] {logging_mixin.py:190} INFO - [2026-08-12T04:37:21.520+0000] {dag.py:3211} INFO - Sync 1 DAGs
[2026-08-12T04:37:21.543+0000] {logging_mixin.py:190} INFO - [2026-08-12T04:37:21.542+0000] {dag.py:4138} INFO - Setting next_dagrun for example_branch_operator to 2026-08-11 00:00:00+00:00, run_after=2026-08-12 00:00:00+00:00
[2026-08-12T04:37:21.569+0000] {processor.py:208} INFO - Processing /home/airflow/.local/lib/python3.12/site-packages/airflow/example_dags/example_branch_operator.py took 0.103 seconds
[2026-08-12T04:37:52.322+0000] {processor.py:186} INFO - Started process (PID=616) to work on /home/airflow/.local/lib/python3.12/site-packages/airflow/example_dags/example_branch_operator.py
[2026-08-12T04:37:52.324+0000] {processor.py:914} INFO - Processing file /home/airflow/.local/lib/python3.12/site-packages/airflow/example_dags/example_branch_operator.py for tasks to queue
[2026-08-12T04:37:52.327+0000] {logging_mixin.py:190} INFO - [2026-08-12T04:37:52.326+0000] {dagbag.py:587} INFO - Filling up the DagBag from /home/airflow/.local/lib/python3.12/site-packages/airflow/example_dags/example_branch_operator.py
[2026-08-12T04:37:52.359+0000] {processor.py:925} INFO - DAG(s) 'example_branch_operator' retrieved from /home/airflow/.local/lib/python3.12/site-packages/airflow/example_dags/example_branch_operator.py
[2026-08-12T04:37:52.402+0000] {logging_mixin.py:190} INFO - [2026-08-12T04:37:52.402+0000] {dag.py:3211} INFO - Sync 1 DAGs
[2026-08-12T04:37:52.426+0000] {logging_mixin.py:190} INFO - [2026-08-12T04:37:52.426+0000] {dag.py:4138} INFO - Setting next_dagrun for example_branch_operator to 2026-08-11 00:00:00+00:00, run_after=2026-08-12 00:00:00+00:00
[2026-08-12T04:37:52.452+0000] {processor.py:208} INFO - Processing /home/airflow/.local/lib/python3.12/site-packages/airflow/example_dags/example_branch_operator.py took 0.136 seconds
[2026-08-12T04:38:23.319+0000] {processor.py:186} INFO - Started process (PID=678) to work on /home/airflow/.local/lib/python3.12/site-packages/airflow/example_dags/example_branch_operator.py
[2026-08-12T04:38:23.321+0000] {processor.py:914} INFO - Processing file /home/airflow/.local/lib/python3.12/site-packages/airflow/example_dags/example_branch_operator.py for tasks to queue
[2026-08-12T04:38:23.324+0000] {logging_mixin.py:190} INFO - [2026-08-12T04:38:23.324+0000] {dagbag.py:587} INFO - Filling up the DagBag from /home/airflow/.local/lib/python3.12/site-packages/airflow/example_dags/example_branch_operator.py
[2026-08-12T04:38:23.342+0000] {processor.py:925} INFO - DAG(s) 'example_branch_operator' retrieved from /home/airflow/.local/lib/python3.12/site-packages/airflow/example_dags/example_branch_operator.py
[2026-08-12T04:38:23.370+0000] {logging_mixin.py:190} INFO - [2026-08-12T04:38:23.369+0000] {dag.py:3211} INFO - Sync 1 DAGs
[2026-08-12T04:38:23.394+0000] {logging_mixin.py:190} INFO - [2026-08-12T04:38:23.394+0000] {dag.py:4138} INFO - Setting next_dagrun for example_branch_operator to 2026-08-11 00:00:00+00:00, run_after=2026-08-12 00:00:00+00:00
[2026-08-12T04:38:23.435+0000] {processor.py:208} INFO - Processing /home/airflow/.local/lib/python3.12/site-packages/airflow/example_dags/example_branch_operator.py took 0.122 seconds
[2026-08-12T04:38:53.695+0000] {processor.py:186} INFO - Started process (PID=740) to work on /home/airflow/.local/lib/python3.12/site-packages/airflow/example_dags/example_branch_operator.py
[2026-08-12T04:38:53.697+0000] {processor.py:914} INFO - Processing file /home/airflow/.local/lib/python3.12/site-packages/airflow/example_dags/example_branch_operator.py for tasks to queue
[2026-08-12T04:38:53.702+0000] {logging_mixin.py:190} INFO - [2026-08-12T04:38:53.701+0000] {dagbag.py:587} INFO - Filling up the DagBag from /home/airflow/.local/lib/python3.12/site-packages/airflow/example_dags/example_branch_operator.py
[2026-08-12T04:38:53.728+0000] {processor.py:925} INFO - DAG(s) 'example_branch_operator' retrieved from /home/airflow/.local/lib/python3.12/site-packages/airflow/example_dags/example_branch_operator.py
[2026-08-12T04:38:53.763+0000] {logging_mixin.py:190} INFO - [2026-08-12T04:38:53.763+0000] {dag.py:3211} INFO - Sync 1 DAGs
[2026-08-12T04:38:53.793+0000] {logging_mixin.py:190} INFO - [2026-08-12T04:38:53.792+0000] {dag.py:4138} INFO - Setting next_dagrun for example_branch_operator to 2026-08-11 00:00:00+00:00, run_after=2026-08-12 00:00:00+00:00
[2026-08-12T04:38:53.823+0000] {processor.py:208} INFO - Processing /home/airflow/.local/lib/python3.12/site-packages/airflow/example_dags/example_branch_operator.py took 0.135 seconds
[2026-08-12T04:39:24.364+0000] {processor.py:186} INFO - Started process (PID=802) to work on /home/airflow/.local/lib/python3.12/site-packages/airflow/example_dags/example_branch_operator.py
[2026-08-12T04:39:24.366+0000] {processor.py:914} INFO - Processing file /home/airflow/.local/lib/python3.12/site-packages/airflow/example_dags/example_branch_operator.py for tasks to queue
[2026-08-12T04:39:24.370+0000] {logging_mixin.py:190} INFO - [2026-08-12T04:39:24.370+0000] {dagbag.py:587} INFO - Filling up the DagBag from /home/airflow/.local/lib/python3.12/site-packages/airflow/example_dags/example_branch_operator.py
[2026-08-12T04:39:24.391+0000] {processor.py:925} INFO - DAG(s) 'example_branch_operator' retrieved from /home/airflow/.local/lib/python3.12/site-packages/airflow/example_dags/example_branch_operator.py
[2026-08-12T04:39:24.426+0000] {logging_mixin.py:190} INFO - [2026-08-12T04:39:24.425+0000] {dag.py:3211} INFO - Sync 1 DAGs
[2026-08-12T04:39:24.453+0000] {logging_mixin.py:190} INFO - [2026-08-12T04:39:24.453+0000] {dag.py:4138} INFO - Setting next_dagrun for example_branch_operator to 2026-08-11 00:00:00+00:00, run_after=2026-08-12 00:00:00+00:00
[2026-08-12T04:39:24.481+0000] {processor.py:208} INFO - Processing /home/airflow/.local/lib/python3.12/site-packages/airflow/example_dags/example_branch_operator.py took 0.126 seconds
[2026-08-12T04:39:55.368+0000] {processor.py:186} INFO - Started process (PID=864) to work on /home/airflow/.local/lib/python3.12/site-packages/airflow/example_dags/example_branch_operator.py
[2026-08-12T04:39:55.370+0000] {processor.py:914} INFO - Processing file /home/airflow/.local/lib/python3.12/site-packages/airflow/example_dags/example_branch_operator.py for tasks to queue
[2026-08-12T04:39:55.374+0000] {logging_mixin.py:190} INFO - [2026-08-12T04:39:55.374+0000] {dagbag.py:587} INFO - Filling up the DagBag from /home/airflow/.local/lib/python3.12/site-packages/airflow/example_dags/example_branch_operator.py
[2026-08-12T04:39:55.390+0000] {processor.py:925} INFO - DAG(s) 'example_branch_operator' retrieved from /home/airflow/.local/lib/python3.12/site-packages/airflow/example_dags/example_branch_operator.py
[2026-08-12T04:39:55.420+0000] {logging_mixin.py:190} INFO - [2026-08-12T04:39:55.419+0000] {dag.py:3211} INFO - Sync 1 DAGs
[2026-08-12T04:39:55.444+0000] {logging_mixin.py:190} INFO - [2026-08-12T04:39:55.444+0000] {dag.py:4138} INFO - Setting next_dagrun for example_branch_operator to 2026-08-11 00:00:00+00:00, run_after=2026-08-12 00:00:00+00:00
[2026-08-12T04:39:55.473+0000] {processor.py:208} INFO - Processing /home/airflow/.local/lib/python3.12/site-packages/airflow/example_dags/example_branch_operator.py took 0.122 seconds
[2026-08-12T04:40:25.952+0000] {processor.py:186} INFO - Started process (PID=926) to work on /home/airflow/.local/lib/python3.12/site-packages/airflow/example_dags/example_branch_operator.py
[2026-08-12T04:40:25.954+0000] {processor.py:914} INFO - Processing file /home/airflow/.local/lib/python3.12/site-packages/airflow/example_dags/example_branch_operator.py for tasks to queue
[2026-08-12T04:40:25.959+0000] {logging_mixin.py:190} INFO - [2026-08-12T04:40:25.959+0000] {dagbag.py:587} INFO - Filling up the DagBag from /home/airflow/.local/lib/python3.12/site-packages/airflow/example_dags/example_branch_operator.py
[2026-08-12T04:40:25.981+0000] {processor.py:925} INFO - DAG(s) 'example_branch_operator' retrieved from /home/airflow/.local/lib/python3.12/site-packages/airflow/example_dags/example_branch_operator.py
[2026-08-12T04:40:26.013+0000] {logging_mixin.py:190} INFO - [2026-08-12T04:40:26.013+0000] {dag.py:3211} INFO - Sync 1 DAGs
[2026-08-12T04:40:26.040+0000] {logging_mixin.py:190} INFO - [2026-08-12T04:40:26.039+0000] {dag.py:4138} INFO - Setting next_dagrun for example_branch_operator to 2026-08-11 00:00:00+00:00, run_after=2026-08-12 00:00:00+00:00
[2026-08-12T04:40:26.065+0000] {processor.py:208} INFO - Processing /home/airflow/.local/lib/python3.12/site-packages/airflow/example_dags/example_branch_operator.py took 0.121 seconds
[2026-08-12T04:40:56.266+0000] {processor.py:186} INFO - Started process (PID=988) to work on /home/airflow/.local/lib/python3.12/site-packages/airflow/example_dags/example_branch_operator.py
[2026-08-12T04:40:56.268+0000] {processor.py:914} INFO - Processing file /home/airflow/.local/lib/python3.12/site-packages/airflow/example_dags/example_branch_operator.py for tasks to queue
[2026-08-12T04:40:56.272+0000] {logging_mixin.py:190} INFO - [2026-08-12T04:40:56.270+0000] {dagbag.py:587} INFO - Filling up the DagBag from /home/airflow/.local/lib/python3.12/site-packages/airflow/example_dags/example_branch_operator.py
[2026-08-12T04:40:56.299+0000] {processor.py:925} INFO - DAG(s) 'example_branch_operator' retrieved from /home/airflow/.local/lib/python3.12/site-packages/airflow/example_dags/example_branch_operator.py
[2026-08-12T04:40:56.344+0000] {logging_mixin.py:190} INFO - [2026-08-12T04:40:56.343+0000] {dag.py:3211} INFO - Sync 1 DAGs
[2026-08-12T04:40:56.369+0000] {logging_mixin.py:190} INFO - [2026-08-12T04:40:56.369+0000] {dag.py:4138} INFO - Setting next_dagrun for example_branch_operator to 2026-08-11 00:00:00+00:00, run_after=2026-08-12 00:00:00+00:00
[2026-08-12T04:40:56.396+0000] {processor.py:208} INFO - Processing /home/airflow/.local/lib/python3.12/site-packages/airflow/example_dags/example_branch_operator.py took 0.136 seconds
[2026-08-12T04:41:26.563+0000] {processor.py:186} INFO - Started process (PID=1050) to work on /home/airflow/.local/lib/python3.12/site-packages/airflow/example_dags/example_branch_operator.py
[2026-08-12T04:41:26.564+0000] {processor.py:914} INFO - Processing file /home/airflow/.local/lib/python3.12/site-packages/airflow/example_dags/example_branch_operator.py for tasks to queue
[2026-08-12T04:41:26.568+0000] {logging_mixin.py:190} INFO - [2026-08-12T04:41:26.567+0000] {dagbag.py:587} INFO - Filling up the DagBag from /home/airflow/.local/lib/python3.12/site-packages/airflow/example_dags/example_branch_operator.py
[2026-08-12T04:41:26.587+0000] {processor.py:925} INFO - DAG(s) 'example_branch_operator' retrieved from /home/airflow/.local/lib/python3.12/site-packages/airflow/example_dags/example_branch_operator.py
[2026-08-12T04:41:26.619+0000] {logging_mixin.py:190} INFO - [2026-08-12T04:41:26.619+0000] {dag.py:3211} INFO - Sync 1 DAGs
[2026-08-12T04:41:26.646+0000] {logging_mixin.py:190} INFO - [2026-08-12T04:41:26.646+0000] {dag.py:4138} INFO - Setting next_dagrun for example_branch_operator to 2026-08-11 00:00:00+00:00, run_after=2026-08-12 00:00:00+00:00
[2026-08-12T04:41:26.670+0000] {processor.py:208} INFO - Processing /home/airflow/.local/lib/python3.12/site-packages/airflow/example_dags/example_branch_operator.py took 0.116 seconds
[2026-08-12T04:41:56.852+0000] {processor.py:186} INFO - Started process (PID=1112) to work on /home/airflow/.local/lib/python3.12/site-packages/airflow/example_dags/example_branch_operator.py
[2026-08-12T04:41:56.854+0000] {processor.py:914} INFO - Processing file /home/airflow/.local/lib/python3.12/site-packages/airflow/example_dags/example_branch_operator.py for tasks to queue
[2026-08-12T04:41:56.858+0000] {logging_mixin.py:190} INFO - [2026-08-12T04:41:56.858+0000] {dagbag.py:587} INFO - Filling up the DagBag from /home/airflow/.local/lib/python3.12/site-packages/airflow/example_dags/example_branch_operator.py
[2026-08-12T04:41:56.896+0000] {processor.py:925} INFO - DAG(s) 'example_branch_operator' retrieved from /home/airflow/.local/lib/python3.12/site-packages/airflow/example_dags/example_branch_operator.py
[2026-08-12T04:41:56.923+0000] {logging_mixin.py:190} INFO - [2026-08-12T04:41:56.923+0000] {dag.py:3211} INFO - Sync 1 DAGs
[2026-08-12T04:41:56.951+0000] {logging_mixin.py:190} INFO - [2026-08-12T04:41:56.951+0000] {dag.py:4138} INFO - Setting next_dagrun for example_branch_operator to 2026-08-11 00:00:00+00:00, run_after=2026-08-12 00:00:00+00:00
[2026-08-12T04:41:56.987+0000] {processor.py:208} INFO - Processing /home/airflow/.local/lib/python3.12/site-packages/airflow/example_dags/example_branch_operator.py took 0.142 seconds
[2026-08-12T04:42:27.724+0000] {processor.py:186} INFO - Started process (PID=1174) to work on /home/airflow/.local/lib/python3.12/site-packages/airflow/example_dags/example_branch_operator.py
[2026-08-12T04:42:27.725+0000] {processor.py:914} INFO - Processing file /home/airflow/.local/lib/python3.12/site-packages/airflow/example_dags/example_branch_operator.py for tasks to queue
[2026-08-12T04:42:27.728+0000] {logging_mixin.py:190} INFO - [2026-08-12T04:42:27.728+0000] {dagbag.py:587} INFO - Filling up the DagBag from /home/airflow/.local/lib/python3.12/site-packages/airflow/example_dags/example_branch_operator.py
[2026-08-12T04:42:27.747+0000] {processor.py:925} INFO - DAG(s) 'example_branch_operator' retrieved from /home/airflow/.local/lib/python3.12/site-packages/airflow/example_dags/example_branch_operator.py
[2026-08-12T04:42:27.795+0000] {logging_mixin.py:190} INFO - [2026-08-12T04:42:27.795+0000] {dag.py:3211} INFO - Sync 1 DAGs
[2026-08-12T04:42:27.827+0000] {logging_mixin.py:190} INFO - [2026-08-12T04:42:27.827+0000] {dag.py:4138} INFO - Setting next_dagrun for example_branch_operator to 2026-08-11 00:00:00+00:00, run_after=2026-08-12 00:00:00+00:00
[2026-08-12T04:42:27.857+0000] {processor.py:208} INFO - Processing /home/airflow/.local/lib/python3.12/site-packages/airflow/example_dags/example_branch_operator.py took 0.139 seconds
[2026-08-12T04:42:57.941+0000] {processor.py:186} INFO - Started process (PID=1236) to work on /home/airflow/.local/lib/python3.12/site-packages/airflow/example_dags/example_branch_operator.py
[2026-08-12T04:42:57.943+0000] {processor.py:914} INFO - Processing file /home/airflow/.local/lib/python3.12/site-packages/airflow/example_dags/example_branch_operator.py for tasks to queue
[2026-08-12T04:42:57.948+0000] {logging_mixin.py:190} INFO - [2026-08-12T04:42:57.947+0000] {dagbag.py:587} INFO - Filling up the DagBag from /home/airflow/.local/lib/python3.12/site-packages/airflow/example_dags/example_branch_operator.py
[2026-08-12T04:42:57.971+0000] {processor.py:925} INFO - DAG(s) 'example_branch_operator' retrieved from /home/airflow/.local/lib/python3.12/site-packages/airflow/example_dags/example_branch_operator.py
[2026-08-12T04:42:58.005+0000] {logging_mixin.py:190} INFO - [2026-08-12T04:42:58.005+0000] {dag.py:3211} INFO - Sync 1 DAGs
[2026-08-12T04:42:58.031+0000] {logging_mixin.py:190} INFO - [2026-08-12T04:42:58.030+0000] {dag.py:4138} INFO - Setting next_dagrun for example_branch_operator to 2026-08-11 00:00:00+00:00, run_after=2026-08-12 00:00:00+00:00
[2026-08-12T04:42:58.057+0000] {processor.py:208} INFO - Processing /home/airflow/.local/lib/python3.12/site-packages/airflow/example_dags/example_branch_operator.py took 0.122 seconds
[2026-08-12T04:43:28.900+0000] {processor.py:186} INFO - Started process (PID=1298) to work on /home/airflow/.local/lib/python3.12/site-packages/airflow/example_dags/example_branch_operator.py
[2026-08-12T04:43:28.901+0000] {processor.py:914} INFO - Processing file /home/airflow/.local/lib/python3.12/site-packages/airflow/example_dags/example_branch_operator.py for tasks to queue
[2026-08-12T04:43:28.904+0000] {logging_mixin.py:190} INFO - [2026-08-12T04:43:28.904+0000] {dagbag.py:587} INFO - Filling up the DagBag from /home/airflow/.local/lib/python3.12/site-packages/airflow/example_dags/example_branch_operator.py
[2026-08-12T04:43:28.922+0000] {processor.py:925} INFO - DAG(s) 'example_branch_operator' retrieved from /home/airflow/.local/lib/python3.12/site-packages/airflow/example_dags/example_branch_operator.py
[2026-08-12T04:43:28.951+0000] {logging_mixin.py:190} INFO - [2026-08-12T04:43:28.951+0000] {dag.py:3211} INFO - Sync 1 DAGs
[2026-08-12T04:43:28.979+0000] {logging_mixin.py:190} INFO - [2026-08-12T04:43:28.979+0000] {dag.py:4138} INFO - Setting next_dagrun for example_branch_operator to 2026-08-11 00:00:00+00:00, run_after=2026-08-12 00:00:00+00:00
[2026-08-12T04:43:29.011+0000] {processor.py:208} INFO - Processing /home/airflow/.local/lib/python3.12/site-packages/airflow/example_dags/example_branch_operator.py took 0.117 seconds
[2026-08-12T04:43:59.639+0000] {processor.py:186} INFO - Started process (PID=1360) to work on /home/airflow/.local/lib/python3.12/site-packages/airflow/example_dags/example_branch_operator.py
[2026-08-12T04:43:59.641+0000] {processor.py:914} INFO - Processing file /home/airflow/.local/lib/python3.12/site-packages/airflow/example_dags/example_branch_operator.py for tasks to queue
[2026-08-12T04:43:59.644+0000] {logging_mixin.py:190} INFO - [2026-08-12T04:43:59.644+0000] {dagbag.py:587} INFO - Filling up the DagBag from /home/airflow/.local/lib/python3.12/site-packages/airflow/example_dags/example_branch_operator.py
[2026-08-12T04:43:59.663+0000] {processor.py:925} INFO - DAG(s) 'example_branch_operator' retrieved from /home/airflow/.local/lib/python3.12/site-packages/airflow/example_dags/example_branch_operator.py
[2026-08-12T04:43:59.689+0000] {logging_mixin.py:190} INFO - [2026-08-12T04:43:59.689+0000] {dag.py:3211} INFO - Sync 1 DAGs
[2026-08-12T04:43:59.716+0000] {logging_mixin.py:190} INFO - [2026-08-12T04:43:59.715+0000] {dag.py:4138} INFO - Setting next_dagrun for example_branch_operator to 2026-08-11 00:00:00+00:00, run_after=2026-08-12 00:00:00+00:00
[2026-08-12T04:43:59.750+0000] {processor.py:208} INFO - Processing /home/airflow/.local/lib/python3.12/site-packages/airflow/example_dags/example_branch_operator.py took 0.118 seconds
[2026-08-12T04:44:30.072+0000] {processor.py:186} INFO - Started process (PID=1423) to work on /home/airflow/.local/lib/python3.12/site-packages/airflow/example_dags/example_branch_operator.py
[2026-08-12T04:44:30.075+0000] {processor.py:914} INFO - Processing file /home/airflow/.local/lib/python3.12/site-packages/airflow/example_dags/example_branch_operator.py for tasks to queue
[2026-08-12T04:44:30.080+0000] {logging_mixin.py:190} INFO - [2026-08-12T04:44:30.079+0000] {dagbag.py:587} INFO - Filling up the DagBag from /home/airflow/.local/lib/python3.12/site-packages/airflow/example_dags/example_branch_operator.py
[2026-08-12T04:44:30.117+0000] {processor.py:925} INFO - DAG(s) 'example_branch_operator' retrieved from /home/airflow/.local/lib/python3.12/site-packages/airflow/example_dags/example_branch_operator.py
[2026-08-12T04:44:30.149+0000] {logging_mixin.py:190} INFO - [2026-08-12T04:44:30.149+0000] {dag.py:3211} INFO - Sync 1 DAGs
[2026-08-12T04:44:30.177+0000] {logging_mixin.py:190} INFO - [2026-08-12T04:44:30.177+0000] {dag.py:4138} INFO - Setting next_dagrun for example_branch_operator to 2026-08-11 00:00:00+00:00, run_after=2026-08-12 00:00:00+00:00
[2026-08-12T04:44:30.211+0000] {processor.py:208} INFO - Processing /home/airflow/.local/lib/python3.12/site-packages/airflow/example_dags/example_branch_operator.py took 0.159 seconds
[2026-08-12T04:45:00.745+0000] {processor.py:186} INFO - Started process (PID=1485) to work on /home/airflow/.local/lib/python3.12/site-packages/airflow/example_dags/example_branch_operator.py
[2026-08-12T04:45:00.747+0000] {processor.py:914} INFO - Processing file /home/airflow/.local/lib/python3.12/site-packages/airflow/example_dags/example_branch_operator.py for tasks to queue
[2026-08-12T04:45:00.750+0000] {logging_mixin.py:190} INFO - [2026-08-12T04:45:00.750+0000] {dagbag.py:587} INFO - Filling up the DagBag from /home/airflow/.local/lib/python3.12/site-packages/airflow/example_dags/example_branch_operator.py
[2026-08-12T04:45:00.771+0000] {processor.py:925} INFO - DAG(s) 'example_branch_operator' retrieved from /home/airflow/.local/lib/python3.12/site-packages/airflow/example_dags/example_branch_operator.py
[2026-08-12T04:45:00.796+0000] {logging_mixin.py:190} INFO - [2026-08-12T04:45:00.796+0000] {dag.py:3211} INFO - Sync 1 DAGs
[2026-08-12T04:45:00.821+0000] {logging_mixin.py:190} INFO - [2026-08-12T04:45:00.821+0000] {dag.py:4138} INFO - Setting next_dagrun for example_branch_operator to 2026-08-11 00:00:00+00:00, run_after=2026-08-12 00:00:00+00:00
[2026-08-12T04:45:00.859+0000] {processor.py:208} INFO - Processing /home/airflow/.local/lib/python3.12/site-packages/airflow/example_dags/example_branch_operator.py took 0.119 seconds
[2026-08-12T04:45:31.093+0000] {processor.py:186} INFO - Started process (PID=1547) to work on /home/airflow/.local/lib/python3.12/site-packages/airflow/example_dags/example_branch_operator.py
[2026-08-12T04:45:31.095+0000] {processor.py:914} INFO - Processing file /home/airflow/.local/lib/python3.12/site-packages/airflow/example_dags/example_branch_operator.py for tasks to queue
[2026-08-12T04:45:31.098+0000] {logging_mixin.py:190} INFO - [2026-08-12T04:45:31.098+0000] {dagbag.py:587} INFO - Filling up the DagBag from /home/airflow/.local/lib/python3.12/site-packages/airflow/example_dags/example_branch_operator.py
[2026-08-12T04:45:31.118+0000] {processor.py:925} INFO - DAG(s) 'example_branch_operator' retrieved from /home/airflow/.local/lib/python3.12/site-packages/airflow/example_dags/example_branch_operator.py
[2026-08-12T04:45:31.146+0000] {logging_mixin.py:190} INFO - [2026-08-12T04:45:31.146+0000] {dag.py:3211} INFO - Sync 1 DAGs
[2026-08-12T04:45:31.176+0000] {logging_mixin.py:190} INFO - [2026-08-12T04:45:31.176+0000] {dag.py:4138} INFO - Setting next_dagrun for example_branch_operator to 2026-08-11 00:00:00+00:00, run_after=2026-08-12 00:00:00+00:00
[2026-08-12T04:45:31.201+0000] {processor.py:208} INFO - Processing /home/airflow/.local/lib/python3.12/site-packages/airflow/example_dags/example_branch_operator.py took 0.116 seconds
[2026-08-12T04:46:01.288+0000] {processor.py:186} INFO - Started process (PID=1609) to work on /home/airflow/.local/lib/python3.12/site-packages/airflow/example_dags/example_branch_operator.py
[2026-08-12T04:46:01.291+0000] {processor.py:914} INFO - Processing file /home/airflow/.local/lib/python3.12/site-packages/airflow/example_dags/example_branch_operator.py for tasks to queue
[2026-08-12T04:46:01.295+0000] {logging_mixin.py:190} INFO - [2026-08-12T04:46:01.295+0000] {dagbag.py:587} INFO - Filling up the DagBag from /home/airflow/.local/lib/python3.12/site-packages/airflow/example_dags/example_branch_operator.py
[2026-08-12T04:46:01.313+0000] {processor.py:925} INFO - DAG(s) 'example_branch_operator' retrieved from /home/airflow/.local/lib/python3.12/site-packages/airflow/example_dags/example_branch_operator.py
[2026-08-12T04:46:01.353+0000] {logging_mixin.py:190} INFO - [2026-08-12T04:46:01.351+0000] {dag.py:3211} INFO - Sync 1 DAGs
[2026-08-12T04:46:01.380+0000] {logging_mixin.py:190} INFO - [2026-08-12T04:46:01.380+0000] {dag.py:4138} INFO - Setting next_dagrun for example_branch_operator to 2026-08-11 00:00:00+00:00, run_after=2026-08-12 00:00:00+00:00
[2026-08-12T04:46:01.410+0000] {processor.py:208} INFO - Processing /home/airflow/.local/lib/python3.12/site-packages/airflow/example_dags/example_branch_operator.py took 0.129 seconds
[2026-08-12T04:46:32.394+0000] {processor.py:186} INFO - Started process (PID=1671) to work on /home/airflow/.local/lib/python3.12/site-packages/airflow/example_dags/example_branch_operator.py
[2026-08-12T04:46:32.395+0000] {processor.py:914} INFO - Processing file /home/airflow/.local/lib/python3.12/site-packages/airflow/example_dags/example_branch_operator.py for tasks to queue
[2026-08-12T04:46:32.399+0000] {logging_mixin.py:190} INFO - [2026-08-12T04:46:32.398+0000] {dagbag.py:587} INFO - Filling up the DagBag from /home/airflow/.local/lib/python3.12/site-packages/airflow/example_dags/example_branch_operator.py
[2026-08-12T04:46:32.417+0000] {processor.py:925} INFO - DAG(s) 'example_branch_operator' retrieved from /home/airflow/.local/lib/python3.12/site-packages/airflow/example_dags/example_branch_operator.py
[2026-08-12T04:46:32.446+0000] {logging_mixin.py:190} INFO - [2026-08-12T04:46:32.445+0000] {dag.py:3211} INFO - Sync 1 DAGs
[2026-08-12T04:46:32.469+0000] {logging_mixin.py:190} INFO - [2026-08-12T04:46:32.469+0000] {dag.py:4138} INFO - Setting next_dagrun for example_branch_operator to 2026-08-11 00:00:00+00:00, run_after=2026-08-12 00:00:00+00:00
[2026-08-12T04:46:32.496+0000] {processor.py:208} INFO - Processing /home/airflow/.local/lib/python3.12/site-packages/airflow/example_dags/example_branch_operator.py took 0.110 seconds
[2026-08-12T04:47:02.898+0000] {processor.py:186} INFO - Started process (PID=1733) to work on /home/airflow/.local/lib/python3.12/site-packages/airflow/example_dags/example_branch_operator.py
[2026-08-12T04:47:02.900+0000] {processor.py:914} INFO - Processing file /home/airflow/.local/lib/python3.12/site-packages/airflow/example_dags/example_branch_operator.py for tasks to queue
[2026-08-12T04:47:02.904+0000] {logging_mixin.py:190} INFO - [2026-08-12T04:47:02.904+0000] {dagbag.py:587} INFO - Filling up the DagBag from /home/airflow/.local/lib/python3.12/site-packages/airflow/example_dags/example_branch_operator.py
[2026-08-12T04:47:02.931+0000] {processor.py:925} INFO - DAG(s) 'example_branch_operator' retrieved from /home/airflow/.local/lib/python3.12/site-packages/airflow/example_dags/example_branch_operator.py
[2026-08-12T04:47:02.976+0000] {logging_mixin.py:190} INFO - [2026-08-12T04:47:02.976+0000] {dag.py:3211} INFO - Sync 1 DAGs
[2026-08-12T04:47:03.011+0000] {logging_mixin.py:190} INFO - [2026-08-12T04:47:03.010+0000] {dag.py:4138} INFO - Setting next_dagrun for example_branch_operator to 2026-08-11 00:00:00+00:00, run_after=2026-08-12 00:00:00+00:00
[2026-08-12T04:47:03.037+0000] {processor.py:208} INFO - Processing /home/airflow/.local/lib/python3.12/site-packages/airflow/example_dags/example_branch_operator.py took 0.148 seconds
[2026-08-12T04:47:33.975+0000] {processor.py:186} INFO - Started process (PID=1795) to work on /home/airflow/.local/lib/python3.12/site-packages/airflow/example_dags/example_branch_operator.py
[2026-08-12T04:47:33.977+0000] {processor.py:914} INFO - Processing file /home/airflow/.local/lib/python3.12/site-packages/airflow/example_dags/example_branch_operator.py for tasks to queue
[2026-08-12T04:47:33.982+0000] {logging_mixin.py:190} INFO - [2026-08-12T04:47:33.981+0000] {dagbag.py:587} INFO - Filling up the DagBag from /home/airflow/.local/lib/python3.12/site-packages/airflow/example_dags/example_branch_operator.py
[2026-08-12T04:47:33.998+0000] {processor.py:925} INFO - DAG(s) 'example_branch_operator' retrieved from /home/airflow/.local/lib/python3.12/site-packages/airflow/example_dags/example_branch_operator.py
[2026-08-12T04:47:34.028+0000] {logging_mixin.py:190} INFO - [2026-08-12T04:47:34.027+0000] {dag.py:3211} INFO - Sync 1 DAGs
[2026-08-12T04:47:34.055+0000] {logging_mixin.py:190} INFO - [2026-08-12T04:47:34.054+0000] {dag.py:4138} INFO - Setting next_dagrun for example_branch_operator to 2026-08-11 00:00:00+00:00, run_after=2026-08-12 00:00:00+00:00
[2026-08-12T04:47:34.086+0000] {processor.py:208} INFO - Processing /home/airflow/.local/lib/python3.12/site-packages/airflow/example_dags/example_branch_operator.py took 0.116 seconds
[2026-08-12T04:48:04.157+0000] {processor.py:186} INFO - Started process (PID=1857) to work on /home/airflow/.local/lib/python3.12/site-packages/airflow/example_dags/example_branch_operator.py
[2026-08-12T04:48:04.159+0000] {processor.py:914} INFO - Processing file /home/airflow/.local/lib/python3.12/site-packages/airflow/example_dags/example_branch_operator.py for tasks to queue
[2026-08-12T04:48:04.162+0000] {logging_mixin.py:190} INFO - [2026-08-12T04:48:04.162+0000] {dagbag.py:587} INFO - Filling up the DagBag from /home/airflow/.local/lib/python3.12/site-packages/airflow/example_dags/example_branch_operator.py
[2026-08-12T04:48:04.183+0000] {processor.py:925} INFO - DAG(s) 'example_branch_operator' retrieved from /home/airflow/.local/lib/python3.12/site-packages/airflow/example_dags/example_branch_operator.py
[2026-08-12T04:48:04.212+0000] {logging_mixin.py:190} INFO - [2026-08-12T04:48:04.211+0000] {dag.py:3211} INFO - Sync 1 DAGs
[2026-08-12T04:48:04.238+0000] {logging_mixin.py:190} INFO - [2026-08-12T04:48:04.237+0000] {dag.py:4138} INFO - Setting next_dagrun for example_branch_operator to 2026-08-11 00:00:00+00:00, run_after=2026-08-12 00:00:00+00:00
[2026-08-12T04:48:04.266+0000] {processor.py:208} INFO - Processing /home/airflow/.local/lib/python3.12/site-packages/airflow/example_dags/example_branch_operator.py took 0.116 seconds
