[2026-08-12T04:31:33.352+0000] {processor.py:186} INFO - Started process (PID=95) to work on /home/airflow/.local/lib/python3.12/site-packages/airflow/example_dags/example_xcomargs.py
[2026-08-12T04:31:33.356+0000] {processor.py:914} INFO - Processing file /home/airflow/.local/lib/python3.12/site-packages/airflow/example_dags/example_xcomargs.py for tasks to queue
[2026-08-12T04:31:33.360+0000] {logging_mixin.py:190} INFO - [2026-08-12T04:31:33.360+0000] {dagbag.py:587} INFO - Filling up the DagBag from /home/airflow/.local/lib/python3.12/site-packages/airflow/example_dags/example_xcomargs.py
[2026-08-12T04:31:33.374+0000] {processor.py:925} INFO - DAG(s) 'example_xcom_args_with_operators', 'example_xcom_args' retrieved from /home/airflow/.local/lib/python3.12/site-packages/airflow/example_dags/example_xcomargs.py
[2026-08-12T04:31:33.506+0000] {logging_mixin.py:190} INFO - [2026-08-12T04:31:33.506+0000] {override.py:1858} INFO - Created Permission View: can read on DAG:example_xcom_args_with_operators
[2026-08-12T04:31:33.527+0000] {logging_mixin.py:190} INFO - [2026-08-12T04:31:33.526+0000] {override.py:1858} INFO - Created Permission View: can edit on DAG:example_xcom_args_with_operators
[2026-08-12T04:31:33.556+0000] {logging_mixin.py:190} INFO - [2026-08-12T04:31:33.556+0000] {override.py:1858} INFO - Created Permission View: can delete on DAG:example_xcom_args_with_operators
[2026-08-12T04:31:33.583+0000] {logging_mixin.py:190} INFO - [2026-08-12T04:31:33.582+0000] {override.py:1858} INFO - Created Permission View: can read on DAG:example_xcom_args
[2026-08-12T04:31:33.595+0000] {logging_mixin.py:190} INFO - [2026-08-12T04:31:33.595+0000] {override.py:1858} INFO - Created Permission View: can edit on DAG:example_xcom_args
[2026-08-12T04:31:33.609+0000] {logging_mixin.py:190} INFO - [2026-08-12T04:31:33.608+0000] {override.py:1858} INFO - Created Permission View: can delete on DAG:example_xcom_args
[2026-08-12T04:31:33.611+0000] {logging_mixin.py:190} INFO - [2026-08-12T04:31:33.610+0000] {dag.py:3211} INFO - Sync 2 DAGs
[2026-08-12T04:31:33.625+0000] {logging_mixin.py:190} INFO - [2026-08-12T04:31:33.624+0000] {dag.py:3234} INFO - Creating ORM DAG for example_xcom_args_with_operators
[2026-08-12T04:31:33.626+0000] {logging_mixin.py:190} INFO - [2026-08-12T04:31:33.626+0000] {dag.py:3234} INFO - Creating ORM DAG for example_xcom_args
[2026-08-12T04:31:33.628+0000] {logging_mixin.py:190} INFO - [2026-08-12T04:31:33.628+0000] {dag.py:4138} INFO - Setting next_dagrun for example_xcom_args to None, run_after=None
[2026-08-12T04:31:33.630+0000] {logging_mixin.py:190} INFO - [2026-08-12T04:31:33.630+0000] {dag.py:4138} INFO - Setting next_dagrun for example_xcom_args_with_operators to None, run_after=None
[2026-08-12T04:31:33.655+0000] {processor.py:208} INFO - Processing /home/airflow/.local/lib/python3.12/site-packages/airflow/example_dags/example_xcomargs.py took 0.311 seconds
[2026-08-12T04:32:04.330+0000] {processor.py:186} INFO - Started process (PID=157) to work on /home/airflow/.local/lib/python3.12/site-packages/airflow/example_dags/example_xcomargs.py
[2026-08-12T04:32:04.332+0000] {processor.py:914} INFO - Processing file /home/airflow/.local/lib/python3.12/site-packages/airflow/example_dags/example_xcomargs.py for tasks to queue
[2026-08-12T04:32:04.336+0000] {logging_mixin.py:190} INFO - [2026-08-12T04:32:04.335+0000] {dagbag.py:587} INFO - Filling up the DagBag from /home/airflow/.local/lib/python3.12/site-packages/airflow/example_dags/example_xcomargs.py
[2026-08-12T04:32:04.348+0000] {processor.py:925} INFO - DAG(s) 'example_xcom_args_with_operators', 'example_xcom_args' retrieved from /home/airflow/.local/lib/python3.12/site-packages/airflow/example_dags/example_xcomargs.py
[2026-08-12T04:32:04.375+0000] {logging_mixin.py:190} INFO - [2026-08-12T04:32:04.375+0000] {dag.py:3211} INFO - Sync 2 DAGs
[2026-08-12T04:32:04.389+0000] {logging_mixin.py:190} INFO - [2026-08-12T04:32:04.389+0000] {dag.py:4138} INFO - Setting next_dagrun for example_xcom_args to None, run_after=None
[2026-08-12T04:32:04.401+0000] {logging_mixin.py:190} INFO - [2026-08-12T04:32:04.398+0000] {dag.py:4138} INFO - Setting next_dagrun for example_xcom_args_with_operators to None, run_after=None
[2026-08-12T04:32:04.433+0000] {processor.py:208} INFO - Processing /home/airflow/.local/lib/python3.12/site-packages/airflow/example_dags/example_xcomargs.py took 0.110 seconds
[2026-08-12T04:33:20.834+0000] {processor.py:186} INFO - Started process (PID=82) to work on /home/airflow/.local/lib/python3.12/site-packages/airflow/example_dags/example_xcomargs.py
[2026-08-12T04:33:20.836+0000] {processor.py:914} INFO - Processing file /home/airflow/.local/lib/python3.12/site-packages/airflow/example_dags/example_xcomargs.py for tasks to queue
[2026-08-12T04:33:20.840+0000] {logging_mixin.py:190} INFO - [2026-08-12T04:33:20.840+0000] {dagbag.py:587} INFO - Filling up the DagBag from /home/airflow/.local/lib/python3.12/site-packages/airflow/example_dags/example_xcomargs.py
[2026-08-12T04:33:20.854+0000] {processor.py:925} INFO - DAG(s) 'example_xcom_args_with_operators', 'example_xcom_args' retrieved from /home/airflow/.local/lib/python3.12/site-packages/airflow/example_dags/example_xcomargs.py
[2026-08-12T04:33:20.891+0000] {logging_mixin.py:190} INFO - [2026-08-12T04:33:20.891+0000] {dag.py:3211} INFO - Sync 2 DAGs
[2026-08-12T04:33:20.912+0000] {logging_mixin.py:190} INFO - [2026-08-12T04:33:20.912+0000] {dag.py:4138} INFO - Setting next_dagrun for example_xcom_args to None, run_after=None
[2026-08-12T04:33:20.920+0000] {logging_mixin.py:190} INFO - [2026-08-12T04:33:20.920+0000] {dag.py:4138} INFO - Setting next_dagrun for example_xcom_args_with_operators to None, run_after=None
[2026-08-12T04:33:20.948+0000] {processor.py:208} INFO - Processing /home/airflow/.local/lib/python3.12/site-packages/airflow/example_dags/example_xcomargs.py took 0.121 seconds
[2026-08-12T04:33:51.822+0000] {processor.py:186} INFO - Started process (PID=144) to work on /home/airflow/.local/lib/python3.12/site-packages/airflow/example_dags/example_xcomargs.py
[2026-08-12T04:33:51.824+0000] {processor.py:914} INFO - Processing file /home/airflow/.local/lib/python3.12/site-packages/airflow/example_dags/example_xcomargs.py for tasks to queue
[2026-08-12T04:33:51.826+0000] {logging_mixin.py:190} INFO - [2026-08-12T04:33:51.826+0000] {dagbag.py:587} INFO - Filling up the DagBag from /home/airflow/.local/lib/python3.12/site-packages/airflow/example_dags/example_xcomargs.py
[2026-08-12T04:33:51.837+0000] {processor.py:925} INFO - DAG(s) 'example_xcom_args_with_operators', 'example_xcom_args' retrieved from /home/airflow/.local/lib/python3.12/site-packages/airflow/example_dags/example_xcomargs.py
[2026-08-12T04:33:51.863+0000] {logging_mixin.py:190} INFO - [2026-08-12T04:33:51.863+0000] {dag.py:3211} INFO - Sync 2 DAGs
[2026-08-12T04:33:51.878+0000] {logging_mixin.py:190} INFO - [2026-08-12T04:33:51.878+0000] {dag.py:4138} INFO - Setting next_dagrun for example_xcom_args to None, run_after=None
[2026-08-12T04:33:51.895+0000] {logging_mixin.py:190} INFO - [2026-08-12T04:33:51.895+0000] {dag.py:4138} INFO - Setting next_dagrun for example_xcom_args_with_operators to None, run_after=None
[2026-08-12T04:33:51.930+0000] {processor.py:208} INFO - Processing /home/airflow/.local/lib/python3.12/site-packages/airflow/example_dags/example_xcomargs.py took 0.112 seconds
[2026-08-12T04:34:22.176+0000] {processor.py:186} INFO - Started process (PID=206) to work on /home/airflow/.local/lib/python3.12/site-packages/airflow/example_dags/example_xcomargs.py
[2026-08-12T04:34:22.177+0000] {processor.py:914} INFO - Processing file /home/airflow/.local/lib/python3.12/site-packages/airflow/example_dags/example_xcomargs.py for tasks to queue
[2026-08-12T04:34:22.181+0000] {logging_mixin.py:190} INFO - [2026-08-12T04:34:22.181+0000] {dagbag.py:587} INFO - Filling up the DagBag from /home/airflow/.local/lib/python3.12/site-packages/airflow/example_dags/example_xcomargs.py
[2026-08-12T04:34:22.193+0000] {processor.py:925} INFO - DAG(s) 'example_xcom_args', 'example_xcom_args_with_operators' retrieved from /home/airflow/.local/lib/python3.12/site-packages/airflow/example_dags/example_xcomargs.py
[2026-08-12T04:34:22.241+0000] {logging_mixin.py:190} INFO - [2026-08-12T04:34:22.241+0000] {dag.py:3211} INFO - Sync 2 DAGs
[2026-08-12T04:34:22.257+0000] {logging_mixin.py:190} INFO - [2026-08-12T04:34:22.256+0000] {dag.py:4138} INFO - Setting next_dagrun for example_xcom_args to None, run_after=None
[2026-08-12T04:34:22.263+0000] {logging_mixin.py:190} INFO - [2026-08-12T04:34:22.263+0000] {dag.py:4138} INFO - Setting next_dagrun for example_xcom_args_with_operators to None, run_after=None
[2026-08-12T04:34:22.286+0000] {processor.py:208} INFO - Processing /home/airflow/.local/lib/python3.12/site-packages/airflow/example_dags/example_xcomargs.py took 0.117 seconds
[2026-08-12T04:34:52.331+0000] {processor.py:186} INFO - Started process (PID=268) to work on /home/airflow/.local/lib/python3.12/site-packages/airflow/example_dags/example_xcomargs.py
[2026-08-12T04:34:52.333+0000] {processor.py:914} INFO - Processing file /home/airflow/.local/lib/python3.12/site-packages/airflow/example_dags/example_xcomargs.py for tasks to queue
[2026-08-12T04:34:52.336+0000] {logging_mixin.py:190} INFO - [2026-08-12T04:34:52.335+0000] {dagbag.py:587} INFO - Filling up the DagBag from /home/airflow/.local/lib/python3.12/site-packages/airflow/example_dags/example_xcomargs.py
[2026-08-12T04:34:52.347+0000] {processor.py:925} INFO - DAG(s) 'example_xcom_args_with_operators', 'example_xcom_args' retrieved from /home/airflow/.local/lib/python3.12/site-packages/airflow/example_dags/example_xcomargs.py
[2026-08-12T04:34:52.372+0000] {logging_mixin.py:190} INFO - [2026-08-12T04:34:52.372+0000] {dag.py:3211} INFO - Sync 2 DAGs
[2026-08-12T04:34:52.385+0000] {logging_mixin.py:190} INFO - [2026-08-12T04:34:52.385+0000] {dag.py:4138} INFO - Setting next_dagrun for example_xcom_args to None, run_after=None
[2026-08-12T04:34:52.390+0000] {logging_mixin.py:190} INFO - [2026-08-12T04:34:52.389+0000] {dag.py:4138} INFO - Setting next_dagrun for example_xcom_args_with_operators to None, run_after=None
[2026-08-12T04:34:52.410+0000] {processor.py:208} INFO - Processing /home/airflow/.local/lib/python3.12/site-packages/airflow/example_dags/example_xcomargs.py took 0.084 seconds
[2026-08-12T04:35:22.548+0000] {processor.py:186} INFO - Started process (PID=331) to work on /home/airflow/.local/lib/python3.12/site-packages/airflow/example_dags/example_xcomargs.py
[2026-08-12T04:35:22.549+0000] {processor.py:914} INFO - Processing file /home/airflow/.local/lib/python3.12/site-packages/airflow/example_dags/example_xcomargs.py for tasks to queue
[2026-08-12T04:35:22.552+0000] {logging_mixin.py:190} INFO - [2026-08-12T04:35:22.552+0000] {dagbag.py:587} INFO - Filling up the DagBag from /home/airflow/.local/lib/python3.12/site-packages/airflow/example_dags/example_xcomargs.py
[2026-08-12T04:35:22.562+0000] {processor.py:925} INFO - DAG(s) 'example_xcom_args_with_operators', 'example_xcom_args' retrieved from /home/airflow/.local/lib/python3.12/site-packages/airflow/example_dags/example_xcomargs.py
[2026-08-12T04:35:22.582+0000] {logging_mixin.py:190} INFO - [2026-08-12T04:35:22.582+0000] {dag.py:3211} INFO - Sync 2 DAGs
[2026-08-12T04:35:22.595+0000] {logging_mixin.py:190} INFO - [2026-08-12T04:35:22.595+0000] {dag.py:4138} INFO - Setting next_dagrun for example_xcom_args to None, run_after=None
[2026-08-12T04:35:22.599+0000] {logging_mixin.py:190} INFO - [2026-08-12T04:35:22.599+0000] {dag.py:4138} INFO - Setting next_dagrun for example_xcom_args_with_operators to None, run_after=None
[2026-08-12T04:35:22.624+0000] {processor.py:208} INFO - Processing /home/airflow/.local/lib/python3.12/site-packages/airflow/example_dags/example_xcomargs.py took 0.082 seconds
[2026-08-12T04:35:53.025+0000] {processor.py:186} INFO - Started process (PID=393) to work on /home/airflow/.local/lib/python3.12/site-packages/airflow/example_dags/example_xcomargs.py
[2026-08-12T04:35:53.027+0000] {processor.py:914} INFO - Processing file /home/airflow/.local/lib/python3.12/site-packages/airflow/example_dags/example_xcomargs.py for tasks to queue
[2026-08-12T04:35:53.030+0000] {logging_mixin.py:190} INFO - [2026-08-12T04:35:53.030+0000] {dagbag.py:587} INFO - Filling up the DagBag from /home/airflow/.local/lib/python3.12/site-packages/airflow/example_dags/example_xcomargs.py
[2026-08-12T04:35:53.041+0000] {processor.py:925} INFO - DAG(s) 'example_xcom_args_with_operators', 'example_xcom_args' retrieved from /home/airflow/.local/lib/python3.12/site-packages/airflow/example_dags/example_xcomargs.py
[2026-08-12T04:35:53.063+0000] {logging_mixin.py:190} INFO - [2026-08-12T04:35:53.063+0000] {dag.py:3211} INFO - Sync 2 DAGs
[2026-08-12T04:35:53.080+0000] {logging_mixin.py:190} INFO - [2026-08-12T04:35:53.079+0000] {dag.py:4138} INFO - Setting next_dagrun for example_xcom_args to None, run_after=None
[2026-08-12T04:35:53.086+0000] {logging_mixin.py:190} INFO - [2026-08-12T04:35:53.085+0000] {dag.py:4138} INFO - Setting next_dagrun for example_xcom_args_with_operators to None, run_after=None
[2026-08-12T04:35:53.108+0000] {processor.py:208} INFO - Processing /home/airflow/.local/lib/python3.12/site-packages/airflow/example_dags/example_xcomargs.py took 0.088 seconds
[2026-08-12T04:36:23.485+0000] {processor.py:186} INFO - Started process (PID=455) to work on /home/airflow/.local/lib/python3.12/site-packages/airflow/example_dags/example_xcomargs.py
[2026-08-12T04:36:23.486+0000] {processor.py:914} INFO - Processing file /home/airflow/.local/lib/python3.12/site-packages/airflow/example_dags/example_xcomargs.py for tasks to queue
[2026-08-12T04:36:23.489+0000] {logging_mixin.py:190} INFO - [2026-08-12T04:36:23.489+0000] {dagbag.py:587} INFO - Filling up the DagBag from /home/airflow/.local/lib/python3.12/site-packages/airflow/example_dags/example_xcomargs.py
[2026-08-12T04:36:23.499+0000] {processor.py:925} INFO - DAG(s) 'example_xcom_args_with_operators', 'example_xcom_args' retrieved from /home/airflow/.local/lib/python3.12/site-packages/airflow/example_dags/example_xcomargs.py
[2026-08-12T04:36:23.524+0000] {logging_mixin.py:190} INFO - [2026-08-12T04:36:23.523+0000] {dag.py:3211} INFO - Sync 2 DAGs
[2026-08-12T04:36:23.538+0000] {logging_mixin.py:190} INFO - [2026-08-12T04:36:23.538+0000] {dag.py:4138} INFO - Setting next_dagrun for example_xcom_args to None, run_after=None
[2026-08-12T04:36:23.543+0000] {logging_mixin.py:190} INFO - [2026-08-12T04:36:23.543+0000] {dag.py:4138} INFO - Setting next_dagrun for example_xcom_args_with_operators to None, run_after=None
[2026-08-12T04:36:23.563+0000] {processor.py:208} INFO - Processing /home/airflow/.local/lib/python3.12/site-packages/airflow/example_dags/example_xcomargs.py took 0.083 seconds
[2026-08-12T04:36:54.060+0000] {processor.py:186} INFO - Started process (PID=517) to work on /home/airflow/.local/lib/python3.12/site-packages/airflow/example_dags/example_xcomargs.py
[2026-08-12T04:36:54.062+0000] {processor.py:914} INFO - Processing file /home/airflow/.local/lib/python3.12/site-packages/airflow/example_dags/example_xcomargs.py for tasks to queue
[2026-08-12T04:36:54.066+0000] {logging_mixin.py:190} INFO - [2026-08-12T04:36:54.065+0000] {dagbag.py:587} INFO - Filling up the DagBag from /home/airflow/.local/lib/python3.12/site-packages/airflow/example_dags/example_xcomargs.py
[2026-08-12T04:36:54.077+0000] {processor.py:925} INFO - DAG(s) 'example_xcom_args_with_operators', 'example_xcom_args' retrieved from /home/airflow/.local/lib/python3.12/site-packages/airflow/example_dags/example_xcomargs.py
[2026-08-12T04:36:54.100+0000] {logging_mixin.py:190} INFO - [2026-08-12T04:36:54.099+0000] {dag.py:3211} INFO - Sync 2 DAGs
[2026-08-12T04:36:54.114+0000] {logging_mixin.py:190} INFO - [2026-08-12T04:36:54.113+0000] {dag.py:4138} INFO - Setting next_dagrun for example_xcom_args to None, run_after=None
[2026-08-12T04:36:54.118+0000] {logging_mixin.py:190} INFO - [2026-08-12T04:36:54.118+0000] {dag.py:4138} INFO - Setting next_dagrun for example_xcom_args_with_operators to None, run_after=None
[2026-08-12T04:36:54.141+0000] {processor.py:208} INFO - Processing /home/airflow/.local/lib/python3.12/site-packages/airflow/example_dags/example_xcomargs.py took 0.087 seconds
[2026-08-12T04:37:24.759+0000] {processor.py:186} INFO - Started process (PID=579) to work on /home/airflow/.local/lib/python3.12/site-packages/airflow/example_dags/example_xcomargs.py
[2026-08-12T04:37:24.762+0000] {processor.py:914} INFO - Processing file /home/airflow/.local/lib/python3.12/site-packages/airflow/example_dags/example_xcomargs.py for tasks to queue
[2026-08-12T04:37:24.766+0000] {logging_mixin.py:190} INFO - [2026-08-12T04:37:24.766+0000] {dagbag.py:587} INFO - Filling up the DagBag from /home/airflow/.local/lib/python3.12/site-packages/airflow/example_dags/example_xcomargs.py
[2026-08-12T04:37:24.779+0000] {processor.py:925} INFO - DAG(s) 'example_xcom_args', 'example_xcom_args_with_operators' retrieved from /home/airflow/.local/lib/python3.12/site-packages/airflow/example_dags/example_xcomargs.py
[2026-08-12T04:37:24.809+0000] {logging_mixin.py:190} INFO - [2026-08-12T04:37:24.809+0000] {dag.py:3211} INFO - Sync 2 DAGs
[2026-08-12T04:37:24.830+0000] {logging_mixin.py:190} INFO - [2026-08-12T04:37:24.829+0000] {dag.py:4138} INFO - Setting next_dagrun for example_xcom_args to None, run_after=None
[2026-08-12T04:37:24.837+0000] {logging_mixin.py:190} INFO - [2026-08-12T04:37:24.836+0000] {dag.py:4138} INFO - Setting next_dagrun for example_xcom_args_with_operators to None, run_after=None
[2026-08-12T04:37:24.859+0000] {processor.py:208} INFO - Processing /home/airflow/.local/lib/python3.12/site-packages/airflow/example_dags/example_xcomargs.py took 0.106 seconds
[2026-08-12T04:37:55.509+0000] {processor.py:186} INFO - Started process (PID=641) to work on /home/airflow/.local/lib/python3.12/site-packages/airflow/example_dags/example_xcomargs.py
[2026-08-12T04:37:55.511+0000] {processor.py:914} INFO - Processing file /home/airflow/.local/lib/python3.12/site-packages/airflow/example_dags/example_xcomargs.py for tasks to queue
[2026-08-12T04:37:55.518+0000] {logging_mixin.py:190} INFO - [2026-08-12T04:37:55.517+0000] {dagbag.py:587} INFO - Filling up the DagBag from /home/airflow/.local/lib/python3.12/site-packages/airflow/example_dags/example_xcomargs.py
[2026-08-12T04:37:55.542+0000] {processor.py:925} INFO - DAG(s) 'example_xcom_args', 'example_xcom_args_with_operators' retrieved from /home/airflow/.local/lib/python3.12/site-packages/airflow/example_dags/example_xcomargs.py
[2026-08-12T04:37:55.573+0000] {logging_mixin.py:190} INFO - [2026-08-12T04:37:55.573+0000] {dag.py:3211} INFO - Sync 2 DAGs
[2026-08-12T04:37:55.592+0000] {logging_mixin.py:190} INFO - [2026-08-12T04:37:55.592+0000] {dag.py:4138} INFO - Setting next_dagrun for example_xcom_args to None, run_after=None
[2026-08-12T04:37:55.600+0000] {logging_mixin.py:190} INFO - [2026-08-12T04:37:55.600+0000] {dag.py:4138} INFO - Setting next_dagrun for example_xcom_args_with_operators to None, run_after=None
[2026-08-12T04:37:55.626+0000] {processor.py:208} INFO - Processing /home/airflow/.local/lib/python3.12/site-packages/airflow/example_dags/example_xcomargs.py took 0.124 seconds
[2026-08-12T04:38:25.729+0000] {processor.py:186} INFO - Started process (PID=703) to work on /home/airflow/.local/lib/python3.12/site-packages/airflow/example_dags/example_xcomargs.py
[2026-08-12T04:38:25.730+0000] {processor.py:914} INFO - Processing file /home/airflow/.local/lib/python3.12/site-packages/airflow/example_dags/example_xcomargs.py for tasks to queue
[2026-08-12T04:38:25.735+0000] {logging_mixin.py:190} INFO - [2026-08-12T04:38:25.734+0000] {dagbag.py:587} INFO - Filling up the DagBag from /home/airflow/.local/lib/python3.12/site-packages/airflow/example_dags/example_xcomargs.py
[2026-08-12T04:38:25.746+0000] {processor.py:925} INFO - DAG(s) 'example_xcom_args_with_operators', 'example_xcom_args' retrieved from /home/airflow/.local/lib/python3.12/site-packages/airflow/example_dags/example_xcomargs.py
[2026-08-12T04:38:25.775+0000] {logging_mixin.py:190} INFO - [2026-08-12T04:38:25.775+0000] {dag.py:3211} INFO - Sync 2 DAGs
[2026-08-12T04:38:25.793+0000] {logging_mixin.py:190} INFO - [2026-08-12T04:38:25.792+0000] {dag.py:4138} INFO - Setting next_dagrun for example_xcom_args to None, run_after=None
[2026-08-12T04:38:25.797+0000] {logging_mixin.py:190} INFO - [2026-08-12T04:38:25.797+0000] {dag.py:4138} INFO - Setting next_dagrun for example_xcom_args_with_operators to None, run_after=None
[2026-08-12T04:38:25.822+0000] {processor.py:208} INFO - Processing /home/airflow/.local/lib/python3.12/site-packages/airflow/example_dags/example_xcomargs.py took 0.099 seconds
[2026-08-12T04:38:56.166+0000] {processor.py:186} INFO - Started process (PID=765) to work on /home/airflow/.local/lib/python3.12/site-packages/airflow/example_dags/example_xcomargs.py
[2026-08-12T04:38:56.169+0000] {processor.py:914} INFO - Processing file /home/airflow/.local/lib/python3.12/site-packages/airflow/example_dags/example_xcomargs.py for tasks to queue
[2026-08-12T04:38:56.172+0000] {logging_mixin.py:190} INFO - [2026-08-12T04:38:56.172+0000] {dagbag.py:587} INFO - Filling up the DagBag from /home/airflow/.local/lib/python3.12/site-packages/airflow/example_dags/example_xcomargs.py
[2026-08-12T04:38:56.198+0000] {processor.py:925} INFO - DAG(s) 'example_xcom_args', 'example_xcom_args_with_operators' retrieved from /home/airflow/.local/lib/python3.12/site-packages/airflow/example_dags/example_xcomargs.py
[2026-08-12T04:38:56.226+0000] {logging_mixin.py:190} INFO - [2026-08-12T04:38:56.226+0000] {dag.py:3211} INFO - Sync 2 DAGs
[2026-08-12T04:38:56.242+0000] {logging_mixin.py:190} INFO - [2026-08-12T04:38:56.242+0000] {dag.py:4138} INFO - Setting next_dagrun for example_xcom_args to None, run_after=None
[2026-08-12T04:38:56.247+0000] {logging_mixin.py:190} INFO - [2026-08-12T04:38:56.247+0000] {dag.py:4138} INFO - Setting next_dagrun for example_xcom_args_with_operators to None, run_after=None
[2026-08-12T04:38:56.273+0000] {processor.py:208} INFO - Processing /home/airflow/.local/lib/python3.12/site-packages/airflow/example_dags/example_xcomargs.py took 0.112 seconds
[2026-08-12T04:39:26.457+0000] {processor.py:186} INFO - Started process (PID=827) to work on /home/airflow/.local/lib/python3.12/site-packages/airflow/example_dags/example_xcomargs.py
[2026-08-12T04:39:26.459+0000] {processor.py:914} INFO - Processing file /home/airflow/.local/lib/python3.12/site-packages/airflow/example_dags/example_xcomargs.py for tasks to queue
[2026-08-12T04:39:26.462+0000] {logging_mixin.py:190} INFO - [2026-08-12T04:39:26.461+0000] {dagbag.py:587} INFO - Filling up the DagBag from /home/airflow/.local/lib/python3.12/site-packages/airflow/example_dags/example_xcomargs.py
[2026-08-12T04:39:26.473+0000] {processor.py:925} INFO - DAG(s) 'example_xcom_args_with_operators', 'example_xcom_args' retrieved from /home/airflow/.local/lib/python3.12/site-packages/airflow/example_dags/example_xcomargs.py
[2026-08-12T04:39:26.505+0000] {logging_mixin.py:190} INFO - [2026-08-12T04:39:26.505+0000] {dag.py:3211} INFO - Sync 2 DAGs
[2026-08-12T04:39:26.522+0000] {logging_mixin.py:190} INFO - [2026-08-12T04:39:26.522+0000] {dag.py:4138} INFO - Setting next_dagrun for example_xcom_args to None, run_after=None
[2026-08-12T04:39:26.527+0000] {logging_mixin.py:190} INFO - [2026-08-12T04:39:26.526+0000] {dag.py:4138} INFO - Setting next_dagrun for example_xcom_args_with_operators to None, run_after=None
[2026-08-12T04:39:26.548+0000] {processor.py:208} INFO - Processing /home/airflow/.local/lib/python3.12/site-packages/airflow/example_dags/example_xcomargs.py took 0.097 seconds
[2026-08-12T04:39:57.899+0000] {processor.py:186} INFO - Started process (PID=889) to work on /home/airflow/.local/lib/python3.12/site-packages/airflow/example_dags/example_xcomargs.py
[2026-08-12T04:39:57.901+0000] {processor.py:914} INFO - Processing file /home/airflow/.local/lib/python3.12/site-packages/airflow/example_dags/example_xcomargs.py for tasks to queue
[2026-08-12T04:39:57.906+0000] {logging_mixin.py:190} INFO - [2026-08-12T04:39:57.906+0000] {dagbag.py:587} INFO - Filling up the DagBag from /home/airflow/.local/lib/python3.12/site-packages/airflow/example_dags/example_xcomargs.py
[2026-08-12T04:39:57.921+0000] {processor.py:925} INFO - DAG(s) 'example_xcom_args_with_operators', 'example_xcom_args' retrieved from /home/airflow/.local/lib/python3.12/site-packages/airflow/example_dags/example_xcomargs.py
[2026-08-12T04:39:57.961+0000] {logging_mixin.py:190} INFO - [2026-08-12T04:39:57.960+0000] {dag.py:3211} INFO - Sync 2 DAGs
[2026-08-12T04:39:57.981+0000] {logging_mixin.py:190} INFO - [2026-08-12T04:39:57.981+0000] {dag.py:4138} INFO - Setting next_dagrun for example_xcom_args to None, run_after=None
[2026-08-12T04:39:57.987+0000] {logging_mixin.py:190} INFO - [2026-08-12T04:39:57.987+0000] {dag.py:4138} INFO - Setting next_dagrun for example_xcom_args_with_operators to None, run_after=None
[2026-08-12T04:39:58.016+0000] {processor.py:208} INFO - Processing /home/airflow/.local/lib/python3.12/site-packages/airflow/example_dags/example_xcomargs.py took 0.125 seconds
[2026-08-12T04:40:28.113+0000] {processor.py:186} INFO - Started process (PID=951) to work on /home/airflow/.local/lib/python3.12/site-packages/airflow/example_dags/example_xcomargs.py
[2026-08-12T04:40:28.115+0000] {processor.py:914} INFO - Processing file /home/airflow/.local/lib/python3.12/site-packages/airflow/example_dags/example_xcomargs.py for tasks to queue
[2026-08-12T04:40:28.118+0000] {logging_mixin.py:190} INFO - [2026-08-12T04:40:28.118+0000] {dagbag.py:587} INFO - Filling up the DagBag from /home/airflow/.local/lib/python3.12/site-packages/airflow/example_dags/example_xcomargs.py
[2026-08-12T04:40:28.133+0000] {processor.py:925} INFO - DAG(s) 'example_xcom_args', 'example_xcom_args_with_operators' retrieved from /home/airflow/.local/lib/python3.12/site-packages/airflow/example_dags/example_xcomargs.py
[2026-08-12T04:40:28.176+0000] {logging_mixin.py:190} INFO - [2026-08-12T04:40:28.176+0000] {dag.py:3211} INFO - Sync 2 DAGs
[2026-08-12T04:40:28.196+0000] {logging_mixin.py:190} INFO - [2026-08-12T04:40:28.195+0000] {dag.py:4138} INFO - Setting next_dagrun for example_xcom_args to None, run_after=None
[2026-08-12T04:40:28.200+0000] {logging_mixin.py:190} INFO - [2026-08-12T04:40:28.200+0000] {dag.py:4138} INFO - Setting next_dagrun for example_xcom_args_with_operators to None, run_after=None
[2026-08-12T04:40:28.227+0000] {processor.py:208} INFO - Processing /home/airflow/.local/lib/python3.12/site-packages/airflow/example_dags/example_xcomargs.py took 0.120 seconds
[2026-08-12T04:40:58.337+0000] {processor.py:186} INFO - Started process (PID=1013) to work on /home/airflow/.local/lib/python3.12/site-packages/airflow/example_dags/example_xcomargs.py
[2026-08-12T04:40:58.339+0000] {processor.py:914} INFO - Processing file /home/airflow/.local/lib/python3.12/site-packages/airflow/example_dags/example_xcomargs.py for tasks to queue
[2026-08-12T04:40:58.342+0000] {logging_mixin.py:190} INFO - [2026-08-12T04:40:58.342+0000] {dagbag.py:587} INFO - Filling up the DagBag from /home/airflow/.local/lib/python3.12/site-packages/airflow/example_dags/example_xcomargs.py
[2026-08-12T04:40:58.353+0000] {processor.py:925} INFO - DAG(s) 'example_xcom_args', 'example_xcom_args_with_operators' retrieved from /home/airflow/.local/lib/python3.12/site-packages/airflow/example_dags/example_xcomargs.py
[2026-08-12T04:40:58.377+0000] {logging_mixin.py:190} INFO - [2026-08-12T04:40:58.377+0000] {dag.py:3211} INFO - Sync 2 DAGs
[2026-08-12T04:40:58.392+0000] {logging_mixin.py:190} INFO - [2026-08-12T04:40:58.391+0000] {dag.py:4138} INFO - Setting next_dagrun for example_xcom_args to None, run_after=None
[2026-08-12T04:40:58.397+0000] {logging_mixin.py:190} INFO - [2026-08-12T04:40:58.397+0000] {dag.py:4138} INFO - Setting next_dagrun for example_xcom_args_with_operators to None, run_after=None
[2026-08-12T04:40:58.418+0000] {processor.py:208} INFO - Processing /home/airflow/.local/lib/python3.12/site-packages/airflow/example_dags/example_xcomargs.py took 0.086 seconds
[2026-08-12T04:41:28.944+0000] {processor.py:186} INFO - Started process (PID=1075) to work on /home/airflow/.local/lib/python3.12/site-packages/airflow/example_dags/example_xcomargs.py
[2026-08-12T04:41:28.946+0000] {processor.py:914} INFO - Processing file /home/airflow/.local/lib/python3.12/site-packages/airflow/example_dags/example_xcomargs.py for tasks to queue
[2026-08-12T04:41:28.950+0000] {logging_mixin.py:190} INFO - [2026-08-12T04:41:28.950+0000] {dagbag.py:587} INFO - Filling up the DagBag from /home/airflow/.local/lib/python3.12/site-packages/airflow/example_dags/example_xcomargs.py
[2026-08-12T04:41:28.963+0000] {processor.py:925} INFO - DAG(s) 'example_xcom_args_with_operators', 'example_xcom_args' retrieved from /home/airflow/.local/lib/python3.12/site-packages/airflow/example_dags/example_xcomargs.py
[2026-08-12T04:41:28.990+0000] {logging_mixin.py:190} INFO - [2026-08-12T04:41:28.989+0000] {dag.py:3211} INFO - Sync 2 DAGs
[2026-08-12T04:41:29.007+0000] {logging_mixin.py:190} INFO - [2026-08-12T04:41:29.007+0000] {dag.py:4138} INFO - Setting next_dagrun for example_xcom_args to None, run_after=None
[2026-08-12T04:41:29.015+0000] {logging_mixin.py:190} INFO - [2026-08-12T04:41:29.015+0000] {dag.py:4138} INFO - Setting next_dagrun for example_xcom_args_with_operators to None, run_after=None
[2026-08-12T04:41:29.036+0000] {processor.py:208} INFO - Processing /home/airflow/.local/lib/python3.12/site-packages/airflow/example_dags/example_xcomargs.py took 0.098 seconds
[2026-08-12T04:41:59.957+0000] {processor.py:186} INFO - Started process (PID=1137) to work on /home/airflow/.local/lib/python3.12/site-packages/airflow/example_dags/example_xcomargs.py
[2026-08-12T04:41:59.958+0000] {processor.py:914} INFO - Processing file /home/airflow/.local/lib/python3.12/site-packages/airflow/example_dags/example_xcomargs.py for tasks to queue
[2026-08-12T04:41:59.964+0000] {logging_mixin.py:190} INFO - [2026-08-12T04:41:59.962+0000] {dagbag.py:587} INFO - Filling up the DagBag from /home/airflow/.local/lib/python3.12/site-packages/airflow/example_dags/example_xcomargs.py
[2026-08-12T04:41:59.976+0000] {processor.py:925} INFO - DAG(s) 'example_xcom_args_with_operators', 'example_xcom_args' retrieved from /home/airflow/.local/lib/python3.12/site-packages/airflow/example_dags/example_xcomargs.py
[2026-08-12T04:42:00.003+0000] {logging_mixin.py:190} INFO - [2026-08-12T04:42:00.003+0000] {dag.py:3211} INFO - Sync 2 DAGs
[2026-08-12T04:42:00.023+0000] {logging_mixin.py:190} INFO - [2026-08-12T04:42:00.022+0000] {dag.py:4138} INFO - Setting next_dagrun for example_xcom_args to None, run_after=None
[2026-08-12T04:42:00.029+0000] {logging_mixin.py:190} INFO - [2026-08-12T04:42:00.029+0000] {dag.py:4138} INFO - Setting next_dagrun for example_xcom_args_with_operators to None, run_after=None
[2026-08-12T04:42:00.056+0000] {processor.py:208} INFO - Processing /home/airflow/.local/lib/python3.12/site-packages/airflow/example_dags/example_xcomargs.py took 0.105 seconds
[2026-08-12T04:42:30.953+0000] {processor.py:186} INFO - Started process (PID=1199) to work on /home/airflow/.local/lib/python3.12/site-packages/airflow/example_dags/example_xcomargs.py
[2026-08-12T04:42:30.955+0000] {processor.py:914} INFO - Processing file /home/airflow/.local/lib/python3.12/site-packages/airflow/example_dags/example_xcomargs.py for tasks to queue
[2026-08-12T04:42:30.958+0000] {logging_mixin.py:190} INFO - [2026-08-12T04:42:30.958+0000] {dagbag.py:587} INFO - Filling up the DagBag from /home/airflow/.local/lib/python3.12/site-packages/airflow/example_dags/example_xcomargs.py
[2026-08-12T04:42:30.970+0000] {processor.py:925} INFO - DAG(s) 'example_xcom_args', 'example_xcom_args_with_operators' retrieved from /home/airflow/.local/lib/python3.12/site-packages/airflow/example_dags/example_xcomargs.py
[2026-08-12T04:42:30.992+0000] {logging_mixin.py:190} INFO - [2026-08-12T04:42:30.991+0000] {dag.py:3211} INFO - Sync 2 DAGs
[2026-08-12T04:42:31.005+0000] {logging_mixin.py:190} INFO - [2026-08-12T04:42:31.005+0000] {dag.py:4138} INFO - Setting next_dagrun for example_xcom_args to None, run_after=None
[2026-08-12T04:42:31.010+0000] {logging_mixin.py:190} INFO - [2026-08-12T04:42:31.010+0000] {dag.py:4138} INFO - Setting next_dagrun for example_xcom_args_with_operators to None, run_after=None
[2026-08-12T04:42:31.032+0000] {processor.py:208} INFO - Processing /home/airflow/.local/lib/python3.12/site-packages/airflow/example_dags/example_xcomargs.py took 0.084 seconds
[2026-08-12T04:43:01.975+0000] {processor.py:186} INFO - Started process (PID=1261) to work on /home/airflow/.local/lib/python3.12/site-packages/airflow/example_dags/example_xcomargs.py
[2026-08-12T04:43:01.977+0000] {processor.py:914} INFO - Processing file /home/airflow/.local/lib/python3.12/site-packages/airflow/example_dags/example_xcomargs.py for tasks to queue
[2026-08-12T04:43:01.984+0000] {logging_mixin.py:190} INFO - [2026-08-12T04:43:01.983+0000] {dagbag.py:587} INFO - Filling up the DagBag from /home/airflow/.local/lib/python3.12/site-packages/airflow/example_dags/example_xcomargs.py
[2026-08-12T04:43:02.001+0000] {processor.py:925} INFO - DAG(s) 'example_xcom_args_with_operators', 'example_xcom_args' retrieved from /home/airflow/.local/lib/python3.12/site-packages/airflow/example_dags/example_xcomargs.py
[2026-08-12T04:43:02.026+0000] {logging_mixin.py:190} INFO - [2026-08-12T04:43:02.026+0000] {dag.py:3211} INFO - Sync 2 DAGs
[2026-08-12T04:43:02.043+0000] {logging_mixin.py:190} INFO - [2026-08-12T04:43:02.043+0000] {dag.py:4138} INFO - Setting next_dagrun for example_xcom_args to None, run_after=None
[2026-08-12T04:43:02.048+0000] {logging_mixin.py:190} INFO - [2026-08-12T04:43:02.048+0000] {dag.py:4138} INFO - Setting next_dagrun for example_xcom_args_with_operators to None, run_after=None
[2026-08-12T04:43:02.071+0000] {processor.py:208} INFO - Processing /home/airflow/.local/lib/python3.12/site-packages/airflow/example_dags/example_xcomargs.py took 0.112 seconds
[2026-08-12T04:43:32.874+0000] {processor.py:186} INFO - Started process (PID=1323) to work on /home/airflow/.local/lib/python3.12/site-packages/airflow/example_dags/example_xcomargs.py
[2026-08-12T04:43:32.875+0000] {processor.py:914} INFO - Processing file /home/airflow/.local/lib/python3.12/site-packages/airflow/example_dags/example_xcomargs.py for tasks to queue
[2026-08-12T04:43:32.879+0000] {logging_mixin.py:190} INFO - [2026-08-12T04:43:32.878+0000] {dagbag.py:587} INFO - Filling up the DagBag from /home/airflow/.local/lib/python3.12/site-packages/airflow/example_dags/example_xcomargs.py
[2026-08-12T04:43:32.892+0000] {processor.py:925} INFO - DAG(s) 'example_xcom_args', 'example_xcom_args_with_operators' retrieved from /home/airflow/.local/lib/python3.12/site-packages/airflow/example_dags/example_xcomargs.py
[2026-08-12T04:43:32.918+0000] {logging_mixin.py:190} INFO - [2026-08-12T04:43:32.918+0000] {dag.py:3211} INFO - Sync 2 DAGs
[2026-08-12T04:43:32.934+0000] {logging_mixin.py:190} INFO - [2026-08-12T04:43:32.933+0000] {dag.py:4138} INFO - Setting next_dagrun for example_xcom_args to None, run_after=None
[2026-08-12T04:43:32.938+0000] {logging_mixin.py:190} INFO - [2026-08-12T04:43:32.938+0000] {dag.py:4138} INFO - Setting next_dagrun for example_xcom_args_with_operators to None, run_after=None
[2026-08-12T04:43:32.973+0000] {processor.py:208} INFO - Processing /home/airflow/.local/lib/python3.12/site-packages/airflow/example_dags/example_xcomargs.py took 0.106 seconds
[2026-08-12T04:44:03.544+0000] {processor.py:186} INFO - Started process (PID=1385) to work on /home/airflow/.local/lib/python3.12/site-packages/airflow/example_dags/example_xcomargs.py
[2026-08-12T04:44:03.548+0000] {processor.py:914} INFO - Processing file /home/airflow/.local/lib/python3.12/site-packages/airflow/example_dags/example_xcomargs.py for tasks to queue
[2026-08-12T04:44:03.551+0000] {logging_mixin.py:190} INFO - [2026-08-12T04:44:03.551+0000] {dagbag.py:587} INFO - Filling up the DagBag from /home/airflow/.local/lib/python3.12/site-packages/airflow/example_dags/example_xcomargs.py
[2026-08-12T04:44:03.562+0000] {processor.py:925} INFO - DAG(s) 'example_xcom_args', 'example_xcom_args_with_operators' retrieved from /home/airflow/.local/lib/python3.12/site-packages/airflow/example_dags/example_xcomargs.py
[2026-08-12T04:44:03.586+0000] {logging_mixin.py:190} INFO - [2026-08-12T04:44:03.586+0000] {dag.py:3211} INFO - Sync 2 DAGs
[2026-08-12T04:44:03.600+0000] {logging_mixin.py:190} INFO - [2026-08-12T04:44:03.600+0000] {dag.py:4138} INFO - Setting next_dagrun for example_xcom_args to None, run_after=None
[2026-08-12T04:44:03.605+0000] {logging_mixin.py:190} INFO - [2026-08-12T04:44:03.605+0000] {dag.py:4138} INFO - Setting next_dagrun for example_xcom_args_with_operators to None, run_after=None
[2026-08-12T04:44:03.627+0000] {processor.py:208} INFO - Processing /home/airflow/.local/lib/python3.12/site-packages/airflow/example_dags/example_xcomargs.py took 0.088 seconds
[2026-08-12T04:44:34.090+0000] {processor.py:186} INFO - Started process (PID=1448) to work on /home/airflow/.local/lib/python3.12/site-packages/airflow/example_dags/example_xcomargs.py
[2026-08-12T04:44:34.092+0000] {processor.py:914} INFO - Processing file /home/airflow/.local/lib/python3.12/site-packages/airflow/example_dags/example_xcomargs.py for tasks to queue
[2026-08-12T04:44:34.096+0000] {logging_mixin.py:190} INFO - [2026-08-12T04:44:34.095+0000] {dagbag.py:587} INFO - Filling up the DagBag from /home/airflow/.local/lib/python3.12/site-packages/airflow/example_dags/example_xcomargs.py
[2026-08-12T04:44:34.111+0000] {processor.py:925} INFO - DAG(s) 'example_xcom_args_with_operators', 'example_xcom_args' retrieved from /home/airflow/.local/lib/python3.12/site-packages/airflow/example_dags/example_xcomargs.py
[2026-08-12T04:44:34.146+0000] {logging_mixin.py:190} INFO - [2026-08-12T04:44:34.146+0000] {dag.py:3211} INFO - Sync 2 DAGs
[2026-08-12T04:44:34.161+0000] {logging_mixin.py:190} INFO - [2026-08-12T04:44:34.161+0000] {dag.py:4138} INFO - Setting next_dagrun for example_xcom_args to None, run_after=None
[2026-08-12T04:44:34.166+0000] {logging_mixin.py:190} INFO - [2026-08-12T04:44:34.166+0000] {dag.py:4138} INFO - Setting next_dagrun for example_xcom_args_with_operators to None, run_after=None
[2026-08-12T04:44:34.190+0000] {processor.py:208} INFO - Processing /home/airflow/.local/lib/python3.12/site-packages/airflow/example_dags/example_xcomargs.py took 0.109 seconds
[2026-08-12T04:45:05.264+0000] {processor.py:186} INFO - Started process (PID=1510) to work on /home/airflow/.local/lib/python3.12/site-packages/airflow/example_dags/example_xcomargs.py
[2026-08-12T04:45:05.266+0000] {processor.py:914} INFO - Processing file /home/airflow/.local/lib/python3.12/site-packages/airflow/example_dags/example_xcomargs.py for tasks to queue
[2026-08-12T04:45:05.269+0000] {logging_mixin.py:190} INFO - [2026-08-12T04:45:05.268+0000] {dagbag.py:587} INFO - Filling up the DagBag from /home/airflow/.local/lib/python3.12/site-packages/airflow/example_dags/example_xcomargs.py
[2026-08-12T04:45:05.281+0000] {processor.py:925} INFO - DAG(s) 'example_xcom_args_with_operators', 'example_xcom_args' retrieved from /home/airflow/.local/lib/python3.12/site-packages/airflow/example_dags/example_xcomargs.py
[2026-08-12T04:45:05.303+0000] {logging_mixin.py:190} INFO - [2026-08-12T04:45:05.302+0000] {dag.py:3211} INFO - Sync 2 DAGs
[2026-08-12T04:45:05.318+0000] {logging_mixin.py:190} INFO - [2026-08-12T04:45:05.318+0000] {dag.py:4138} INFO - Setting next_dagrun for example_xcom_args to None, run_after=None
[2026-08-12T04:45:05.324+0000] {logging_mixin.py:190} INFO - [2026-08-12T04:45:05.324+0000] {dag.py:4138} INFO - Setting next_dagrun for example_xcom_args_with_operators to None, run_after=None
[2026-08-12T04:45:05.347+0000] {processor.py:208} INFO - Processing /home/airflow/.local/lib/python3.12/site-packages/airflow/example_dags/example_xcomargs.py took 0.090 seconds
[2026-08-12T04:45:36.475+0000] {processor.py:186} INFO - Started process (PID=1572) to work on /home/airflow/.local/lib/python3.12/site-packages/airflow/example_dags/example_xcomargs.py
[2026-08-12T04:45:36.477+0000] {processor.py:914} INFO - Processing file /home/airflow/.local/lib/python3.12/site-packages/airflow/example_dags/example_xcomargs.py for tasks to queue
[2026-08-12T04:45:36.481+0000] {logging_mixin.py:190} INFO - [2026-08-12T04:45:36.480+0000] {dagbag.py:587} INFO - Filling up the DagBag from /home/airflow/.local/lib/python3.12/site-packages/airflow/example_dags/example_xcomargs.py
[2026-08-12T04:45:36.494+0000] {processor.py:925} INFO - DAG(s) 'example_xcom_args_with_operators', 'example_xcom_args' retrieved from /home/airflow/.local/lib/python3.12/site-packages/airflow/example_dags/example_xcomargs.py
[2026-08-12T04:45:36.521+0000] {logging_mixin.py:190} INFO - [2026-08-12T04:45:36.521+0000] {dag.py:3211} INFO - Sync 2 DAGs
[2026-08-12T04:45:36.535+0000] {logging_mixin.py:190} INFO - [2026-08-12T04:45:36.534+0000] {dag.py:4138} INFO - Setting next_dagrun for example_xcom_args to None, run_after=None
[2026-08-12T04:45:36.539+0000] {logging_mixin.py:190} INFO - [2026-08-12T04:45:36.539+0000] {dag.py:4138} INFO - Setting next_dagrun for example_xcom_args_with_operators to None, run_after=None
[2026-08-12T04:45:36.562+0000] {processor.py:208} INFO - Processing /home/airflow/.local/lib/python3.12/site-packages/airflow/example_dags/example_xcomargs.py took 0.096 seconds
[2026-08-12T04:46:06.697+0000] {processor.py:186} INFO - Started process (PID=1634) to work on /home/airflow/.local/lib/python3.12/site-packages/airflow/example_dags/example_xcomargs.py
[2026-08-12T04:46:06.698+0000] {processor.py:914} INFO - Processing file /home/airflow/.local/lib/python3.12/site-packages/airflow/example_dags/example_xcomargs.py for tasks to queue
[2026-08-12T04:46:06.702+0000] {logging_mixin.py:190} INFO - [2026-08-12T04:46:06.701+0000] {dagbag.py:587} INFO - Filling up the DagBag from /home/airflow/.local/lib/python3.12/site-packages/airflow/example_dags/example_xcomargs.py
[2026-08-12T04:46:06.714+0000] {processor.py:925} INFO - DAG(s) 'example_xcom_args_with_operators', 'example_xcom_args' retrieved from /home/airflow/.local/lib/python3.12/site-packages/airflow/example_dags/example_xcomargs.py
[2026-08-12T04:46:06.740+0000] {logging_mixin.py:190} INFO - [2026-08-12T04:46:06.740+0000] {dag.py:3211} INFO - Sync 2 DAGs
[2026-08-12T04:46:06.755+0000] {logging_mixin.py:190} INFO - [2026-08-12T04:46:06.755+0000] {dag.py:4138} INFO - Setting next_dagrun for example_xcom_args to None, run_after=None
[2026-08-12T04:46:06.761+0000] {logging_mixin.py:190} INFO - [2026-08-12T04:46:06.761+0000] {dag.py:4138} INFO - Setting next_dagrun for example_xcom_args_with_operators to None, run_after=None
[2026-08-12T04:46:06.796+0000] {processor.py:208} INFO - Processing /home/airflow/.local/lib/python3.12/site-packages/airflow/example_dags/example_xcomargs.py took 0.105 seconds
[2026-08-12T04:46:37.206+0000] {processor.py:186} INFO - Started process (PID=1696) to work on /home/airflow/.local/lib/python3.12/site-packages/airflow/example_dags/example_xcomargs.py
[2026-08-12T04:46:37.208+0000] {processor.py:914} INFO - Processing file /home/airflow/.local/lib/python3.12/site-packages/airflow/example_dags/example_xcomargs.py for tasks to queue
[2026-08-12T04:46:37.212+0000] {logging_mixin.py:190} INFO - [2026-08-12T04:46:37.212+0000] {dagbag.py:587} INFO - Filling up the DagBag from /home/airflow/.local/lib/python3.12/site-packages/airflow/example_dags/example_xcomargs.py
[2026-08-12T04:46:37.224+0000] {processor.py:925} INFO - DAG(s) 'example_xcom_args', 'example_xcom_args_with_operators' retrieved from /home/airflow/.local/lib/python3.12/site-packages/airflow/example_dags/example_xcomargs.py
[2026-08-12T04:46:37.251+0000] {logging_mixin.py:190} INFO - [2026-08-12T04:46:37.250+0000] {dag.py:3211} INFO - Sync 2 DAGs
[2026-08-12T04:46:37.265+0000] {logging_mixin.py:190} INFO - [2026-08-12T04:46:37.265+0000] {dag.py:4138} INFO - Setting next_dagrun for example_xcom_args to None, run_after=None
[2026-08-12T04:46:37.270+0000] {logging_mixin.py:190} INFO - [2026-08-12T04:46:37.270+0000] {dag.py:4138} INFO - Setting next_dagrun for example_xcom_args_with_operators to None, run_after=None
[2026-08-12T04:46:37.294+0000] {processor.py:208} INFO - Processing /home/airflow/.local/lib/python3.12/site-packages/airflow/example_dags/example_xcomargs.py took 0.094 seconds
[2026-08-12T04:47:07.949+0000] {processor.py:186} INFO - Started process (PID=1758) to work on /home/airflow/.local/lib/python3.12/site-packages/airflow/example_dags/example_xcomargs.py
[2026-08-12T04:47:07.951+0000] {processor.py:914} INFO - Processing file /home/airflow/.local/lib/python3.12/site-packages/airflow/example_dags/example_xcomargs.py for tasks to queue
[2026-08-12T04:47:07.956+0000] {logging_mixin.py:190} INFO - [2026-08-12T04:47:07.955+0000] {dagbag.py:587} INFO - Filling up the DagBag from /home/airflow/.local/lib/python3.12/site-packages/airflow/example_dags/example_xcomargs.py
[2026-08-12T04:47:07.969+0000] {processor.py:925} INFO - DAG(s) 'example_xcom_args', 'example_xcom_args_with_operators' retrieved from /home/airflow/.local/lib/python3.12/site-packages/airflow/example_dags/example_xcomargs.py
[2026-08-12T04:47:08.000+0000] {logging_mixin.py:190} INFO - [2026-08-12T04:47:08.000+0000] {dag.py:3211} INFO - Sync 2 DAGs
[2026-08-12T04:47:08.015+0000] {logging_mixin.py:190} INFO - [2026-08-12T04:47:08.015+0000] {dag.py:4138} INFO - Setting next_dagrun for example_xcom_args to None, run_after=None
[2026-08-12T04:47:08.019+0000] {logging_mixin.py:190} INFO - [2026-08-12T04:47:08.019+0000] {dag.py:4138} INFO - Setting next_dagrun for example_xcom_args_with_operators to None, run_after=None
[2026-08-12T04:47:08.043+0000] {processor.py:208} INFO - Processing /home/airflow/.local/lib/python3.12/site-packages/airflow/example_dags/example_xcomargs.py took 0.102 seconds
[2026-08-12T04:47:38.365+0000] {processor.py:186} INFO - Started process (PID=1820) to work on /home/airflow/.local/lib/python3.12/site-packages/airflow/example_dags/example_xcomargs.py
[2026-08-12T04:47:38.366+0000] {processor.py:914} INFO - Processing file /home/airflow/.local/lib/python3.12/site-packages/airflow/example_dags/example_xcomargs.py for tasks to queue
[2026-08-12T04:47:38.370+0000] {logging_mixin.py:190} INFO - [2026-08-12T04:47:38.370+0000] {dagbag.py:587} INFO - Filling up the DagBag from /home/airflow/.local/lib/python3.12/site-packages/airflow/example_dags/example_xcomargs.py
[2026-08-12T04:47:38.385+0000] {processor.py:925} INFO - DAG(s) 'example_xcom_args_with_operators', 'example_xcom_args' retrieved from /home/airflow/.local/lib/python3.12/site-packages/airflow/example_dags/example_xcomargs.py
[2026-08-12T04:47:38.410+0000] {logging_mixin.py:190} INFO - [2026-08-12T04:47:38.410+0000] {dag.py:3211} INFO - Sync 2 DAGs
[2026-08-12T04:47:38.427+0000] {logging_mixin.py:190} INFO - [2026-08-12T04:47:38.427+0000] {dag.py:4138} INFO - Setting next_dagrun for example_xcom_args to None, run_after=None
[2026-08-12T04:47:38.432+0000] {logging_mixin.py:190} INFO - [2026-08-12T04:47:38.432+0000] {dag.py:4138} INFO - Setting next_dagrun for example_xcom_args_with_operators to None, run_after=None
[2026-08-12T04:47:38.456+0000] {processor.py:208} INFO - Processing /home/airflow/.local/lib/python3.12/site-packages/airflow/example_dags/example_xcomargs.py took 0.099 seconds
[2026-08-12T04:48:08.707+0000] {processor.py:186} INFO - Started process (PID=1882) to work on /home/airflow/.local/lib/python3.12/site-packages/airflow/example_dags/example_xcomargs.py
[2026-08-12T04:48:08.709+0000] {processor.py:914} INFO - Processing file /home/airflow/.local/lib/python3.12/site-packages/airflow/example_dags/example_xcomargs.py for tasks to queue
[2026-08-12T04:48:08.712+0000] {logging_mixin.py:190} INFO - [2026-08-12T04:48:08.712+0000] {dagbag.py:587} INFO - Filling up the DagBag from /home/airflow/.local/lib/python3.12/site-packages/airflow/example_dags/example_xcomargs.py
[2026-08-12T04:48:08.727+0000] {processor.py:925} INFO - DAG(s) 'example_xcom_args', 'example_xcom_args_with_operators' retrieved from /home/airflow/.local/lib/python3.12/site-packages/airflow/example_dags/example_xcomargs.py
[2026-08-12T04:48:08.759+0000] {logging_mixin.py:190} INFO - [2026-08-12T04:48:08.758+0000] {dag.py:3211} INFO - Sync 2 DAGs
[2026-08-12T04:48:08.776+0000] {logging_mixin.py:190} INFO - [2026-08-12T04:48:08.775+0000] {dag.py:4138} INFO - Setting next_dagrun for example_xcom_args to None, run_after=None
[2026-08-12T04:48:08.782+0000] {logging_mixin.py:190} INFO - [2026-08-12T04:48:08.781+0000] {dag.py:4138} INFO - Setting next_dagrun for example_xcom_args_with_operators to None, run_after=None
[2026-08-12T04:48:08.810+0000] {processor.py:208} INFO - Processing /home/airflow/.local/lib/python3.12/site-packages/airflow/example_dags/example_xcomargs.py took 0.109 seconds
