[2026-08-12T04:31:30.041+0000] {processor.py:186} INFO - Started process (PID=80) to work on /home/airflow/.local/lib/python3.12/site-packages/airflow/example_dags/example_workday_timetable.py
[2026-08-12T04:31:30.043+0000] {processor.py:914} INFO - Processing file /home/airflow/.local/lib/python3.12/site-packages/airflow/example_dags/example_workday_timetable.py for tasks to queue
[2026-08-12T04:31:30.050+0000] {logging_mixin.py:190} INFO - [2026-08-12T04:31:30.049+0000] {dagbag.py:587} INFO - Filling up the DagBag from /home/airflow/.local/lib/python3.12/site-packages/airflow/example_dags/example_workday_timetable.py
[2026-08-12T04:31:30.062+0000] {processor.py:925} INFO - DAG(s) 'example_workday_timetable' retrieved from /home/airflow/.local/lib/python3.12/site-packages/airflow/example_dags/example_workday_timetable.py
[2026-08-12T04:31:30.315+0000] {logging_mixin.py:190} INFO - [2026-08-12T04:31:30.314+0000] {override.py:1858} INFO - Created Permission View: can read on DAG:example_workday_timetable
[2026-08-12T04:31:30.348+0000] {logging_mixin.py:190} INFO - [2026-08-12T04:31:30.347+0000] {override.py:1858} INFO - Created Permission View: can edit on DAG:example_workday_timetable
[2026-08-12T04:31:30.378+0000] {logging_mixin.py:190} INFO - [2026-08-12T04:31:30.378+0000] {override.py:1858} INFO - Created Permission View: can delete on DAG:example_workday_timetable
[2026-08-12T04:31:30.380+0000] {logging_mixin.py:190} INFO - [2026-08-12T04:31:30.380+0000] {dag.py:3211} INFO - Sync 1 DAGs
[2026-08-12T04:31:30.408+0000] {logging_mixin.py:190} INFO - [2026-08-12T04:31:30.408+0000] {dag.py:3234} INFO - Creating ORM DAG for example_workday_timetable
[2026-08-12T04:31:30.480+0000] {logging_mixin.py:190} INFO - [2026-08-12T04:31:30.479+0000] {dag.py:4138} INFO - Setting next_dagrun for example_workday_timetable to 2021-01-04 00:00:00+00:00, run_after=2021-01-05 00:00:00+00:00
[2026-08-12T04:31:30.565+0000] {processor.py:208} INFO - Processing /home/airflow/.local/lib/python3.12/site-packages/airflow/example_dags/example_workday_timetable.py took 0.534 seconds
[2026-08-12T04:32:00.891+0000] {processor.py:186} INFO - Started process (PID=142) to work on /home/airflow/.local/lib/python3.12/site-packages/airflow/example_dags/example_workday_timetable.py
[2026-08-12T04:32:00.893+0000] {processor.py:914} INFO - Processing file /home/airflow/.local/lib/python3.12/site-packages/airflow/example_dags/example_workday_timetable.py for tasks to queue
[2026-08-12T04:32:00.897+0000] {logging_mixin.py:190} INFO - [2026-08-12T04:32:00.897+0000] {dagbag.py:587} INFO - Filling up the DagBag from /home/airflow/.local/lib/python3.12/site-packages/airflow/example_dags/example_workday_timetable.py
[2026-08-12T04:32:00.903+0000] {processor.py:925} INFO - DAG(s) 'example_workday_timetable' retrieved from /home/airflow/.local/lib/python3.12/site-packages/airflow/example_dags/example_workday_timetable.py
[2026-08-12T04:32:00.924+0000] {logging_mixin.py:190} INFO - [2026-08-12T04:32:00.924+0000] {dag.py:3211} INFO - Sync 1 DAGs
[2026-08-12T04:32:00.989+0000] {logging_mixin.py:190} INFO - [2026-08-12T04:32:00.989+0000] {dag.py:4138} INFO - Setting next_dagrun for example_workday_timetable to 2021-01-04 00:00:00+00:00, run_after=2021-01-05 00:00:00+00:00
[2026-08-12T04:32:01.025+0000] {processor.py:208} INFO - Processing /home/airflow/.local/lib/python3.12/site-packages/airflow/example_dags/example_workday_timetable.py took 0.140 seconds
[2026-08-12T04:33:19.103+0000] {processor.py:186} INFO - Started process (PID=67) to work on /home/airflow/.local/lib/python3.12/site-packages/airflow/example_dags/example_workday_timetable.py
[2026-08-12T04:33:19.105+0000] {processor.py:914} INFO - Processing file /home/airflow/.local/lib/python3.12/site-packages/airflow/example_dags/example_workday_timetable.py for tasks to queue
[2026-08-12T04:33:19.110+0000] {logging_mixin.py:190} INFO - [2026-08-12T04:33:19.109+0000] {dagbag.py:587} INFO - Filling up the DagBag from /home/airflow/.local/lib/python3.12/site-packages/airflow/example_dags/example_workday_timetable.py
[2026-08-12T04:33:19.120+0000] {processor.py:925} INFO - DAG(s) 'example_workday_timetable' retrieved from /home/airflow/.local/lib/python3.12/site-packages/airflow/example_dags/example_workday_timetable.py
[2026-08-12T04:33:19.149+0000] {logging_mixin.py:190} INFO - [2026-08-12T04:33:19.149+0000] {dag.py:3211} INFO - Sync 1 DAGs
[2026-08-12T04:33:19.260+0000] {logging_mixin.py:190} INFO - [2026-08-12T04:33:19.260+0000] {dag.py:4138} INFO - Setting next_dagrun for example_workday_timetable to 2021-01-04 00:00:00+00:00, run_after=2021-01-05 00:00:00+00:00
[2026-08-12T04:33:19.296+0000] {processor.py:208} INFO - Processing /home/airflow/.local/lib/python3.12/site-packages/airflow/example_dags/example_workday_timetable.py took 0.200 seconds
[2026-08-12T04:33:49.426+0000] {processor.py:186} INFO - Started process (PID=129) to work on /home/airflow/.local/lib/python3.12/site-packages/airflow/example_dags/example_workday_timetable.py
[2026-08-12T04:33:49.428+0000] {processor.py:914} INFO - Processing file /home/airflow/.local/lib/python3.12/site-packages/airflow/example_dags/example_workday_timetable.py for tasks to queue
[2026-08-12T04:33:49.431+0000] {logging_mixin.py:190} INFO - [2026-08-12T04:33:49.430+0000] {dagbag.py:587} INFO - Filling up the DagBag from /home/airflow/.local/lib/python3.12/site-packages/airflow/example_dags/example_workday_timetable.py
[2026-08-12T04:33:49.438+0000] {processor.py:925} INFO - DAG(s) 'example_workday_timetable' retrieved from /home/airflow/.local/lib/python3.12/site-packages/airflow/example_dags/example_workday_timetable.py
[2026-08-12T04:33:49.463+0000] {logging_mixin.py:190} INFO - [2026-08-12T04:33:49.463+0000] {dag.py:3211} INFO - Sync 1 DAGs
[2026-08-12T04:33:49.548+0000] {logging_mixin.py:190} INFO - [2026-08-12T04:33:49.548+0000] {dag.py:4138} INFO - Setting next_dagrun for example_workday_timetable to 2021-01-04 00:00:00+00:00, run_after=2021-01-05 00:00:00+00:00
[2026-08-12T04:33:49.576+0000] {processor.py:208} INFO - Processing /home/airflow/.local/lib/python3.12/site-packages/airflow/example_dags/example_workday_timetable.py took 0.155 seconds
[2026-08-12T04:34:19.653+0000] {processor.py:186} INFO - Started process (PID=191) to work on /home/airflow/.local/lib/python3.12/site-packages/airflow/example_dags/example_workday_timetable.py
[2026-08-12T04:34:19.655+0000] {processor.py:914} INFO - Processing file /home/airflow/.local/lib/python3.12/site-packages/airflow/example_dags/example_workday_timetable.py for tasks to queue
[2026-08-12T04:34:19.659+0000] {logging_mixin.py:190} INFO - [2026-08-12T04:34:19.658+0000] {dagbag.py:587} INFO - Filling up the DagBag from /home/airflow/.local/lib/python3.12/site-packages/airflow/example_dags/example_workday_timetable.py
[2026-08-12T04:34:19.666+0000] {processor.py:925} INFO - DAG(s) 'example_workday_timetable' retrieved from /home/airflow/.local/lib/python3.12/site-packages/airflow/example_dags/example_workday_timetable.py
[2026-08-12T04:34:19.688+0000] {logging_mixin.py:190} INFO - [2026-08-12T04:34:19.688+0000] {dag.py:3211} INFO - Sync 1 DAGs
[2026-08-12T04:34:19.774+0000] {logging_mixin.py:190} INFO - [2026-08-12T04:34:19.773+0000] {dag.py:4138} INFO - Setting next_dagrun for example_workday_timetable to 2021-01-04 00:00:00+00:00, run_after=2021-01-05 00:00:00+00:00
[2026-08-12T04:34:19.804+0000] {processor.py:208} INFO - Processing /home/airflow/.local/lib/python3.12/site-packages/airflow/example_dags/example_workday_timetable.py took 0.159 seconds
[2026-08-12T04:34:50.075+0000] {processor.py:186} INFO - Started process (PID=253) to work on /home/airflow/.local/lib/python3.12/site-packages/airflow/example_dags/example_workday_timetable.py
[2026-08-12T04:34:50.076+0000] {processor.py:914} INFO - Processing file /home/airflow/.local/lib/python3.12/site-packages/airflow/example_dags/example_workday_timetable.py for tasks to queue
[2026-08-12T04:34:50.079+0000] {logging_mixin.py:190} INFO - [2026-08-12T04:34:50.079+0000] {dagbag.py:587} INFO - Filling up the DagBag from /home/airflow/.local/lib/python3.12/site-packages/airflow/example_dags/example_workday_timetable.py
[2026-08-12T04:34:50.086+0000] {processor.py:925} INFO - DAG(s) 'example_workday_timetable' retrieved from /home/airflow/.local/lib/python3.12/site-packages/airflow/example_dags/example_workday_timetable.py
[2026-08-12T04:34:50.110+0000] {logging_mixin.py:190} INFO - [2026-08-12T04:34:50.110+0000] {dag.py:3211} INFO - Sync 1 DAGs
[2026-08-12T04:34:50.165+0000] {logging_mixin.py:190} INFO - [2026-08-12T04:34:50.165+0000] {dag.py:4138} INFO - Setting next_dagrun for example_workday_timetable to 2021-01-04 00:00:00+00:00, run_after=2021-01-05 00:00:00+00:00
[2026-08-12T04:34:50.190+0000] {processor.py:208} INFO - Processing /home/airflow/.local/lib/python3.12/site-packages/airflow/example_dags/example_workday_timetable.py took 0.123 seconds
[2026-08-12T04:35:20.437+0000] {processor.py:186} INFO - Started process (PID=316) to work on /home/airflow/.local/lib/python3.12/site-packages/airflow/example_dags/example_workday_timetable.py
[2026-08-12T04:35:20.441+0000] {processor.py:914} INFO - Processing file /home/airflow/.local/lib/python3.12/site-packages/airflow/example_dags/example_workday_timetable.py for tasks to queue
[2026-08-12T04:35:20.445+0000] {logging_mixin.py:190} INFO - [2026-08-12T04:35:20.444+0000] {dagbag.py:587} INFO - Filling up the DagBag from /home/airflow/.local/lib/python3.12/site-packages/airflow/example_dags/example_workday_timetable.py
[2026-08-12T04:35:20.452+0000] {processor.py:925} INFO - DAG(s) 'example_workday_timetable' retrieved from /home/airflow/.local/lib/python3.12/site-packages/airflow/example_dags/example_workday_timetable.py
[2026-08-12T04:35:20.477+0000] {logging_mixin.py:190} INFO - [2026-08-12T04:35:20.477+0000] {dag.py:3211} INFO - Sync 1 DAGs
[2026-08-12T04:35:20.561+0000] {logging_mixin.py:190} INFO - [2026-08-12T04:35:20.561+0000] {dag.py:4138} INFO - Setting next_dagrun for example_workday_timetable to 2021-01-04 00:00:00+00:00, run_after=2021-01-05 00:00:00+00:00
[2026-08-12T04:35:20.586+0000] {processor.py:208} INFO - Processing /home/airflow/.local/lib/python3.12/site-packages/airflow/example_dags/example_workday_timetable.py took 0.156 seconds
[2026-08-12T04:35:50.891+0000] {processor.py:186} INFO - Started process (PID=378) to work on /home/airflow/.local/lib/python3.12/site-packages/airflow/example_dags/example_workday_timetable.py
[2026-08-12T04:35:50.893+0000] {processor.py:914} INFO - Processing file /home/airflow/.local/lib/python3.12/site-packages/airflow/example_dags/example_workday_timetable.py for tasks to queue
[2026-08-12T04:35:50.896+0000] {logging_mixin.py:190} INFO - [2026-08-12T04:35:50.896+0000] {dagbag.py:587} INFO - Filling up the DagBag from /home/airflow/.local/lib/python3.12/site-packages/airflow/example_dags/example_workday_timetable.py
[2026-08-12T04:35:50.902+0000] {processor.py:925} INFO - DAG(s) 'example_workday_timetable' retrieved from /home/airflow/.local/lib/python3.12/site-packages/airflow/example_dags/example_workday_timetable.py
[2026-08-12T04:35:50.926+0000] {logging_mixin.py:190} INFO - [2026-08-12T04:35:50.926+0000] {dag.py:3211} INFO - Sync 1 DAGs
[2026-08-12T04:35:50.985+0000] {logging_mixin.py:190} INFO - [2026-08-12T04:35:50.985+0000] {dag.py:4138} INFO - Setting next_dagrun for example_workday_timetable to 2021-01-04 00:00:00+00:00, run_after=2021-01-05 00:00:00+00:00
[2026-08-12T04:35:51.027+0000] {processor.py:208} INFO - Processing /home/airflow/.local/lib/python3.12/site-packages/airflow/example_dags/example_workday_timetable.py took 0.142 seconds
[2026-08-12T04:36:21.429+0000] {processor.py:186} INFO - Started process (PID=440) to work on /home/airflow/.local/lib/python3.12/site-packages/airflow/example_dags/example_workday_timetable.py
[2026-08-12T04:36:21.430+0000] {processor.py:914} INFO - Processing file /home/airflow/.local/lib/python3.12/site-packages/airflow/example_dags/example_workday_timetable.py for tasks to queue
[2026-08-12T04:36:21.433+0000] {logging_mixin.py:190} INFO - [2026-08-12T04:36:21.433+0000] {dagbag.py:587} INFO - Filling up the DagBag from /home/airflow/.local/lib/python3.12/site-packages/airflow/example_dags/example_workday_timetable.py
[2026-08-12T04:36:21.440+0000] {processor.py:925} INFO - DAG(s) 'example_workday_timetable' retrieved from /home/airflow/.local/lib/python3.12/site-packages/airflow/example_dags/example_workday_timetable.py
[2026-08-12T04:36:21.463+0000] {logging_mixin.py:190} INFO - [2026-08-12T04:36:21.463+0000] {dag.py:3211} INFO - Sync 1 DAGs
[2026-08-12T04:36:21.525+0000] {logging_mixin.py:190} INFO - [2026-08-12T04:36:21.525+0000] {dag.py:4138} INFO - Setting next_dagrun for example_workday_timetable to 2021-01-04 00:00:00+00:00, run_after=2021-01-05 00:00:00+00:00
[2026-08-12T04:36:21.562+0000] {processor.py:208} INFO - Processing /home/airflow/.local/lib/python3.12/site-packages/airflow/example_dags/example_workday_timetable.py took 0.139 seconds
[2026-08-12T04:36:51.928+0000] {processor.py:186} INFO - Started process (PID=502) to work on /home/airflow/.local/lib/python3.12/site-packages/airflow/example_dags/example_workday_timetable.py
[2026-08-12T04:36:51.930+0000] {processor.py:914} INFO - Processing file /home/airflow/.local/lib/python3.12/site-packages/airflow/example_dags/example_workday_timetable.py for tasks to queue
[2026-08-12T04:36:51.934+0000] {logging_mixin.py:190} INFO - [2026-08-12T04:36:51.934+0000] {dagbag.py:587} INFO - Filling up the DagBag from /home/airflow/.local/lib/python3.12/site-packages/airflow/example_dags/example_workday_timetable.py
[2026-08-12T04:36:51.944+0000] {processor.py:925} INFO - DAG(s) 'example_workday_timetable' retrieved from /home/airflow/.local/lib/python3.12/site-packages/airflow/example_dags/example_workday_timetable.py
[2026-08-12T04:36:51.971+0000] {logging_mixin.py:190} INFO - [2026-08-12T04:36:51.971+0000] {dag.py:3211} INFO - Sync 1 DAGs
[2026-08-12T04:36:52.038+0000] {logging_mixin.py:190} INFO - [2026-08-12T04:36:52.038+0000] {dag.py:4138} INFO - Setting next_dagrun for example_workday_timetable to 2021-01-04 00:00:00+00:00, run_after=2021-01-05 00:00:00+00:00
[2026-08-12T04:36:52.062+0000] {processor.py:208} INFO - Processing /home/airflow/.local/lib/python3.12/site-packages/airflow/example_dags/example_workday_timetable.py took 0.140 seconds
[2026-08-12T04:37:22.434+0000] {processor.py:186} INFO - Started process (PID=564) to work on /home/airflow/.local/lib/python3.12/site-packages/airflow/example_dags/example_workday_timetable.py
[2026-08-12T04:37:22.436+0000] {processor.py:914} INFO - Processing file /home/airflow/.local/lib/python3.12/site-packages/airflow/example_dags/example_workday_timetable.py for tasks to queue
[2026-08-12T04:37:22.439+0000] {logging_mixin.py:190} INFO - [2026-08-12T04:37:22.439+0000] {dagbag.py:587} INFO - Filling up the DagBag from /home/airflow/.local/lib/python3.12/site-packages/airflow/example_dags/example_workday_timetable.py
[2026-08-12T04:37:22.446+0000] {processor.py:925} INFO - DAG(s) 'example_workday_timetable' retrieved from /home/airflow/.local/lib/python3.12/site-packages/airflow/example_dags/example_workday_timetable.py
[2026-08-12T04:37:22.468+0000] {logging_mixin.py:190} INFO - [2026-08-12T04:37:22.468+0000] {dag.py:3211} INFO - Sync 1 DAGs
[2026-08-12T04:37:22.566+0000] {logging_mixin.py:190} INFO - [2026-08-12T04:37:22.566+0000] {dag.py:4138} INFO - Setting next_dagrun for example_workday_timetable to 2021-01-04 00:00:00+00:00, run_after=2021-01-05 00:00:00+00:00
[2026-08-12T04:37:22.595+0000] {processor.py:208} INFO - Processing /home/airflow/.local/lib/python3.12/site-packages/airflow/example_dags/example_workday_timetable.py took 0.167 seconds
[2026-08-12T04:37:53.224+0000] {processor.py:186} INFO - Started process (PID=626) to work on /home/airflow/.local/lib/python3.12/site-packages/airflow/example_dags/example_workday_timetable.py
[2026-08-12T04:37:53.226+0000] {processor.py:914} INFO - Processing file /home/airflow/.local/lib/python3.12/site-packages/airflow/example_dags/example_workday_timetable.py for tasks to queue
[2026-08-12T04:37:53.230+0000] {logging_mixin.py:190} INFO - [2026-08-12T04:37:53.230+0000] {dagbag.py:587} INFO - Filling up the DagBag from /home/airflow/.local/lib/python3.12/site-packages/airflow/example_dags/example_workday_timetable.py
[2026-08-12T04:37:53.241+0000] {processor.py:925} INFO - DAG(s) 'example_workday_timetable' retrieved from /home/airflow/.local/lib/python3.12/site-packages/airflow/example_dags/example_workday_timetable.py
[2026-08-12T04:37:53.264+0000] {logging_mixin.py:190} INFO - [2026-08-12T04:37:53.264+0000] {dag.py:3211} INFO - Sync 1 DAGs
[2026-08-12T04:37:53.343+0000] {logging_mixin.py:190} INFO - [2026-08-12T04:37:53.342+0000] {dag.py:4138} INFO - Setting next_dagrun for example_workday_timetable to 2021-01-04 00:00:00+00:00, run_after=2021-01-05 00:00:00+00:00
[2026-08-12T04:37:53.373+0000] {processor.py:208} INFO - Processing /home/airflow/.local/lib/python3.12/site-packages/airflow/example_dags/example_workday_timetable.py took 0.156 seconds
[2026-08-12T04:38:24.489+0000] {processor.py:186} INFO - Started process (PID=688) to work on /home/airflow/.local/lib/python3.12/site-packages/airflow/example_dags/example_workday_timetable.py
[2026-08-12T04:38:24.491+0000] {processor.py:914} INFO - Processing file /home/airflow/.local/lib/python3.12/site-packages/airflow/example_dags/example_workday_timetable.py for tasks to queue
[2026-08-12T04:38:24.495+0000] {logging_mixin.py:190} INFO - [2026-08-12T04:38:24.494+0000] {dagbag.py:587} INFO - Filling up the DagBag from /home/airflow/.local/lib/python3.12/site-packages/airflow/example_dags/example_workday_timetable.py
[2026-08-12T04:38:24.504+0000] {processor.py:925} INFO - DAG(s) 'example_workday_timetable' retrieved from /home/airflow/.local/lib/python3.12/site-packages/airflow/example_dags/example_workday_timetable.py
[2026-08-12T04:38:24.530+0000] {logging_mixin.py:190} INFO - [2026-08-12T04:38:24.529+0000] {dag.py:3211} INFO - Sync 1 DAGs
[2026-08-12T04:38:24.593+0000] {logging_mixin.py:190} INFO - [2026-08-12T04:38:24.593+0000] {dag.py:4138} INFO - Setting next_dagrun for example_workday_timetable to 2021-01-04 00:00:00+00:00, run_after=2021-01-05 00:00:00+00:00
[2026-08-12T04:38:24.620+0000] {processor.py:208} INFO - Processing /home/airflow/.local/lib/python3.12/site-packages/airflow/example_dags/example_workday_timetable.py took 0.140 seconds
[2026-08-12T04:38:54.807+0000] {processor.py:186} INFO - Started process (PID=750) to work on /home/airflow/.local/lib/python3.12/site-packages/airflow/example_dags/example_workday_timetable.py
[2026-08-12T04:38:54.812+0000] {processor.py:914} INFO - Processing file /home/airflow/.local/lib/python3.12/site-packages/airflow/example_dags/example_workday_timetable.py for tasks to queue
[2026-08-12T04:38:54.817+0000] {logging_mixin.py:190} INFO - [2026-08-12T04:38:54.816+0000] {dagbag.py:587} INFO - Filling up the DagBag from /home/airflow/.local/lib/python3.12/site-packages/airflow/example_dags/example_workday_timetable.py
[2026-08-12T04:38:54.824+0000] {processor.py:925} INFO - DAG(s) 'example_workday_timetable' retrieved from /home/airflow/.local/lib/python3.12/site-packages/airflow/example_dags/example_workday_timetable.py
[2026-08-12T04:38:54.846+0000] {logging_mixin.py:190} INFO - [2026-08-12T04:38:54.845+0000] {dag.py:3211} INFO - Sync 1 DAGs
[2026-08-12T04:38:54.911+0000] {logging_mixin.py:190} INFO - [2026-08-12T04:38:54.911+0000] {dag.py:4138} INFO - Setting next_dagrun for example_workday_timetable to 2021-01-04 00:00:00+00:00, run_after=2021-01-05 00:00:00+00:00
[2026-08-12T04:38:54.939+0000] {processor.py:208} INFO - Processing /home/airflow/.local/lib/python3.12/site-packages/airflow/example_dags/example_workday_timetable.py took 0.144 seconds
[2026-08-12T04:39:25.167+0000] {processor.py:186} INFO - Started process (PID=812) to work on /home/airflow/.local/lib/python3.12/site-packages/airflow/example_dags/example_workday_timetable.py
[2026-08-12T04:39:25.169+0000] {processor.py:914} INFO - Processing file /home/airflow/.local/lib/python3.12/site-packages/airflow/example_dags/example_workday_timetable.py for tasks to queue
[2026-08-12T04:39:25.173+0000] {logging_mixin.py:190} INFO - [2026-08-12T04:39:25.173+0000] {dagbag.py:587} INFO - Filling up the DagBag from /home/airflow/.local/lib/python3.12/site-packages/airflow/example_dags/example_workday_timetable.py
[2026-08-12T04:39:25.180+0000] {processor.py:925} INFO - DAG(s) 'example_workday_timetable' retrieved from /home/airflow/.local/lib/python3.12/site-packages/airflow/example_dags/example_workday_timetable.py
[2026-08-12T04:39:25.208+0000] {logging_mixin.py:190} INFO - [2026-08-12T04:39:25.208+0000] {dag.py:3211} INFO - Sync 1 DAGs
[2026-08-12T04:39:25.269+0000] {logging_mixin.py:190} INFO - [2026-08-12T04:39:25.269+0000] {dag.py:4138} INFO - Setting next_dagrun for example_workday_timetable to 2021-01-04 00:00:00+00:00, run_after=2021-01-05 00:00:00+00:00
[2026-08-12T04:39:25.300+0000] {processor.py:208} INFO - Processing /home/airflow/.local/lib/python3.12/site-packages/airflow/example_dags/example_workday_timetable.py took 0.139 seconds
[2026-08-12T04:39:56.395+0000] {processor.py:186} INFO - Started process (PID=874) to work on /home/airflow/.local/lib/python3.12/site-packages/airflow/example_dags/example_workday_timetable.py
[2026-08-12T04:39:56.397+0000] {processor.py:914} INFO - Processing file /home/airflow/.local/lib/python3.12/site-packages/airflow/example_dags/example_workday_timetable.py for tasks to queue
[2026-08-12T04:39:56.401+0000] {logging_mixin.py:190} INFO - [2026-08-12T04:39:56.401+0000] {dagbag.py:587} INFO - Filling up the DagBag from /home/airflow/.local/lib/python3.12/site-packages/airflow/example_dags/example_workday_timetable.py
[2026-08-12T04:39:56.410+0000] {processor.py:925} INFO - DAG(s) 'example_workday_timetable' retrieved from /home/airflow/.local/lib/python3.12/site-packages/airflow/example_dags/example_workday_timetable.py
[2026-08-12T04:39:56.456+0000] {logging_mixin.py:190} INFO - [2026-08-12T04:39:56.456+0000] {dag.py:3211} INFO - Sync 1 DAGs
[2026-08-12T04:39:56.533+0000] {logging_mixin.py:190} INFO - [2026-08-12T04:39:56.533+0000] {dag.py:4138} INFO - Setting next_dagrun for example_workday_timetable to 2021-01-04 00:00:00+00:00, run_after=2021-01-05 00:00:00+00:00
[2026-08-12T04:39:56.559+0000] {processor.py:208} INFO - Processing /home/airflow/.local/lib/python3.12/site-packages/airflow/example_dags/example_workday_timetable.py took 0.174 seconds
[2026-08-12T04:40:26.696+0000] {processor.py:186} INFO - Started process (PID=936) to work on /home/airflow/.local/lib/python3.12/site-packages/airflow/example_dags/example_workday_timetable.py
[2026-08-12T04:40:26.698+0000] {processor.py:914} INFO - Processing file /home/airflow/.local/lib/python3.12/site-packages/airflow/example_dags/example_workday_timetable.py for tasks to queue
[2026-08-12T04:40:26.701+0000] {logging_mixin.py:190} INFO - [2026-08-12T04:40:26.700+0000] {dagbag.py:587} INFO - Filling up the DagBag from /home/airflow/.local/lib/python3.12/site-packages/airflow/example_dags/example_workday_timetable.py
[2026-08-12T04:40:26.707+0000] {processor.py:925} INFO - DAG(s) 'example_workday_timetable' retrieved from /home/airflow/.local/lib/python3.12/site-packages/airflow/example_dags/example_workday_timetable.py
[2026-08-12T04:40:26.729+0000] {logging_mixin.py:190} INFO - [2026-08-12T04:40:26.728+0000] {dag.py:3211} INFO - Sync 1 DAGs
[2026-08-12T04:40:26.792+0000] {logging_mixin.py:190} INFO - [2026-08-12T04:40:26.791+0000] {dag.py:4138} INFO - Setting next_dagrun for example_workday_timetable to 2021-01-04 00:00:00+00:00, run_after=2021-01-05 00:00:00+00:00
[2026-08-12T04:40:26.817+0000] {processor.py:208} INFO - Processing /home/airflow/.local/lib/python3.12/site-packages/airflow/example_dags/example_workday_timetable.py took 0.128 seconds
[2026-08-12T04:40:57.130+0000] {processor.py:186} INFO - Started process (PID=998) to work on /home/airflow/.local/lib/python3.12/site-packages/airflow/example_dags/example_workday_timetable.py
[2026-08-12T04:40:57.131+0000] {processor.py:914} INFO - Processing file /home/airflow/.local/lib/python3.12/site-packages/airflow/example_dags/example_workday_timetable.py for tasks to queue
[2026-08-12T04:40:57.134+0000] {logging_mixin.py:190} INFO - [2026-08-12T04:40:57.134+0000] {dagbag.py:587} INFO - Filling up the DagBag from /home/airflow/.local/lib/python3.12/site-packages/airflow/example_dags/example_workday_timetable.py
[2026-08-12T04:40:57.141+0000] {processor.py:925} INFO - DAG(s) 'example_workday_timetable' retrieved from /home/airflow/.local/lib/python3.12/site-packages/airflow/example_dags/example_workday_timetable.py
[2026-08-12T04:40:57.163+0000] {logging_mixin.py:190} INFO - [2026-08-12T04:40:57.163+0000] {dag.py:3211} INFO - Sync 1 DAGs
[2026-08-12T04:40:57.214+0000] {logging_mixin.py:190} INFO - [2026-08-12T04:40:57.214+0000] {dag.py:4138} INFO - Setting next_dagrun for example_workday_timetable to 2021-01-04 00:00:00+00:00, run_after=2021-01-05 00:00:00+00:00
[2026-08-12T04:40:57.250+0000] {processor.py:208} INFO - Processing /home/airflow/.local/lib/python3.12/site-packages/airflow/example_dags/example_workday_timetable.py took 0.126 seconds
[2026-08-12T04:41:27.808+0000] {processor.py:186} INFO - Started process (PID=1060) to work on /home/airflow/.local/lib/python3.12/site-packages/airflow/example_dags/example_workday_timetable.py
[2026-08-12T04:41:27.810+0000] {processor.py:914} INFO - Processing file /home/airflow/.local/lib/python3.12/site-packages/airflow/example_dags/example_workday_timetable.py for tasks to queue
[2026-08-12T04:41:27.815+0000] {logging_mixin.py:190} INFO - [2026-08-12T04:41:27.815+0000] {dagbag.py:587} INFO - Filling up the DagBag from /home/airflow/.local/lib/python3.12/site-packages/airflow/example_dags/example_workday_timetable.py
[2026-08-12T04:41:27.823+0000] {processor.py:925} INFO - DAG(s) 'example_workday_timetable' retrieved from /home/airflow/.local/lib/python3.12/site-packages/airflow/example_dags/example_workday_timetable.py
[2026-08-12T04:41:27.847+0000] {logging_mixin.py:190} INFO - [2026-08-12T04:41:27.847+0000] {dag.py:3211} INFO - Sync 1 DAGs
[2026-08-12T04:41:27.916+0000] {logging_mixin.py:190} INFO - [2026-08-12T04:41:27.915+0000] {dag.py:4138} INFO - Setting next_dagrun for example_workday_timetable to 2021-01-04 00:00:00+00:00, run_after=2021-01-05 00:00:00+00:00
[2026-08-12T04:41:27.941+0000] {processor.py:208} INFO - Processing /home/airflow/.local/lib/python3.12/site-packages/airflow/example_dags/example_workday_timetable.py took 0.140 seconds
[2026-08-12T04:41:58.631+0000] {processor.py:186} INFO - Started process (PID=1122) to work on /home/airflow/.local/lib/python3.12/site-packages/airflow/example_dags/example_workday_timetable.py
[2026-08-12T04:41:58.633+0000] {processor.py:914} INFO - Processing file /home/airflow/.local/lib/python3.12/site-packages/airflow/example_dags/example_workday_timetable.py for tasks to queue
[2026-08-12T04:41:58.636+0000] {logging_mixin.py:190} INFO - [2026-08-12T04:41:58.635+0000] {dagbag.py:587} INFO - Filling up the DagBag from /home/airflow/.local/lib/python3.12/site-packages/airflow/example_dags/example_workday_timetable.py
[2026-08-12T04:41:58.641+0000] {processor.py:925} INFO - DAG(s) 'example_workday_timetable' retrieved from /home/airflow/.local/lib/python3.12/site-packages/airflow/example_dags/example_workday_timetable.py
[2026-08-12T04:41:58.678+0000] {logging_mixin.py:190} INFO - [2026-08-12T04:41:58.677+0000] {dag.py:3211} INFO - Sync 1 DAGs
[2026-08-12T04:41:58.753+0000] {logging_mixin.py:190} INFO - [2026-08-12T04:41:58.753+0000] {dag.py:4138} INFO - Setting next_dagrun for example_workday_timetable to 2021-01-04 00:00:00+00:00, run_after=2021-01-05 00:00:00+00:00
[2026-08-12T04:41:58.779+0000] {processor.py:208} INFO - Processing /home/airflow/.local/lib/python3.12/site-packages/airflow/example_dags/example_workday_timetable.py took 0.154 seconds
[2026-08-12T04:42:29.634+0000] {processor.py:186} INFO - Started process (PID=1184) to work on /home/airflow/.local/lib/python3.12/site-packages/airflow/example_dags/example_workday_timetable.py
[2026-08-12T04:42:29.636+0000] {processor.py:914} INFO - Processing file /home/airflow/.local/lib/python3.12/site-packages/airflow/example_dags/example_workday_timetable.py for tasks to queue
[2026-08-12T04:42:29.639+0000] {logging_mixin.py:190} INFO - [2026-08-12T04:42:29.639+0000] {dagbag.py:587} INFO - Filling up the DagBag from /home/airflow/.local/lib/python3.12/site-packages/airflow/example_dags/example_workday_timetable.py
[2026-08-12T04:42:29.652+0000] {processor.py:925} INFO - DAG(s) 'example_workday_timetable' retrieved from /home/airflow/.local/lib/python3.12/site-packages/airflow/example_dags/example_workday_timetable.py
[2026-08-12T04:42:29.691+0000] {logging_mixin.py:190} INFO - [2026-08-12T04:42:29.691+0000] {dag.py:3211} INFO - Sync 1 DAGs
[2026-08-12T04:42:29.766+0000] {logging_mixin.py:190} INFO - [2026-08-12T04:42:29.765+0000] {dag.py:4138} INFO - Setting next_dagrun for example_workday_timetable to 2021-01-04 00:00:00+00:00, run_after=2021-01-05 00:00:00+00:00
[2026-08-12T04:42:29.794+0000] {processor.py:208} INFO - Processing /home/airflow/.local/lib/python3.12/site-packages/airflow/example_dags/example_workday_timetable.py took 0.170 seconds
[2026-08-12T04:43:00.647+0000] {processor.py:186} INFO - Started process (PID=1246) to work on /home/airflow/.local/lib/python3.12/site-packages/airflow/example_dags/example_workday_timetable.py
[2026-08-12T04:43:00.650+0000] {processor.py:914} INFO - Processing file /home/airflow/.local/lib/python3.12/site-packages/airflow/example_dags/example_workday_timetable.py for tasks to queue
[2026-08-12T04:43:00.654+0000] {logging_mixin.py:190} INFO - [2026-08-12T04:43:00.654+0000] {dagbag.py:587} INFO - Filling up the DagBag from /home/airflow/.local/lib/python3.12/site-packages/airflow/example_dags/example_workday_timetable.py
[2026-08-12T04:43:00.660+0000] {processor.py:925} INFO - DAG(s) 'example_workday_timetable' retrieved from /home/airflow/.local/lib/python3.12/site-packages/airflow/example_dags/example_workday_timetable.py
[2026-08-12T04:43:00.684+0000] {logging_mixin.py:190} INFO - [2026-08-12T04:43:00.684+0000] {dag.py:3211} INFO - Sync 1 DAGs
[2026-08-12T04:43:00.744+0000] {logging_mixin.py:190} INFO - [2026-08-12T04:43:00.744+0000] {dag.py:4138} INFO - Setting next_dagrun for example_workday_timetable to 2021-01-04 00:00:00+00:00, run_after=2021-01-05 00:00:00+00:00
[2026-08-12T04:43:00.771+0000] {processor.py:208} INFO - Processing /home/airflow/.local/lib/python3.12/site-packages/airflow/example_dags/example_workday_timetable.py took 0.143 seconds
[2026-08-12T04:43:31.504+0000] {processor.py:186} INFO - Started process (PID=1308) to work on /home/airflow/.local/lib/python3.12/site-packages/airflow/example_dags/example_workday_timetable.py
[2026-08-12T04:43:31.505+0000] {processor.py:914} INFO - Processing file /home/airflow/.local/lib/python3.12/site-packages/airflow/example_dags/example_workday_timetable.py for tasks to queue
[2026-08-12T04:43:31.522+0000] {logging_mixin.py:190} INFO - [2026-08-12T04:43:31.522+0000] {dagbag.py:587} INFO - Filling up the DagBag from /home/airflow/.local/lib/python3.12/site-packages/airflow/example_dags/example_workday_timetable.py
[2026-08-12T04:43:31.541+0000] {processor.py:925} INFO - DAG(s) 'example_workday_timetable' retrieved from /home/airflow/.local/lib/python3.12/site-packages/airflow/example_dags/example_workday_timetable.py
[2026-08-12T04:43:31.568+0000] {logging_mixin.py:190} INFO - [2026-08-12T04:43:31.567+0000] {dag.py:3211} INFO - Sync 1 DAGs
[2026-08-12T04:43:31.628+0000] {logging_mixin.py:190} INFO - [2026-08-12T04:43:31.628+0000] {dag.py:4138} INFO - Setting next_dagrun for example_workday_timetable to 2021-01-04 00:00:00+00:00, run_after=2021-01-05 00:00:00+00:00
[2026-08-12T04:43:31.653+0000] {processor.py:208} INFO - Processing /home/airflow/.local/lib/python3.12/site-packages/airflow/example_dags/example_workday_timetable.py took 0.156 seconds
[2026-08-12T04:44:02.291+0000] {processor.py:186} INFO - Started process (PID=1370) to work on /home/airflow/.local/lib/python3.12/site-packages/airflow/example_dags/example_workday_timetable.py
[2026-08-12T04:44:02.293+0000] {processor.py:914} INFO - Processing file /home/airflow/.local/lib/python3.12/site-packages/airflow/example_dags/example_workday_timetable.py for tasks to queue
[2026-08-12T04:44:02.296+0000] {logging_mixin.py:190} INFO - [2026-08-12T04:44:02.296+0000] {dagbag.py:587} INFO - Filling up the DagBag from /home/airflow/.local/lib/python3.12/site-packages/airflow/example_dags/example_workday_timetable.py
[2026-08-12T04:44:02.303+0000] {processor.py:925} INFO - DAG(s) 'example_workday_timetable' retrieved from /home/airflow/.local/lib/python3.12/site-packages/airflow/example_dags/example_workday_timetable.py
[2026-08-12T04:44:02.326+0000] {logging_mixin.py:190} INFO - [2026-08-12T04:44:02.326+0000] {dag.py:3211} INFO - Sync 1 DAGs
[2026-08-12T04:44:02.381+0000] {logging_mixin.py:190} INFO - [2026-08-12T04:44:02.381+0000] {dag.py:4138} INFO - Setting next_dagrun for example_workday_timetable to 2021-01-04 00:00:00+00:00, run_after=2021-01-05 00:00:00+00:00
[2026-08-12T04:44:02.406+0000] {processor.py:208} INFO - Processing /home/airflow/.local/lib/python3.12/site-packages/airflow/example_dags/example_workday_timetable.py took 0.121 seconds
[2026-08-12T04:44:32.769+0000] {processor.py:186} INFO - Started process (PID=1433) to work on /home/airflow/.local/lib/python3.12/site-packages/airflow/example_dags/example_workday_timetable.py
[2026-08-12T04:44:32.771+0000] {processor.py:914} INFO - Processing file /home/airflow/.local/lib/python3.12/site-packages/airflow/example_dags/example_workday_timetable.py for tasks to queue
[2026-08-12T04:44:32.773+0000] {logging_mixin.py:190} INFO - [2026-08-12T04:44:32.773+0000] {dagbag.py:587} INFO - Filling up the DagBag from /home/airflow/.local/lib/python3.12/site-packages/airflow/example_dags/example_workday_timetable.py
[2026-08-12T04:44:32.783+0000] {processor.py:925} INFO - DAG(s) 'example_workday_timetable' retrieved from /home/airflow/.local/lib/python3.12/site-packages/airflow/example_dags/example_workday_timetable.py
[2026-08-12T04:44:32.804+0000] {logging_mixin.py:190} INFO - [2026-08-12T04:44:32.804+0000] {dag.py:3211} INFO - Sync 1 DAGs
[2026-08-12T04:44:32.860+0000] {logging_mixin.py:190} INFO - [2026-08-12T04:44:32.860+0000] {dag.py:4138} INFO - Setting next_dagrun for example_workday_timetable to 2021-01-04 00:00:00+00:00, run_after=2021-01-05 00:00:00+00:00
[2026-08-12T04:44:32.887+0000] {processor.py:208} INFO - Processing /home/airflow/.local/lib/python3.12/site-packages/airflow/example_dags/example_workday_timetable.py took 0.122 seconds
[2026-08-12T04:45:03.709+0000] {processor.py:186} INFO - Started process (PID=1495) to work on /home/airflow/.local/lib/python3.12/site-packages/airflow/example_dags/example_workday_timetable.py
[2026-08-12T04:45:03.711+0000] {processor.py:914} INFO - Processing file /home/airflow/.local/lib/python3.12/site-packages/airflow/example_dags/example_workday_timetable.py for tasks to queue
[2026-08-12T04:45:03.715+0000] {logging_mixin.py:190} INFO - [2026-08-12T04:45:03.714+0000] {dagbag.py:587} INFO - Filling up the DagBag from /home/airflow/.local/lib/python3.12/site-packages/airflow/example_dags/example_workday_timetable.py
[2026-08-12T04:45:03.724+0000] {processor.py:925} INFO - DAG(s) 'example_workday_timetable' retrieved from /home/airflow/.local/lib/python3.12/site-packages/airflow/example_dags/example_workday_timetable.py
[2026-08-12T04:45:03.760+0000] {logging_mixin.py:190} INFO - [2026-08-12T04:45:03.759+0000] {dag.py:3211} INFO - Sync 1 DAGs
[2026-08-12T04:45:03.842+0000] {logging_mixin.py:190} INFO - [2026-08-12T04:45:03.841+0000] {dag.py:4138} INFO - Setting next_dagrun for example_workday_timetable to 2021-01-04 00:00:00+00:00, run_after=2021-01-05 00:00:00+00:00
[2026-08-12T04:45:03.877+0000] {processor.py:208} INFO - Processing /home/airflow/.local/lib/python3.12/site-packages/airflow/example_dags/example_workday_timetable.py took 0.177 seconds
[2026-08-12T04:45:33.968+0000] {processor.py:186} INFO - Started process (PID=1556) to work on /home/airflow/.local/lib/python3.12/site-packages/airflow/example_dags/example_workday_timetable.py
[2026-08-12T04:45:33.969+0000] {processor.py:914} INFO - Processing file /home/airflow/.local/lib/python3.12/site-packages/airflow/example_dags/example_workday_timetable.py for tasks to queue
[2026-08-12T04:45:33.972+0000] {logging_mixin.py:190} INFO - [2026-08-12T04:45:33.972+0000] {dagbag.py:587} INFO - Filling up the DagBag from /home/airflow/.local/lib/python3.12/site-packages/airflow/example_dags/example_workday_timetable.py
[2026-08-12T04:45:33.978+0000] {processor.py:925} INFO - DAG(s) 'example_workday_timetable' retrieved from /home/airflow/.local/lib/python3.12/site-packages/airflow/example_dags/example_workday_timetable.py
[2026-08-12T04:45:33.999+0000] {logging_mixin.py:190} INFO - [2026-08-12T04:45:33.999+0000] {dag.py:3211} INFO - Sync 1 DAGs
[2026-08-12T04:45:34.053+0000] {logging_mixin.py:190} INFO - [2026-08-12T04:45:34.053+0000] {dag.py:4138} INFO - Setting next_dagrun for example_workday_timetable to 2021-01-04 00:00:00+00:00, run_after=2021-01-05 00:00:00+00:00
[2026-08-12T04:45:34.076+0000] {processor.py:208} INFO - Processing /home/airflow/.local/lib/python3.12/site-packages/airflow/example_dags/example_workday_timetable.py took 0.114 seconds
[2026-08-12T04:46:04.153+0000] {processor.py:186} INFO - Started process (PID=1618) to work on /home/airflow/.local/lib/python3.12/site-packages/airflow/example_dags/example_workday_timetable.py
[2026-08-12T04:46:04.155+0000] {processor.py:914} INFO - Processing file /home/airflow/.local/lib/python3.12/site-packages/airflow/example_dags/example_workday_timetable.py for tasks to queue
[2026-08-12T04:46:04.158+0000] {logging_mixin.py:190} INFO - [2026-08-12T04:46:04.158+0000] {dagbag.py:587} INFO - Filling up the DagBag from /home/airflow/.local/lib/python3.12/site-packages/airflow/example_dags/example_workday_timetable.py
[2026-08-12T04:46:04.165+0000] {processor.py:925} INFO - DAG(s) 'example_workday_timetable' retrieved from /home/airflow/.local/lib/python3.12/site-packages/airflow/example_dags/example_workday_timetable.py
[2026-08-12T04:46:04.186+0000] {logging_mixin.py:190} INFO - [2026-08-12T04:46:04.186+0000] {dag.py:3211} INFO - Sync 1 DAGs
[2026-08-12T04:46:04.296+0000] {logging_mixin.py:190} INFO - [2026-08-12T04:46:04.295+0000] {dag.py:4138} INFO - Setting next_dagrun for example_workday_timetable to 2021-01-04 00:00:00+00:00, run_after=2021-01-05 00:00:00+00:00
[2026-08-12T04:46:04.386+0000] {processor.py:208} INFO - Processing /home/airflow/.local/lib/python3.12/site-packages/airflow/example_dags/example_workday_timetable.py took 0.239 seconds
[2026-08-12T04:46:34.957+0000] {processor.py:186} INFO - Started process (PID=1680) to work on /home/airflow/.local/lib/python3.12/site-packages/airflow/example_dags/example_workday_timetable.py
[2026-08-12T04:46:34.959+0000] {processor.py:914} INFO - Processing file /home/airflow/.local/lib/python3.12/site-packages/airflow/example_dags/example_workday_timetable.py for tasks to queue
[2026-08-12T04:46:34.963+0000] {logging_mixin.py:190} INFO - [2026-08-12T04:46:34.962+0000] {dagbag.py:587} INFO - Filling up the DagBag from /home/airflow/.local/lib/python3.12/site-packages/airflow/example_dags/example_workday_timetable.py
[2026-08-12T04:46:34.970+0000] {processor.py:925} INFO - DAG(s) 'example_workday_timetable' retrieved from /home/airflow/.local/lib/python3.12/site-packages/airflow/example_dags/example_workday_timetable.py
[2026-08-12T04:46:34.994+0000] {logging_mixin.py:190} INFO - [2026-08-12T04:46:34.994+0000] {dag.py:3211} INFO - Sync 1 DAGs
[2026-08-12T04:46:35.054+0000] {logging_mixin.py:190} INFO - [2026-08-12T04:46:35.054+0000] {dag.py:4138} INFO - Setting next_dagrun for example_workday_timetable to 2021-01-04 00:00:00+00:00, run_after=2021-01-05 00:00:00+00:00
[2026-08-12T04:46:35.097+0000] {processor.py:208} INFO - Processing /home/airflow/.local/lib/python3.12/site-packages/airflow/example_dags/example_workday_timetable.py took 0.147 seconds
[2026-08-12T04:47:05.561+0000] {processor.py:186} INFO - Started process (PID=1742) to work on /home/airflow/.local/lib/python3.12/site-packages/airflow/example_dags/example_workday_timetable.py
[2026-08-12T04:47:05.563+0000] {processor.py:914} INFO - Processing file /home/airflow/.local/lib/python3.12/site-packages/airflow/example_dags/example_workday_timetable.py for tasks to queue
[2026-08-12T04:47:05.566+0000] {logging_mixin.py:190} INFO - [2026-08-12T04:47:05.566+0000] {dagbag.py:587} INFO - Filling up the DagBag from /home/airflow/.local/lib/python3.12/site-packages/airflow/example_dags/example_workday_timetable.py
[2026-08-12T04:47:05.572+0000] {processor.py:925} INFO - DAG(s) 'example_workday_timetable' retrieved from /home/airflow/.local/lib/python3.12/site-packages/airflow/example_dags/example_workday_timetable.py
[2026-08-12T04:47:05.599+0000] {logging_mixin.py:190} INFO - [2026-08-12T04:47:05.598+0000] {dag.py:3211} INFO - Sync 1 DAGs
[2026-08-12T04:47:05.662+0000] {logging_mixin.py:190} INFO - [2026-08-12T04:47:05.662+0000] {dag.py:4138} INFO - Setting next_dagrun for example_workday_timetable to 2021-01-04 00:00:00+00:00, run_after=2021-01-05 00:00:00+00:00
[2026-08-12T04:47:05.693+0000] {processor.py:208} INFO - Processing /home/airflow/.local/lib/python3.12/site-packages/airflow/example_dags/example_workday_timetable.py took 0.138 seconds
[2026-08-12T04:47:35.815+0000] {processor.py:186} INFO - Started process (PID=1804) to work on /home/airflow/.local/lib/python3.12/site-packages/airflow/example_dags/example_workday_timetable.py
[2026-08-12T04:47:35.817+0000] {processor.py:914} INFO - Processing file /home/airflow/.local/lib/python3.12/site-packages/airflow/example_dags/example_workday_timetable.py for tasks to queue
[2026-08-12T04:47:35.820+0000] {logging_mixin.py:190} INFO - [2026-08-12T04:47:35.820+0000] {dagbag.py:587} INFO - Filling up the DagBag from /home/airflow/.local/lib/python3.12/site-packages/airflow/example_dags/example_workday_timetable.py
[2026-08-12T04:47:35.827+0000] {processor.py:925} INFO - DAG(s) 'example_workday_timetable' retrieved from /home/airflow/.local/lib/python3.12/site-packages/airflow/example_dags/example_workday_timetable.py
[2026-08-12T04:47:35.852+0000] {logging_mixin.py:190} INFO - [2026-08-12T04:47:35.851+0000] {dag.py:3211} INFO - Sync 1 DAGs
[2026-08-12T04:47:35.928+0000] {logging_mixin.py:190} INFO - [2026-08-12T04:47:35.927+0000] {dag.py:4138} INFO - Setting next_dagrun for example_workday_timetable to 2021-01-04 00:00:00+00:00, run_after=2021-01-05 00:00:00+00:00
[2026-08-12T04:47:35.955+0000] {processor.py:208} INFO - Processing /home/airflow/.local/lib/python3.12/site-packages/airflow/example_dags/example_workday_timetable.py took 0.147 seconds
[2026-08-12T04:48:06.726+0000] {processor.py:186} INFO - Started process (PID=1866) to work on /home/airflow/.local/lib/python3.12/site-packages/airflow/example_dags/example_workday_timetable.py
[2026-08-12T04:48:06.728+0000] {processor.py:914} INFO - Processing file /home/airflow/.local/lib/python3.12/site-packages/airflow/example_dags/example_workday_timetable.py for tasks to queue
[2026-08-12T04:48:06.743+0000] {logging_mixin.py:190} INFO - [2026-08-12T04:48:06.743+0000] {dagbag.py:587} INFO - Filling up the DagBag from /home/airflow/.local/lib/python3.12/site-packages/airflow/example_dags/example_workday_timetable.py
[2026-08-12T04:48:06.751+0000] {processor.py:925} INFO - DAG(s) 'example_workday_timetable' retrieved from /home/airflow/.local/lib/python3.12/site-packages/airflow/example_dags/example_workday_timetable.py
[2026-08-12T04:48:06.775+0000] {logging_mixin.py:190} INFO - [2026-08-12T04:48:06.775+0000] {dag.py:3211} INFO - Sync 1 DAGs
[2026-08-12T04:48:06.867+0000] {logging_mixin.py:190} INFO - [2026-08-12T04:48:06.867+0000] {dag.py:4138} INFO - Setting next_dagrun for example_workday_timetable to 2021-01-04 00:00:00+00:00, run_after=2021-01-05 00:00:00+00:00
[2026-08-12T04:48:06.895+0000] {processor.py:208} INFO - Processing /home/airflow/.local/lib/python3.12/site-packages/airflow/example_dags/example_workday_timetable.py took 0.176 seconds
