[2026-08-12T04:31:28.475+0000] {processor.py:186} INFO - Started process (PID=76) to work on /home/airflow/.local/lib/python3.12/site-packages/airflow/example_dags/example_params_trigger_ui.py
[2026-08-12T04:31:28.477+0000] {processor.py:914} INFO - Processing file /home/airflow/.local/lib/python3.12/site-packages/airflow/example_dags/example_params_trigger_ui.py for tasks to queue
[2026-08-12T04:31:28.481+0000] {logging_mixin.py:190} INFO - [2026-08-12T04:31:28.481+0000] {dagbag.py:587} INFO - Filling up the DagBag from /home/airflow/.local/lib/python3.12/site-packages/airflow/example_dags/example_params_trigger_ui.py
[2026-08-12T04:31:28.497+0000] {processor.py:925} INFO - DAG(s) 'example_params_trigger_ui' retrieved from /home/airflow/.local/lib/python3.12/site-packages/airflow/example_dags/example_params_trigger_ui.py
[2026-08-12T04:31:28.802+0000] {logging_mixin.py:190} INFO - [2026-08-12T04:31:28.801+0000] {override.py:1858} INFO - Created Permission View: can read on DAG:example_params_trigger_ui
[2026-08-12T04:31:28.818+0000] {logging_mixin.py:190} INFO - [2026-08-12T04:31:28.818+0000] {override.py:1858} INFO - Created Permission View: can edit on DAG:example_params_trigger_ui
[2026-08-12T04:31:28.830+0000] {logging_mixin.py:190} INFO - [2026-08-12T04:31:28.830+0000] {override.py:1858} INFO - Created Permission View: can delete on DAG:example_params_trigger_ui
[2026-08-12T04:31:28.832+0000] {logging_mixin.py:190} INFO - [2026-08-12T04:31:28.831+0000] {dag.py:3211} INFO - Sync 1 DAGs
[2026-08-12T04:31:28.848+0000] {logging_mixin.py:190} INFO - [2026-08-12T04:31:28.848+0000] {dag.py:3234} INFO - Creating ORM DAG for example_params_trigger_ui
[2026-08-12T04:31:28.850+0000] {logging_mixin.py:190} INFO - [2026-08-12T04:31:28.850+0000] {dag.py:4138} INFO - Setting next_dagrun for example_params_trigger_ui to None, run_after=None
[2026-08-12T04:31:28.887+0000] {processor.py:208} INFO - Processing /home/airflow/.local/lib/python3.12/site-packages/airflow/example_dags/example_params_trigger_ui.py took 0.421 seconds
[2026-08-12T04:31:59.266+0000] {processor.py:186} INFO - Started process (PID=137) to work on /home/airflow/.local/lib/python3.12/site-packages/airflow/example_dags/example_params_trigger_ui.py
[2026-08-12T04:31:59.268+0000] {processor.py:914} INFO - Processing file /home/airflow/.local/lib/python3.12/site-packages/airflow/example_dags/example_params_trigger_ui.py for tasks to queue
[2026-08-12T04:31:59.271+0000] {logging_mixin.py:190} INFO - [2026-08-12T04:31:59.271+0000] {dagbag.py:587} INFO - Filling up the DagBag from /home/airflow/.local/lib/python3.12/site-packages/airflow/example_dags/example_params_trigger_ui.py
[2026-08-12T04:31:59.285+0000] {processor.py:925} INFO - DAG(s) 'example_params_trigger_ui' retrieved from /home/airflow/.local/lib/python3.12/site-packages/airflow/example_dags/example_params_trigger_ui.py
[2026-08-12T04:31:59.373+0000] {logging_mixin.py:190} INFO - [2026-08-12T04:31:59.373+0000] {dag.py:3211} INFO - Sync 1 DAGs
[2026-08-12T04:31:59.398+0000] {logging_mixin.py:190} INFO - [2026-08-12T04:31:59.398+0000] {dag.py:4138} INFO - Setting next_dagrun for example_params_trigger_ui to None, run_after=None
[2026-08-12T04:31:59.462+0000] {processor.py:208} INFO - Processing /home/airflow/.local/lib/python3.12/site-packages/airflow/example_dags/example_params_trigger_ui.py took 0.204 seconds
[2026-08-12T04:33:18.445+0000] {processor.py:186} INFO - Started process (PID=63) to work on /home/airflow/.local/lib/python3.12/site-packages/airflow/example_dags/example_params_trigger_ui.py
[2026-08-12T04:33:18.448+0000] {processor.py:914} INFO - Processing file /home/airflow/.local/lib/python3.12/site-packages/airflow/example_dags/example_params_trigger_ui.py for tasks to queue
[2026-08-12T04:33:18.455+0000] {logging_mixin.py:190} INFO - [2026-08-12T04:33:18.454+0000] {dagbag.py:587} INFO - Filling up the DagBag from /home/airflow/.local/lib/python3.12/site-packages/airflow/example_dags/example_params_trigger_ui.py
[2026-08-12T04:33:18.481+0000] {processor.py:925} INFO - DAG(s) 'example_params_trigger_ui' retrieved from /home/airflow/.local/lib/python3.12/site-packages/airflow/example_dags/example_params_trigger_ui.py
[2026-08-12T04:33:18.545+0000] {logging_mixin.py:190} INFO - [2026-08-12T04:33:18.544+0000] {dag.py:3211} INFO - Sync 1 DAGs
[2026-08-12T04:33:18.570+0000] {logging_mixin.py:190} INFO - [2026-08-12T04:33:18.569+0000] {dag.py:4138} INFO - Setting next_dagrun for example_params_trigger_ui to None, run_after=None
[2026-08-12T04:33:18.608+0000] {processor.py:208} INFO - Processing /home/airflow/.local/lib/python3.12/site-packages/airflow/example_dags/example_params_trigger_ui.py took 0.176 seconds
[2026-08-12T04:33:48.866+0000] {processor.py:186} INFO - Started process (PID=124) to work on /home/airflow/.local/lib/python3.12/site-packages/airflow/example_dags/example_params_trigger_ui.py
[2026-08-12T04:33:48.868+0000] {processor.py:914} INFO - Processing file /home/airflow/.local/lib/python3.12/site-packages/airflow/example_dags/example_params_trigger_ui.py for tasks to queue
[2026-08-12T04:33:48.872+0000] {logging_mixin.py:190} INFO - [2026-08-12T04:33:48.871+0000] {dagbag.py:587} INFO - Filling up the DagBag from /home/airflow/.local/lib/python3.12/site-packages/airflow/example_dags/example_params_trigger_ui.py
[2026-08-12T04:33:48.882+0000] {processor.py:925} INFO - DAG(s) 'example_params_trigger_ui' retrieved from /home/airflow/.local/lib/python3.12/site-packages/airflow/example_dags/example_params_trigger_ui.py
[2026-08-12T04:33:48.924+0000] {logging_mixin.py:190} INFO - [2026-08-12T04:33:48.924+0000] {dag.py:3211} INFO - Sync 1 DAGs
[2026-08-12T04:33:48.940+0000] {logging_mixin.py:190} INFO - [2026-08-12T04:33:48.940+0000] {dag.py:4138} INFO - Setting next_dagrun for example_params_trigger_ui to None, run_after=None
[2026-08-12T04:33:48.966+0000] {processor.py:208} INFO - Processing /home/airflow/.local/lib/python3.12/site-packages/airflow/example_dags/example_params_trigger_ui.py took 0.106 seconds
[2026-08-12T04:34:19.096+0000] {processor.py:186} INFO - Started process (PID=186) to work on /home/airflow/.local/lib/python3.12/site-packages/airflow/example_dags/example_params_trigger_ui.py
[2026-08-12T04:34:19.098+0000] {processor.py:914} INFO - Processing file /home/airflow/.local/lib/python3.12/site-packages/airflow/example_dags/example_params_trigger_ui.py for tasks to queue
[2026-08-12T04:34:19.102+0000] {logging_mixin.py:190} INFO - [2026-08-12T04:34:19.102+0000] {dagbag.py:587} INFO - Filling up the DagBag from /home/airflow/.local/lib/python3.12/site-packages/airflow/example_dags/example_params_trigger_ui.py
[2026-08-12T04:34:19.118+0000] {processor.py:925} INFO - DAG(s) 'example_params_trigger_ui' retrieved from /home/airflow/.local/lib/python3.12/site-packages/airflow/example_dags/example_params_trigger_ui.py
[2026-08-12T04:34:19.166+0000] {logging_mixin.py:190} INFO - [2026-08-12T04:34:19.165+0000] {dag.py:3211} INFO - Sync 1 DAGs
[2026-08-12T04:34:19.181+0000] {logging_mixin.py:190} INFO - [2026-08-12T04:34:19.181+0000] {dag.py:4138} INFO - Setting next_dagrun for example_params_trigger_ui to None, run_after=None
[2026-08-12T04:34:19.210+0000] {processor.py:208} INFO - Processing /home/airflow/.local/lib/python3.12/site-packages/airflow/example_dags/example_params_trigger_ui.py took 0.120 seconds
[2026-08-12T04:34:49.295+0000] {processor.py:186} INFO - Started process (PID=248) to work on /home/airflow/.local/lib/python3.12/site-packages/airflow/example_dags/example_params_trigger_ui.py
[2026-08-12T04:34:49.296+0000] {processor.py:914} INFO - Processing file /home/airflow/.local/lib/python3.12/site-packages/airflow/example_dags/example_params_trigger_ui.py for tasks to queue
[2026-08-12T04:34:49.299+0000] {logging_mixin.py:190} INFO - [2026-08-12T04:34:49.299+0000] {dagbag.py:587} INFO - Filling up the DagBag from /home/airflow/.local/lib/python3.12/site-packages/airflow/example_dags/example_params_trigger_ui.py
[2026-08-12T04:34:49.311+0000] {processor.py:925} INFO - DAG(s) 'example_params_trigger_ui' retrieved from /home/airflow/.local/lib/python3.12/site-packages/airflow/example_dags/example_params_trigger_ui.py
[2026-08-12T04:34:49.357+0000] {logging_mixin.py:190} INFO - [2026-08-12T04:34:49.357+0000] {dag.py:3211} INFO - Sync 1 DAGs
[2026-08-12T04:34:49.376+0000] {logging_mixin.py:190} INFO - [2026-08-12T04:34:49.375+0000] {dag.py:4138} INFO - Setting next_dagrun for example_params_trigger_ui to None, run_after=None
[2026-08-12T04:34:49.402+0000] {processor.py:208} INFO - Processing /home/airflow/.local/lib/python3.12/site-packages/airflow/example_dags/example_params_trigger_ui.py took 0.113 seconds
[2026-08-12T04:35:19.939+0000] {processor.py:186} INFO - Started process (PID=311) to work on /home/airflow/.local/lib/python3.12/site-packages/airflow/example_dags/example_params_trigger_ui.py
[2026-08-12T04:35:19.940+0000] {processor.py:914} INFO - Processing file /home/airflow/.local/lib/python3.12/site-packages/airflow/example_dags/example_params_trigger_ui.py for tasks to queue
[2026-08-12T04:35:19.943+0000] {logging_mixin.py:190} INFO - [2026-08-12T04:35:19.942+0000] {dagbag.py:587} INFO - Filling up the DagBag from /home/airflow/.local/lib/python3.12/site-packages/airflow/example_dags/example_params_trigger_ui.py
[2026-08-12T04:35:19.966+0000] {processor.py:925} INFO - DAG(s) 'example_params_trigger_ui' retrieved from /home/airflow/.local/lib/python3.12/site-packages/airflow/example_dags/example_params_trigger_ui.py
[2026-08-12T04:35:20.019+0000] {logging_mixin.py:190} INFO - [2026-08-12T04:35:20.018+0000] {dag.py:3211} INFO - Sync 1 DAGs
[2026-08-12T04:35:20.035+0000] {logging_mixin.py:190} INFO - [2026-08-12T04:35:20.035+0000] {dag.py:4138} INFO - Setting next_dagrun for example_params_trigger_ui to None, run_after=None
[2026-08-12T04:35:20.060+0000] {processor.py:208} INFO - Processing /home/airflow/.local/lib/python3.12/site-packages/airflow/example_dags/example_params_trigger_ui.py took 0.127 seconds
[2026-08-12T04:35:50.431+0000] {processor.py:186} INFO - Started process (PID=373) to work on /home/airflow/.local/lib/python3.12/site-packages/airflow/example_dags/example_params_trigger_ui.py
[2026-08-12T04:35:50.433+0000] {processor.py:914} INFO - Processing file /home/airflow/.local/lib/python3.12/site-packages/airflow/example_dags/example_params_trigger_ui.py for tasks to queue
[2026-08-12T04:35:50.438+0000] {logging_mixin.py:190} INFO - [2026-08-12T04:35:50.438+0000] {dagbag.py:587} INFO - Filling up the DagBag from /home/airflow/.local/lib/python3.12/site-packages/airflow/example_dags/example_params_trigger_ui.py
[2026-08-12T04:35:50.459+0000] {processor.py:925} INFO - DAG(s) 'example_params_trigger_ui' retrieved from /home/airflow/.local/lib/python3.12/site-packages/airflow/example_dags/example_params_trigger_ui.py
[2026-08-12T04:35:50.540+0000] {logging_mixin.py:190} INFO - [2026-08-12T04:35:50.539+0000] {dag.py:3211} INFO - Sync 1 DAGs
[2026-08-12T04:35:50.558+0000] {logging_mixin.py:190} INFO - [2026-08-12T04:35:50.558+0000] {dag.py:4138} INFO - Setting next_dagrun for example_params_trigger_ui to None, run_after=None
[2026-08-12T04:35:50.586+0000] {processor.py:208} INFO - Processing /home/airflow/.local/lib/python3.12/site-packages/airflow/example_dags/example_params_trigger_ui.py took 0.166 seconds
[2026-08-12T04:36:20.978+0000] {processor.py:186} INFO - Started process (PID=435) to work on /home/airflow/.local/lib/python3.12/site-packages/airflow/example_dags/example_params_trigger_ui.py
[2026-08-12T04:36:20.980+0000] {processor.py:914} INFO - Processing file /home/airflow/.local/lib/python3.12/site-packages/airflow/example_dags/example_params_trigger_ui.py for tasks to queue
[2026-08-12T04:36:20.983+0000] {logging_mixin.py:190} INFO - [2026-08-12T04:36:20.983+0000] {dagbag.py:587} INFO - Filling up the DagBag from /home/airflow/.local/lib/python3.12/site-packages/airflow/example_dags/example_params_trigger_ui.py
[2026-08-12T04:36:20.996+0000] {processor.py:925} INFO - DAG(s) 'example_params_trigger_ui' retrieved from /home/airflow/.local/lib/python3.12/site-packages/airflow/example_dags/example_params_trigger_ui.py
[2026-08-12T04:36:21.043+0000] {logging_mixin.py:190} INFO - [2026-08-12T04:36:21.042+0000] {dag.py:3211} INFO - Sync 1 DAGs
[2026-08-12T04:36:21.058+0000] {logging_mixin.py:190} INFO - [2026-08-12T04:36:21.057+0000] {dag.py:4138} INFO - Setting next_dagrun for example_params_trigger_ui to None, run_after=None
[2026-08-12T04:36:21.083+0000] {processor.py:208} INFO - Processing /home/airflow/.local/lib/python3.12/site-packages/airflow/example_dags/example_params_trigger_ui.py took 0.112 seconds
[2026-08-12T04:36:51.552+0000] {processor.py:186} INFO - Started process (PID=497) to work on /home/airflow/.local/lib/python3.12/site-packages/airflow/example_dags/example_params_trigger_ui.py
[2026-08-12T04:36:51.554+0000] {processor.py:914} INFO - Processing file /home/airflow/.local/lib/python3.12/site-packages/airflow/example_dags/example_params_trigger_ui.py for tasks to queue
[2026-08-12T04:36:51.557+0000] {logging_mixin.py:190} INFO - [2026-08-12T04:36:51.556+0000] {dagbag.py:587} INFO - Filling up the DagBag from /home/airflow/.local/lib/python3.12/site-packages/airflow/example_dags/example_params_trigger_ui.py
[2026-08-12T04:36:51.569+0000] {processor.py:925} INFO - DAG(s) 'example_params_trigger_ui' retrieved from /home/airflow/.local/lib/python3.12/site-packages/airflow/example_dags/example_params_trigger_ui.py
[2026-08-12T04:36:51.606+0000] {logging_mixin.py:190} INFO - [2026-08-12T04:36:51.606+0000] {dag.py:3211} INFO - Sync 1 DAGs
[2026-08-12T04:36:51.620+0000] {logging_mixin.py:190} INFO - [2026-08-12T04:36:51.619+0000] {dag.py:4138} INFO - Setting next_dagrun for example_params_trigger_ui to None, run_after=None
[2026-08-12T04:36:51.642+0000] {processor.py:208} INFO - Processing /home/airflow/.local/lib/python3.12/site-packages/airflow/example_dags/example_params_trigger_ui.py took 0.098 seconds
[2026-08-12T04:37:21.863+0000] {processor.py:186} INFO - Started process (PID=559) to work on /home/airflow/.local/lib/python3.12/site-packages/airflow/example_dags/example_params_trigger_ui.py
[2026-08-12T04:37:21.865+0000] {processor.py:914} INFO - Processing file /home/airflow/.local/lib/python3.12/site-packages/airflow/example_dags/example_params_trigger_ui.py for tasks to queue
[2026-08-12T04:37:21.868+0000] {logging_mixin.py:190} INFO - [2026-08-12T04:37:21.868+0000] {dagbag.py:587} INFO - Filling up the DagBag from /home/airflow/.local/lib/python3.12/site-packages/airflow/example_dags/example_params_trigger_ui.py
[2026-08-12T04:37:21.879+0000] {processor.py:925} INFO - DAG(s) 'example_params_trigger_ui' retrieved from /home/airflow/.local/lib/python3.12/site-packages/airflow/example_dags/example_params_trigger_ui.py
[2026-08-12T04:37:21.933+0000] {logging_mixin.py:190} INFO - [2026-08-12T04:37:21.933+0000] {dag.py:3211} INFO - Sync 1 DAGs
[2026-08-12T04:37:21.950+0000] {logging_mixin.py:190} INFO - [2026-08-12T04:37:21.950+0000] {dag.py:4138} INFO - Setting next_dagrun for example_params_trigger_ui to None, run_after=None
[2026-08-12T04:37:21.976+0000] {processor.py:208} INFO - Processing /home/airflow/.local/lib/python3.12/site-packages/airflow/example_dags/example_params_trigger_ui.py took 0.117 seconds
[2026-08-12T04:37:52.655+0000] {processor.py:186} INFO - Started process (PID=621) to work on /home/airflow/.local/lib/python3.12/site-packages/airflow/example_dags/example_params_trigger_ui.py
[2026-08-12T04:37:52.657+0000] {processor.py:914} INFO - Processing file /home/airflow/.local/lib/python3.12/site-packages/airflow/example_dags/example_params_trigger_ui.py for tasks to queue
[2026-08-12T04:37:52.660+0000] {logging_mixin.py:190} INFO - [2026-08-12T04:37:52.660+0000] {dagbag.py:587} INFO - Filling up the DagBag from /home/airflow/.local/lib/python3.12/site-packages/airflow/example_dags/example_params_trigger_ui.py
[2026-08-12T04:37:52.676+0000] {processor.py:925} INFO - DAG(s) 'example_params_trigger_ui' retrieved from /home/airflow/.local/lib/python3.12/site-packages/airflow/example_dags/example_params_trigger_ui.py
[2026-08-12T04:37:52.723+0000] {logging_mixin.py:190} INFO - [2026-08-12T04:37:52.722+0000] {dag.py:3211} INFO - Sync 1 DAGs
[2026-08-12T04:37:52.740+0000] {logging_mixin.py:190} INFO - [2026-08-12T04:37:52.739+0000] {dag.py:4138} INFO - Setting next_dagrun for example_params_trigger_ui to None, run_after=None
[2026-08-12T04:37:52.768+0000] {processor.py:208} INFO - Processing /home/airflow/.local/lib/python3.12/site-packages/airflow/example_dags/example_params_trigger_ui.py took 0.121 seconds
[2026-08-12T04:38:24.059+0000] {processor.py:186} INFO - Started process (PID=684) to work on /home/airflow/.local/lib/python3.12/site-packages/airflow/example_dags/example_params_trigger_ui.py
[2026-08-12T04:38:24.061+0000] {processor.py:914} INFO - Processing file /home/airflow/.local/lib/python3.12/site-packages/airflow/example_dags/example_params_trigger_ui.py for tasks to queue
[2026-08-12T04:38:24.064+0000] {logging_mixin.py:190} INFO - [2026-08-12T04:38:24.063+0000] {dagbag.py:587} INFO - Filling up the DagBag from /home/airflow/.local/lib/python3.12/site-packages/airflow/example_dags/example_params_trigger_ui.py
[2026-08-12T04:38:24.075+0000] {processor.py:925} INFO - DAG(s) 'example_params_trigger_ui' retrieved from /home/airflow/.local/lib/python3.12/site-packages/airflow/example_dags/example_params_trigger_ui.py
[2026-08-12T04:38:24.119+0000] {logging_mixin.py:190} INFO - [2026-08-12T04:38:24.118+0000] {dag.py:3211} INFO - Sync 1 DAGs
[2026-08-12T04:38:24.135+0000] {logging_mixin.py:190} INFO - [2026-08-12T04:38:24.134+0000] {dag.py:4138} INFO - Setting next_dagrun for example_params_trigger_ui to None, run_after=None
[2026-08-12T04:38:24.163+0000] {processor.py:208} INFO - Processing /home/airflow/.local/lib/python3.12/site-packages/airflow/example_dags/example_params_trigger_ui.py took 0.109 seconds
[2026-08-12T04:38:54.429+0000] {processor.py:186} INFO - Started process (PID=746) to work on /home/airflow/.local/lib/python3.12/site-packages/airflow/example_dags/example_params_trigger_ui.py
[2026-08-12T04:38:54.431+0000] {processor.py:914} INFO - Processing file /home/airflow/.local/lib/python3.12/site-packages/airflow/example_dags/example_params_trigger_ui.py for tasks to queue
[2026-08-12T04:38:54.447+0000] {logging_mixin.py:190} INFO - [2026-08-12T04:38:54.447+0000] {dagbag.py:587} INFO - Filling up the DagBag from /home/airflow/.local/lib/python3.12/site-packages/airflow/example_dags/example_params_trigger_ui.py
[2026-08-12T04:38:54.460+0000] {processor.py:925} INFO - DAG(s) 'example_params_trigger_ui' retrieved from /home/airflow/.local/lib/python3.12/site-packages/airflow/example_dags/example_params_trigger_ui.py
[2026-08-12T04:38:54.510+0000] {logging_mixin.py:190} INFO - [2026-08-12T04:38:54.509+0000] {dag.py:3211} INFO - Sync 1 DAGs
[2026-08-12T04:38:54.525+0000] {logging_mixin.py:190} INFO - [2026-08-12T04:38:54.525+0000] {dag.py:4138} INFO - Setting next_dagrun for example_params_trigger_ui to None, run_after=None
[2026-08-12T04:38:54.565+0000] {processor.py:208} INFO - Processing /home/airflow/.local/lib/python3.12/site-packages/airflow/example_dags/example_params_trigger_ui.py took 0.142 seconds
[2026-08-12T04:39:24.747+0000] {processor.py:186} INFO - Started process (PID=808) to work on /home/airflow/.local/lib/python3.12/site-packages/airflow/example_dags/example_params_trigger_ui.py
[2026-08-12T04:39:24.749+0000] {processor.py:914} INFO - Processing file /home/airflow/.local/lib/python3.12/site-packages/airflow/example_dags/example_params_trigger_ui.py for tasks to queue
[2026-08-12T04:39:24.752+0000] {logging_mixin.py:190} INFO - [2026-08-12T04:39:24.752+0000] {dagbag.py:587} INFO - Filling up the DagBag from /home/airflow/.local/lib/python3.12/site-packages/airflow/example_dags/example_params_trigger_ui.py
[2026-08-12T04:39:24.763+0000] {processor.py:925} INFO - DAG(s) 'example_params_trigger_ui' retrieved from /home/airflow/.local/lib/python3.12/site-packages/airflow/example_dags/example_params_trigger_ui.py
[2026-08-12T04:39:24.812+0000] {logging_mixin.py:190} INFO - [2026-08-12T04:39:24.812+0000] {dag.py:3211} INFO - Sync 1 DAGs
[2026-08-12T04:39:24.829+0000] {logging_mixin.py:190} INFO - [2026-08-12T04:39:24.829+0000] {dag.py:4138} INFO - Setting next_dagrun for example_params_trigger_ui to None, run_after=None
[2026-08-12T04:39:24.863+0000] {processor.py:208} INFO - Processing /home/airflow/.local/lib/python3.12/site-packages/airflow/example_dags/example_params_trigger_ui.py took 0.121 seconds
[2026-08-12T04:39:55.758+0000] {processor.py:186} INFO - Started process (PID=870) to work on /home/airflow/.local/lib/python3.12/site-packages/airflow/example_dags/example_params_trigger_ui.py
[2026-08-12T04:39:55.759+0000] {processor.py:914} INFO - Processing file /home/airflow/.local/lib/python3.12/site-packages/airflow/example_dags/example_params_trigger_ui.py for tasks to queue
[2026-08-12T04:39:55.763+0000] {logging_mixin.py:190} INFO - [2026-08-12T04:39:55.762+0000] {dagbag.py:587} INFO - Filling up the DagBag from /home/airflow/.local/lib/python3.12/site-packages/airflow/example_dags/example_params_trigger_ui.py
[2026-08-12T04:39:55.775+0000] {processor.py:925} INFO - DAG(s) 'example_params_trigger_ui' retrieved from /home/airflow/.local/lib/python3.12/site-packages/airflow/example_dags/example_params_trigger_ui.py
[2026-08-12T04:39:55.833+0000] {logging_mixin.py:190} INFO - [2026-08-12T04:39:55.832+0000] {dag.py:3211} INFO - Sync 1 DAGs
[2026-08-12T04:39:55.848+0000] {logging_mixin.py:190} INFO - [2026-08-12T04:39:55.848+0000] {dag.py:4138} INFO - Setting next_dagrun for example_params_trigger_ui to None, run_after=None
[2026-08-12T04:39:55.879+0000] {processor.py:208} INFO - Processing /home/airflow/.local/lib/python3.12/site-packages/airflow/example_dags/example_params_trigger_ui.py took 0.127 seconds
[2026-08-12T04:40:26.250+0000] {processor.py:186} INFO - Started process (PID=931) to work on /home/airflow/.local/lib/python3.12/site-packages/airflow/example_dags/example_params_trigger_ui.py
[2026-08-12T04:40:26.251+0000] {processor.py:914} INFO - Processing file /home/airflow/.local/lib/python3.12/site-packages/airflow/example_dags/example_params_trigger_ui.py for tasks to queue
[2026-08-12T04:40:26.255+0000] {logging_mixin.py:190} INFO - [2026-08-12T04:40:26.255+0000] {dagbag.py:587} INFO - Filling up the DagBag from /home/airflow/.local/lib/python3.12/site-packages/airflow/example_dags/example_params_trigger_ui.py
[2026-08-12T04:40:26.268+0000] {processor.py:925} INFO - DAG(s) 'example_params_trigger_ui' retrieved from /home/airflow/.local/lib/python3.12/site-packages/airflow/example_dags/example_params_trigger_ui.py
[2026-08-12T04:40:26.316+0000] {logging_mixin.py:190} INFO - [2026-08-12T04:40:26.316+0000] {dag.py:3211} INFO - Sync 1 DAGs
[2026-08-12T04:40:26.333+0000] {logging_mixin.py:190} INFO - [2026-08-12T04:40:26.333+0000] {dag.py:4138} INFO - Setting next_dagrun for example_params_trigger_ui to None, run_after=None
[2026-08-12T04:40:26.358+0000] {processor.py:208} INFO - Processing /home/airflow/.local/lib/python3.12/site-packages/airflow/example_dags/example_params_trigger_ui.py took 0.115 seconds
[2026-08-12T04:40:56.622+0000] {processor.py:186} INFO - Started process (PID=993) to work on /home/airflow/.local/lib/python3.12/site-packages/airflow/example_dags/example_params_trigger_ui.py
[2026-08-12T04:40:56.635+0000] {processor.py:914} INFO - Processing file /home/airflow/.local/lib/python3.12/site-packages/airflow/example_dags/example_params_trigger_ui.py for tasks to queue
[2026-08-12T04:40:56.643+0000] {logging_mixin.py:190} INFO - [2026-08-12T04:40:56.643+0000] {dagbag.py:587} INFO - Filling up the DagBag from /home/airflow/.local/lib/python3.12/site-packages/airflow/example_dags/example_params_trigger_ui.py
[2026-08-12T04:40:56.655+0000] {processor.py:925} INFO - DAG(s) 'example_params_trigger_ui' retrieved from /home/airflow/.local/lib/python3.12/site-packages/airflow/example_dags/example_params_trigger_ui.py
[2026-08-12T04:40:56.711+0000] {logging_mixin.py:190} INFO - [2026-08-12T04:40:56.710+0000] {dag.py:3211} INFO - Sync 1 DAGs
[2026-08-12T04:40:56.725+0000] {logging_mixin.py:190} INFO - [2026-08-12T04:40:56.724+0000] {dag.py:4138} INFO - Setting next_dagrun for example_params_trigger_ui to None, run_after=None
[2026-08-12T04:40:56.748+0000] {processor.py:208} INFO - Processing /home/airflow/.local/lib/python3.12/site-packages/airflow/example_dags/example_params_trigger_ui.py took 0.132 seconds
[2026-08-12T04:41:26.963+0000] {processor.py:186} INFO - Started process (PID=1055) to work on /home/airflow/.local/lib/python3.12/site-packages/airflow/example_dags/example_params_trigger_ui.py
[2026-08-12T04:41:26.965+0000] {processor.py:914} INFO - Processing file /home/airflow/.local/lib/python3.12/site-packages/airflow/example_dags/example_params_trigger_ui.py for tasks to queue
[2026-08-12T04:41:26.968+0000] {logging_mixin.py:190} INFO - [2026-08-12T04:41:26.968+0000] {dagbag.py:587} INFO - Filling up the DagBag from /home/airflow/.local/lib/python3.12/site-packages/airflow/example_dags/example_params_trigger_ui.py
[2026-08-12T04:41:26.978+0000] {processor.py:925} INFO - DAG(s) 'example_params_trigger_ui' retrieved from /home/airflow/.local/lib/python3.12/site-packages/airflow/example_dags/example_params_trigger_ui.py
[2026-08-12T04:41:27.031+0000] {logging_mixin.py:190} INFO - [2026-08-12T04:41:27.030+0000] {dag.py:3211} INFO - Sync 1 DAGs
[2026-08-12T04:41:27.046+0000] {logging_mixin.py:190} INFO - [2026-08-12T04:41:27.046+0000] {dag.py:4138} INFO - Setting next_dagrun for example_params_trigger_ui to None, run_after=None
[2026-08-12T04:41:27.070+0000] {processor.py:208} INFO - Processing /home/airflow/.local/lib/python3.12/site-packages/airflow/example_dags/example_params_trigger_ui.py took 0.113 seconds
[2026-08-12T04:41:57.239+0000] {processor.py:186} INFO - Started process (PID=1117) to work on /home/airflow/.local/lib/python3.12/site-packages/airflow/example_dags/example_params_trigger_ui.py
[2026-08-12T04:41:57.240+0000] {processor.py:914} INFO - Processing file /home/airflow/.local/lib/python3.12/site-packages/airflow/example_dags/example_params_trigger_ui.py for tasks to queue
[2026-08-12T04:41:57.243+0000] {logging_mixin.py:190} INFO - [2026-08-12T04:41:57.243+0000] {dagbag.py:587} INFO - Filling up the DagBag from /home/airflow/.local/lib/python3.12/site-packages/airflow/example_dags/example_params_trigger_ui.py
[2026-08-12T04:41:57.257+0000] {processor.py:925} INFO - DAG(s) 'example_params_trigger_ui' retrieved from /home/airflow/.local/lib/python3.12/site-packages/airflow/example_dags/example_params_trigger_ui.py
[2026-08-12T04:41:57.305+0000] {logging_mixin.py:190} INFO - [2026-08-12T04:41:57.304+0000] {dag.py:3211} INFO - Sync 1 DAGs
[2026-08-12T04:41:57.325+0000] {logging_mixin.py:190} INFO - [2026-08-12T04:41:57.325+0000] {dag.py:4138} INFO - Setting next_dagrun for example_params_trigger_ui to None, run_after=None
[2026-08-12T04:41:57.353+0000] {processor.py:208} INFO - Processing /home/airflow/.local/lib/python3.12/site-packages/airflow/example_dags/example_params_trigger_ui.py took 0.120 seconds
[2026-08-12T04:42:28.112+0000] {processor.py:186} INFO - Started process (PID=1179) to work on /home/airflow/.local/lib/python3.12/site-packages/airflow/example_dags/example_params_trigger_ui.py
[2026-08-12T04:42:28.114+0000] {processor.py:914} INFO - Processing file /home/airflow/.local/lib/python3.12/site-packages/airflow/example_dags/example_params_trigger_ui.py for tasks to queue
[2026-08-12T04:42:28.117+0000] {logging_mixin.py:190} INFO - [2026-08-12T04:42:28.117+0000] {dagbag.py:587} INFO - Filling up the DagBag from /home/airflow/.local/lib/python3.12/site-packages/airflow/example_dags/example_params_trigger_ui.py
[2026-08-12T04:42:28.128+0000] {processor.py:925} INFO - DAG(s) 'example_params_trigger_ui' retrieved from /home/airflow/.local/lib/python3.12/site-packages/airflow/example_dags/example_params_trigger_ui.py
[2026-08-12T04:42:28.166+0000] {logging_mixin.py:190} INFO - [2026-08-12T04:42:28.166+0000] {dag.py:3211} INFO - Sync 1 DAGs
[2026-08-12T04:42:28.180+0000] {logging_mixin.py:190} INFO - [2026-08-12T04:42:28.180+0000] {dag.py:4138} INFO - Setting next_dagrun for example_params_trigger_ui to None, run_after=None
[2026-08-12T04:42:28.205+0000] {processor.py:208} INFO - Processing /home/airflow/.local/lib/python3.12/site-packages/airflow/example_dags/example_params_trigger_ui.py took 0.098 seconds
[2026-08-12T04:42:58.330+0000] {processor.py:186} INFO - Started process (PID=1241) to work on /home/airflow/.local/lib/python3.12/site-packages/airflow/example_dags/example_params_trigger_ui.py
[2026-08-12T04:42:58.332+0000] {processor.py:914} INFO - Processing file /home/airflow/.local/lib/python3.12/site-packages/airflow/example_dags/example_params_trigger_ui.py for tasks to queue
[2026-08-12T04:42:58.335+0000] {logging_mixin.py:190} INFO - [2026-08-12T04:42:58.335+0000] {dagbag.py:587} INFO - Filling up the DagBag from /home/airflow/.local/lib/python3.12/site-packages/airflow/example_dags/example_params_trigger_ui.py
[2026-08-12T04:42:58.345+0000] {processor.py:925} INFO - DAG(s) 'example_params_trigger_ui' retrieved from /home/airflow/.local/lib/python3.12/site-packages/airflow/example_dags/example_params_trigger_ui.py
[2026-08-12T04:42:58.383+0000] {logging_mixin.py:190} INFO - [2026-08-12T04:42:58.383+0000] {dag.py:3211} INFO - Sync 1 DAGs
[2026-08-12T04:42:58.396+0000] {logging_mixin.py:190} INFO - [2026-08-12T04:42:58.396+0000] {dag.py:4138} INFO - Setting next_dagrun for example_params_trigger_ui to None, run_after=None
[2026-08-12T04:42:58.422+0000] {processor.py:208} INFO - Processing /home/airflow/.local/lib/python3.12/site-packages/airflow/example_dags/example_params_trigger_ui.py took 0.097 seconds
[2026-08-12T04:43:29.211+0000] {processor.py:186} INFO - Started process (PID=1303) to work on /home/airflow/.local/lib/python3.12/site-packages/airflow/example_dags/example_params_trigger_ui.py
[2026-08-12T04:43:29.212+0000] {processor.py:914} INFO - Processing file /home/airflow/.local/lib/python3.12/site-packages/airflow/example_dags/example_params_trigger_ui.py for tasks to queue
[2026-08-12T04:43:29.215+0000] {logging_mixin.py:190} INFO - [2026-08-12T04:43:29.215+0000] {dagbag.py:587} INFO - Filling up the DagBag from /home/airflow/.local/lib/python3.12/site-packages/airflow/example_dags/example_params_trigger_ui.py
[2026-08-12T04:43:29.226+0000] {processor.py:925} INFO - DAG(s) 'example_params_trigger_ui' retrieved from /home/airflow/.local/lib/python3.12/site-packages/airflow/example_dags/example_params_trigger_ui.py
[2026-08-12T04:43:29.271+0000] {logging_mixin.py:190} INFO - [2026-08-12T04:43:29.271+0000] {dag.py:3211} INFO - Sync 1 DAGs
[2026-08-12T04:43:29.289+0000] {logging_mixin.py:190} INFO - [2026-08-12T04:43:29.288+0000] {dag.py:4138} INFO - Setting next_dagrun for example_params_trigger_ui to None, run_after=None
[2026-08-12T04:43:29.313+0000] {processor.py:208} INFO - Processing /home/airflow/.local/lib/python3.12/site-packages/airflow/example_dags/example_params_trigger_ui.py took 0.108 seconds
[2026-08-12T04:43:59.952+0000] {processor.py:186} INFO - Started process (PID=1365) to work on /home/airflow/.local/lib/python3.12/site-packages/airflow/example_dags/example_params_trigger_ui.py
[2026-08-12T04:43:59.954+0000] {processor.py:914} INFO - Processing file /home/airflow/.local/lib/python3.12/site-packages/airflow/example_dags/example_params_trigger_ui.py for tasks to queue
[2026-08-12T04:43:59.961+0000] {logging_mixin.py:190} INFO - [2026-08-12T04:43:59.961+0000] {dagbag.py:587} INFO - Filling up the DagBag from /home/airflow/.local/lib/python3.12/site-packages/airflow/example_dags/example_params_trigger_ui.py
[2026-08-12T04:43:59.984+0000] {processor.py:925} INFO - DAG(s) 'example_params_trigger_ui' retrieved from /home/airflow/.local/lib/python3.12/site-packages/airflow/example_dags/example_params_trigger_ui.py
[2026-08-12T04:44:00.055+0000] {logging_mixin.py:190} INFO - [2026-08-12T04:44:00.054+0000] {dag.py:3211} INFO - Sync 1 DAGs
[2026-08-12T04:44:00.089+0000] {logging_mixin.py:190} INFO - [2026-08-12T04:44:00.089+0000] {dag.py:4138} INFO - Setting next_dagrun for example_params_trigger_ui to None, run_after=None
[2026-08-12T04:44:00.115+0000] {processor.py:208} INFO - Processing /home/airflow/.local/lib/python3.12/site-packages/airflow/example_dags/example_params_trigger_ui.py took 0.175 seconds
[2026-08-12T04:44:30.459+0000] {processor.py:186} INFO - Started process (PID=1428) to work on /home/airflow/.local/lib/python3.12/site-packages/airflow/example_dags/example_params_trigger_ui.py
[2026-08-12T04:44:30.461+0000] {processor.py:914} INFO - Processing file /home/airflow/.local/lib/python3.12/site-packages/airflow/example_dags/example_params_trigger_ui.py for tasks to queue
[2026-08-12T04:44:30.464+0000] {logging_mixin.py:190} INFO - [2026-08-12T04:44:30.463+0000] {dagbag.py:587} INFO - Filling up the DagBag from /home/airflow/.local/lib/python3.12/site-packages/airflow/example_dags/example_params_trigger_ui.py
[2026-08-12T04:44:30.478+0000] {processor.py:925} INFO - DAG(s) 'example_params_trigger_ui' retrieved from /home/airflow/.local/lib/python3.12/site-packages/airflow/example_dags/example_params_trigger_ui.py
[2026-08-12T04:44:30.528+0000] {logging_mixin.py:190} INFO - [2026-08-12T04:44:30.528+0000] {dag.py:3211} INFO - Sync 1 DAGs
[2026-08-12T04:44:30.546+0000] {logging_mixin.py:190} INFO - [2026-08-12T04:44:30.546+0000] {dag.py:4138} INFO - Setting next_dagrun for example_params_trigger_ui to None, run_after=None
[2026-08-12T04:44:30.573+0000] {processor.py:208} INFO - Processing /home/airflow/.local/lib/python3.12/site-packages/airflow/example_dags/example_params_trigger_ui.py took 0.119 seconds
[2026-08-12T04:45:01.228+0000] {processor.py:186} INFO - Started process (PID=1490) to work on /home/airflow/.local/lib/python3.12/site-packages/airflow/example_dags/example_params_trigger_ui.py
[2026-08-12T04:45:01.229+0000] {processor.py:914} INFO - Processing file /home/airflow/.local/lib/python3.12/site-packages/airflow/example_dags/example_params_trigger_ui.py for tasks to queue
[2026-08-12T04:45:01.232+0000] {logging_mixin.py:190} INFO - [2026-08-12T04:45:01.232+0000] {dagbag.py:587} INFO - Filling up the DagBag from /home/airflow/.local/lib/python3.12/site-packages/airflow/example_dags/example_params_trigger_ui.py
[2026-08-12T04:45:01.243+0000] {processor.py:925} INFO - DAG(s) 'example_params_trigger_ui' retrieved from /home/airflow/.local/lib/python3.12/site-packages/airflow/example_dags/example_params_trigger_ui.py
[2026-08-12T04:45:01.298+0000] {logging_mixin.py:190} INFO - [2026-08-12T04:45:01.298+0000] {dag.py:3211} INFO - Sync 1 DAGs
[2026-08-12T04:45:01.316+0000] {logging_mixin.py:190} INFO - [2026-08-12T04:45:01.316+0000] {dag.py:4138} INFO - Setting next_dagrun for example_params_trigger_ui to None, run_after=None
[2026-08-12T04:45:01.342+0000] {processor.py:208} INFO - Processing /home/airflow/.local/lib/python3.12/site-packages/airflow/example_dags/example_params_trigger_ui.py took 0.119 seconds
[2026-08-12T04:45:31.505+0000] {processor.py:186} INFO - Started process (PID=1552) to work on /home/airflow/.local/lib/python3.12/site-packages/airflow/example_dags/example_params_trigger_ui.py
[2026-08-12T04:45:31.507+0000] {processor.py:914} INFO - Processing file /home/airflow/.local/lib/python3.12/site-packages/airflow/example_dags/example_params_trigger_ui.py for tasks to queue
[2026-08-12T04:45:31.510+0000] {logging_mixin.py:190} INFO - [2026-08-12T04:45:31.510+0000] {dagbag.py:587} INFO - Filling up the DagBag from /home/airflow/.local/lib/python3.12/site-packages/airflow/example_dags/example_params_trigger_ui.py
[2026-08-12T04:45:31.538+0000] {processor.py:925} INFO - DAG(s) 'example_params_trigger_ui' retrieved from /home/airflow/.local/lib/python3.12/site-packages/airflow/example_dags/example_params_trigger_ui.py
[2026-08-12T04:45:31.577+0000] {logging_mixin.py:190} INFO - [2026-08-12T04:45:31.577+0000] {dag.py:3211} INFO - Sync 1 DAGs
[2026-08-12T04:45:31.591+0000] {logging_mixin.py:190} INFO - [2026-08-12T04:45:31.591+0000] {dag.py:4138} INFO - Setting next_dagrun for example_params_trigger_ui to None, run_after=None
[2026-08-12T04:45:31.618+0000] {processor.py:208} INFO - Processing /home/airflow/.local/lib/python3.12/site-packages/airflow/example_dags/example_params_trigger_ui.py took 0.119 seconds
[2026-08-12T04:46:01.747+0000] {processor.py:186} INFO - Started process (PID=1614) to work on /home/airflow/.local/lib/python3.12/site-packages/airflow/example_dags/example_params_trigger_ui.py
[2026-08-12T04:46:01.748+0000] {processor.py:914} INFO - Processing file /home/airflow/.local/lib/python3.12/site-packages/airflow/example_dags/example_params_trigger_ui.py for tasks to queue
[2026-08-12T04:46:01.751+0000] {logging_mixin.py:190} INFO - [2026-08-12T04:46:01.751+0000] {dagbag.py:587} INFO - Filling up the DagBag from /home/airflow/.local/lib/python3.12/site-packages/airflow/example_dags/example_params_trigger_ui.py
[2026-08-12T04:46:01.764+0000] {processor.py:925} INFO - DAG(s) 'example_params_trigger_ui' retrieved from /home/airflow/.local/lib/python3.12/site-packages/airflow/example_dags/example_params_trigger_ui.py
[2026-08-12T04:46:01.802+0000] {logging_mixin.py:190} INFO - [2026-08-12T04:46:01.801+0000] {dag.py:3211} INFO - Sync 1 DAGs
[2026-08-12T04:46:01.817+0000] {logging_mixin.py:190} INFO - [2026-08-12T04:46:01.816+0000] {dag.py:4138} INFO - Setting next_dagrun for example_params_trigger_ui to None, run_after=None
[2026-08-12T04:46:01.842+0000] {processor.py:208} INFO - Processing /home/airflow/.local/lib/python3.12/site-packages/airflow/example_dags/example_params_trigger_ui.py took 0.100 seconds
[2026-08-12T04:46:32.672+0000] {processor.py:186} INFO - Started process (PID=1676) to work on /home/airflow/.local/lib/python3.12/site-packages/airflow/example_dags/example_params_trigger_ui.py
[2026-08-12T04:46:32.674+0000] {processor.py:914} INFO - Processing file /home/airflow/.local/lib/python3.12/site-packages/airflow/example_dags/example_params_trigger_ui.py for tasks to queue
[2026-08-12T04:46:32.678+0000] {logging_mixin.py:190} INFO - [2026-08-12T04:46:32.677+0000] {dagbag.py:587} INFO - Filling up the DagBag from /home/airflow/.local/lib/python3.12/site-packages/airflow/example_dags/example_params_trigger_ui.py
[2026-08-12T04:46:32.689+0000] {processor.py:925} INFO - DAG(s) 'example_params_trigger_ui' retrieved from /home/airflow/.local/lib/python3.12/site-packages/airflow/example_dags/example_params_trigger_ui.py
[2026-08-12T04:46:32.734+0000] {logging_mixin.py:190} INFO - [2026-08-12T04:46:32.734+0000] {dag.py:3211} INFO - Sync 1 DAGs
[2026-08-12T04:46:32.752+0000] {logging_mixin.py:190} INFO - [2026-08-12T04:46:32.752+0000] {dag.py:4138} INFO - Setting next_dagrun for example_params_trigger_ui to None, run_after=None
[2026-08-12T04:46:32.779+0000] {processor.py:208} INFO - Processing /home/airflow/.local/lib/python3.12/site-packages/airflow/example_dags/example_params_trigger_ui.py took 0.113 seconds
[2026-08-12T04:47:03.242+0000] {processor.py:186} INFO - Started process (PID=1738) to work on /home/airflow/.local/lib/python3.12/site-packages/airflow/example_dags/example_params_trigger_ui.py
[2026-08-12T04:47:03.244+0000] {processor.py:914} INFO - Processing file /home/airflow/.local/lib/python3.12/site-packages/airflow/example_dags/example_params_trigger_ui.py for tasks to queue
[2026-08-12T04:47:03.248+0000] {logging_mixin.py:190} INFO - [2026-08-12T04:47:03.247+0000] {dagbag.py:587} INFO - Filling up the DagBag from /home/airflow/.local/lib/python3.12/site-packages/airflow/example_dags/example_params_trigger_ui.py
[2026-08-12T04:47:03.273+0000] {processor.py:925} INFO - DAG(s) 'example_params_trigger_ui' retrieved from /home/airflow/.local/lib/python3.12/site-packages/airflow/example_dags/example_params_trigger_ui.py
[2026-08-12T04:47:03.326+0000] {logging_mixin.py:190} INFO - [2026-08-12T04:47:03.326+0000] {dag.py:3211} INFO - Sync 1 DAGs
[2026-08-12T04:47:03.342+0000] {logging_mixin.py:190} INFO - [2026-08-12T04:47:03.342+0000] {dag.py:4138} INFO - Setting next_dagrun for example_params_trigger_ui to None, run_after=None
[2026-08-12T04:47:03.369+0000] {processor.py:208} INFO - Processing /home/airflow/.local/lib/python3.12/site-packages/airflow/example_dags/example_params_trigger_ui.py took 0.133 seconds
[2026-08-12T04:47:34.285+0000] {processor.py:186} INFO - Started process (PID=1800) to work on /home/airflow/.local/lib/python3.12/site-packages/airflow/example_dags/example_params_trigger_ui.py
[2026-08-12T04:47:34.287+0000] {processor.py:914} INFO - Processing file /home/airflow/.local/lib/python3.12/site-packages/airflow/example_dags/example_params_trigger_ui.py for tasks to queue
[2026-08-12T04:47:34.290+0000] {logging_mixin.py:190} INFO - [2026-08-12T04:47:34.290+0000] {dagbag.py:587} INFO - Filling up the DagBag from /home/airflow/.local/lib/python3.12/site-packages/airflow/example_dags/example_params_trigger_ui.py
[2026-08-12T04:47:34.308+0000] {processor.py:925} INFO - DAG(s) 'example_params_trigger_ui' retrieved from /home/airflow/.local/lib/python3.12/site-packages/airflow/example_dags/example_params_trigger_ui.py
[2026-08-12T04:47:34.423+0000] {logging_mixin.py:190} INFO - [2026-08-12T04:47:34.423+0000] {dag.py:3211} INFO - Sync 1 DAGs
[2026-08-12T04:47:34.442+0000] {logging_mixin.py:190} INFO - [2026-08-12T04:47:34.441+0000] {dag.py:4138} INFO - Setting next_dagrun for example_params_trigger_ui to None, run_after=None
[2026-08-12T04:47:34.467+0000] {processor.py:208} INFO - Processing /home/airflow/.local/lib/python3.12/site-packages/airflow/example_dags/example_params_trigger_ui.py took 0.188 seconds
[2026-08-12T04:48:05.430+0000] {processor.py:186} INFO - Started process (PID=1862) to work on /home/airflow/.local/lib/python3.12/site-packages/airflow/example_dags/example_params_trigger_ui.py
[2026-08-12T04:48:05.431+0000] {processor.py:914} INFO - Processing file /home/airflow/.local/lib/python3.12/site-packages/airflow/example_dags/example_params_trigger_ui.py for tasks to queue
[2026-08-12T04:48:05.435+0000] {logging_mixin.py:190} INFO - [2026-08-12T04:48:05.435+0000] {dagbag.py:587} INFO - Filling up the DagBag from /home/airflow/.local/lib/python3.12/site-packages/airflow/example_dags/example_params_trigger_ui.py
[2026-08-12T04:48:05.451+0000] {processor.py:925} INFO - DAG(s) 'example_params_trigger_ui' retrieved from /home/airflow/.local/lib/python3.12/site-packages/airflow/example_dags/example_params_trigger_ui.py
[2026-08-12T04:48:05.502+0000] {logging_mixin.py:190} INFO - [2026-08-12T04:48:05.502+0000] {dag.py:3211} INFO - Sync 1 DAGs
[2026-08-12T04:48:05.520+0000] {logging_mixin.py:190} INFO - [2026-08-12T04:48:05.520+0000] {dag.py:4138} INFO - Setting next_dagrun for example_params_trigger_ui to None, run_after=None
[2026-08-12T04:48:05.549+0000] {processor.py:208} INFO - Processing /home/airflow/.local/lib/python3.12/site-packages/airflow/example_dags/example_params_trigger_ui.py took 0.127 seconds
