[2026-08-12T04:31:35.419+0000] {processor.py:186} INFO - Started process (PID=106) to work on /home/airflow/.local/lib/python3.12/site-packages/airflow/example_dags/example_nested_branch_dag.py
[2026-08-12T04:31:35.421+0000] {processor.py:914} INFO - Processing file /home/airflow/.local/lib/python3.12/site-packages/airflow/example_dags/example_nested_branch_dag.py for tasks to queue
[2026-08-12T04:31:35.427+0000] {logging_mixin.py:190} INFO - [2026-08-12T04:31:35.426+0000] {dagbag.py:587} INFO - Filling up the DagBag from /home/airflow/.local/lib/python3.12/site-packages/airflow/example_dags/example_nested_branch_dag.py
[2026-08-12T04:31:35.447+0000] {processor.py:925} INFO - DAG(s) 'example_nested_branch_dag' retrieved from /home/airflow/.local/lib/python3.12/site-packages/airflow/example_dags/example_nested_branch_dag.py
[2026-08-12T04:31:35.617+0000] {logging_mixin.py:190} INFO - [2026-08-12T04:31:35.617+0000] {override.py:1858} INFO - Created Permission View: can read on DAG:example_nested_branch_dag
[2026-08-12T04:31:35.632+0000] {logging_mixin.py:190} INFO - [2026-08-12T04:31:35.632+0000] {override.py:1858} INFO - Created Permission View: can edit on DAG:example_nested_branch_dag
[2026-08-12T04:31:35.644+0000] {logging_mixin.py:190} INFO - [2026-08-12T04:31:35.643+0000] {override.py:1858} INFO - Created Permission View: can delete on DAG:example_nested_branch_dag
[2026-08-12T04:31:35.646+0000] {logging_mixin.py:190} INFO - [2026-08-12T04:31:35.645+0000] {dag.py:3211} INFO - Sync 1 DAGs
[2026-08-12T04:31:35.663+0000] {logging_mixin.py:190} INFO - [2026-08-12T04:31:35.662+0000] {dag.py:3234} INFO - Creating ORM DAG for example_nested_branch_dag
[2026-08-12T04:31:35.675+0000] {logging_mixin.py:190} INFO - [2026-08-12T04:31:35.675+0000] {dag.py:4138} INFO - Setting next_dagrun for example_nested_branch_dag to 2026-08-11 00:00:00+00:00, run_after=2026-08-12 00:00:00+00:00
[2026-08-12T04:31:35.698+0000] {processor.py:208} INFO - Processing /home/airflow/.local/lib/python3.12/site-packages/airflow/example_dags/example_nested_branch_dag.py took 0.289 seconds
[2026-08-12T04:32:06.193+0000] {processor.py:186} INFO - Started process (PID=168) to work on /home/airflow/.local/lib/python3.12/site-packages/airflow/example_dags/example_nested_branch_dag.py
[2026-08-12T04:32:06.195+0000] {processor.py:914} INFO - Processing file /home/airflow/.local/lib/python3.12/site-packages/airflow/example_dags/example_nested_branch_dag.py for tasks to queue
[2026-08-12T04:32:06.198+0000] {logging_mixin.py:190} INFO - [2026-08-12T04:32:06.197+0000] {dagbag.py:587} INFO - Filling up the DagBag from /home/airflow/.local/lib/python3.12/site-packages/airflow/example_dags/example_nested_branch_dag.py
[2026-08-12T04:32:06.210+0000] {processor.py:925} INFO - DAG(s) 'example_nested_branch_dag' retrieved from /home/airflow/.local/lib/python3.12/site-packages/airflow/example_dags/example_nested_branch_dag.py
[2026-08-12T04:32:06.236+0000] {logging_mixin.py:190} INFO - [2026-08-12T04:32:06.235+0000] {dag.py:3211} INFO - Sync 1 DAGs
[2026-08-12T04:32:06.259+0000] {logging_mixin.py:190} INFO - [2026-08-12T04:32:06.259+0000] {dag.py:4138} INFO - Setting next_dagrun for example_nested_branch_dag to 2026-08-11 00:00:00+00:00, run_after=2026-08-12 00:00:00+00:00
[2026-08-12T04:32:06.289+0000] {processor.py:208} INFO - Processing /home/airflow/.local/lib/python3.12/site-packages/airflow/example_dags/example_nested_branch_dag.py took 0.102 seconds
[2026-08-12T04:33:21.941+0000] {processor.py:186} INFO - Started process (PID=93) to work on /home/airflow/.local/lib/python3.12/site-packages/airflow/example_dags/example_nested_branch_dag.py
[2026-08-12T04:33:21.943+0000] {processor.py:914} INFO - Processing file /home/airflow/.local/lib/python3.12/site-packages/airflow/example_dags/example_nested_branch_dag.py for tasks to queue
[2026-08-12T04:33:21.947+0000] {logging_mixin.py:190} INFO - [2026-08-12T04:33:21.946+0000] {dagbag.py:587} INFO - Filling up the DagBag from /home/airflow/.local/lib/python3.12/site-packages/airflow/example_dags/example_nested_branch_dag.py
[2026-08-12T04:33:21.959+0000] {processor.py:925} INFO - DAG(s) 'example_nested_branch_dag' retrieved from /home/airflow/.local/lib/python3.12/site-packages/airflow/example_dags/example_nested_branch_dag.py
[2026-08-12T04:33:21.993+0000] {logging_mixin.py:190} INFO - [2026-08-12T04:33:21.993+0000] {dag.py:3211} INFO - Sync 1 DAGs
[2026-08-12T04:33:22.033+0000] {logging_mixin.py:190} INFO - [2026-08-12T04:33:22.033+0000] {dag.py:4138} INFO - Setting next_dagrun for example_nested_branch_dag to 2026-08-11 00:00:00+00:00, run_after=2026-08-12 00:00:00+00:00
[2026-08-12T04:33:22.058+0000] {processor.py:208} INFO - Processing /home/airflow/.local/lib/python3.12/site-packages/airflow/example_dags/example_nested_branch_dag.py took 0.124 seconds
[2026-08-12T04:33:52.876+0000] {processor.py:186} INFO - Started process (PID=155) to work on /home/airflow/.local/lib/python3.12/site-packages/airflow/example_dags/example_nested_branch_dag.py
[2026-08-12T04:33:52.878+0000] {processor.py:914} INFO - Processing file /home/airflow/.local/lib/python3.12/site-packages/airflow/example_dags/example_nested_branch_dag.py for tasks to queue
[2026-08-12T04:33:52.881+0000] {logging_mixin.py:190} INFO - [2026-08-12T04:33:52.880+0000] {dagbag.py:587} INFO - Filling up the DagBag from /home/airflow/.local/lib/python3.12/site-packages/airflow/example_dags/example_nested_branch_dag.py
[2026-08-12T04:33:52.894+0000] {processor.py:925} INFO - DAG(s) 'example_nested_branch_dag' retrieved from /home/airflow/.local/lib/python3.12/site-packages/airflow/example_dags/example_nested_branch_dag.py
[2026-08-12T04:33:52.919+0000] {logging_mixin.py:190} INFO - [2026-08-12T04:33:52.919+0000] {dag.py:3211} INFO - Sync 1 DAGs
[2026-08-12T04:33:52.944+0000] {logging_mixin.py:190} INFO - [2026-08-12T04:33:52.944+0000] {dag.py:4138} INFO - Setting next_dagrun for example_nested_branch_dag to 2026-08-11 00:00:00+00:00, run_after=2026-08-12 00:00:00+00:00
[2026-08-12T04:33:52.975+0000] {processor.py:208} INFO - Processing /home/airflow/.local/lib/python3.12/site-packages/airflow/example_dags/example_nested_branch_dag.py took 0.106 seconds
[2026-08-12T04:34:23.194+0000] {processor.py:186} INFO - Started process (PID=217) to work on /home/airflow/.local/lib/python3.12/site-packages/airflow/example_dags/example_nested_branch_dag.py
[2026-08-12T04:34:23.196+0000] {processor.py:914} INFO - Processing file /home/airflow/.local/lib/python3.12/site-packages/airflow/example_dags/example_nested_branch_dag.py for tasks to queue
[2026-08-12T04:34:23.213+0000] {logging_mixin.py:190} INFO - [2026-08-12T04:34:23.212+0000] {dagbag.py:587} INFO - Filling up the DagBag from /home/airflow/.local/lib/python3.12/site-packages/airflow/example_dags/example_nested_branch_dag.py
[2026-08-12T04:34:23.226+0000] {processor.py:925} INFO - DAG(s) 'example_nested_branch_dag' retrieved from /home/airflow/.local/lib/python3.12/site-packages/airflow/example_dags/example_nested_branch_dag.py
[2026-08-12T04:34:23.250+0000] {logging_mixin.py:190} INFO - [2026-08-12T04:34:23.250+0000] {dag.py:3211} INFO - Sync 1 DAGs
[2026-08-12T04:34:23.279+0000] {logging_mixin.py:190} INFO - [2026-08-12T04:34:23.278+0000] {dag.py:4138} INFO - Setting next_dagrun for example_nested_branch_dag to 2026-08-11 00:00:00+00:00, run_after=2026-08-12 00:00:00+00:00
[2026-08-12T04:34:23.306+0000] {processor.py:208} INFO - Processing /home/airflow/.local/lib/python3.12/site-packages/airflow/example_dags/example_nested_branch_dag.py took 0.120 seconds
[2026-08-12T04:34:53.612+0000] {processor.py:186} INFO - Started process (PID=279) to work on /home/airflow/.local/lib/python3.12/site-packages/airflow/example_dags/example_nested_branch_dag.py
[2026-08-12T04:34:53.614+0000] {processor.py:914} INFO - Processing file /home/airflow/.local/lib/python3.12/site-packages/airflow/example_dags/example_nested_branch_dag.py for tasks to queue
[2026-08-12T04:34:53.617+0000] {logging_mixin.py:190} INFO - [2026-08-12T04:34:53.617+0000] {dagbag.py:587} INFO - Filling up the DagBag from /home/airflow/.local/lib/python3.12/site-packages/airflow/example_dags/example_nested_branch_dag.py
[2026-08-12T04:34:53.630+0000] {processor.py:925} INFO - DAG(s) 'example_nested_branch_dag' retrieved from /home/airflow/.local/lib/python3.12/site-packages/airflow/example_dags/example_nested_branch_dag.py
[2026-08-12T04:34:53.655+0000] {logging_mixin.py:190} INFO - [2026-08-12T04:34:53.655+0000] {dag.py:3211} INFO - Sync 1 DAGs
[2026-08-12T04:34:53.679+0000] {logging_mixin.py:190} INFO - [2026-08-12T04:34:53.679+0000] {dag.py:4138} INFO - Setting next_dagrun for example_nested_branch_dag to 2026-08-11 00:00:00+00:00, run_after=2026-08-12 00:00:00+00:00
[2026-08-12T04:34:53.703+0000] {processor.py:208} INFO - Processing /home/airflow/.local/lib/python3.12/site-packages/airflow/example_dags/example_nested_branch_dag.py took 0.099 seconds
[2026-08-12T04:35:24.564+0000] {processor.py:186} INFO - Started process (PID=342) to work on /home/airflow/.local/lib/python3.12/site-packages/airflow/example_dags/example_nested_branch_dag.py
[2026-08-12T04:35:24.566+0000] {processor.py:914} INFO - Processing file /home/airflow/.local/lib/python3.12/site-packages/airflow/example_dags/example_nested_branch_dag.py for tasks to queue
[2026-08-12T04:35:24.569+0000] {logging_mixin.py:190} INFO - [2026-08-12T04:35:24.568+0000] {dagbag.py:587} INFO - Filling up the DagBag from /home/airflow/.local/lib/python3.12/site-packages/airflow/example_dags/example_nested_branch_dag.py
[2026-08-12T04:35:24.581+0000] {processor.py:925} INFO - DAG(s) 'example_nested_branch_dag' retrieved from /home/airflow/.local/lib/python3.12/site-packages/airflow/example_dags/example_nested_branch_dag.py
[2026-08-12T04:35:24.604+0000] {logging_mixin.py:190} INFO - [2026-08-12T04:35:24.604+0000] {dag.py:3211} INFO - Sync 1 DAGs
[2026-08-12T04:35:24.629+0000] {logging_mixin.py:190} INFO - [2026-08-12T04:35:24.629+0000] {dag.py:4138} INFO - Setting next_dagrun for example_nested_branch_dag to 2026-08-11 00:00:00+00:00, run_after=2026-08-12 00:00:00+00:00
[2026-08-12T04:35:24.653+0000] {processor.py:208} INFO - Processing /home/airflow/.local/lib/python3.12/site-packages/airflow/example_dags/example_nested_branch_dag.py took 0.095 seconds
[2026-08-12T04:35:54.819+0000] {processor.py:186} INFO - Started process (PID=404) to work on /home/airflow/.local/lib/python3.12/site-packages/airflow/example_dags/example_nested_branch_dag.py
[2026-08-12T04:35:54.821+0000] {processor.py:914} INFO - Processing file /home/airflow/.local/lib/python3.12/site-packages/airflow/example_dags/example_nested_branch_dag.py for tasks to queue
[2026-08-12T04:35:54.825+0000] {logging_mixin.py:190} INFO - [2026-08-12T04:35:54.824+0000] {dagbag.py:587} INFO - Filling up the DagBag from /home/airflow/.local/lib/python3.12/site-packages/airflow/example_dags/example_nested_branch_dag.py
[2026-08-12T04:35:54.840+0000] {processor.py:925} INFO - DAG(s) 'example_nested_branch_dag' retrieved from /home/airflow/.local/lib/python3.12/site-packages/airflow/example_dags/example_nested_branch_dag.py
[2026-08-12T04:35:54.865+0000] {logging_mixin.py:190} INFO - [2026-08-12T04:35:54.864+0000] {dag.py:3211} INFO - Sync 1 DAGs
[2026-08-12T04:35:54.894+0000] {logging_mixin.py:190} INFO - [2026-08-12T04:35:54.894+0000] {dag.py:4138} INFO - Setting next_dagrun for example_nested_branch_dag to 2026-08-11 00:00:00+00:00, run_after=2026-08-12 00:00:00+00:00
[2026-08-12T04:35:54.921+0000] {processor.py:208} INFO - Processing /home/airflow/.local/lib/python3.12/site-packages/airflow/example_dags/example_nested_branch_dag.py took 0.108 seconds
[2026-08-12T04:36:25.292+0000] {processor.py:186} INFO - Started process (PID=466) to work on /home/airflow/.local/lib/python3.12/site-packages/airflow/example_dags/example_nested_branch_dag.py
[2026-08-12T04:36:25.294+0000] {processor.py:914} INFO - Processing file /home/airflow/.local/lib/python3.12/site-packages/airflow/example_dags/example_nested_branch_dag.py for tasks to queue
[2026-08-12T04:36:25.299+0000] {logging_mixin.py:190} INFO - [2026-08-12T04:36:25.298+0000] {dagbag.py:587} INFO - Filling up the DagBag from /home/airflow/.local/lib/python3.12/site-packages/airflow/example_dags/example_nested_branch_dag.py
[2026-08-12T04:36:25.313+0000] {processor.py:925} INFO - DAG(s) 'example_nested_branch_dag' retrieved from /home/airflow/.local/lib/python3.12/site-packages/airflow/example_dags/example_nested_branch_dag.py
[2026-08-12T04:36:25.340+0000] {logging_mixin.py:190} INFO - [2026-08-12T04:36:25.340+0000] {dag.py:3211} INFO - Sync 1 DAGs
[2026-08-12T04:36:25.373+0000] {logging_mixin.py:190} INFO - [2026-08-12T04:36:25.373+0000] {dag.py:4138} INFO - Setting next_dagrun for example_nested_branch_dag to 2026-08-11 00:00:00+00:00, run_after=2026-08-12 00:00:00+00:00
[2026-08-12T04:36:25.402+0000] {processor.py:208} INFO - Processing /home/airflow/.local/lib/python3.12/site-packages/airflow/example_dags/example_nested_branch_dag.py took 0.120 seconds
[2026-08-12T04:36:55.857+0000] {processor.py:186} INFO - Started process (PID=528) to work on /home/airflow/.local/lib/python3.12/site-packages/airflow/example_dags/example_nested_branch_dag.py
[2026-08-12T04:36:55.859+0000] {processor.py:914} INFO - Processing file /home/airflow/.local/lib/python3.12/site-packages/airflow/example_dags/example_nested_branch_dag.py for tasks to queue
[2026-08-12T04:36:55.863+0000] {logging_mixin.py:190} INFO - [2026-08-12T04:36:55.863+0000] {dagbag.py:587} INFO - Filling up the DagBag from /home/airflow/.local/lib/python3.12/site-packages/airflow/example_dags/example_nested_branch_dag.py
[2026-08-12T04:36:55.878+0000] {processor.py:925} INFO - DAG(s) 'example_nested_branch_dag' retrieved from /home/airflow/.local/lib/python3.12/site-packages/airflow/example_dags/example_nested_branch_dag.py
[2026-08-12T04:36:55.902+0000] {logging_mixin.py:190} INFO - [2026-08-12T04:36:55.902+0000] {dag.py:3211} INFO - Sync 1 DAGs
[2026-08-12T04:36:55.928+0000] {logging_mixin.py:190} INFO - [2026-08-12T04:36:55.928+0000] {dag.py:4138} INFO - Setting next_dagrun for example_nested_branch_dag to 2026-08-11 00:00:00+00:00, run_after=2026-08-12 00:00:00+00:00
[2026-08-12T04:36:55.956+0000] {processor.py:208} INFO - Processing /home/airflow/.local/lib/python3.12/site-packages/airflow/example_dags/example_nested_branch_dag.py took 0.109 seconds
[2026-08-12T04:37:26.753+0000] {processor.py:186} INFO - Started process (PID=590) to work on /home/airflow/.local/lib/python3.12/site-packages/airflow/example_dags/example_nested_branch_dag.py
[2026-08-12T04:37:26.755+0000] {processor.py:914} INFO - Processing file /home/airflow/.local/lib/python3.12/site-packages/airflow/example_dags/example_nested_branch_dag.py for tasks to queue
[2026-08-12T04:37:26.758+0000] {logging_mixin.py:190} INFO - [2026-08-12T04:37:26.757+0000] {dagbag.py:587} INFO - Filling up the DagBag from /home/airflow/.local/lib/python3.12/site-packages/airflow/example_dags/example_nested_branch_dag.py
[2026-08-12T04:37:26.769+0000] {processor.py:925} INFO - DAG(s) 'example_nested_branch_dag' retrieved from /home/airflow/.local/lib/python3.12/site-packages/airflow/example_dags/example_nested_branch_dag.py
[2026-08-12T04:37:26.791+0000] {logging_mixin.py:190} INFO - [2026-08-12T04:37:26.791+0000] {dag.py:3211} INFO - Sync 1 DAGs
[2026-08-12T04:37:26.813+0000] {logging_mixin.py:190} INFO - [2026-08-12T04:37:26.813+0000] {dag.py:4138} INFO - Setting next_dagrun for example_nested_branch_dag to 2026-08-11 00:00:00+00:00, run_after=2026-08-12 00:00:00+00:00
[2026-08-12T04:37:26.838+0000] {processor.py:208} INFO - Processing /home/airflow/.local/lib/python3.12/site-packages/airflow/example_dags/example_nested_branch_dag.py took 0.093 seconds
[2026-08-12T04:37:57.411+0000] {processor.py:186} INFO - Started process (PID=652) to work on /home/airflow/.local/lib/python3.12/site-packages/airflow/example_dags/example_nested_branch_dag.py
[2026-08-12T04:37:57.414+0000] {processor.py:914} INFO - Processing file /home/airflow/.local/lib/python3.12/site-packages/airflow/example_dags/example_nested_branch_dag.py for tasks to queue
[2026-08-12T04:37:57.418+0000] {logging_mixin.py:190} INFO - [2026-08-12T04:37:57.418+0000] {dagbag.py:587} INFO - Filling up the DagBag from /home/airflow/.local/lib/python3.12/site-packages/airflow/example_dags/example_nested_branch_dag.py
[2026-08-12T04:37:57.432+0000] {processor.py:925} INFO - DAG(s) 'example_nested_branch_dag' retrieved from /home/airflow/.local/lib/python3.12/site-packages/airflow/example_dags/example_nested_branch_dag.py
[2026-08-12T04:37:57.459+0000] {logging_mixin.py:190} INFO - [2026-08-12T04:37:57.459+0000] {dag.py:3211} INFO - Sync 1 DAGs
[2026-08-12T04:37:57.486+0000] {logging_mixin.py:190} INFO - [2026-08-12T04:37:57.486+0000] {dag.py:4138} INFO - Setting next_dagrun for example_nested_branch_dag to 2026-08-11 00:00:00+00:00, run_after=2026-08-12 00:00:00+00:00
[2026-08-12T04:37:57.509+0000] {processor.py:208} INFO - Processing /home/airflow/.local/lib/python3.12/site-packages/airflow/example_dags/example_nested_branch_dag.py took 0.105 seconds
[2026-08-12T04:38:27.700+0000] {processor.py:186} INFO - Started process (PID=714) to work on /home/airflow/.local/lib/python3.12/site-packages/airflow/example_dags/example_nested_branch_dag.py
[2026-08-12T04:38:27.702+0000] {processor.py:914} INFO - Processing file /home/airflow/.local/lib/python3.12/site-packages/airflow/example_dags/example_nested_branch_dag.py for tasks to queue
[2026-08-12T04:38:27.705+0000] {logging_mixin.py:190} INFO - [2026-08-12T04:38:27.705+0000] {dagbag.py:587} INFO - Filling up the DagBag from /home/airflow/.local/lib/python3.12/site-packages/airflow/example_dags/example_nested_branch_dag.py
[2026-08-12T04:38:27.717+0000] {processor.py:925} INFO - DAG(s) 'example_nested_branch_dag' retrieved from /home/airflow/.local/lib/python3.12/site-packages/airflow/example_dags/example_nested_branch_dag.py
[2026-08-12T04:38:27.740+0000] {logging_mixin.py:190} INFO - [2026-08-12T04:38:27.740+0000] {dag.py:3211} INFO - Sync 1 DAGs
[2026-08-12T04:38:27.776+0000] {logging_mixin.py:190} INFO - [2026-08-12T04:38:27.776+0000] {dag.py:4138} INFO - Setting next_dagrun for example_nested_branch_dag to 2026-08-11 00:00:00+00:00, run_after=2026-08-12 00:00:00+00:00
[2026-08-12T04:38:27.816+0000] {processor.py:208} INFO - Processing /home/airflow/.local/lib/python3.12/site-packages/airflow/example_dags/example_nested_branch_dag.py took 0.121 seconds
[2026-08-12T04:38:58.069+0000] {processor.py:186} INFO - Started process (PID=775) to work on /home/airflow/.local/lib/python3.12/site-packages/airflow/example_dags/example_nested_branch_dag.py
[2026-08-12T04:38:58.071+0000] {processor.py:914} INFO - Processing file /home/airflow/.local/lib/python3.12/site-packages/airflow/example_dags/example_nested_branch_dag.py for tasks to queue
[2026-08-12T04:38:58.075+0000] {logging_mixin.py:190} INFO - [2026-08-12T04:38:58.075+0000] {dagbag.py:587} INFO - Filling up the DagBag from /home/airflow/.local/lib/python3.12/site-packages/airflow/example_dags/example_nested_branch_dag.py
[2026-08-12T04:38:58.087+0000] {processor.py:925} INFO - DAG(s) 'example_nested_branch_dag' retrieved from /home/airflow/.local/lib/python3.12/site-packages/airflow/example_dags/example_nested_branch_dag.py
[2026-08-12T04:38:58.136+0000] {logging_mixin.py:190} INFO - [2026-08-12T04:38:58.135+0000] {dag.py:3211} INFO - Sync 1 DAGs
[2026-08-12T04:38:58.168+0000] {logging_mixin.py:190} INFO - [2026-08-12T04:38:58.168+0000] {dag.py:4138} INFO - Setting next_dagrun for example_nested_branch_dag to 2026-08-11 00:00:00+00:00, run_after=2026-08-12 00:00:00+00:00
[2026-08-12T04:38:58.193+0000] {processor.py:208} INFO - Processing /home/airflow/.local/lib/python3.12/site-packages/airflow/example_dags/example_nested_branch_dag.py took 0.130 seconds
[2026-08-12T04:39:28.330+0000] {processor.py:186} INFO - Started process (PID=837) to work on /home/airflow/.local/lib/python3.12/site-packages/airflow/example_dags/example_nested_branch_dag.py
[2026-08-12T04:39:28.332+0000] {processor.py:914} INFO - Processing file /home/airflow/.local/lib/python3.12/site-packages/airflow/example_dags/example_nested_branch_dag.py for tasks to queue
[2026-08-12T04:39:28.336+0000] {logging_mixin.py:190} INFO - [2026-08-12T04:39:28.335+0000] {dagbag.py:587} INFO - Filling up the DagBag from /home/airflow/.local/lib/python3.12/site-packages/airflow/example_dags/example_nested_branch_dag.py
[2026-08-12T04:39:28.348+0000] {processor.py:925} INFO - DAG(s) 'example_nested_branch_dag' retrieved from /home/airflow/.local/lib/python3.12/site-packages/airflow/example_dags/example_nested_branch_dag.py
[2026-08-12T04:39:28.371+0000] {logging_mixin.py:190} INFO - [2026-08-12T04:39:28.371+0000] {dag.py:3211} INFO - Sync 1 DAGs
[2026-08-12T04:39:28.393+0000] {logging_mixin.py:190} INFO - [2026-08-12T04:39:28.393+0000] {dag.py:4138} INFO - Setting next_dagrun for example_nested_branch_dag to 2026-08-11 00:00:00+00:00, run_after=2026-08-12 00:00:00+00:00
[2026-08-12T04:39:28.415+0000] {processor.py:208} INFO - Processing /home/airflow/.local/lib/python3.12/site-packages/airflow/example_dags/example_nested_branch_dag.py took 0.091 seconds
[2026-08-12T04:39:58.818+0000] {processor.py:186} INFO - Started process (PID=899) to work on /home/airflow/.local/lib/python3.12/site-packages/airflow/example_dags/example_nested_branch_dag.py
[2026-08-12T04:39:58.820+0000] {processor.py:914} INFO - Processing file /home/airflow/.local/lib/python3.12/site-packages/airflow/example_dags/example_nested_branch_dag.py for tasks to queue
[2026-08-12T04:39:58.825+0000] {logging_mixin.py:190} INFO - [2026-08-12T04:39:58.825+0000] {dagbag.py:587} INFO - Filling up the DagBag from /home/airflow/.local/lib/python3.12/site-packages/airflow/example_dags/example_nested_branch_dag.py
[2026-08-12T04:39:58.841+0000] {processor.py:925} INFO - DAG(s) 'example_nested_branch_dag' retrieved from /home/airflow/.local/lib/python3.12/site-packages/airflow/example_dags/example_nested_branch_dag.py
[2026-08-12T04:39:58.867+0000] {logging_mixin.py:190} INFO - [2026-08-12T04:39:58.866+0000] {dag.py:3211} INFO - Sync 1 DAGs
[2026-08-12T04:39:58.895+0000] {logging_mixin.py:190} INFO - [2026-08-12T04:39:58.894+0000] {dag.py:4138} INFO - Setting next_dagrun for example_nested_branch_dag to 2026-08-11 00:00:00+00:00, run_after=2026-08-12 00:00:00+00:00
[2026-08-12T04:39:58.919+0000] {processor.py:208} INFO - Processing /home/airflow/.local/lib/python3.12/site-packages/airflow/example_dags/example_nested_branch_dag.py took 0.111 seconds
[2026-08-12T04:40:29.160+0000] {processor.py:186} INFO - Started process (PID=961) to work on /home/airflow/.local/lib/python3.12/site-packages/airflow/example_dags/example_nested_branch_dag.py
[2026-08-12T04:40:29.161+0000] {processor.py:914} INFO - Processing file /home/airflow/.local/lib/python3.12/site-packages/airflow/example_dags/example_nested_branch_dag.py for tasks to queue
[2026-08-12T04:40:29.165+0000] {logging_mixin.py:190} INFO - [2026-08-12T04:40:29.164+0000] {dagbag.py:587} INFO - Filling up the DagBag from /home/airflow/.local/lib/python3.12/site-packages/airflow/example_dags/example_nested_branch_dag.py
[2026-08-12T04:40:29.178+0000] {processor.py:925} INFO - DAG(s) 'example_nested_branch_dag' retrieved from /home/airflow/.local/lib/python3.12/site-packages/airflow/example_dags/example_nested_branch_dag.py
[2026-08-12T04:40:29.200+0000] {logging_mixin.py:190} INFO - [2026-08-12T04:40:29.200+0000] {dag.py:3211} INFO - Sync 1 DAGs
[2026-08-12T04:40:29.229+0000] {logging_mixin.py:190} INFO - [2026-08-12T04:40:29.229+0000] {dag.py:4138} INFO - Setting next_dagrun for example_nested_branch_dag to 2026-08-11 00:00:00+00:00, run_after=2026-08-12 00:00:00+00:00
[2026-08-12T04:40:29.260+0000] {processor.py:208} INFO - Processing /home/airflow/.local/lib/python3.12/site-packages/airflow/example_dags/example_nested_branch_dag.py took 0.122 seconds
[2026-08-12T04:40:59.343+0000] {processor.py:186} INFO - Started process (PID=1023) to work on /home/airflow/.local/lib/python3.12/site-packages/airflow/example_dags/example_nested_branch_dag.py
[2026-08-12T04:40:59.345+0000] {processor.py:914} INFO - Processing file /home/airflow/.local/lib/python3.12/site-packages/airflow/example_dags/example_nested_branch_dag.py for tasks to queue
[2026-08-12T04:40:59.349+0000] {logging_mixin.py:190} INFO - [2026-08-12T04:40:59.348+0000] {dagbag.py:587} INFO - Filling up the DagBag from /home/airflow/.local/lib/python3.12/site-packages/airflow/example_dags/example_nested_branch_dag.py
[2026-08-12T04:40:59.363+0000] {processor.py:925} INFO - DAG(s) 'example_nested_branch_dag' retrieved from /home/airflow/.local/lib/python3.12/site-packages/airflow/example_dags/example_nested_branch_dag.py
[2026-08-12T04:40:59.392+0000] {logging_mixin.py:190} INFO - [2026-08-12T04:40:59.391+0000] {dag.py:3211} INFO - Sync 1 DAGs
[2026-08-12T04:40:59.419+0000] {logging_mixin.py:190} INFO - [2026-08-12T04:40:59.419+0000] {dag.py:4138} INFO - Setting next_dagrun for example_nested_branch_dag to 2026-08-11 00:00:00+00:00, run_after=2026-08-12 00:00:00+00:00
[2026-08-12T04:40:59.504+0000] {processor.py:208} INFO - Processing /home/airflow/.local/lib/python3.12/site-packages/airflow/example_dags/example_nested_branch_dag.py took 0.167 seconds
[2026-08-12T04:41:29.620+0000] {processor.py:186} INFO - Started process (PID=1085) to work on /home/airflow/.local/lib/python3.12/site-packages/airflow/example_dags/example_nested_branch_dag.py
[2026-08-12T04:41:29.621+0000] {processor.py:914} INFO - Processing file /home/airflow/.local/lib/python3.12/site-packages/airflow/example_dags/example_nested_branch_dag.py for tasks to queue
[2026-08-12T04:41:29.624+0000] {logging_mixin.py:190} INFO - [2026-08-12T04:41:29.624+0000] {dagbag.py:587} INFO - Filling up the DagBag from /home/airflow/.local/lib/python3.12/site-packages/airflow/example_dags/example_nested_branch_dag.py
[2026-08-12T04:41:29.636+0000] {processor.py:925} INFO - DAG(s) 'example_nested_branch_dag' retrieved from /home/airflow/.local/lib/python3.12/site-packages/airflow/example_dags/example_nested_branch_dag.py
[2026-08-12T04:41:29.657+0000] {logging_mixin.py:190} INFO - [2026-08-12T04:41:29.657+0000] {dag.py:3211} INFO - Sync 1 DAGs
[2026-08-12T04:41:29.681+0000] {logging_mixin.py:190} INFO - [2026-08-12T04:41:29.681+0000] {dag.py:4138} INFO - Setting next_dagrun for example_nested_branch_dag to 2026-08-11 00:00:00+00:00, run_after=2026-08-12 00:00:00+00:00
[2026-08-12T04:41:29.708+0000] {processor.py:208} INFO - Processing /home/airflow/.local/lib/python3.12/site-packages/airflow/example_dags/example_nested_branch_dag.py took 0.093 seconds
[2026-08-12T04:42:00.643+0000] {processor.py:186} INFO - Started process (PID=1147) to work on /home/airflow/.local/lib/python3.12/site-packages/airflow/example_dags/example_nested_branch_dag.py
[2026-08-12T04:42:00.645+0000] {processor.py:914} INFO - Processing file /home/airflow/.local/lib/python3.12/site-packages/airflow/example_dags/example_nested_branch_dag.py for tasks to queue
[2026-08-12T04:42:00.648+0000] {logging_mixin.py:190} INFO - [2026-08-12T04:42:00.648+0000] {dagbag.py:587} INFO - Filling up the DagBag from /home/airflow/.local/lib/python3.12/site-packages/airflow/example_dags/example_nested_branch_dag.py
[2026-08-12T04:42:00.659+0000] {processor.py:925} INFO - DAG(s) 'example_nested_branch_dag' retrieved from /home/airflow/.local/lib/python3.12/site-packages/airflow/example_dags/example_nested_branch_dag.py
[2026-08-12T04:42:00.686+0000] {logging_mixin.py:190} INFO - [2026-08-12T04:42:00.685+0000] {dag.py:3211} INFO - Sync 1 DAGs
[2026-08-12T04:42:00.715+0000] {logging_mixin.py:190} INFO - [2026-08-12T04:42:00.715+0000] {dag.py:4138} INFO - Setting next_dagrun for example_nested_branch_dag to 2026-08-11 00:00:00+00:00, run_after=2026-08-12 00:00:00+00:00
[2026-08-12T04:42:00.742+0000] {processor.py:208} INFO - Processing /home/airflow/.local/lib/python3.12/site-packages/airflow/example_dags/example_nested_branch_dag.py took 0.105 seconds
[2026-08-12T04:42:31.669+0000] {processor.py:186} INFO - Started process (PID=1209) to work on /home/airflow/.local/lib/python3.12/site-packages/airflow/example_dags/example_nested_branch_dag.py
[2026-08-12T04:42:31.670+0000] {processor.py:914} INFO - Processing file /home/airflow/.local/lib/python3.12/site-packages/airflow/example_dags/example_nested_branch_dag.py for tasks to queue
[2026-08-12T04:42:31.683+0000] {logging_mixin.py:190} INFO - [2026-08-12T04:42:31.677+0000] {dagbag.py:587} INFO - Filling up the DagBag from /home/airflow/.local/lib/python3.12/site-packages/airflow/example_dags/example_nested_branch_dag.py
[2026-08-12T04:42:31.696+0000] {processor.py:925} INFO - DAG(s) 'example_nested_branch_dag' retrieved from /home/airflow/.local/lib/python3.12/site-packages/airflow/example_dags/example_nested_branch_dag.py
[2026-08-12T04:42:31.718+0000] {logging_mixin.py:190} INFO - [2026-08-12T04:42:31.718+0000] {dag.py:3211} INFO - Sync 1 DAGs
[2026-08-12T04:42:31.743+0000] {logging_mixin.py:190} INFO - [2026-08-12T04:42:31.742+0000] {dag.py:4138} INFO - Setting next_dagrun for example_nested_branch_dag to 2026-08-11 00:00:00+00:00, run_after=2026-08-12 00:00:00+00:00
[2026-08-12T04:42:31.766+0000] {processor.py:208} INFO - Processing /home/airflow/.local/lib/python3.12/site-packages/airflow/example_dags/example_nested_branch_dag.py took 0.102 seconds
[2026-08-12T04:43:02.718+0000] {processor.py:186} INFO - Started process (PID=1271) to work on /home/airflow/.local/lib/python3.12/site-packages/airflow/example_dags/example_nested_branch_dag.py
[2026-08-12T04:43:02.720+0000] {processor.py:914} INFO - Processing file /home/airflow/.local/lib/python3.12/site-packages/airflow/example_dags/example_nested_branch_dag.py for tasks to queue
[2026-08-12T04:43:02.723+0000] {logging_mixin.py:190} INFO - [2026-08-12T04:43:02.723+0000] {dagbag.py:587} INFO - Filling up the DagBag from /home/airflow/.local/lib/python3.12/site-packages/airflow/example_dags/example_nested_branch_dag.py
[2026-08-12T04:43:02.736+0000] {processor.py:925} INFO - DAG(s) 'example_nested_branch_dag' retrieved from /home/airflow/.local/lib/python3.12/site-packages/airflow/example_dags/example_nested_branch_dag.py
[2026-08-12T04:43:02.758+0000] {logging_mixin.py:190} INFO - [2026-08-12T04:43:02.758+0000] {dag.py:3211} INFO - Sync 1 DAGs
[2026-08-12T04:43:02.784+0000] {logging_mixin.py:190} INFO - [2026-08-12T04:43:02.784+0000] {dag.py:4138} INFO - Setting next_dagrun for example_nested_branch_dag to 2026-08-11 00:00:00+00:00, run_after=2026-08-12 00:00:00+00:00
[2026-08-12T04:43:02.820+0000] {processor.py:208} INFO - Processing /home/airflow/.local/lib/python3.12/site-packages/airflow/example_dags/example_nested_branch_dag.py took 0.108 seconds
[2026-08-12T04:43:33.562+0000] {processor.py:186} INFO - Started process (PID=1333) to work on /home/airflow/.local/lib/python3.12/site-packages/airflow/example_dags/example_nested_branch_dag.py
[2026-08-12T04:43:33.564+0000] {processor.py:914} INFO - Processing file /home/airflow/.local/lib/python3.12/site-packages/airflow/example_dags/example_nested_branch_dag.py for tasks to queue
[2026-08-12T04:43:33.568+0000] {logging_mixin.py:190} INFO - [2026-08-12T04:43:33.567+0000] {dagbag.py:587} INFO - Filling up the DagBag from /home/airflow/.local/lib/python3.12/site-packages/airflow/example_dags/example_nested_branch_dag.py
[2026-08-12T04:43:33.597+0000] {processor.py:925} INFO - DAG(s) 'example_nested_branch_dag' retrieved from /home/airflow/.local/lib/python3.12/site-packages/airflow/example_dags/example_nested_branch_dag.py
[2026-08-12T04:43:33.619+0000] {logging_mixin.py:190} INFO - [2026-08-12T04:43:33.619+0000] {dag.py:3211} INFO - Sync 1 DAGs
[2026-08-12T04:43:33.643+0000] {logging_mixin.py:190} INFO - [2026-08-12T04:43:33.642+0000] {dag.py:4138} INFO - Setting next_dagrun for example_nested_branch_dag to 2026-08-11 00:00:00+00:00, run_after=2026-08-12 00:00:00+00:00
[2026-08-12T04:43:33.668+0000] {processor.py:208} INFO - Processing /home/airflow/.local/lib/python3.12/site-packages/airflow/example_dags/example_nested_branch_dag.py took 0.112 seconds
[2026-08-12T04:44:04.146+0000] {processor.py:186} INFO - Started process (PID=1395) to work on /home/airflow/.local/lib/python3.12/site-packages/airflow/example_dags/example_nested_branch_dag.py
[2026-08-12T04:44:04.148+0000] {processor.py:914} INFO - Processing file /home/airflow/.local/lib/python3.12/site-packages/airflow/example_dags/example_nested_branch_dag.py for tasks to queue
[2026-08-12T04:44:04.151+0000] {logging_mixin.py:190} INFO - [2026-08-12T04:44:04.151+0000] {dagbag.py:587} INFO - Filling up the DagBag from /home/airflow/.local/lib/python3.12/site-packages/airflow/example_dags/example_nested_branch_dag.py
[2026-08-12T04:44:04.163+0000] {processor.py:925} INFO - DAG(s) 'example_nested_branch_dag' retrieved from /home/airflow/.local/lib/python3.12/site-packages/airflow/example_dags/example_nested_branch_dag.py
[2026-08-12T04:44:04.186+0000] {logging_mixin.py:190} INFO - [2026-08-12T04:44:04.186+0000] {dag.py:3211} INFO - Sync 1 DAGs
[2026-08-12T04:44:04.210+0000] {logging_mixin.py:190} INFO - [2026-08-12T04:44:04.210+0000] {dag.py:4138} INFO - Setting next_dagrun for example_nested_branch_dag to 2026-08-11 00:00:00+00:00, run_after=2026-08-12 00:00:00+00:00
[2026-08-12T04:44:04.245+0000] {processor.py:208} INFO - Processing /home/airflow/.local/lib/python3.12/site-packages/airflow/example_dags/example_nested_branch_dag.py took 0.106 seconds
[2026-08-12T04:44:34.777+0000] {processor.py:186} INFO - Started process (PID=1458) to work on /home/airflow/.local/lib/python3.12/site-packages/airflow/example_dags/example_nested_branch_dag.py
[2026-08-12T04:44:34.779+0000] {processor.py:914} INFO - Processing file /home/airflow/.local/lib/python3.12/site-packages/airflow/example_dags/example_nested_branch_dag.py for tasks to queue
[2026-08-12T04:44:34.782+0000] {logging_mixin.py:190} INFO - [2026-08-12T04:44:34.782+0000] {dagbag.py:587} INFO - Filling up the DagBag from /home/airflow/.local/lib/python3.12/site-packages/airflow/example_dags/example_nested_branch_dag.py
[2026-08-12T04:44:34.794+0000] {processor.py:925} INFO - DAG(s) 'example_nested_branch_dag' retrieved from /home/airflow/.local/lib/python3.12/site-packages/airflow/example_dags/example_nested_branch_dag.py
[2026-08-12T04:44:34.816+0000] {logging_mixin.py:190} INFO - [2026-08-12T04:44:34.816+0000] {dag.py:3211} INFO - Sync 1 DAGs
[2026-08-12T04:44:34.841+0000] {logging_mixin.py:190} INFO - [2026-08-12T04:44:34.841+0000] {dag.py:4138} INFO - Setting next_dagrun for example_nested_branch_dag to 2026-08-11 00:00:00+00:00, run_after=2026-08-12 00:00:00+00:00
[2026-08-12T04:44:34.864+0000] {processor.py:208} INFO - Processing /home/airflow/.local/lib/python3.12/site-packages/airflow/example_dags/example_nested_branch_dag.py took 0.095 seconds
[2026-08-12T04:45:06.175+0000] {processor.py:186} INFO - Started process (PID=1521) to work on /home/airflow/.local/lib/python3.12/site-packages/airflow/example_dags/example_nested_branch_dag.py
[2026-08-12T04:45:06.177+0000] {processor.py:914} INFO - Processing file /home/airflow/.local/lib/python3.12/site-packages/airflow/example_dags/example_nested_branch_dag.py for tasks to queue
[2026-08-12T04:45:06.180+0000] {logging_mixin.py:190} INFO - [2026-08-12T04:45:06.180+0000] {dagbag.py:587} INFO - Filling up the DagBag from /home/airflow/.local/lib/python3.12/site-packages/airflow/example_dags/example_nested_branch_dag.py
[2026-08-12T04:45:06.193+0000] {processor.py:925} INFO - DAG(s) 'example_nested_branch_dag' retrieved from /home/airflow/.local/lib/python3.12/site-packages/airflow/example_dags/example_nested_branch_dag.py
[2026-08-12T04:45:06.218+0000] {logging_mixin.py:190} INFO - [2026-08-12T04:45:06.218+0000] {dag.py:3211} INFO - Sync 1 DAGs
[2026-08-12T04:45:06.244+0000] {logging_mixin.py:190} INFO - [2026-08-12T04:45:06.243+0000] {dag.py:4138} INFO - Setting next_dagrun for example_nested_branch_dag to 2026-08-11 00:00:00+00:00, run_after=2026-08-12 00:00:00+00:00
[2026-08-12T04:45:06.268+0000] {processor.py:208} INFO - Processing /home/airflow/.local/lib/python3.12/site-packages/airflow/example_dags/example_nested_branch_dag.py took 0.099 seconds
[2026-08-12T04:45:37.356+0000] {processor.py:186} INFO - Started process (PID=1583) to work on /home/airflow/.local/lib/python3.12/site-packages/airflow/example_dags/example_nested_branch_dag.py
[2026-08-12T04:45:37.358+0000] {processor.py:914} INFO - Processing file /home/airflow/.local/lib/python3.12/site-packages/airflow/example_dags/example_nested_branch_dag.py for tasks to queue
[2026-08-12T04:45:37.361+0000] {logging_mixin.py:190} INFO - [2026-08-12T04:45:37.360+0000] {dagbag.py:587} INFO - Filling up the DagBag from /home/airflow/.local/lib/python3.12/site-packages/airflow/example_dags/example_nested_branch_dag.py
[2026-08-12T04:45:37.372+0000] {processor.py:925} INFO - DAG(s) 'example_nested_branch_dag' retrieved from /home/airflow/.local/lib/python3.12/site-packages/airflow/example_dags/example_nested_branch_dag.py
[2026-08-12T04:45:37.395+0000] {logging_mixin.py:190} INFO - [2026-08-12T04:45:37.394+0000] {dag.py:3211} INFO - Sync 1 DAGs
[2026-08-12T04:45:37.420+0000] {logging_mixin.py:190} INFO - [2026-08-12T04:45:37.420+0000] {dag.py:4138} INFO - Setting next_dagrun for example_nested_branch_dag to 2026-08-11 00:00:00+00:00, run_after=2026-08-12 00:00:00+00:00
[2026-08-12T04:45:37.444+0000] {processor.py:208} INFO - Processing /home/airflow/.local/lib/python3.12/site-packages/airflow/example_dags/example_nested_branch_dag.py took 0.093 seconds
[2026-08-12T04:46:07.670+0000] {processor.py:186} INFO - Started process (PID=1645) to work on /home/airflow/.local/lib/python3.12/site-packages/airflow/example_dags/example_nested_branch_dag.py
[2026-08-12T04:46:07.671+0000] {processor.py:914} INFO - Processing file /home/airflow/.local/lib/python3.12/site-packages/airflow/example_dags/example_nested_branch_dag.py for tasks to queue
[2026-08-12T04:46:07.676+0000] {logging_mixin.py:190} INFO - [2026-08-12T04:46:07.675+0000] {dagbag.py:587} INFO - Filling up the DagBag from /home/airflow/.local/lib/python3.12/site-packages/airflow/example_dags/example_nested_branch_dag.py
[2026-08-12T04:46:07.693+0000] {processor.py:925} INFO - DAG(s) 'example_nested_branch_dag' retrieved from /home/airflow/.local/lib/python3.12/site-packages/airflow/example_dags/example_nested_branch_dag.py
[2026-08-12T04:46:07.718+0000] {logging_mixin.py:190} INFO - [2026-08-12T04:46:07.718+0000] {dag.py:3211} INFO - Sync 1 DAGs
[2026-08-12T04:46:07.746+0000] {logging_mixin.py:190} INFO - [2026-08-12T04:46:07.745+0000] {dag.py:4138} INFO - Setting next_dagrun for example_nested_branch_dag to 2026-08-11 00:00:00+00:00, run_after=2026-08-12 00:00:00+00:00
[2026-08-12T04:46:07.770+0000] {processor.py:208} INFO - Processing /home/airflow/.local/lib/python3.12/site-packages/airflow/example_dags/example_nested_branch_dag.py took 0.107 seconds
[2026-08-12T04:46:38.190+0000] {processor.py:186} INFO - Started process (PID=1707) to work on /home/airflow/.local/lib/python3.12/site-packages/airflow/example_dags/example_nested_branch_dag.py
[2026-08-12T04:46:38.192+0000] {processor.py:914} INFO - Processing file /home/airflow/.local/lib/python3.12/site-packages/airflow/example_dags/example_nested_branch_dag.py for tasks to queue
[2026-08-12T04:46:38.196+0000] {logging_mixin.py:190} INFO - [2026-08-12T04:46:38.196+0000] {dagbag.py:587} INFO - Filling up the DagBag from /home/airflow/.local/lib/python3.12/site-packages/airflow/example_dags/example_nested_branch_dag.py
[2026-08-12T04:46:38.208+0000] {processor.py:925} INFO - DAG(s) 'example_nested_branch_dag' retrieved from /home/airflow/.local/lib/python3.12/site-packages/airflow/example_dags/example_nested_branch_dag.py
[2026-08-12T04:46:38.233+0000] {logging_mixin.py:190} INFO - [2026-08-12T04:46:38.233+0000] {dag.py:3211} INFO - Sync 1 DAGs
[2026-08-12T04:46:38.256+0000] {logging_mixin.py:190} INFO - [2026-08-12T04:46:38.256+0000] {dag.py:4138} INFO - Setting next_dagrun for example_nested_branch_dag to 2026-08-11 00:00:00+00:00, run_after=2026-08-12 00:00:00+00:00
[2026-08-12T04:46:38.280+0000] {processor.py:208} INFO - Processing /home/airflow/.local/lib/python3.12/site-packages/airflow/example_dags/example_nested_branch_dag.py took 0.096 seconds
[2026-08-12T04:47:09.026+0000] {processor.py:186} INFO - Started process (PID=1769) to work on /home/airflow/.local/lib/python3.12/site-packages/airflow/example_dags/example_nested_branch_dag.py
[2026-08-12T04:47:09.028+0000] {processor.py:914} INFO - Processing file /home/airflow/.local/lib/python3.12/site-packages/airflow/example_dags/example_nested_branch_dag.py for tasks to queue
[2026-08-12T04:47:09.031+0000] {logging_mixin.py:190} INFO - [2026-08-12T04:47:09.031+0000] {dagbag.py:587} INFO - Filling up the DagBag from /home/airflow/.local/lib/python3.12/site-packages/airflow/example_dags/example_nested_branch_dag.py
[2026-08-12T04:47:09.044+0000] {processor.py:925} INFO - DAG(s) 'example_nested_branch_dag' retrieved from /home/airflow/.local/lib/python3.12/site-packages/airflow/example_dags/example_nested_branch_dag.py
[2026-08-12T04:47:09.066+0000] {logging_mixin.py:190} INFO - [2026-08-12T04:47:09.065+0000] {dag.py:3211} INFO - Sync 1 DAGs
[2026-08-12T04:47:09.088+0000] {logging_mixin.py:190} INFO - [2026-08-12T04:47:09.087+0000] {dag.py:4138} INFO - Setting next_dagrun for example_nested_branch_dag to 2026-08-11 00:00:00+00:00, run_after=2026-08-12 00:00:00+00:00
[2026-08-12T04:47:09.112+0000] {processor.py:208} INFO - Processing /home/airflow/.local/lib/python3.12/site-packages/airflow/example_dags/example_nested_branch_dag.py took 0.092 seconds
[2026-08-12T04:47:40.274+0000] {processor.py:186} INFO - Started process (PID=1831) to work on /home/airflow/.local/lib/python3.12/site-packages/airflow/example_dags/example_nested_branch_dag.py
[2026-08-12T04:47:40.276+0000] {processor.py:914} INFO - Processing file /home/airflow/.local/lib/python3.12/site-packages/airflow/example_dags/example_nested_branch_dag.py for tasks to queue
[2026-08-12T04:47:40.279+0000] {logging_mixin.py:190} INFO - [2026-08-12T04:47:40.279+0000] {dagbag.py:587} INFO - Filling up the DagBag from /home/airflow/.local/lib/python3.12/site-packages/airflow/example_dags/example_nested_branch_dag.py
[2026-08-12T04:47:40.304+0000] {processor.py:925} INFO - DAG(s) 'example_nested_branch_dag' retrieved from /home/airflow/.local/lib/python3.12/site-packages/airflow/example_dags/example_nested_branch_dag.py
[2026-08-12T04:47:40.330+0000] {logging_mixin.py:190} INFO - [2026-08-12T04:47:40.330+0000] {dag.py:3211} INFO - Sync 1 DAGs
[2026-08-12T04:47:40.353+0000] {logging_mixin.py:190} INFO - [2026-08-12T04:47:40.353+0000] {dag.py:4138} INFO - Setting next_dagrun for example_nested_branch_dag to 2026-08-11 00:00:00+00:00, run_after=2026-08-12 00:00:00+00:00
[2026-08-12T04:47:40.379+0000] {processor.py:208} INFO - Processing /home/airflow/.local/lib/python3.12/site-packages/airflow/example_dags/example_nested_branch_dag.py took 0.111 seconds
[2026-08-12T04:48:10.444+0000] {processor.py:186} INFO - Started process (PID=1892) to work on /home/airflow/.local/lib/python3.12/site-packages/airflow/example_dags/example_nested_branch_dag.py
[2026-08-12T04:48:10.445+0000] {processor.py:914} INFO - Processing file /home/airflow/.local/lib/python3.12/site-packages/airflow/example_dags/example_nested_branch_dag.py for tasks to queue
[2026-08-12T04:48:10.450+0000] {logging_mixin.py:190} INFO - [2026-08-12T04:48:10.449+0000] {dagbag.py:587} INFO - Filling up the DagBag from /home/airflow/.local/lib/python3.12/site-packages/airflow/example_dags/example_nested_branch_dag.py
[2026-08-12T04:48:10.463+0000] {processor.py:925} INFO - DAG(s) 'example_nested_branch_dag' retrieved from /home/airflow/.local/lib/python3.12/site-packages/airflow/example_dags/example_nested_branch_dag.py
[2026-08-12T04:48:10.494+0000] {logging_mixin.py:190} INFO - [2026-08-12T04:48:10.493+0000] {dag.py:3211} INFO - Sync 1 DAGs
[2026-08-12T04:48:10.525+0000] {logging_mixin.py:190} INFO - [2026-08-12T04:48:10.525+0000] {dag.py:4138} INFO - Setting next_dagrun for example_nested_branch_dag to 2026-08-11 00:00:00+00:00, run_after=2026-08-12 00:00:00+00:00
[2026-08-12T04:48:10.559+0000] {processor.py:208} INFO - Processing /home/airflow/.local/lib/python3.12/site-packages/airflow/example_dags/example_nested_branch_dag.py took 0.124 seconds
