[2026-08-12T04:31:27.354+0000] {processor.py:186} INFO - Started process (PID=71) to work on /home/airflow/.local/lib/python3.12/site-packages/airflow/example_dags/example_python_decorator.py
[2026-08-12T04:31:27.357+0000] {processor.py:914} INFO - Processing file /home/airflow/.local/lib/python3.12/site-packages/airflow/example_dags/example_python_decorator.py for tasks to queue
[2026-08-12T04:31:27.361+0000] {logging_mixin.py:190} INFO - [2026-08-12T04:31:27.361+0000] {dagbag.py:587} INFO - Filling up the DagBag from /home/airflow/.local/lib/python3.12/site-packages/airflow/example_dags/example_python_decorator.py
[2026-08-12T04:31:27.404+0000] {processor.py:925} INFO - DAG(s) 'example_python_decorator' retrieved from /home/airflow/.local/lib/python3.12/site-packages/airflow/example_dags/example_python_decorator.py
[2026-08-12T04:31:27.568+0000] {logging_mixin.py:190} INFO - [2026-08-12T04:31:27.567+0000] {override.py:1858} INFO - Created Permission View: can read on DAG:example_python_decorator
[2026-08-12T04:31:27.600+0000] {logging_mixin.py:190} INFO - [2026-08-12T04:31:27.599+0000] {override.py:1858} INFO - Created Permission View: can edit on DAG:example_python_decorator
[2026-08-12T04:31:27.615+0000] {logging_mixin.py:190} INFO - [2026-08-12T04:31:27.615+0000] {override.py:1858} INFO - Created Permission View: can delete on DAG:example_python_decorator
[2026-08-12T04:31:27.630+0000] {logging_mixin.py:190} INFO - [2026-08-12T04:31:27.628+0000] {dag.py:3211} INFO - Sync 1 DAGs
[2026-08-12T04:31:27.652+0000] {logging_mixin.py:190} INFO - [2026-08-12T04:31:27.652+0000] {dag.py:3234} INFO - Creating ORM DAG for example_python_decorator
[2026-08-12T04:31:27.655+0000] {logging_mixin.py:190} INFO - [2026-08-12T04:31:27.655+0000] {dag.py:4138} INFO - Setting next_dagrun for example_python_decorator to None, run_after=None
[2026-08-12T04:31:27.685+0000] {processor.py:208} INFO - Processing /home/airflow/.local/lib/python3.12/site-packages/airflow/example_dags/example_python_decorator.py took 0.339 seconds
[2026-08-12T04:31:58.027+0000] {processor.py:186} INFO - Started process (PID=133) to work on /home/airflow/.local/lib/python3.12/site-packages/airflow/example_dags/example_python_decorator.py
[2026-08-12T04:31:58.032+0000] {processor.py:914} INFO - Processing file /home/airflow/.local/lib/python3.12/site-packages/airflow/example_dags/example_python_decorator.py for tasks to queue
[2026-08-12T04:31:58.046+0000] {logging_mixin.py:190} INFO - [2026-08-12T04:31:58.045+0000] {dagbag.py:587} INFO - Filling up the DagBag from /home/airflow/.local/lib/python3.12/site-packages/airflow/example_dags/example_python_decorator.py
[2026-08-12T04:31:58.080+0000] {processor.py:925} INFO - DAG(s) 'example_python_decorator' retrieved from /home/airflow/.local/lib/python3.12/site-packages/airflow/example_dags/example_python_decorator.py
[2026-08-12T04:31:58.108+0000] {logging_mixin.py:190} INFO - [2026-08-12T04:31:58.108+0000] {dag.py:3211} INFO - Sync 1 DAGs
[2026-08-12T04:31:58.140+0000] {logging_mixin.py:190} INFO - [2026-08-12T04:31:58.140+0000] {dag.py:4138} INFO - Setting next_dagrun for example_python_decorator to None, run_after=None
[2026-08-12T04:31:58.184+0000] {processor.py:208} INFO - Processing /home/airflow/.local/lib/python3.12/site-packages/airflow/example_dags/example_python_decorator.py took 0.165 seconds
[2026-08-12T04:33:17.448+0000] {processor.py:186} INFO - Started process (PID=58) to work on /home/airflow/.local/lib/python3.12/site-packages/airflow/example_dags/example_python_decorator.py
[2026-08-12T04:33:17.452+0000] {processor.py:914} INFO - Processing file /home/airflow/.local/lib/python3.12/site-packages/airflow/example_dags/example_python_decorator.py for tasks to queue
[2026-08-12T04:33:17.458+0000] {logging_mixin.py:190} INFO - [2026-08-12T04:33:17.458+0000] {dagbag.py:587} INFO - Filling up the DagBag from /home/airflow/.local/lib/python3.12/site-packages/airflow/example_dags/example_python_decorator.py
[2026-08-12T04:33:17.508+0000] {processor.py:925} INFO - DAG(s) 'example_python_decorator' retrieved from /home/airflow/.local/lib/python3.12/site-packages/airflow/example_dags/example_python_decorator.py
[2026-08-12T04:33:17.856+0000] {logging_mixin.py:190} INFO - [2026-08-12T04:33:17.856+0000] {dag.py:3211} INFO - Sync 1 DAGs
[2026-08-12T04:33:17.884+0000] {logging_mixin.py:190} INFO - [2026-08-12T04:33:17.883+0000] {dag.py:4138} INFO - Setting next_dagrun for example_python_decorator to None, run_after=None
[2026-08-12T04:33:17.931+0000] {processor.py:208} INFO - Processing /home/airflow/.local/lib/python3.12/site-packages/airflow/example_dags/example_python_decorator.py took 0.496 seconds
[2026-08-12T04:33:48.544+0000] {processor.py:186} INFO - Started process (PID=120) to work on /home/airflow/.local/lib/python3.12/site-packages/airflow/example_dags/example_python_decorator.py
[2026-08-12T04:33:48.545+0000] {processor.py:914} INFO - Processing file /home/airflow/.local/lib/python3.12/site-packages/airflow/example_dags/example_python_decorator.py for tasks to queue
[2026-08-12T04:33:48.549+0000] {logging_mixin.py:190} INFO - [2026-08-12T04:33:48.549+0000] {dagbag.py:587} INFO - Filling up the DagBag from /home/airflow/.local/lib/python3.12/site-packages/airflow/example_dags/example_python_decorator.py
[2026-08-12T04:33:48.571+0000] {processor.py:925} INFO - DAG(s) 'example_python_decorator' retrieved from /home/airflow/.local/lib/python3.12/site-packages/airflow/example_dags/example_python_decorator.py
[2026-08-12T04:33:48.600+0000] {logging_mixin.py:190} INFO - [2026-08-12T04:33:48.600+0000] {dag.py:3211} INFO - Sync 1 DAGs
[2026-08-12T04:33:48.619+0000] {logging_mixin.py:190} INFO - [2026-08-12T04:33:48.619+0000] {dag.py:4138} INFO - Setting next_dagrun for example_python_decorator to None, run_after=None
[2026-08-12T04:33:48.645+0000] {processor.py:208} INFO - Processing /home/airflow/.local/lib/python3.12/site-packages/airflow/example_dags/example_python_decorator.py took 0.108 seconds
[2026-08-12T04:34:18.773+0000] {processor.py:186} INFO - Started process (PID=182) to work on /home/airflow/.local/lib/python3.12/site-packages/airflow/example_dags/example_python_decorator.py
[2026-08-12T04:34:18.775+0000] {processor.py:914} INFO - Processing file /home/airflow/.local/lib/python3.12/site-packages/airflow/example_dags/example_python_decorator.py for tasks to queue
[2026-08-12T04:34:18.778+0000] {logging_mixin.py:190} INFO - [2026-08-12T04:34:18.777+0000] {dagbag.py:587} INFO - Filling up the DagBag from /home/airflow/.local/lib/python3.12/site-packages/airflow/example_dags/example_python_decorator.py
[2026-08-12T04:34:18.797+0000] {processor.py:925} INFO - DAG(s) 'example_python_decorator' retrieved from /home/airflow/.local/lib/python3.12/site-packages/airflow/example_dags/example_python_decorator.py
[2026-08-12T04:34:18.828+0000] {logging_mixin.py:190} INFO - [2026-08-12T04:34:18.828+0000] {dag.py:3211} INFO - Sync 1 DAGs
[2026-08-12T04:34:18.845+0000] {logging_mixin.py:190} INFO - [2026-08-12T04:34:18.845+0000] {dag.py:4138} INFO - Setting next_dagrun for example_python_decorator to None, run_after=None
[2026-08-12T04:34:18.876+0000] {processor.py:208} INFO - Processing /home/airflow/.local/lib/python3.12/site-packages/airflow/example_dags/example_python_decorator.py took 0.108 seconds
[2026-08-12T04:34:48.981+0000] {processor.py:186} INFO - Started process (PID=244) to work on /home/airflow/.local/lib/python3.12/site-packages/airflow/example_dags/example_python_decorator.py
[2026-08-12T04:34:48.983+0000] {processor.py:914} INFO - Processing file /home/airflow/.local/lib/python3.12/site-packages/airflow/example_dags/example_python_decorator.py for tasks to queue
[2026-08-12T04:34:48.986+0000] {logging_mixin.py:190} INFO - [2026-08-12T04:34:48.986+0000] {dagbag.py:587} INFO - Filling up the DagBag from /home/airflow/.local/lib/python3.12/site-packages/airflow/example_dags/example_python_decorator.py
[2026-08-12T04:34:49.016+0000] {processor.py:925} INFO - DAG(s) 'example_python_decorator' retrieved from /home/airflow/.local/lib/python3.12/site-packages/airflow/example_dags/example_python_decorator.py
[2026-08-12T04:34:49.043+0000] {logging_mixin.py:190} INFO - [2026-08-12T04:34:49.043+0000] {dag.py:3211} INFO - Sync 1 DAGs
[2026-08-12T04:34:49.058+0000] {logging_mixin.py:190} INFO - [2026-08-12T04:34:49.058+0000] {dag.py:4138} INFO - Setting next_dagrun for example_python_decorator to None, run_after=None
[2026-08-12T04:34:49.097+0000] {processor.py:208} INFO - Processing /home/airflow/.local/lib/python3.12/site-packages/airflow/example_dags/example_python_decorator.py took 0.122 seconds
[2026-08-12T04:35:19.619+0000] {processor.py:186} INFO - Started process (PID=307) to work on /home/airflow/.local/lib/python3.12/site-packages/airflow/example_dags/example_python_decorator.py
[2026-08-12T04:35:19.622+0000] {processor.py:914} INFO - Processing file /home/airflow/.local/lib/python3.12/site-packages/airflow/example_dags/example_python_decorator.py for tasks to queue
[2026-08-12T04:35:19.627+0000] {logging_mixin.py:190} INFO - [2026-08-12T04:35:19.626+0000] {dagbag.py:587} INFO - Filling up the DagBag from /home/airflow/.local/lib/python3.12/site-packages/airflow/example_dags/example_python_decorator.py
[2026-08-12T04:35:19.652+0000] {processor.py:925} INFO - DAG(s) 'example_python_decorator' retrieved from /home/airflow/.local/lib/python3.12/site-packages/airflow/example_dags/example_python_decorator.py
[2026-08-12T04:35:19.685+0000] {logging_mixin.py:190} INFO - [2026-08-12T04:35:19.685+0000] {dag.py:3211} INFO - Sync 1 DAGs
[2026-08-12T04:35:19.701+0000] {logging_mixin.py:190} INFO - [2026-08-12T04:35:19.701+0000] {dag.py:4138} INFO - Setting next_dagrun for example_python_decorator to None, run_after=None
[2026-08-12T04:35:19.737+0000] {processor.py:208} INFO - Processing /home/airflow/.local/lib/python3.12/site-packages/airflow/example_dags/example_python_decorator.py took 0.130 seconds
[2026-08-12T04:35:50.100+0000] {processor.py:186} INFO - Started process (PID=369) to work on /home/airflow/.local/lib/python3.12/site-packages/airflow/example_dags/example_python_decorator.py
[2026-08-12T04:35:50.102+0000] {processor.py:914} INFO - Processing file /home/airflow/.local/lib/python3.12/site-packages/airflow/example_dags/example_python_decorator.py for tasks to queue
[2026-08-12T04:35:50.106+0000] {logging_mixin.py:190} INFO - [2026-08-12T04:35:50.106+0000] {dagbag.py:587} INFO - Filling up the DagBag from /home/airflow/.local/lib/python3.12/site-packages/airflow/example_dags/example_python_decorator.py
[2026-08-12T04:35:50.122+0000] {processor.py:925} INFO - DAG(s) 'example_python_decorator' retrieved from /home/airflow/.local/lib/python3.12/site-packages/airflow/example_dags/example_python_decorator.py
[2026-08-12T04:35:50.148+0000] {logging_mixin.py:190} INFO - [2026-08-12T04:35:50.147+0000] {dag.py:3211} INFO - Sync 1 DAGs
[2026-08-12T04:35:50.162+0000] {logging_mixin.py:190} INFO - [2026-08-12T04:35:50.162+0000] {dag.py:4138} INFO - Setting next_dagrun for example_python_decorator to None, run_after=None
[2026-08-12T04:35:50.185+0000] {processor.py:208} INFO - Processing /home/airflow/.local/lib/python3.12/site-packages/airflow/example_dags/example_python_decorator.py took 0.092 seconds
[2026-08-12T04:36:20.704+0000] {processor.py:186} INFO - Started process (PID=431) to work on /home/airflow/.local/lib/python3.12/site-packages/airflow/example_dags/example_python_decorator.py
[2026-08-12T04:36:20.707+0000] {processor.py:914} INFO - Processing file /home/airflow/.local/lib/python3.12/site-packages/airflow/example_dags/example_python_decorator.py for tasks to queue
[2026-08-12T04:36:20.712+0000] {logging_mixin.py:190} INFO - [2026-08-12T04:36:20.711+0000] {dagbag.py:587} INFO - Filling up the DagBag from /home/airflow/.local/lib/python3.12/site-packages/airflow/example_dags/example_python_decorator.py
[2026-08-12T04:36:20.727+0000] {processor.py:925} INFO - DAG(s) 'example_python_decorator' retrieved from /home/airflow/.local/lib/python3.12/site-packages/airflow/example_dags/example_python_decorator.py
[2026-08-12T04:36:20.751+0000] {logging_mixin.py:190} INFO - [2026-08-12T04:36:20.750+0000] {dag.py:3211} INFO - Sync 1 DAGs
[2026-08-12T04:36:20.765+0000] {logging_mixin.py:190} INFO - [2026-08-12T04:36:20.765+0000] {dag.py:4138} INFO - Setting next_dagrun for example_python_decorator to None, run_after=None
[2026-08-12T04:36:20.791+0000] {processor.py:208} INFO - Processing /home/airflow/.local/lib/python3.12/site-packages/airflow/example_dags/example_python_decorator.py took 0.093 seconds
[2026-08-12T04:36:51.169+0000] {processor.py:186} INFO - Started process (PID=493) to work on /home/airflow/.local/lib/python3.12/site-packages/airflow/example_dags/example_python_decorator.py
[2026-08-12T04:36:51.170+0000] {processor.py:914} INFO - Processing file /home/airflow/.local/lib/python3.12/site-packages/airflow/example_dags/example_python_decorator.py for tasks to queue
[2026-08-12T04:36:51.184+0000] {logging_mixin.py:190} INFO - [2026-08-12T04:36:51.179+0000] {dagbag.py:587} INFO - Filling up the DagBag from /home/airflow/.local/lib/python3.12/site-packages/airflow/example_dags/example_python_decorator.py
[2026-08-12T04:36:51.198+0000] {processor.py:925} INFO - DAG(s) 'example_python_decorator' retrieved from /home/airflow/.local/lib/python3.12/site-packages/airflow/example_dags/example_python_decorator.py
[2026-08-12T04:36:51.221+0000] {logging_mixin.py:190} INFO - [2026-08-12T04:36:51.221+0000] {dag.py:3211} INFO - Sync 1 DAGs
[2026-08-12T04:36:51.237+0000] {logging_mixin.py:190} INFO - [2026-08-12T04:36:51.236+0000] {dag.py:4138} INFO - Setting next_dagrun for example_python_decorator to None, run_after=None
[2026-08-12T04:36:51.265+0000] {processor.py:208} INFO - Processing /home/airflow/.local/lib/python3.12/site-packages/airflow/example_dags/example_python_decorator.py took 0.102 seconds
[2026-08-12T04:37:21.471+0000] {processor.py:186} INFO - Started process (PID=555) to work on /home/airflow/.local/lib/python3.12/site-packages/airflow/example_dags/example_python_decorator.py
[2026-08-12T04:37:21.474+0000] {processor.py:914} INFO - Processing file /home/airflow/.local/lib/python3.12/site-packages/airflow/example_dags/example_python_decorator.py for tasks to queue
[2026-08-12T04:37:21.478+0000] {logging_mixin.py:190} INFO - [2026-08-12T04:37:21.477+0000] {dagbag.py:587} INFO - Filling up the DagBag from /home/airflow/.local/lib/python3.12/site-packages/airflow/example_dags/example_python_decorator.py
[2026-08-12T04:37:21.493+0000] {processor.py:925} INFO - DAG(s) 'example_python_decorator' retrieved from /home/airflow/.local/lib/python3.12/site-packages/airflow/example_dags/example_python_decorator.py
[2026-08-12T04:37:21.518+0000] {logging_mixin.py:190} INFO - [2026-08-12T04:37:21.517+0000] {dag.py:3211} INFO - Sync 1 DAGs
[2026-08-12T04:37:21.533+0000] {logging_mixin.py:190} INFO - [2026-08-12T04:37:21.533+0000] {dag.py:4138} INFO - Setting next_dagrun for example_python_decorator to None, run_after=None
[2026-08-12T04:37:21.563+0000] {processor.py:208} INFO - Processing /home/airflow/.local/lib/python3.12/site-packages/airflow/example_dags/example_python_decorator.py took 0.098 seconds
[2026-08-12T04:37:52.323+0000] {processor.py:186} INFO - Started process (PID=617) to work on /home/airflow/.local/lib/python3.12/site-packages/airflow/example_dags/example_python_decorator.py
[2026-08-12T04:37:52.324+0000] {processor.py:914} INFO - Processing file /home/airflow/.local/lib/python3.12/site-packages/airflow/example_dags/example_python_decorator.py for tasks to queue
[2026-08-12T04:37:52.327+0000] {logging_mixin.py:190} INFO - [2026-08-12T04:37:52.327+0000] {dagbag.py:587} INFO - Filling up the DagBag from /home/airflow/.local/lib/python3.12/site-packages/airflow/example_dags/example_python_decorator.py
[2026-08-12T04:37:52.355+0000] {processor.py:925} INFO - DAG(s) 'example_python_decorator' retrieved from /home/airflow/.local/lib/python3.12/site-packages/airflow/example_dags/example_python_decorator.py
[2026-08-12T04:37:52.394+0000] {logging_mixin.py:190} INFO - [2026-08-12T04:37:52.394+0000] {dag.py:3211} INFO - Sync 1 DAGs
[2026-08-12T04:37:52.409+0000] {logging_mixin.py:190} INFO - [2026-08-12T04:37:52.409+0000] {dag.py:4138} INFO - Setting next_dagrun for example_python_decorator to None, run_after=None
[2026-08-12T04:37:52.436+0000] {processor.py:208} INFO - Processing /home/airflow/.local/lib/python3.12/site-packages/airflow/example_dags/example_python_decorator.py took 0.118 seconds
[2026-08-12T04:38:23.320+0000] {processor.py:186} INFO - Started process (PID=679) to work on /home/airflow/.local/lib/python3.12/site-packages/airflow/example_dags/example_python_decorator.py
[2026-08-12T04:38:23.321+0000] {processor.py:914} INFO - Processing file /home/airflow/.local/lib/python3.12/site-packages/airflow/example_dags/example_python_decorator.py for tasks to queue
[2026-08-12T04:38:23.324+0000] {logging_mixin.py:190} INFO - [2026-08-12T04:38:23.324+0000] {dagbag.py:587} INFO - Filling up the DagBag from /home/airflow/.local/lib/python3.12/site-packages/airflow/example_dags/example_python_decorator.py
[2026-08-12T04:38:23.338+0000] {processor.py:925} INFO - DAG(s) 'example_python_decorator' retrieved from /home/airflow/.local/lib/python3.12/site-packages/airflow/example_dags/example_python_decorator.py
[2026-08-12T04:38:23.364+0000] {logging_mixin.py:190} INFO - [2026-08-12T04:38:23.364+0000] {dag.py:3211} INFO - Sync 1 DAGs
[2026-08-12T04:38:23.380+0000] {logging_mixin.py:190} INFO - [2026-08-12T04:38:23.379+0000] {dag.py:4138} INFO - Setting next_dagrun for example_python_decorator to None, run_after=None
[2026-08-12T04:38:23.410+0000] {processor.py:208} INFO - Processing /home/airflow/.local/lib/python3.12/site-packages/airflow/example_dags/example_python_decorator.py took 0.095 seconds
[2026-08-12T04:38:53.701+0000] {processor.py:186} INFO - Started process (PID=741) to work on /home/airflow/.local/lib/python3.12/site-packages/airflow/example_dags/example_python_decorator.py
[2026-08-12T04:38:53.703+0000] {processor.py:914} INFO - Processing file /home/airflow/.local/lib/python3.12/site-packages/airflow/example_dags/example_python_decorator.py for tasks to queue
[2026-08-12T04:38:53.708+0000] {logging_mixin.py:190} INFO - [2026-08-12T04:38:53.707+0000] {dagbag.py:587} INFO - Filling up the DagBag from /home/airflow/.local/lib/python3.12/site-packages/airflow/example_dags/example_python_decorator.py
[2026-08-12T04:38:53.729+0000] {processor.py:925} INFO - DAG(s) 'example_python_decorator' retrieved from /home/airflow/.local/lib/python3.12/site-packages/airflow/example_dags/example_python_decorator.py
[2026-08-12T04:38:53.758+0000] {logging_mixin.py:190} INFO - [2026-08-12T04:38:53.758+0000] {dag.py:3211} INFO - Sync 1 DAGs
[2026-08-12T04:38:53.777+0000] {logging_mixin.py:190} INFO - [2026-08-12T04:38:53.777+0000] {dag.py:4138} INFO - Setting next_dagrun for example_python_decorator to None, run_after=None
[2026-08-12T04:38:53.807+0000] {processor.py:208} INFO - Processing /home/airflow/.local/lib/python3.12/site-packages/airflow/example_dags/example_python_decorator.py took 0.117 seconds
[2026-08-12T04:39:24.366+0000] {processor.py:186} INFO - Started process (PID=803) to work on /home/airflow/.local/lib/python3.12/site-packages/airflow/example_dags/example_python_decorator.py
[2026-08-12T04:39:24.367+0000] {processor.py:914} INFO - Processing file /home/airflow/.local/lib/python3.12/site-packages/airflow/example_dags/example_python_decorator.py for tasks to queue
[2026-08-12T04:39:24.371+0000] {logging_mixin.py:190} INFO - [2026-08-12T04:39:24.371+0000] {dagbag.py:587} INFO - Filling up the DagBag from /home/airflow/.local/lib/python3.12/site-packages/airflow/example_dags/example_python_decorator.py
[2026-08-12T04:39:24.388+0000] {processor.py:925} INFO - DAG(s) 'example_python_decorator' retrieved from /home/airflow/.local/lib/python3.12/site-packages/airflow/example_dags/example_python_decorator.py
[2026-08-12T04:39:24.419+0000] {logging_mixin.py:190} INFO - [2026-08-12T04:39:24.419+0000] {dag.py:3211} INFO - Sync 1 DAGs
[2026-08-12T04:39:24.434+0000] {logging_mixin.py:190} INFO - [2026-08-12T04:39:24.434+0000] {dag.py:4138} INFO - Setting next_dagrun for example_python_decorator to None, run_after=None
[2026-08-12T04:39:24.463+0000] {processor.py:208} INFO - Processing /home/airflow/.local/lib/python3.12/site-packages/airflow/example_dags/example_python_decorator.py took 0.106 seconds
[2026-08-12T04:39:55.368+0000] {processor.py:186} INFO - Started process (PID=865) to work on /home/airflow/.local/lib/python3.12/site-packages/airflow/example_dags/example_python_decorator.py
[2026-08-12T04:39:55.370+0000] {processor.py:914} INFO - Processing file /home/airflow/.local/lib/python3.12/site-packages/airflow/example_dags/example_python_decorator.py for tasks to queue
[2026-08-12T04:39:55.374+0000] {logging_mixin.py:190} INFO - [2026-08-12T04:39:55.374+0000] {dagbag.py:587} INFO - Filling up the DagBag from /home/airflow/.local/lib/python3.12/site-packages/airflow/example_dags/example_python_decorator.py
[2026-08-12T04:39:55.393+0000] {processor.py:925} INFO - DAG(s) 'example_python_decorator' retrieved from /home/airflow/.local/lib/python3.12/site-packages/airflow/example_dags/example_python_decorator.py
[2026-08-12T04:39:55.416+0000] {logging_mixin.py:190} INFO - [2026-08-12T04:39:55.415+0000] {dag.py:3211} INFO - Sync 1 DAGs
[2026-08-12T04:39:55.431+0000] {logging_mixin.py:190} INFO - [2026-08-12T04:39:55.431+0000] {dag.py:4138} INFO - Setting next_dagrun for example_python_decorator to None, run_after=None
[2026-08-12T04:39:55.457+0000] {processor.py:208} INFO - Processing /home/airflow/.local/lib/python3.12/site-packages/airflow/example_dags/example_python_decorator.py took 0.106 seconds
[2026-08-12T04:40:25.953+0000] {processor.py:186} INFO - Started process (PID=927) to work on /home/airflow/.local/lib/python3.12/site-packages/airflow/example_dags/example_python_decorator.py
[2026-08-12T04:40:25.954+0000] {processor.py:914} INFO - Processing file /home/airflow/.local/lib/python3.12/site-packages/airflow/example_dags/example_python_decorator.py for tasks to queue
[2026-08-12T04:40:25.959+0000] {logging_mixin.py:190} INFO - [2026-08-12T04:40:25.959+0000] {dagbag.py:587} INFO - Filling up the DagBag from /home/airflow/.local/lib/python3.12/site-packages/airflow/example_dags/example_python_decorator.py
[2026-08-12T04:40:25.977+0000] {processor.py:925} INFO - DAG(s) 'example_python_decorator' retrieved from /home/airflow/.local/lib/python3.12/site-packages/airflow/example_dags/example_python_decorator.py
[2026-08-12T04:40:26.003+0000] {logging_mixin.py:190} INFO - [2026-08-12T04:40:26.003+0000] {dag.py:3211} INFO - Sync 1 DAGs
[2026-08-12T04:40:26.020+0000] {logging_mixin.py:190} INFO - [2026-08-12T04:40:26.020+0000] {dag.py:4138} INFO - Setting next_dagrun for example_python_decorator to None, run_after=None
[2026-08-12T04:40:26.049+0000] {processor.py:208} INFO - Processing /home/airflow/.local/lib/python3.12/site-packages/airflow/example_dags/example_python_decorator.py took 0.104 seconds
[2026-08-12T04:40:56.266+0000] {processor.py:186} INFO - Started process (PID=989) to work on /home/airflow/.local/lib/python3.12/site-packages/airflow/example_dags/example_python_decorator.py
[2026-08-12T04:40:56.268+0000] {processor.py:914} INFO - Processing file /home/airflow/.local/lib/python3.12/site-packages/airflow/example_dags/example_python_decorator.py for tasks to queue
[2026-08-12T04:40:56.283+0000] {logging_mixin.py:190} INFO - [2026-08-12T04:40:56.273+0000] {dagbag.py:587} INFO - Filling up the DagBag from /home/airflow/.local/lib/python3.12/site-packages/airflow/example_dags/example_python_decorator.py
[2026-08-12T04:40:56.299+0000] {processor.py:925} INFO - DAG(s) 'example_python_decorator' retrieved from /home/airflow/.local/lib/python3.12/site-packages/airflow/example_dags/example_python_decorator.py
[2026-08-12T04:40:56.337+0000] {logging_mixin.py:190} INFO - [2026-08-12T04:40:56.337+0000] {dag.py:3211} INFO - Sync 1 DAGs
[2026-08-12T04:40:56.351+0000] {logging_mixin.py:190} INFO - [2026-08-12T04:40:56.351+0000] {dag.py:4138} INFO - Setting next_dagrun for example_python_decorator to None, run_after=None
[2026-08-12T04:40:56.378+0000] {processor.py:208} INFO - Processing /home/airflow/.local/lib/python3.12/site-packages/airflow/example_dags/example_python_decorator.py took 0.117 seconds
[2026-08-12T04:41:26.562+0000] {processor.py:186} INFO - Started process (PID=1051) to work on /home/airflow/.local/lib/python3.12/site-packages/airflow/example_dags/example_python_decorator.py
[2026-08-12T04:41:26.564+0000] {processor.py:914} INFO - Processing file /home/airflow/.local/lib/python3.12/site-packages/airflow/example_dags/example_python_decorator.py for tasks to queue
[2026-08-12T04:41:26.568+0000] {logging_mixin.py:190} INFO - [2026-08-12T04:41:26.567+0000] {dagbag.py:587} INFO - Filling up the DagBag from /home/airflow/.local/lib/python3.12/site-packages/airflow/example_dags/example_python_decorator.py
[2026-08-12T04:41:26.584+0000] {processor.py:925} INFO - DAG(s) 'example_python_decorator' retrieved from /home/airflow/.local/lib/python3.12/site-packages/airflow/example_dags/example_python_decorator.py
[2026-08-12T04:41:26.614+0000] {logging_mixin.py:190} INFO - [2026-08-12T04:41:26.614+0000] {dag.py:3211} INFO - Sync 1 DAGs
[2026-08-12T04:41:26.630+0000] {logging_mixin.py:190} INFO - [2026-08-12T04:41:26.630+0000] {dag.py:4138} INFO - Setting next_dagrun for example_python_decorator to None, run_after=None
[2026-08-12T04:41:26.655+0000] {processor.py:208} INFO - Processing /home/airflow/.local/lib/python3.12/site-packages/airflow/example_dags/example_python_decorator.py took 0.100 seconds
[2026-08-12T04:41:56.854+0000] {processor.py:186} INFO - Started process (PID=1113) to work on /home/airflow/.local/lib/python3.12/site-packages/airflow/example_dags/example_python_decorator.py
[2026-08-12T04:41:56.856+0000] {processor.py:914} INFO - Processing file /home/airflow/.local/lib/python3.12/site-packages/airflow/example_dags/example_python_decorator.py for tasks to queue
[2026-08-12T04:41:56.859+0000] {logging_mixin.py:190} INFO - [2026-08-12T04:41:56.858+0000] {dagbag.py:587} INFO - Filling up the DagBag from /home/airflow/.local/lib/python3.12/site-packages/airflow/example_dags/example_python_decorator.py
[2026-08-12T04:41:56.892+0000] {processor.py:925} INFO - DAG(s) 'example_python_decorator' retrieved from /home/airflow/.local/lib/python3.12/site-packages/airflow/example_dags/example_python_decorator.py
[2026-08-12T04:41:56.920+0000] {logging_mixin.py:190} INFO - [2026-08-12T04:41:56.919+0000] {dag.py:3211} INFO - Sync 1 DAGs
[2026-08-12T04:41:56.936+0000] {logging_mixin.py:190} INFO - [2026-08-12T04:41:56.935+0000] {dag.py:4138} INFO - Setting next_dagrun for example_python_decorator to None, run_after=None
[2026-08-12T04:41:56.969+0000] {processor.py:208} INFO - Processing /home/airflow/.local/lib/python3.12/site-packages/airflow/example_dags/example_python_decorator.py took 0.122 seconds
[2026-08-12T04:42:27.726+0000] {processor.py:186} INFO - Started process (PID=1175) to work on /home/airflow/.local/lib/python3.12/site-packages/airflow/example_dags/example_python_decorator.py
[2026-08-12T04:42:27.728+0000] {processor.py:914} INFO - Processing file /home/airflow/.local/lib/python3.12/site-packages/airflow/example_dags/example_python_decorator.py for tasks to queue
[2026-08-12T04:42:27.732+0000] {logging_mixin.py:190} INFO - [2026-08-12T04:42:27.732+0000] {dagbag.py:587} INFO - Filling up the DagBag from /home/airflow/.local/lib/python3.12/site-packages/airflow/example_dags/example_python_decorator.py
[2026-08-12T04:42:27.749+0000] {processor.py:925} INFO - DAG(s) 'example_python_decorator' retrieved from /home/airflow/.local/lib/python3.12/site-packages/airflow/example_dags/example_python_decorator.py
[2026-08-12T04:42:27.788+0000] {logging_mixin.py:190} INFO - [2026-08-12T04:42:27.788+0000] {dag.py:3211} INFO - Sync 1 DAGs
[2026-08-12T04:42:27.806+0000] {logging_mixin.py:190} INFO - [2026-08-12T04:42:27.806+0000] {dag.py:4138} INFO - Setting next_dagrun for example_python_decorator to None, run_after=None
[2026-08-12T04:42:27.837+0000] {processor.py:208} INFO - Processing /home/airflow/.local/lib/python3.12/site-packages/airflow/example_dags/example_python_decorator.py took 0.116 seconds
[2026-08-12T04:42:57.943+0000] {processor.py:186} INFO - Started process (PID=1237) to work on /home/airflow/.local/lib/python3.12/site-packages/airflow/example_dags/example_python_decorator.py
[2026-08-12T04:42:57.945+0000] {processor.py:914} INFO - Processing file /home/airflow/.local/lib/python3.12/site-packages/airflow/example_dags/example_python_decorator.py for tasks to queue
[2026-08-12T04:42:57.950+0000] {logging_mixin.py:190} INFO - [2026-08-12T04:42:57.949+0000] {dagbag.py:587} INFO - Filling up the DagBag from /home/airflow/.local/lib/python3.12/site-packages/airflow/example_dags/example_python_decorator.py
[2026-08-12T04:42:57.973+0000] {processor.py:925} INFO - DAG(s) 'example_python_decorator' retrieved from /home/airflow/.local/lib/python3.12/site-packages/airflow/example_dags/example_python_decorator.py
[2026-08-12T04:42:58.002+0000] {logging_mixin.py:190} INFO - [2026-08-12T04:42:58.001+0000] {dag.py:3211} INFO - Sync 1 DAGs
[2026-08-12T04:42:58.018+0000] {logging_mixin.py:190} INFO - [2026-08-12T04:42:58.018+0000] {dag.py:4138} INFO - Setting next_dagrun for example_python_decorator to None, run_after=None
[2026-08-12T04:42:58.042+0000] {processor.py:208} INFO - Processing /home/airflow/.local/lib/python3.12/site-packages/airflow/example_dags/example_python_decorator.py took 0.106 seconds
[2026-08-12T04:43:28.900+0000] {processor.py:186} INFO - Started process (PID=1299) to work on /home/airflow/.local/lib/python3.12/site-packages/airflow/example_dags/example_python_decorator.py
[2026-08-12T04:43:28.901+0000] {processor.py:914} INFO - Processing file /home/airflow/.local/lib/python3.12/site-packages/airflow/example_dags/example_python_decorator.py for tasks to queue
[2026-08-12T04:43:28.904+0000] {logging_mixin.py:190} INFO - [2026-08-12T04:43:28.904+0000] {dagbag.py:587} INFO - Filling up the DagBag from /home/airflow/.local/lib/python3.12/site-packages/airflow/example_dags/example_python_decorator.py
[2026-08-12T04:43:28.919+0000] {processor.py:925} INFO - DAG(s) 'example_python_decorator' retrieved from /home/airflow/.local/lib/python3.12/site-packages/airflow/example_dags/example_python_decorator.py
[2026-08-12T04:43:28.943+0000] {logging_mixin.py:190} INFO - [2026-08-12T04:43:28.943+0000] {dag.py:3211} INFO - Sync 1 DAGs
[2026-08-12T04:43:28.959+0000] {logging_mixin.py:190} INFO - [2026-08-12T04:43:28.959+0000] {dag.py:4138} INFO - Setting next_dagrun for example_python_decorator to None, run_after=None
[2026-08-12T04:43:28.984+0000] {processor.py:208} INFO - Processing /home/airflow/.local/lib/python3.12/site-packages/airflow/example_dags/example_python_decorator.py took 0.089 seconds
[2026-08-12T04:43:59.639+0000] {processor.py:186} INFO - Started process (PID=1361) to work on /home/airflow/.local/lib/python3.12/site-packages/airflow/example_dags/example_python_decorator.py
[2026-08-12T04:43:59.641+0000] {processor.py:914} INFO - Processing file /home/airflow/.local/lib/python3.12/site-packages/airflow/example_dags/example_python_decorator.py for tasks to queue
[2026-08-12T04:43:59.644+0000] {logging_mixin.py:190} INFO - [2026-08-12T04:43:59.644+0000] {dagbag.py:587} INFO - Filling up the DagBag from /home/airflow/.local/lib/python3.12/site-packages/airflow/example_dags/example_python_decorator.py
[2026-08-12T04:43:59.658+0000] {processor.py:925} INFO - DAG(s) 'example_python_decorator' retrieved from /home/airflow/.local/lib/python3.12/site-packages/airflow/example_dags/example_python_decorator.py
[2026-08-12T04:43:59.682+0000] {logging_mixin.py:190} INFO - [2026-08-12T04:43:59.682+0000] {dag.py:3211} INFO - Sync 1 DAGs
[2026-08-12T04:43:59.697+0000] {logging_mixin.py:190} INFO - [2026-08-12T04:43:59.696+0000] {dag.py:4138} INFO - Setting next_dagrun for example_python_decorator to None, run_after=None
[2026-08-12T04:43:59.728+0000] {processor.py:208} INFO - Processing /home/airflow/.local/lib/python3.12/site-packages/airflow/example_dags/example_python_decorator.py took 0.095 seconds
[2026-08-12T04:44:30.079+0000] {processor.py:186} INFO - Started process (PID=1424) to work on /home/airflow/.local/lib/python3.12/site-packages/airflow/example_dags/example_python_decorator.py
[2026-08-12T04:44:30.081+0000] {processor.py:914} INFO - Processing file /home/airflow/.local/lib/python3.12/site-packages/airflow/example_dags/example_python_decorator.py for tasks to queue
[2026-08-12T04:44:30.090+0000] {logging_mixin.py:190} INFO - [2026-08-12T04:44:30.089+0000] {dagbag.py:587} INFO - Filling up the DagBag from /home/airflow/.local/lib/python3.12/site-packages/airflow/example_dags/example_python_decorator.py
[2026-08-12T04:44:30.118+0000] {processor.py:925} INFO - DAG(s) 'example_python_decorator' retrieved from /home/airflow/.local/lib/python3.12/site-packages/airflow/example_dags/example_python_decorator.py
[2026-08-12T04:44:30.144+0000] {logging_mixin.py:190} INFO - [2026-08-12T04:44:30.143+0000] {dag.py:3211} INFO - Sync 1 DAGs
[2026-08-12T04:44:30.160+0000] {logging_mixin.py:190} INFO - [2026-08-12T04:44:30.159+0000] {dag.py:4138} INFO - Setting next_dagrun for example_python_decorator to None, run_after=None
[2026-08-12T04:44:30.194+0000] {processor.py:208} INFO - Processing /home/airflow/.local/lib/python3.12/site-packages/airflow/example_dags/example_python_decorator.py took 0.133 seconds
[2026-08-12T04:45:00.746+0000] {processor.py:186} INFO - Started process (PID=1486) to work on /home/airflow/.local/lib/python3.12/site-packages/airflow/example_dags/example_python_decorator.py
[2026-08-12T04:45:00.748+0000] {processor.py:914} INFO - Processing file /home/airflow/.local/lib/python3.12/site-packages/airflow/example_dags/example_python_decorator.py for tasks to queue
[2026-08-12T04:45:00.751+0000] {logging_mixin.py:190} INFO - [2026-08-12T04:45:00.751+0000] {dagbag.py:587} INFO - Filling up the DagBag from /home/airflow/.local/lib/python3.12/site-packages/airflow/example_dags/example_python_decorator.py
[2026-08-12T04:45:00.771+0000] {processor.py:925} INFO - DAG(s) 'example_python_decorator' retrieved from /home/airflow/.local/lib/python3.12/site-packages/airflow/example_dags/example_python_decorator.py
[2026-08-12T04:45:00.794+0000] {logging_mixin.py:190} INFO - [2026-08-12T04:45:00.793+0000] {dag.py:3211} INFO - Sync 1 DAGs
[2026-08-12T04:45:00.811+0000] {logging_mixin.py:190} INFO - [2026-08-12T04:45:00.811+0000] {dag.py:4138} INFO - Setting next_dagrun for example_python_decorator to None, run_after=None
[2026-08-12T04:45:00.850+0000] {processor.py:208} INFO - Processing /home/airflow/.local/lib/python3.12/site-packages/airflow/example_dags/example_python_decorator.py took 0.109 seconds
[2026-08-12T04:45:31.093+0000] {processor.py:186} INFO - Started process (PID=1548) to work on /home/airflow/.local/lib/python3.12/site-packages/airflow/example_dags/example_python_decorator.py
[2026-08-12T04:45:31.095+0000] {processor.py:914} INFO - Processing file /home/airflow/.local/lib/python3.12/site-packages/airflow/example_dags/example_python_decorator.py for tasks to queue
[2026-08-12T04:45:31.098+0000] {logging_mixin.py:190} INFO - [2026-08-12T04:45:31.098+0000] {dagbag.py:587} INFO - Filling up the DagBag from /home/airflow/.local/lib/python3.12/site-packages/airflow/example_dags/example_python_decorator.py
[2026-08-12T04:45:31.112+0000] {processor.py:925} INFO - DAG(s) 'example_python_decorator' retrieved from /home/airflow/.local/lib/python3.12/site-packages/airflow/example_dags/example_python_decorator.py
[2026-08-12T04:45:31.139+0000] {logging_mixin.py:190} INFO - [2026-08-12T04:45:31.139+0000] {dag.py:3211} INFO - Sync 1 DAGs
[2026-08-12T04:45:31.159+0000] {logging_mixin.py:190} INFO - [2026-08-12T04:45:31.159+0000] {dag.py:4138} INFO - Setting next_dagrun for example_python_decorator to None, run_after=None
[2026-08-12T04:45:31.188+0000] {processor.py:208} INFO - Processing /home/airflow/.local/lib/python3.12/site-packages/airflow/example_dags/example_python_decorator.py took 0.102 seconds
[2026-08-12T04:46:01.289+0000] {processor.py:186} INFO - Started process (PID=1610) to work on /home/airflow/.local/lib/python3.12/site-packages/airflow/example_dags/example_python_decorator.py
[2026-08-12T04:46:01.291+0000] {processor.py:914} INFO - Processing file /home/airflow/.local/lib/python3.12/site-packages/airflow/example_dags/example_python_decorator.py for tasks to queue
[2026-08-12T04:46:01.295+0000] {logging_mixin.py:190} INFO - [2026-08-12T04:46:01.295+0000] {dagbag.py:587} INFO - Filling up the DagBag from /home/airflow/.local/lib/python3.12/site-packages/airflow/example_dags/example_python_decorator.py
[2026-08-12T04:46:01.310+0000] {processor.py:925} INFO - DAG(s) 'example_python_decorator' retrieved from /home/airflow/.local/lib/python3.12/site-packages/airflow/example_dags/example_python_decorator.py
[2026-08-12T04:46:01.335+0000] {logging_mixin.py:190} INFO - [2026-08-12T04:46:01.335+0000] {dag.py:3211} INFO - Sync 1 DAGs
[2026-08-12T04:46:01.365+0000] {logging_mixin.py:190} INFO - [2026-08-12T04:46:01.365+0000] {dag.py:4138} INFO - Setting next_dagrun for example_python_decorator to None, run_after=None
[2026-08-12T04:46:01.399+0000] {processor.py:208} INFO - Processing /home/airflow/.local/lib/python3.12/site-packages/airflow/example_dags/example_python_decorator.py took 0.118 seconds
[2026-08-12T04:46:32.394+0000] {processor.py:186} INFO - Started process (PID=1672) to work on /home/airflow/.local/lib/python3.12/site-packages/airflow/example_dags/example_python_decorator.py
[2026-08-12T04:46:32.396+0000] {processor.py:914} INFO - Processing file /home/airflow/.local/lib/python3.12/site-packages/airflow/example_dags/example_python_decorator.py for tasks to queue
[2026-08-12T04:46:32.399+0000] {logging_mixin.py:190} INFO - [2026-08-12T04:46:32.398+0000] {dagbag.py:587} INFO - Filling up the DagBag from /home/airflow/.local/lib/python3.12/site-packages/airflow/example_dags/example_python_decorator.py
[2026-08-12T04:46:32.414+0000] {processor.py:925} INFO - DAG(s) 'example_python_decorator' retrieved from /home/airflow/.local/lib/python3.12/site-packages/airflow/example_dags/example_python_decorator.py
[2026-08-12T04:46:32.439+0000] {logging_mixin.py:190} INFO - [2026-08-12T04:46:32.439+0000] {dag.py:3211} INFO - Sync 1 DAGs
[2026-08-12T04:46:32.454+0000] {logging_mixin.py:190} INFO - [2026-08-12T04:46:32.454+0000] {dag.py:4138} INFO - Setting next_dagrun for example_python_decorator to None, run_after=None
[2026-08-12T04:46:32.480+0000] {processor.py:208} INFO - Processing /home/airflow/.local/lib/python3.12/site-packages/airflow/example_dags/example_python_decorator.py took 0.093 seconds
[2026-08-12T04:47:02.898+0000] {processor.py:186} INFO - Started process (PID=1734) to work on /home/airflow/.local/lib/python3.12/site-packages/airflow/example_dags/example_python_decorator.py
[2026-08-12T04:47:02.900+0000] {processor.py:914} INFO - Processing file /home/airflow/.local/lib/python3.12/site-packages/airflow/example_dags/example_python_decorator.py for tasks to queue
[2026-08-12T04:47:02.904+0000] {logging_mixin.py:190} INFO - [2026-08-12T04:47:02.903+0000] {dagbag.py:587} INFO - Filling up the DagBag from /home/airflow/.local/lib/python3.12/site-packages/airflow/example_dags/example_python_decorator.py
[2026-08-12T04:47:02.921+0000] {processor.py:925} INFO - DAG(s) 'example_python_decorator' retrieved from /home/airflow/.local/lib/python3.12/site-packages/airflow/example_dags/example_python_decorator.py
[2026-08-12T04:47:02.954+0000] {logging_mixin.py:190} INFO - [2026-08-12T04:47:02.954+0000] {dag.py:3211} INFO - Sync 1 DAGs
[2026-08-12T04:47:02.975+0000] {logging_mixin.py:190} INFO - [2026-08-12T04:47:02.975+0000] {dag.py:4138} INFO - Setting next_dagrun for example_python_decorator to None, run_after=None
[2026-08-12T04:47:03.008+0000] {processor.py:208} INFO - Processing /home/airflow/.local/lib/python3.12/site-packages/airflow/example_dags/example_python_decorator.py took 0.118 seconds
[2026-08-12T04:47:33.976+0000] {processor.py:186} INFO - Started process (PID=1796) to work on /home/airflow/.local/lib/python3.12/site-packages/airflow/example_dags/example_python_decorator.py
[2026-08-12T04:47:33.978+0000] {processor.py:914} INFO - Processing file /home/airflow/.local/lib/python3.12/site-packages/airflow/example_dags/example_python_decorator.py for tasks to queue
[2026-08-12T04:47:33.982+0000] {logging_mixin.py:190} INFO - [2026-08-12T04:47:33.981+0000] {dagbag.py:587} INFO - Filling up the DagBag from /home/airflow/.local/lib/python3.12/site-packages/airflow/example_dags/example_python_decorator.py
[2026-08-12T04:47:33.996+0000] {processor.py:925} INFO - DAG(s) 'example_python_decorator' retrieved from /home/airflow/.local/lib/python3.12/site-packages/airflow/example_dags/example_python_decorator.py
[2026-08-12T04:47:34.021+0000] {logging_mixin.py:190} INFO - [2026-08-12T04:47:34.021+0000] {dag.py:3211} INFO - Sync 1 DAGs
[2026-08-12T04:47:34.037+0000] {logging_mixin.py:190} INFO - [2026-08-12T04:47:34.037+0000] {dag.py:4138} INFO - Setting next_dagrun for example_python_decorator to None, run_after=None
[2026-08-12T04:47:34.066+0000] {processor.py:208} INFO - Processing /home/airflow/.local/lib/python3.12/site-packages/airflow/example_dags/example_python_decorator.py took 0.094 seconds
[2026-08-12T04:48:04.158+0000] {processor.py:186} INFO - Started process (PID=1858) to work on /home/airflow/.local/lib/python3.12/site-packages/airflow/example_dags/example_python_decorator.py
[2026-08-12T04:48:04.159+0000] {processor.py:914} INFO - Processing file /home/airflow/.local/lib/python3.12/site-packages/airflow/example_dags/example_python_decorator.py for tasks to queue
[2026-08-12T04:48:04.162+0000] {logging_mixin.py:190} INFO - [2026-08-12T04:48:04.161+0000] {dagbag.py:587} INFO - Filling up the DagBag from /home/airflow/.local/lib/python3.12/site-packages/airflow/example_dags/example_python_decorator.py
[2026-08-12T04:48:04.176+0000] {processor.py:925} INFO - DAG(s) 'example_python_decorator' retrieved from /home/airflow/.local/lib/python3.12/site-packages/airflow/example_dags/example_python_decorator.py
[2026-08-12T04:48:04.204+0000] {logging_mixin.py:190} INFO - [2026-08-12T04:48:04.204+0000] {dag.py:3211} INFO - Sync 1 DAGs
[2026-08-12T04:48:04.221+0000] {logging_mixin.py:190} INFO - [2026-08-12T04:48:04.221+0000] {dag.py:4138} INFO - Setting next_dagrun for example_python_decorator to None, run_after=None
[2026-08-12T04:48:04.248+0000] {processor.py:208} INFO - Processing /home/airflow/.local/lib/python3.12/site-packages/airflow/example_dags/example_python_decorator.py took 0.095 seconds
