[2026-08-12T04:31:30.079+0000] {processor.py:186} INFO - Started process (PID=81) to work on /home/airflow/.local/lib/python3.12/site-packages/airflow/example_dags/example_latest_only.py
[2026-08-12T04:31:30.081+0000] {processor.py:914} INFO - Processing file /home/airflow/.local/lib/python3.12/site-packages/airflow/example_dags/example_latest_only.py for tasks to queue
[2026-08-12T04:31:30.090+0000] {logging_mixin.py:190} INFO - [2026-08-12T04:31:30.089+0000] {dagbag.py:587} INFO - Filling up the DagBag from /home/airflow/.local/lib/python3.12/site-packages/airflow/example_dags/example_latest_only.py
[2026-08-12T04:31:30.100+0000] {processor.py:925} INFO - DAG(s) 'latest_only' retrieved from /home/airflow/.local/lib/python3.12/site-packages/airflow/example_dags/example_latest_only.py
[2026-08-12T04:31:30.325+0000] {logging_mixin.py:190} INFO - [2026-08-12T04:31:30.324+0000] {override.py:1858} INFO - Created Permission View: can read on DAG:latest_only
[2026-08-12T04:31:30.358+0000] {logging_mixin.py:190} INFO - [2026-08-12T04:31:30.358+0000] {override.py:1858} INFO - Created Permission View: can edit on DAG:latest_only
[2026-08-12T04:31:30.395+0000] {logging_mixin.py:190} INFO - [2026-08-12T04:31:30.394+0000] {override.py:1858} INFO - Created Permission View: can delete on DAG:latest_only
[2026-08-12T04:31:30.408+0000] {logging_mixin.py:190} INFO - [2026-08-12T04:31:30.408+0000] {dag.py:3211} INFO - Sync 1 DAGs
[2026-08-12T04:31:30.428+0000] {logging_mixin.py:190} INFO - [2026-08-12T04:31:30.428+0000] {dag.py:3234} INFO - Creating ORM DAG for latest_only
[2026-08-12T04:31:30.441+0000] {logging_mixin.py:190} INFO - [2026-08-12T04:31:30.441+0000] {dag.py:4138} INFO - Setting next_dagrun for latest_only to 2026-08-12 00:00:00+00:00, run_after=2026-08-12 04:00:00+00:00
[2026-08-12T04:31:30.531+0000] {processor.py:208} INFO - Processing /home/airflow/.local/lib/python3.12/site-packages/airflow/example_dags/example_latest_only.py took 0.462 seconds
[2026-08-12T04:32:01.063+0000] {processor.py:186} INFO - Started process (PID=143) to work on /home/airflow/.local/lib/python3.12/site-packages/airflow/example_dags/example_latest_only.py
[2026-08-12T04:32:01.065+0000] {processor.py:914} INFO - Processing file /home/airflow/.local/lib/python3.12/site-packages/airflow/example_dags/example_latest_only.py for tasks to queue
[2026-08-12T04:32:01.069+0000] {logging_mixin.py:190} INFO - [2026-08-12T04:32:01.069+0000] {dagbag.py:587} INFO - Filling up the DagBag from /home/airflow/.local/lib/python3.12/site-packages/airflow/example_dags/example_latest_only.py
[2026-08-12T04:32:01.079+0000] {processor.py:925} INFO - DAG(s) 'latest_only' retrieved from /home/airflow/.local/lib/python3.12/site-packages/airflow/example_dags/example_latest_only.py
[2026-08-12T04:32:01.101+0000] {logging_mixin.py:190} INFO - [2026-08-12T04:32:01.100+0000] {dag.py:3211} INFO - Sync 1 DAGs
[2026-08-12T04:32:01.126+0000] {logging_mixin.py:190} INFO - [2026-08-12T04:32:01.125+0000] {dag.py:4138} INFO - Setting next_dagrun for latest_only to 2026-08-12 00:00:00+00:00, run_after=2026-08-12 04:00:00+00:00
[2026-08-12T04:32:01.149+0000] {processor.py:208} INFO - Processing /home/airflow/.local/lib/python3.12/site-packages/airflow/example_dags/example_latest_only.py took 0.093 seconds
[2026-08-12T04:33:19.274+0000] {processor.py:186} INFO - Started process (PID=68) to work on /home/airflow/.local/lib/python3.12/site-packages/airflow/example_dags/example_latest_only.py
[2026-08-12T04:33:19.276+0000] {processor.py:914} INFO - Processing file /home/airflow/.local/lib/python3.12/site-packages/airflow/example_dags/example_latest_only.py for tasks to queue
[2026-08-12T04:33:19.280+0000] {logging_mixin.py:190} INFO - [2026-08-12T04:33:19.279+0000] {dagbag.py:587} INFO - Filling up the DagBag from /home/airflow/.local/lib/python3.12/site-packages/airflow/example_dags/example_latest_only.py
[2026-08-12T04:33:19.293+0000] {processor.py:925} INFO - DAG(s) 'latest_only' retrieved from /home/airflow/.local/lib/python3.12/site-packages/airflow/example_dags/example_latest_only.py
[2026-08-12T04:33:19.347+0000] {logging_mixin.py:190} INFO - [2026-08-12T04:33:19.346+0000] {dag.py:3211} INFO - Sync 1 DAGs
[2026-08-12T04:33:19.387+0000] {logging_mixin.py:190} INFO - [2026-08-12T04:33:19.387+0000] {dag.py:4138} INFO - Setting next_dagrun for latest_only to 2026-08-12 00:00:00+00:00, run_after=2026-08-12 04:00:00+00:00
[2026-08-12T04:33:19.423+0000] {processor.py:208} INFO - Processing /home/airflow/.local/lib/python3.12/site-packages/airflow/example_dags/example_latest_only.py took 0.159 seconds
[2026-08-12T04:33:49.624+0000] {processor.py:186} INFO - Started process (PID=130) to work on /home/airflow/.local/lib/python3.12/site-packages/airflow/example_dags/example_latest_only.py
[2026-08-12T04:33:49.626+0000] {processor.py:914} INFO - Processing file /home/airflow/.local/lib/python3.12/site-packages/airflow/example_dags/example_latest_only.py for tasks to queue
[2026-08-12T04:33:49.629+0000] {logging_mixin.py:190} INFO - [2026-08-12T04:33:49.629+0000] {dagbag.py:587} INFO - Filling up the DagBag from /home/airflow/.local/lib/python3.12/site-packages/airflow/example_dags/example_latest_only.py
[2026-08-12T04:33:49.637+0000] {processor.py:925} INFO - DAG(s) 'latest_only' retrieved from /home/airflow/.local/lib/python3.12/site-packages/airflow/example_dags/example_latest_only.py
[2026-08-12T04:33:49.659+0000] {logging_mixin.py:190} INFO - [2026-08-12T04:33:49.658+0000] {dag.py:3211} INFO - Sync 1 DAGs
[2026-08-12T04:33:49.687+0000] {logging_mixin.py:190} INFO - [2026-08-12T04:33:49.686+0000] {dag.py:4138} INFO - Setting next_dagrun for latest_only to 2026-08-12 00:00:00+00:00, run_after=2026-08-12 04:00:00+00:00
[2026-08-12T04:33:49.735+0000] {processor.py:208} INFO - Processing /home/airflow/.local/lib/python3.12/site-packages/airflow/example_dags/example_latest_only.py took 0.117 seconds
[2026-08-12T04:34:19.845+0000] {processor.py:186} INFO - Started process (PID=193) to work on /home/airflow/.local/lib/python3.12/site-packages/airflow/example_dags/example_latest_only.py
[2026-08-12T04:34:19.846+0000] {processor.py:914} INFO - Processing file /home/airflow/.local/lib/python3.12/site-packages/airflow/example_dags/example_latest_only.py for tasks to queue
[2026-08-12T04:34:19.849+0000] {logging_mixin.py:190} INFO - [2026-08-12T04:34:19.849+0000] {dagbag.py:587} INFO - Filling up the DagBag from /home/airflow/.local/lib/python3.12/site-packages/airflow/example_dags/example_latest_only.py
[2026-08-12T04:34:19.857+0000] {processor.py:925} INFO - DAG(s) 'latest_only' retrieved from /home/airflow/.local/lib/python3.12/site-packages/airflow/example_dags/example_latest_only.py
[2026-08-12T04:34:19.881+0000] {logging_mixin.py:190} INFO - [2026-08-12T04:34:19.881+0000] {dag.py:3211} INFO - Sync 1 DAGs
[2026-08-12T04:34:19.907+0000] {logging_mixin.py:190} INFO - [2026-08-12T04:34:19.906+0000] {dag.py:4138} INFO - Setting next_dagrun for latest_only to 2026-08-12 00:00:00+00:00, run_after=2026-08-12 04:00:00+00:00
[2026-08-12T04:34:19.935+0000] {processor.py:208} INFO - Processing /home/airflow/.local/lib/python3.12/site-packages/airflow/example_dags/example_latest_only.py took 0.096 seconds
[2026-08-12T04:34:50.075+0000] {processor.py:186} INFO - Started process (PID=254) to work on /home/airflow/.local/lib/python3.12/site-packages/airflow/example_dags/example_latest_only.py
[2026-08-12T04:34:50.076+0000] {processor.py:914} INFO - Processing file /home/airflow/.local/lib/python3.12/site-packages/airflow/example_dags/example_latest_only.py for tasks to queue
[2026-08-12T04:34:50.079+0000] {logging_mixin.py:190} INFO - [2026-08-12T04:34:50.079+0000] {dagbag.py:587} INFO - Filling up the DagBag from /home/airflow/.local/lib/python3.12/site-packages/airflow/example_dags/example_latest_only.py
[2026-08-12T04:34:50.086+0000] {processor.py:925} INFO - DAG(s) 'latest_only' retrieved from /home/airflow/.local/lib/python3.12/site-packages/airflow/example_dags/example_latest_only.py
[2026-08-12T04:34:50.108+0000] {logging_mixin.py:190} INFO - [2026-08-12T04:34:50.108+0000] {dag.py:3211} INFO - Sync 1 DAGs
[2026-08-12T04:34:50.130+0000] {logging_mixin.py:190} INFO - [2026-08-12T04:34:50.130+0000] {dag.py:4138} INFO - Setting next_dagrun for latest_only to 2026-08-12 00:00:00+00:00, run_after=2026-08-12 04:00:00+00:00
[2026-08-12T04:34:50.153+0000] {processor.py:208} INFO - Processing /home/airflow/.local/lib/python3.12/site-packages/airflow/example_dags/example_latest_only.py took 0.084 seconds
[2026-08-12T04:35:20.470+0000] {processor.py:186} INFO - Started process (PID=317) to work on /home/airflow/.local/lib/python3.12/site-packages/airflow/example_dags/example_latest_only.py
[2026-08-12T04:35:20.472+0000] {processor.py:914} INFO - Processing file /home/airflow/.local/lib/python3.12/site-packages/airflow/example_dags/example_latest_only.py for tasks to queue
[2026-08-12T04:35:20.476+0000] {logging_mixin.py:190} INFO - [2026-08-12T04:35:20.476+0000] {dagbag.py:587} INFO - Filling up the DagBag from /home/airflow/.local/lib/python3.12/site-packages/airflow/example_dags/example_latest_only.py
[2026-08-12T04:35:20.485+0000] {processor.py:925} INFO - DAG(s) 'latest_only' retrieved from /home/airflow/.local/lib/python3.12/site-packages/airflow/example_dags/example_latest_only.py
[2026-08-12T04:35:20.521+0000] {logging_mixin.py:190} INFO - [2026-08-12T04:35:20.521+0000] {dag.py:3211} INFO - Sync 1 DAGs
[2026-08-12T04:35:20.544+0000] {logging_mixin.py:190} INFO - [2026-08-12T04:35:20.544+0000] {dag.py:4138} INFO - Setting next_dagrun for latest_only to 2026-08-12 00:00:00+00:00, run_after=2026-08-12 04:00:00+00:00
[2026-08-12T04:35:20.580+0000] {processor.py:208} INFO - Processing /home/airflow/.local/lib/python3.12/site-packages/airflow/example_dags/example_latest_only.py took 0.118 seconds
[2026-08-12T04:35:51.051+0000] {processor.py:186} INFO - Started process (PID=379) to work on /home/airflow/.local/lib/python3.12/site-packages/airflow/example_dags/example_latest_only.py
[2026-08-12T04:35:51.052+0000] {processor.py:914} INFO - Processing file /home/airflow/.local/lib/python3.12/site-packages/airflow/example_dags/example_latest_only.py for tasks to queue
[2026-08-12T04:35:51.056+0000] {logging_mixin.py:190} INFO - [2026-08-12T04:35:51.055+0000] {dagbag.py:587} INFO - Filling up the DagBag from /home/airflow/.local/lib/python3.12/site-packages/airflow/example_dags/example_latest_only.py
[2026-08-12T04:35:51.064+0000] {processor.py:925} INFO - DAG(s) 'latest_only' retrieved from /home/airflow/.local/lib/python3.12/site-packages/airflow/example_dags/example_latest_only.py
[2026-08-12T04:35:51.084+0000] {logging_mixin.py:190} INFO - [2026-08-12T04:35:51.083+0000] {dag.py:3211} INFO - Sync 1 DAGs
[2026-08-12T04:35:51.106+0000] {logging_mixin.py:190} INFO - [2026-08-12T04:35:51.106+0000] {dag.py:4138} INFO - Setting next_dagrun for latest_only to 2026-08-12 00:00:00+00:00, run_after=2026-08-12 04:00:00+00:00
[2026-08-12T04:35:51.135+0000] {processor.py:208} INFO - Processing /home/airflow/.local/lib/python3.12/site-packages/airflow/example_dags/example_latest_only.py took 0.090 seconds
[2026-08-12T04:36:21.510+0000] {processor.py:186} INFO - Started process (PID=441) to work on /home/airflow/.local/lib/python3.12/site-packages/airflow/example_dags/example_latest_only.py
[2026-08-12T04:36:21.512+0000] {processor.py:914} INFO - Processing file /home/airflow/.local/lib/python3.12/site-packages/airflow/example_dags/example_latest_only.py for tasks to queue
[2026-08-12T04:36:21.515+0000] {logging_mixin.py:190} INFO - [2026-08-12T04:36:21.514+0000] {dagbag.py:587} INFO - Filling up the DagBag from /home/airflow/.local/lib/python3.12/site-packages/airflow/example_dags/example_latest_only.py
[2026-08-12T04:36:21.522+0000] {processor.py:925} INFO - DAG(s) 'latest_only' retrieved from /home/airflow/.local/lib/python3.12/site-packages/airflow/example_dags/example_latest_only.py
[2026-08-12T04:36:21.555+0000] {logging_mixin.py:190} INFO - [2026-08-12T04:36:21.554+0000] {dag.py:3211} INFO - Sync 1 DAGs
[2026-08-12T04:36:21.579+0000] {logging_mixin.py:190} INFO - [2026-08-12T04:36:21.579+0000] {dag.py:4138} INFO - Setting next_dagrun for latest_only to 2026-08-12 00:00:00+00:00, run_after=2026-08-12 04:00:00+00:00
[2026-08-12T04:36:21.602+0000] {processor.py:208} INFO - Processing /home/airflow/.local/lib/python3.12/site-packages/airflow/example_dags/example_latest_only.py took 0.098 seconds
[2026-08-12T04:36:52.022+0000] {processor.py:186} INFO - Started process (PID=503) to work on /home/airflow/.local/lib/python3.12/site-packages/airflow/example_dags/example_latest_only.py
[2026-08-12T04:36:52.023+0000] {processor.py:914} INFO - Processing file /home/airflow/.local/lib/python3.12/site-packages/airflow/example_dags/example_latest_only.py for tasks to queue
[2026-08-12T04:36:52.027+0000] {logging_mixin.py:190} INFO - [2026-08-12T04:36:52.026+0000] {dagbag.py:587} INFO - Filling up the DagBag from /home/airflow/.local/lib/python3.12/site-packages/airflow/example_dags/example_latest_only.py
[2026-08-12T04:36:52.036+0000] {processor.py:925} INFO - DAG(s) 'latest_only' retrieved from /home/airflow/.local/lib/python3.12/site-packages/airflow/example_dags/example_latest_only.py
[2026-08-12T04:36:52.057+0000] {logging_mixin.py:190} INFO - [2026-08-12T04:36:52.057+0000] {dag.py:3211} INFO - Sync 1 DAGs
[2026-08-12T04:36:52.096+0000] {logging_mixin.py:190} INFO - [2026-08-12T04:36:52.096+0000] {dag.py:4138} INFO - Setting next_dagrun for latest_only to 2026-08-12 00:00:00+00:00, run_after=2026-08-12 04:00:00+00:00
[2026-08-12T04:36:52.121+0000] {processor.py:208} INFO - Processing /home/airflow/.local/lib/python3.12/site-packages/airflow/example_dags/example_latest_only.py took 0.104 seconds
[2026-08-12T04:37:22.466+0000] {processor.py:186} INFO - Started process (PID=565) to work on /home/airflow/.local/lib/python3.12/site-packages/airflow/example_dags/example_latest_only.py
[2026-08-12T04:37:22.468+0000] {processor.py:914} INFO - Processing file /home/airflow/.local/lib/python3.12/site-packages/airflow/example_dags/example_latest_only.py for tasks to queue
[2026-08-12T04:37:22.471+0000] {logging_mixin.py:190} INFO - [2026-08-12T04:37:22.470+0000] {dagbag.py:587} INFO - Filling up the DagBag from /home/airflow/.local/lib/python3.12/site-packages/airflow/example_dags/example_latest_only.py
[2026-08-12T04:37:22.503+0000] {processor.py:925} INFO - DAG(s) 'latest_only' retrieved from /home/airflow/.local/lib/python3.12/site-packages/airflow/example_dags/example_latest_only.py
[2026-08-12T04:37:22.526+0000] {logging_mixin.py:190} INFO - [2026-08-12T04:37:22.526+0000] {dag.py:3211} INFO - Sync 1 DAGs
[2026-08-12T04:37:22.563+0000] {logging_mixin.py:190} INFO - [2026-08-12T04:37:22.563+0000] {dag.py:4138} INFO - Setting next_dagrun for latest_only to 2026-08-12 00:00:00+00:00, run_after=2026-08-12 04:00:00+00:00
[2026-08-12T04:37:22.590+0000] {processor.py:208} INFO - Processing /home/airflow/.local/lib/python3.12/site-packages/airflow/example_dags/example_latest_only.py took 0.129 seconds
[2026-08-12T04:37:53.258+0000] {processor.py:186} INFO - Started process (PID=627) to work on /home/airflow/.local/lib/python3.12/site-packages/airflow/example_dags/example_latest_only.py
[2026-08-12T04:37:53.259+0000] {processor.py:914} INFO - Processing file /home/airflow/.local/lib/python3.12/site-packages/airflow/example_dags/example_latest_only.py for tasks to queue
[2026-08-12T04:37:53.264+0000] {logging_mixin.py:190} INFO - [2026-08-12T04:37:53.263+0000] {dagbag.py:587} INFO - Filling up the DagBag from /home/airflow/.local/lib/python3.12/site-packages/airflow/example_dags/example_latest_only.py
[2026-08-12T04:37:53.275+0000] {processor.py:925} INFO - DAG(s) 'latest_only' retrieved from /home/airflow/.local/lib/python3.12/site-packages/airflow/example_dags/example_latest_only.py
[2026-08-12T04:37:53.301+0000] {logging_mixin.py:190} INFO - [2026-08-12T04:37:53.301+0000] {dag.py:3211} INFO - Sync 1 DAGs
[2026-08-12T04:37:53.339+0000] {logging_mixin.py:190} INFO - [2026-08-12T04:37:53.339+0000] {dag.py:4138} INFO - Setting next_dagrun for latest_only to 2026-08-12 00:00:00+00:00, run_after=2026-08-12 04:00:00+00:00
[2026-08-12T04:37:53.365+0000] {processor.py:208} INFO - Processing /home/airflow/.local/lib/python3.12/site-packages/airflow/example_dags/example_latest_only.py took 0.115 seconds
[2026-08-12T04:38:24.491+0000] {processor.py:186} INFO - Started process (PID=689) to work on /home/airflow/.local/lib/python3.12/site-packages/airflow/example_dags/example_latest_only.py
[2026-08-12T04:38:24.493+0000] {processor.py:914} INFO - Processing file /home/airflow/.local/lib/python3.12/site-packages/airflow/example_dags/example_latest_only.py for tasks to queue
[2026-08-12T04:38:24.496+0000] {logging_mixin.py:190} INFO - [2026-08-12T04:38:24.496+0000] {dagbag.py:587} INFO - Filling up the DagBag from /home/airflow/.local/lib/python3.12/site-packages/airflow/example_dags/example_latest_only.py
[2026-08-12T04:38:24.506+0000] {processor.py:925} INFO - DAG(s) 'latest_only' retrieved from /home/airflow/.local/lib/python3.12/site-packages/airflow/example_dags/example_latest_only.py
[2026-08-12T04:38:24.530+0000] {logging_mixin.py:190} INFO - [2026-08-12T04:38:24.529+0000] {dag.py:3211} INFO - Sync 1 DAGs
[2026-08-12T04:38:24.556+0000] {logging_mixin.py:190} INFO - [2026-08-12T04:38:24.555+0000] {dag.py:4138} INFO - Setting next_dagrun for latest_only to 2026-08-12 00:00:00+00:00, run_after=2026-08-12 04:00:00+00:00
[2026-08-12T04:38:24.580+0000] {processor.py:208} INFO - Processing /home/airflow/.local/lib/python3.12/site-packages/airflow/example_dags/example_latest_only.py took 0.097 seconds
[2026-08-12T04:38:54.935+0000] {processor.py:186} INFO - Started process (PID=751) to work on /home/airflow/.local/lib/python3.12/site-packages/airflow/example_dags/example_latest_only.py
[2026-08-12T04:38:54.937+0000] {processor.py:914} INFO - Processing file /home/airflow/.local/lib/python3.12/site-packages/airflow/example_dags/example_latest_only.py for tasks to queue
[2026-08-12T04:38:54.940+0000] {logging_mixin.py:190} INFO - [2026-08-12T04:38:54.939+0000] {dagbag.py:587} INFO - Filling up the DagBag from /home/airflow/.local/lib/python3.12/site-packages/airflow/example_dags/example_latest_only.py
[2026-08-12T04:38:54.949+0000] {processor.py:925} INFO - DAG(s) 'latest_only' retrieved from /home/airflow/.local/lib/python3.12/site-packages/airflow/example_dags/example_latest_only.py
[2026-08-12T04:38:54.974+0000] {logging_mixin.py:190} INFO - [2026-08-12T04:38:54.974+0000] {dag.py:3211} INFO - Sync 1 DAGs
[2026-08-12T04:38:54.998+0000] {logging_mixin.py:190} INFO - [2026-08-12T04:38:54.998+0000] {dag.py:4138} INFO - Setting next_dagrun for latest_only to 2026-08-12 00:00:00+00:00, run_after=2026-08-12 04:00:00+00:00
[2026-08-12T04:38:55.023+0000] {processor.py:208} INFO - Processing /home/airflow/.local/lib/python3.12/site-packages/airflow/example_dags/example_latest_only.py took 0.095 seconds
[2026-08-12T04:39:25.307+0000] {processor.py:186} INFO - Started process (PID=813) to work on /home/airflow/.local/lib/python3.12/site-packages/airflow/example_dags/example_latest_only.py
[2026-08-12T04:39:25.309+0000] {processor.py:914} INFO - Processing file /home/airflow/.local/lib/python3.12/site-packages/airflow/example_dags/example_latest_only.py for tasks to queue
[2026-08-12T04:39:25.313+0000] {logging_mixin.py:190} INFO - [2026-08-12T04:39:25.312+0000] {dagbag.py:587} INFO - Filling up the DagBag from /home/airflow/.local/lib/python3.12/site-packages/airflow/example_dags/example_latest_only.py
[2026-08-12T04:39:25.321+0000] {processor.py:925} INFO - DAG(s) 'latest_only' retrieved from /home/airflow/.local/lib/python3.12/site-packages/airflow/example_dags/example_latest_only.py
[2026-08-12T04:39:25.343+0000] {logging_mixin.py:190} INFO - [2026-08-12T04:39:25.343+0000] {dag.py:3211} INFO - Sync 1 DAGs
[2026-08-12T04:39:25.368+0000] {logging_mixin.py:190} INFO - [2026-08-12T04:39:25.368+0000] {dag.py:4138} INFO - Setting next_dagrun for latest_only to 2026-08-12 00:00:00+00:00, run_after=2026-08-12 04:00:00+00:00
[2026-08-12T04:39:25.394+0000] {processor.py:208} INFO - Processing /home/airflow/.local/lib/python3.12/site-packages/airflow/example_dags/example_latest_only.py took 0.093 seconds
[2026-08-12T04:39:56.395+0000] {processor.py:186} INFO - Started process (PID=875) to work on /home/airflow/.local/lib/python3.12/site-packages/airflow/example_dags/example_latest_only.py
[2026-08-12T04:39:56.397+0000] {processor.py:914} INFO - Processing file /home/airflow/.local/lib/python3.12/site-packages/airflow/example_dags/example_latest_only.py for tasks to queue
[2026-08-12T04:39:56.401+0000] {logging_mixin.py:190} INFO - [2026-08-12T04:39:56.401+0000] {dagbag.py:587} INFO - Filling up the DagBag from /home/airflow/.local/lib/python3.12/site-packages/airflow/example_dags/example_latest_only.py
[2026-08-12T04:39:56.411+0000] {processor.py:925} INFO - DAG(s) 'latest_only' retrieved from /home/airflow/.local/lib/python3.12/site-packages/airflow/example_dags/example_latest_only.py
[2026-08-12T04:39:56.459+0000] {logging_mixin.py:190} INFO - [2026-08-12T04:39:56.458+0000] {dag.py:3211} INFO - Sync 1 DAGs
[2026-08-12T04:39:56.485+0000] {logging_mixin.py:190} INFO - [2026-08-12T04:39:56.484+0000] {dag.py:4138} INFO - Setting next_dagrun for latest_only to 2026-08-12 00:00:00+00:00, run_after=2026-08-12 04:00:00+00:00
[2026-08-12T04:39:56.526+0000] {processor.py:208} INFO - Processing /home/airflow/.local/lib/python3.12/site-packages/airflow/example_dags/example_latest_only.py took 0.140 seconds
[2026-08-12T04:40:26.775+0000] {processor.py:186} INFO - Started process (PID=937) to work on /home/airflow/.local/lib/python3.12/site-packages/airflow/example_dags/example_latest_only.py
[2026-08-12T04:40:26.777+0000] {processor.py:914} INFO - Processing file /home/airflow/.local/lib/python3.12/site-packages/airflow/example_dags/example_latest_only.py for tasks to queue
[2026-08-12T04:40:26.780+0000] {logging_mixin.py:190} INFO - [2026-08-12T04:40:26.779+0000] {dagbag.py:587} INFO - Filling up the DagBag from /home/airflow/.local/lib/python3.12/site-packages/airflow/example_dags/example_latest_only.py
[2026-08-12T04:40:26.787+0000] {processor.py:925} INFO - DAG(s) 'latest_only' retrieved from /home/airflow/.local/lib/python3.12/site-packages/airflow/example_dags/example_latest_only.py
[2026-08-12T04:40:26.811+0000] {logging_mixin.py:190} INFO - [2026-08-12T04:40:26.810+0000] {dag.py:3211} INFO - Sync 1 DAGs
[2026-08-12T04:40:26.835+0000] {logging_mixin.py:190} INFO - [2026-08-12T04:40:26.835+0000] {dag.py:4138} INFO - Setting next_dagrun for latest_only to 2026-08-12 00:00:00+00:00, run_after=2026-08-12 04:00:00+00:00
[2026-08-12T04:40:26.874+0000] {processor.py:208} INFO - Processing /home/airflow/.local/lib/python3.12/site-packages/airflow/example_dags/example_latest_only.py took 0.105 seconds
[2026-08-12T04:40:57.299+0000] {processor.py:186} INFO - Started process (PID=999) to work on /home/airflow/.local/lib/python3.12/site-packages/airflow/example_dags/example_latest_only.py
[2026-08-12T04:40:57.301+0000] {processor.py:914} INFO - Processing file /home/airflow/.local/lib/python3.12/site-packages/airflow/example_dags/example_latest_only.py for tasks to queue
[2026-08-12T04:40:57.305+0000] {logging_mixin.py:190} INFO - [2026-08-12T04:40:57.305+0000] {dagbag.py:587} INFO - Filling up the DagBag from /home/airflow/.local/lib/python3.12/site-packages/airflow/example_dags/example_latest_only.py
[2026-08-12T04:40:57.314+0000] {processor.py:925} INFO - DAG(s) 'latest_only' retrieved from /home/airflow/.local/lib/python3.12/site-packages/airflow/example_dags/example_latest_only.py
[2026-08-12T04:40:57.338+0000] {logging_mixin.py:190} INFO - [2026-08-12T04:40:57.337+0000] {dag.py:3211} INFO - Sync 1 DAGs
[2026-08-12T04:40:57.375+0000] {logging_mixin.py:190} INFO - [2026-08-12T04:40:57.375+0000] {dag.py:4138} INFO - Setting next_dagrun for latest_only to 2026-08-12 00:00:00+00:00, run_after=2026-08-12 04:00:00+00:00
[2026-08-12T04:40:57.400+0000] {processor.py:208} INFO - Processing /home/airflow/.local/lib/python3.12/site-packages/airflow/example_dags/example_latest_only.py took 0.107 seconds
[2026-08-12T04:41:27.810+0000] {processor.py:186} INFO - Started process (PID=1061) to work on /home/airflow/.local/lib/python3.12/site-packages/airflow/example_dags/example_latest_only.py
[2026-08-12T04:41:27.812+0000] {processor.py:914} INFO - Processing file /home/airflow/.local/lib/python3.12/site-packages/airflow/example_dags/example_latest_only.py for tasks to queue
[2026-08-12T04:41:27.817+0000] {logging_mixin.py:190} INFO - [2026-08-12T04:41:27.816+0000] {dagbag.py:587} INFO - Filling up the DagBag from /home/airflow/.local/lib/python3.12/site-packages/airflow/example_dags/example_latest_only.py
[2026-08-12T04:41:27.826+0000] {processor.py:925} INFO - DAG(s) 'latest_only' retrieved from /home/airflow/.local/lib/python3.12/site-packages/airflow/example_dags/example_latest_only.py
[2026-08-12T04:41:27.850+0000] {logging_mixin.py:190} INFO - [2026-08-12T04:41:27.850+0000] {dag.py:3211} INFO - Sync 1 DAGs
[2026-08-12T04:41:27.873+0000] {logging_mixin.py:190} INFO - [2026-08-12T04:41:27.873+0000] {dag.py:4138} INFO - Setting next_dagrun for latest_only to 2026-08-12 00:00:00+00:00, run_after=2026-08-12 04:00:00+00:00
[2026-08-12T04:41:27.902+0000] {processor.py:208} INFO - Processing /home/airflow/.local/lib/python3.12/site-packages/airflow/example_dags/example_latest_only.py took 0.099 seconds
[2026-08-12T04:41:58.819+0000] {processor.py:186} INFO - Started process (PID=1123) to work on /home/airflow/.local/lib/python3.12/site-packages/airflow/example_dags/example_latest_only.py
[2026-08-12T04:41:58.821+0000] {processor.py:914} INFO - Processing file /home/airflow/.local/lib/python3.12/site-packages/airflow/example_dags/example_latest_only.py for tasks to queue
[2026-08-12T04:41:58.824+0000] {logging_mixin.py:190} INFO - [2026-08-12T04:41:58.824+0000] {dagbag.py:587} INFO - Filling up the DagBag from /home/airflow/.local/lib/python3.12/site-packages/airflow/example_dags/example_latest_only.py
[2026-08-12T04:41:58.832+0000] {processor.py:925} INFO - DAG(s) 'latest_only' retrieved from /home/airflow/.local/lib/python3.12/site-packages/airflow/example_dags/example_latest_only.py
[2026-08-12T04:41:58.855+0000] {logging_mixin.py:190} INFO - [2026-08-12T04:41:58.854+0000] {dag.py:3211} INFO - Sync 1 DAGs
[2026-08-12T04:41:58.881+0000] {logging_mixin.py:190} INFO - [2026-08-12T04:41:58.881+0000] {dag.py:4138} INFO - Setting next_dagrun for latest_only to 2026-08-12 00:00:00+00:00, run_after=2026-08-12 04:00:00+00:00
[2026-08-12T04:41:58.904+0000] {processor.py:208} INFO - Processing /home/airflow/.local/lib/python3.12/site-packages/airflow/example_dags/example_latest_only.py took 0.091 seconds
[2026-08-12T04:42:29.852+0000] {processor.py:186} INFO - Started process (PID=1185) to work on /home/airflow/.local/lib/python3.12/site-packages/airflow/example_dags/example_latest_only.py
[2026-08-12T04:42:29.854+0000] {processor.py:914} INFO - Processing file /home/airflow/.local/lib/python3.12/site-packages/airflow/example_dags/example_latest_only.py for tasks to queue
[2026-08-12T04:42:29.860+0000] {logging_mixin.py:190} INFO - [2026-08-12T04:42:29.860+0000] {dagbag.py:587} INFO - Filling up the DagBag from /home/airflow/.local/lib/python3.12/site-packages/airflow/example_dags/example_latest_only.py
[2026-08-12T04:42:29.880+0000] {processor.py:925} INFO - DAG(s) 'latest_only' retrieved from /home/airflow/.local/lib/python3.12/site-packages/airflow/example_dags/example_latest_only.py
[2026-08-12T04:42:29.920+0000] {logging_mixin.py:190} INFO - [2026-08-12T04:42:29.920+0000] {dag.py:3211} INFO - Sync 1 DAGs
[2026-08-12T04:42:29.959+0000] {logging_mixin.py:190} INFO - [2026-08-12T04:42:29.959+0000] {dag.py:4138} INFO - Setting next_dagrun for latest_only to 2026-08-12 00:00:00+00:00, run_after=2026-08-12 04:00:00+00:00
[2026-08-12T04:42:29.987+0000] {processor.py:208} INFO - Processing /home/airflow/.local/lib/python3.12/site-packages/airflow/example_dags/example_latest_only.py took 0.147 seconds
[2026-08-12T04:43:00.803+0000] {processor.py:186} INFO - Started process (PID=1247) to work on /home/airflow/.local/lib/python3.12/site-packages/airflow/example_dags/example_latest_only.py
[2026-08-12T04:43:00.805+0000] {processor.py:914} INFO - Processing file /home/airflow/.local/lib/python3.12/site-packages/airflow/example_dags/example_latest_only.py for tasks to queue
[2026-08-12T04:43:00.808+0000] {logging_mixin.py:190} INFO - [2026-08-12T04:43:00.807+0000] {dagbag.py:587} INFO - Filling up the DagBag from /home/airflow/.local/lib/python3.12/site-packages/airflow/example_dags/example_latest_only.py
[2026-08-12T04:43:00.815+0000] {processor.py:925} INFO - DAG(s) 'latest_only' retrieved from /home/airflow/.local/lib/python3.12/site-packages/airflow/example_dags/example_latest_only.py
[2026-08-12T04:43:00.836+0000] {logging_mixin.py:190} INFO - [2026-08-12T04:43:00.836+0000] {dag.py:3211} INFO - Sync 1 DAGs
[2026-08-12T04:43:00.859+0000] {logging_mixin.py:190} INFO - [2026-08-12T04:43:00.859+0000] {dag.py:4138} INFO - Setting next_dagrun for latest_only to 2026-08-12 00:00:00+00:00, run_after=2026-08-12 04:00:00+00:00
[2026-08-12T04:43:00.887+0000] {processor.py:208} INFO - Processing /home/airflow/.local/lib/python3.12/site-packages/airflow/example_dags/example_latest_only.py took 0.089 seconds
[2026-08-12T04:43:31.690+0000] {processor.py:186} INFO - Started process (PID=1309) to work on /home/airflow/.local/lib/python3.12/site-packages/airflow/example_dags/example_latest_only.py
[2026-08-12T04:43:31.692+0000] {processor.py:914} INFO - Processing file /home/airflow/.local/lib/python3.12/site-packages/airflow/example_dags/example_latest_only.py for tasks to queue
[2026-08-12T04:43:31.696+0000] {logging_mixin.py:190} INFO - [2026-08-12T04:43:31.695+0000] {dagbag.py:587} INFO - Filling up the DagBag from /home/airflow/.local/lib/python3.12/site-packages/airflow/example_dags/example_latest_only.py
[2026-08-12T04:43:31.704+0000] {processor.py:925} INFO - DAG(s) 'latest_only' retrieved from /home/airflow/.local/lib/python3.12/site-packages/airflow/example_dags/example_latest_only.py
[2026-08-12T04:43:31.724+0000] {logging_mixin.py:190} INFO - [2026-08-12T04:43:31.724+0000] {dag.py:3211} INFO - Sync 1 DAGs
[2026-08-12T04:43:31.745+0000] {logging_mixin.py:190} INFO - [2026-08-12T04:43:31.745+0000] {dag.py:4138} INFO - Setting next_dagrun for latest_only to 2026-08-12 00:00:00+00:00, run_after=2026-08-12 04:00:00+00:00
[2026-08-12T04:43:31.768+0000] {processor.py:208} INFO - Processing /home/airflow/.local/lib/python3.12/site-packages/airflow/example_dags/example_latest_only.py took 0.083 seconds
[2026-08-12T04:44:02.440+0000] {processor.py:186} INFO - Started process (PID=1371) to work on /home/airflow/.local/lib/python3.12/site-packages/airflow/example_dags/example_latest_only.py
[2026-08-12T04:44:02.441+0000] {processor.py:914} INFO - Processing file /home/airflow/.local/lib/python3.12/site-packages/airflow/example_dags/example_latest_only.py for tasks to queue
[2026-08-12T04:44:02.444+0000] {logging_mixin.py:190} INFO - [2026-08-12T04:44:02.444+0000] {dagbag.py:587} INFO - Filling up the DagBag from /home/airflow/.local/lib/python3.12/site-packages/airflow/example_dags/example_latest_only.py
[2026-08-12T04:44:02.452+0000] {processor.py:925} INFO - DAG(s) 'latest_only' retrieved from /home/airflow/.local/lib/python3.12/site-packages/airflow/example_dags/example_latest_only.py
[2026-08-12T04:44:02.473+0000] {logging_mixin.py:190} INFO - [2026-08-12T04:44:02.473+0000] {dag.py:3211} INFO - Sync 1 DAGs
[2026-08-12T04:44:02.502+0000] {logging_mixin.py:190} INFO - [2026-08-12T04:44:02.501+0000] {dag.py:4138} INFO - Setting next_dagrun for latest_only to 2026-08-12 00:00:00+00:00, run_after=2026-08-12 04:00:00+00:00
[2026-08-12T04:44:02.525+0000] {processor.py:208} INFO - Processing /home/airflow/.local/lib/python3.12/site-packages/airflow/example_dags/example_latest_only.py took 0.091 seconds
[2026-08-12T04:44:32.918+0000] {processor.py:186} INFO - Started process (PID=1434) to work on /home/airflow/.local/lib/python3.12/site-packages/airflow/example_dags/example_latest_only.py
[2026-08-12T04:44:32.920+0000] {processor.py:914} INFO - Processing file /home/airflow/.local/lib/python3.12/site-packages/airflow/example_dags/example_latest_only.py for tasks to queue
[2026-08-12T04:44:32.923+0000] {logging_mixin.py:190} INFO - [2026-08-12T04:44:32.923+0000] {dagbag.py:587} INFO - Filling up the DagBag from /home/airflow/.local/lib/python3.12/site-packages/airflow/example_dags/example_latest_only.py
[2026-08-12T04:44:32.931+0000] {processor.py:925} INFO - DAG(s) 'latest_only' retrieved from /home/airflow/.local/lib/python3.12/site-packages/airflow/example_dags/example_latest_only.py
[2026-08-12T04:44:32.954+0000] {logging_mixin.py:190} INFO - [2026-08-12T04:44:32.954+0000] {dag.py:3211} INFO - Sync 1 DAGs
[2026-08-12T04:44:32.981+0000] {logging_mixin.py:190} INFO - [2026-08-12T04:44:32.980+0000] {dag.py:4138} INFO - Setting next_dagrun for latest_only to 2026-08-12 00:00:00+00:00, run_after=2026-08-12 04:00:00+00:00
[2026-08-12T04:44:33.012+0000] {processor.py:208} INFO - Processing /home/airflow/.local/lib/python3.12/site-packages/airflow/example_dags/example_latest_only.py took 0.099 seconds
[2026-08-12T04:45:03.924+0000] {processor.py:186} INFO - Started process (PID=1496) to work on /home/airflow/.local/lib/python3.12/site-packages/airflow/example_dags/example_latest_only.py
[2026-08-12T04:45:03.926+0000] {processor.py:914} INFO - Processing file /home/airflow/.local/lib/python3.12/site-packages/airflow/example_dags/example_latest_only.py for tasks to queue
[2026-08-12T04:45:03.929+0000] {logging_mixin.py:190} INFO - [2026-08-12T04:45:03.928+0000] {dagbag.py:587} INFO - Filling up the DagBag from /home/airflow/.local/lib/python3.12/site-packages/airflow/example_dags/example_latest_only.py
[2026-08-12T04:45:03.939+0000] {processor.py:925} INFO - DAG(s) 'latest_only' retrieved from /home/airflow/.local/lib/python3.12/site-packages/airflow/example_dags/example_latest_only.py
[2026-08-12T04:45:03.975+0000] {logging_mixin.py:190} INFO - [2026-08-12T04:45:03.975+0000] {dag.py:3211} INFO - Sync 1 DAGs
[2026-08-12T04:45:03.997+0000] {logging_mixin.py:190} INFO - [2026-08-12T04:45:03.997+0000] {dag.py:4138} INFO - Setting next_dagrun for latest_only to 2026-08-12 00:00:00+00:00, run_after=2026-08-12 04:00:00+00:00
[2026-08-12T04:45:04.020+0000] {processor.py:208} INFO - Processing /home/airflow/.local/lib/python3.12/site-packages/airflow/example_dags/example_latest_only.py took 0.104 seconds
[2026-08-12T04:45:34.127+0000] {processor.py:186} INFO - Started process (PID=1557) to work on /home/airflow/.local/lib/python3.12/site-packages/airflow/example_dags/example_latest_only.py
[2026-08-12T04:45:34.129+0000] {processor.py:914} INFO - Processing file /home/airflow/.local/lib/python3.12/site-packages/airflow/example_dags/example_latest_only.py for tasks to queue
[2026-08-12T04:45:34.131+0000] {logging_mixin.py:190} INFO - [2026-08-12T04:45:34.131+0000] {dagbag.py:587} INFO - Filling up the DagBag from /home/airflow/.local/lib/python3.12/site-packages/airflow/example_dags/example_latest_only.py
[2026-08-12T04:45:34.139+0000] {processor.py:925} INFO - DAG(s) 'latest_only' retrieved from /home/airflow/.local/lib/python3.12/site-packages/airflow/example_dags/example_latest_only.py
[2026-08-12T04:45:34.174+0000] {logging_mixin.py:190} INFO - [2026-08-12T04:45:34.173+0000] {dag.py:3211} INFO - Sync 1 DAGs
[2026-08-12T04:45:34.198+0000] {logging_mixin.py:190} INFO - [2026-08-12T04:45:34.198+0000] {dag.py:4138} INFO - Setting next_dagrun for latest_only to 2026-08-12 00:00:00+00:00, run_after=2026-08-12 04:00:00+00:00
[2026-08-12T04:45:34.220+0000] {processor.py:208} INFO - Processing /home/airflow/.local/lib/python3.12/site-packages/airflow/example_dags/example_latest_only.py took 0.098 seconds
[2026-08-12T04:46:04.446+0000] {processor.py:186} INFO - Started process (PID=1619) to work on /home/airflow/.local/lib/python3.12/site-packages/airflow/example_dags/example_latest_only.py
[2026-08-12T04:46:04.448+0000] {processor.py:914} INFO - Processing file /home/airflow/.local/lib/python3.12/site-packages/airflow/example_dags/example_latest_only.py for tasks to queue
[2026-08-12T04:46:04.451+0000] {logging_mixin.py:190} INFO - [2026-08-12T04:46:04.451+0000] {dagbag.py:587} INFO - Filling up the DagBag from /home/airflow/.local/lib/python3.12/site-packages/airflow/example_dags/example_latest_only.py
[2026-08-12T04:46:04.459+0000] {processor.py:925} INFO - DAG(s) 'latest_only' retrieved from /home/airflow/.local/lib/python3.12/site-packages/airflow/example_dags/example_latest_only.py
[2026-08-12T04:46:04.481+0000] {logging_mixin.py:190} INFO - [2026-08-12T04:46:04.481+0000] {dag.py:3211} INFO - Sync 1 DAGs
[2026-08-12T04:46:04.504+0000] {logging_mixin.py:190} INFO - [2026-08-12T04:46:04.504+0000] {dag.py:4138} INFO - Setting next_dagrun for latest_only to 2026-08-12 00:00:00+00:00, run_after=2026-08-12 04:00:00+00:00
[2026-08-12T04:46:04.532+0000] {processor.py:208} INFO - Processing /home/airflow/.local/lib/python3.12/site-packages/airflow/example_dags/example_latest_only.py took 0.092 seconds
[2026-08-12T04:46:34.958+0000] {processor.py:186} INFO - Started process (PID=1681) to work on /home/airflow/.local/lib/python3.12/site-packages/airflow/example_dags/example_latest_only.py
[2026-08-12T04:46:34.960+0000] {processor.py:914} INFO - Processing file /home/airflow/.local/lib/python3.12/site-packages/airflow/example_dags/example_latest_only.py for tasks to queue
[2026-08-12T04:46:34.963+0000] {logging_mixin.py:190} INFO - [2026-08-12T04:46:34.963+0000] {dagbag.py:587} INFO - Filling up the DagBag from /home/airflow/.local/lib/python3.12/site-packages/airflow/example_dags/example_latest_only.py
[2026-08-12T04:46:34.971+0000] {processor.py:925} INFO - DAG(s) 'latest_only' retrieved from /home/airflow/.local/lib/python3.12/site-packages/airflow/example_dags/example_latest_only.py
[2026-08-12T04:46:34.994+0000] {logging_mixin.py:190} INFO - [2026-08-12T04:46:34.994+0000] {dag.py:3211} INFO - Sync 1 DAGs
[2026-08-12T04:46:35.019+0000] {logging_mixin.py:190} INFO - [2026-08-12T04:46:35.018+0000] {dag.py:4138} INFO - Setting next_dagrun for latest_only to 2026-08-12 00:00:00+00:00, run_after=2026-08-12 04:00:00+00:00
[2026-08-12T04:46:35.043+0000] {processor.py:208} INFO - Processing /home/airflow/.local/lib/python3.12/site-packages/airflow/example_dags/example_latest_only.py took 0.091 seconds
[2026-08-12T04:47:05.562+0000] {processor.py:186} INFO - Started process (PID=1743) to work on /home/airflow/.local/lib/python3.12/site-packages/airflow/example_dags/example_latest_only.py
[2026-08-12T04:47:05.564+0000] {processor.py:914} INFO - Processing file /home/airflow/.local/lib/python3.12/site-packages/airflow/example_dags/example_latest_only.py for tasks to queue
[2026-08-12T04:47:05.567+0000] {logging_mixin.py:190} INFO - [2026-08-12T04:47:05.567+0000] {dagbag.py:587} INFO - Filling up the DagBag from /home/airflow/.local/lib/python3.12/site-packages/airflow/example_dags/example_latest_only.py
[2026-08-12T04:47:05.580+0000] {processor.py:925} INFO - DAG(s) 'latest_only' retrieved from /home/airflow/.local/lib/python3.12/site-packages/airflow/example_dags/example_latest_only.py
[2026-08-12T04:47:05.602+0000] {logging_mixin.py:190} INFO - [2026-08-12T04:47:05.602+0000] {dag.py:3211} INFO - Sync 1 DAGs
[2026-08-12T04:47:05.627+0000] {logging_mixin.py:190} INFO - [2026-08-12T04:47:05.627+0000] {dag.py:4138} INFO - Setting next_dagrun for latest_only to 2026-08-12 00:00:00+00:00, run_after=2026-08-12 04:00:00+00:00
[2026-08-12T04:47:05.653+0000] {processor.py:208} INFO - Processing /home/airflow/.local/lib/python3.12/site-packages/airflow/example_dags/example_latest_only.py took 0.096 seconds
[2026-08-12T04:47:35.815+0000] {processor.py:186} INFO - Started process (PID=1805) to work on /home/airflow/.local/lib/python3.12/site-packages/airflow/example_dags/example_latest_only.py
[2026-08-12T04:47:35.817+0000] {processor.py:914} INFO - Processing file /home/airflow/.local/lib/python3.12/site-packages/airflow/example_dags/example_latest_only.py for tasks to queue
[2026-08-12T04:47:35.820+0000] {logging_mixin.py:190} INFO - [2026-08-12T04:47:35.819+0000] {dagbag.py:587} INFO - Filling up the DagBag from /home/airflow/.local/lib/python3.12/site-packages/airflow/example_dags/example_latest_only.py
[2026-08-12T04:47:35.827+0000] {processor.py:925} INFO - DAG(s) 'latest_only' retrieved from /home/airflow/.local/lib/python3.12/site-packages/airflow/example_dags/example_latest_only.py
[2026-08-12T04:47:35.851+0000] {logging_mixin.py:190} INFO - [2026-08-12T04:47:35.851+0000] {dag.py:3211} INFO - Sync 1 DAGs
[2026-08-12T04:47:35.884+0000] {logging_mixin.py:190} INFO - [2026-08-12T04:47:35.883+0000] {dag.py:4138} INFO - Setting next_dagrun for latest_only to 2026-08-12 00:00:00+00:00, run_after=2026-08-12 04:00:00+00:00
[2026-08-12T04:47:35.911+0000] {processor.py:208} INFO - Processing /home/airflow/.local/lib/python3.12/site-packages/airflow/example_dags/example_latest_only.py took 0.102 seconds
[2026-08-12T04:48:06.726+0000] {processor.py:186} INFO - Started process (PID=1867) to work on /home/airflow/.local/lib/python3.12/site-packages/airflow/example_dags/example_latest_only.py
[2026-08-12T04:48:06.728+0000] {processor.py:914} INFO - Processing file /home/airflow/.local/lib/python3.12/site-packages/airflow/example_dags/example_latest_only.py for tasks to queue
[2026-08-12T04:48:06.743+0000] {logging_mixin.py:190} INFO - [2026-08-12T04:48:06.743+0000] {dagbag.py:587} INFO - Filling up the DagBag from /home/airflow/.local/lib/python3.12/site-packages/airflow/example_dags/example_latest_only.py
[2026-08-12T04:48:06.753+0000] {processor.py:925} INFO - DAG(s) 'latest_only' retrieved from /home/airflow/.local/lib/python3.12/site-packages/airflow/example_dags/example_latest_only.py
[2026-08-12T04:48:06.775+0000] {logging_mixin.py:190} INFO - [2026-08-12T04:48:06.775+0000] {dag.py:3211} INFO - Sync 1 DAGs
[2026-08-12T04:48:06.804+0000] {logging_mixin.py:190} INFO - [2026-08-12T04:48:06.804+0000] {dag.py:4138} INFO - Setting next_dagrun for latest_only to 2026-08-12 00:00:00+00:00, run_after=2026-08-12 04:00:00+00:00
[2026-08-12T04:48:06.846+0000] {processor.py:208} INFO - Processing /home/airflow/.local/lib/python3.12/site-packages/airflow/example_dags/example_latest_only.py took 0.126 seconds
