[2026-08-12T04:31:32.771+0000] {processor.py:186} INFO - Started process (PID=92) to work on /home/airflow/.local/lib/python3.12/site-packages/airflow/example_dags/example_bash_decorator.py
[2026-08-12T04:31:32.773+0000] {processor.py:914} INFO - Processing file /home/airflow/.local/lib/python3.12/site-packages/airflow/example_dags/example_bash_decorator.py for tasks to queue
[2026-08-12T04:31:32.777+0000] {logging_mixin.py:190} INFO - [2026-08-12T04:31:32.776+0000] {dagbag.py:587} INFO - Filling up the DagBag from /home/airflow/.local/lib/python3.12/site-packages/airflow/example_dags/example_bash_decorator.py
[2026-08-12T04:31:32.798+0000] {processor.py:925} INFO - DAG(s) 'example_bash_decorator' retrieved from /home/airflow/.local/lib/python3.12/site-packages/airflow/example_dags/example_bash_decorator.py
[2026-08-12T04:31:32.968+0000] {logging_mixin.py:190} INFO - [2026-08-12T04:31:32.967+0000] {override.py:1858} INFO - Created Permission View: can read on DAG:example_bash_decorator
[2026-08-12T04:31:32.986+0000] {logging_mixin.py:190} INFO - [2026-08-12T04:31:32.986+0000] {override.py:1858} INFO - Created Permission View: can edit on DAG:example_bash_decorator
[2026-08-12T04:31:32.999+0000] {logging_mixin.py:190} INFO - [2026-08-12T04:31:32.998+0000] {override.py:1858} INFO - Created Permission View: can delete on DAG:example_bash_decorator
[2026-08-12T04:31:33.000+0000] {logging_mixin.py:190} INFO - [2026-08-12T04:31:33.000+0000] {dag.py:3211} INFO - Sync 1 DAGs
[2026-08-12T04:31:33.014+0000] {logging_mixin.py:190} INFO - [2026-08-12T04:31:33.014+0000] {dag.py:3234} INFO - Creating ORM DAG for example_bash_decorator
[2026-08-12T04:31:33.016+0000] {logging_mixin.py:190} INFO - [2026-08-12T04:31:33.016+0000] {dag.py:4138} INFO - Setting next_dagrun for example_bash_decorator to None, run_after=None
[2026-08-12T04:31:33.054+0000] {processor.py:208} INFO - Processing /home/airflow/.local/lib/python3.12/site-packages/airflow/example_dags/example_bash_decorator.py took 0.291 seconds
[2026-08-12T04:32:03.198+0000] {processor.py:186} INFO - Started process (PID=154) to work on /home/airflow/.local/lib/python3.12/site-packages/airflow/example_dags/example_bash_decorator.py
[2026-08-12T04:32:03.199+0000] {processor.py:914} INFO - Processing file /home/airflow/.local/lib/python3.12/site-packages/airflow/example_dags/example_bash_decorator.py for tasks to queue
[2026-08-12T04:32:03.202+0000] {logging_mixin.py:190} INFO - [2026-08-12T04:32:03.202+0000] {dagbag.py:587} INFO - Filling up the DagBag from /home/airflow/.local/lib/python3.12/site-packages/airflow/example_dags/example_bash_decorator.py
[2026-08-12T04:32:03.216+0000] {processor.py:925} INFO - DAG(s) 'example_bash_decorator' retrieved from /home/airflow/.local/lib/python3.12/site-packages/airflow/example_dags/example_bash_decorator.py
[2026-08-12T04:32:03.239+0000] {logging_mixin.py:190} INFO - [2026-08-12T04:32:03.238+0000] {dag.py:3211} INFO - Sync 1 DAGs
[2026-08-12T04:32:03.253+0000] {logging_mixin.py:190} INFO - [2026-08-12T04:32:03.253+0000] {dag.py:4138} INFO - Setting next_dagrun for example_bash_decorator to None, run_after=None
[2026-08-12T04:32:03.275+0000] {processor.py:208} INFO - Processing /home/airflow/.local/lib/python3.12/site-packages/airflow/example_dags/example_bash_decorator.py took 0.083 seconds
[2026-08-12T04:33:20.577+0000] {processor.py:186} INFO - Started process (PID=79) to work on /home/airflow/.local/lib/python3.12/site-packages/airflow/example_dags/example_bash_decorator.py
[2026-08-12T04:33:20.578+0000] {processor.py:914} INFO - Processing file /home/airflow/.local/lib/python3.12/site-packages/airflow/example_dags/example_bash_decorator.py for tasks to queue
[2026-08-12T04:33:20.583+0000] {logging_mixin.py:190} INFO - [2026-08-12T04:33:20.582+0000] {dagbag.py:587} INFO - Filling up the DagBag from /home/airflow/.local/lib/python3.12/site-packages/airflow/example_dags/example_bash_decorator.py
[2026-08-12T04:33:20.606+0000] {processor.py:925} INFO - DAG(s) 'example_bash_decorator' retrieved from /home/airflow/.local/lib/python3.12/site-packages/airflow/example_dags/example_bash_decorator.py
[2026-08-12T04:33:20.742+0000] {logging_mixin.py:190} INFO - [2026-08-12T04:33:20.742+0000] {dag.py:3211} INFO - Sync 1 DAGs
[2026-08-12T04:33:20.756+0000] {logging_mixin.py:190} INFO - [2026-08-12T04:33:20.756+0000] {dag.py:4138} INFO - Setting next_dagrun for example_bash_decorator to None, run_after=None
[2026-08-12T04:33:20.787+0000] {processor.py:208} INFO - Processing /home/airflow/.local/lib/python3.12/site-packages/airflow/example_dags/example_bash_decorator.py took 0.218 seconds
[2026-08-12T04:33:51.553+0000] {processor.py:186} INFO - Started process (PID=141) to work on /home/airflow/.local/lib/python3.12/site-packages/airflow/example_dags/example_bash_decorator.py
[2026-08-12T04:33:51.555+0000] {processor.py:914} INFO - Processing file /home/airflow/.local/lib/python3.12/site-packages/airflow/example_dags/example_bash_decorator.py for tasks to queue
[2026-08-12T04:33:51.558+0000] {logging_mixin.py:190} INFO - [2026-08-12T04:33:51.558+0000] {dagbag.py:587} INFO - Filling up the DagBag from /home/airflow/.local/lib/python3.12/site-packages/airflow/example_dags/example_bash_decorator.py
[2026-08-12T04:33:51.576+0000] {processor.py:925} INFO - DAG(s) 'example_bash_decorator' retrieved from /home/airflow/.local/lib/python3.12/site-packages/airflow/example_dags/example_bash_decorator.py
[2026-08-12T04:33:51.615+0000] {logging_mixin.py:190} INFO - [2026-08-12T04:33:51.614+0000] {dag.py:3211} INFO - Sync 1 DAGs
[2026-08-12T04:33:51.631+0000] {logging_mixin.py:190} INFO - [2026-08-12T04:33:51.631+0000] {dag.py:4138} INFO - Setting next_dagrun for example_bash_decorator to None, run_after=None
[2026-08-12T04:33:51.672+0000] {processor.py:208} INFO - Processing /home/airflow/.local/lib/python3.12/site-packages/airflow/example_dags/example_bash_decorator.py took 0.125 seconds
[2026-08-12T04:34:21.762+0000] {processor.py:186} INFO - Started process (PID=203) to work on /home/airflow/.local/lib/python3.12/site-packages/airflow/example_dags/example_bash_decorator.py
[2026-08-12T04:34:21.764+0000] {processor.py:914} INFO - Processing file /home/airflow/.local/lib/python3.12/site-packages/airflow/example_dags/example_bash_decorator.py for tasks to queue
[2026-08-12T04:34:21.767+0000] {logging_mixin.py:190} INFO - [2026-08-12T04:34:21.767+0000] {dagbag.py:587} INFO - Filling up the DagBag from /home/airflow/.local/lib/python3.12/site-packages/airflow/example_dags/example_bash_decorator.py
[2026-08-12T04:34:21.787+0000] {processor.py:925} INFO - DAG(s) 'example_bash_decorator' retrieved from /home/airflow/.local/lib/python3.12/site-packages/airflow/example_dags/example_bash_decorator.py
[2026-08-12T04:34:21.811+0000] {logging_mixin.py:190} INFO - [2026-08-12T04:34:21.811+0000] {dag.py:3211} INFO - Sync 1 DAGs
[2026-08-12T04:34:21.826+0000] {logging_mixin.py:190} INFO - [2026-08-12T04:34:21.825+0000] {dag.py:4138} INFO - Setting next_dagrun for example_bash_decorator to None, run_after=None
[2026-08-12T04:34:21.853+0000] {processor.py:208} INFO - Processing /home/airflow/.local/lib/python3.12/site-packages/airflow/example_dags/example_bash_decorator.py took 0.101 seconds
[2026-08-12T04:34:52.080+0000] {processor.py:186} INFO - Started process (PID=265) to work on /home/airflow/.local/lib/python3.12/site-packages/airflow/example_dags/example_bash_decorator.py
[2026-08-12T04:34:52.081+0000] {processor.py:914} INFO - Processing file /home/airflow/.local/lib/python3.12/site-packages/airflow/example_dags/example_bash_decorator.py for tasks to queue
[2026-08-12T04:34:52.084+0000] {logging_mixin.py:190} INFO - [2026-08-12T04:34:52.084+0000] {dagbag.py:587} INFO - Filling up the DagBag from /home/airflow/.local/lib/python3.12/site-packages/airflow/example_dags/example_bash_decorator.py
[2026-08-12T04:34:52.101+0000] {processor.py:925} INFO - DAG(s) 'example_bash_decorator' retrieved from /home/airflow/.local/lib/python3.12/site-packages/airflow/example_dags/example_bash_decorator.py
[2026-08-12T04:34:52.128+0000] {logging_mixin.py:190} INFO - [2026-08-12T04:34:52.128+0000] {dag.py:3211} INFO - Sync 1 DAGs
[2026-08-12T04:34:52.142+0000] {logging_mixin.py:190} INFO - [2026-08-12T04:34:52.142+0000] {dag.py:4138} INFO - Setting next_dagrun for example_bash_decorator to None, run_after=None
[2026-08-12T04:34:52.168+0000] {processor.py:208} INFO - Processing /home/airflow/.local/lib/python3.12/site-packages/airflow/example_dags/example_bash_decorator.py took 0.094 seconds
[2026-08-12T04:35:22.339+0000] {processor.py:186} INFO - Started process (PID=328) to work on /home/airflow/.local/lib/python3.12/site-packages/airflow/example_dags/example_bash_decorator.py
[2026-08-12T04:35:22.341+0000] {processor.py:914} INFO - Processing file /home/airflow/.local/lib/python3.12/site-packages/airflow/example_dags/example_bash_decorator.py for tasks to queue
[2026-08-12T04:35:22.344+0000] {logging_mixin.py:190} INFO - [2026-08-12T04:35:22.344+0000] {dagbag.py:587} INFO - Filling up the DagBag from /home/airflow/.local/lib/python3.12/site-packages/airflow/example_dags/example_bash_decorator.py
[2026-08-12T04:35:22.359+0000] {processor.py:925} INFO - DAG(s) 'example_bash_decorator' retrieved from /home/airflow/.local/lib/python3.12/site-packages/airflow/example_dags/example_bash_decorator.py
[2026-08-12T04:35:22.385+0000] {logging_mixin.py:190} INFO - [2026-08-12T04:35:22.384+0000] {dag.py:3211} INFO - Sync 1 DAGs
[2026-08-12T04:35:22.401+0000] {logging_mixin.py:190} INFO - [2026-08-12T04:35:22.401+0000] {dag.py:4138} INFO - Setting next_dagrun for example_bash_decorator to None, run_after=None
[2026-08-12T04:35:22.425+0000] {processor.py:208} INFO - Processing /home/airflow/.local/lib/python3.12/site-packages/airflow/example_dags/example_bash_decorator.py took 0.092 seconds
[2026-08-12T04:35:52.803+0000] {processor.py:186} INFO - Started process (PID=390) to work on /home/airflow/.local/lib/python3.12/site-packages/airflow/example_dags/example_bash_decorator.py
[2026-08-12T04:35:52.804+0000] {processor.py:914} INFO - Processing file /home/airflow/.local/lib/python3.12/site-packages/airflow/example_dags/example_bash_decorator.py for tasks to queue
[2026-08-12T04:35:52.807+0000] {logging_mixin.py:190} INFO - [2026-08-12T04:35:52.807+0000] {dagbag.py:587} INFO - Filling up the DagBag from /home/airflow/.local/lib/python3.12/site-packages/airflow/example_dags/example_bash_decorator.py
[2026-08-12T04:35:52.826+0000] {processor.py:925} INFO - DAG(s) 'example_bash_decorator' retrieved from /home/airflow/.local/lib/python3.12/site-packages/airflow/example_dags/example_bash_decorator.py
[2026-08-12T04:35:52.849+0000] {logging_mixin.py:190} INFO - [2026-08-12T04:35:52.849+0000] {dag.py:3211} INFO - Sync 1 DAGs
[2026-08-12T04:35:52.865+0000] {logging_mixin.py:190} INFO - [2026-08-12T04:35:52.865+0000] {dag.py:4138} INFO - Setting next_dagrun for example_bash_decorator to None, run_after=None
[2026-08-12T04:35:52.889+0000] {processor.py:208} INFO - Processing /home/airflow/.local/lib/python3.12/site-packages/airflow/example_dags/example_bash_decorator.py took 0.092 seconds
[2026-08-12T04:36:23.306+0000] {processor.py:186} INFO - Started process (PID=452) to work on /home/airflow/.local/lib/python3.12/site-packages/airflow/example_dags/example_bash_decorator.py
[2026-08-12T04:36:23.308+0000] {processor.py:914} INFO - Processing file /home/airflow/.local/lib/python3.12/site-packages/airflow/example_dags/example_bash_decorator.py for tasks to queue
[2026-08-12T04:36:23.311+0000] {logging_mixin.py:190} INFO - [2026-08-12T04:36:23.311+0000] {dagbag.py:587} INFO - Filling up the DagBag from /home/airflow/.local/lib/python3.12/site-packages/airflow/example_dags/example_bash_decorator.py
[2026-08-12T04:36:23.326+0000] {processor.py:925} INFO - DAG(s) 'example_bash_decorator' retrieved from /home/airflow/.local/lib/python3.12/site-packages/airflow/example_dags/example_bash_decorator.py
[2026-08-12T04:36:23.350+0000] {logging_mixin.py:190} INFO - [2026-08-12T04:36:23.350+0000] {dag.py:3211} INFO - Sync 1 DAGs
[2026-08-12T04:36:23.364+0000] {logging_mixin.py:190} INFO - [2026-08-12T04:36:23.363+0000] {dag.py:4138} INFO - Setting next_dagrun for example_bash_decorator to None, run_after=None
[2026-08-12T04:36:23.387+0000] {processor.py:208} INFO - Processing /home/airflow/.local/lib/python3.12/site-packages/airflow/example_dags/example_bash_decorator.py took 0.087 seconds
[2026-08-12T04:36:53.838+0000] {processor.py:186} INFO - Started process (PID=514) to work on /home/airflow/.local/lib/python3.12/site-packages/airflow/example_dags/example_bash_decorator.py
[2026-08-12T04:36:53.840+0000] {processor.py:914} INFO - Processing file /home/airflow/.local/lib/python3.12/site-packages/airflow/example_dags/example_bash_decorator.py for tasks to queue
[2026-08-12T04:36:53.844+0000] {logging_mixin.py:190} INFO - [2026-08-12T04:36:53.843+0000] {dagbag.py:587} INFO - Filling up the DagBag from /home/airflow/.local/lib/python3.12/site-packages/airflow/example_dags/example_bash_decorator.py
[2026-08-12T04:36:53.859+0000] {processor.py:925} INFO - DAG(s) 'example_bash_decorator' retrieved from /home/airflow/.local/lib/python3.12/site-packages/airflow/example_dags/example_bash_decorator.py
[2026-08-12T04:36:53.884+0000] {logging_mixin.py:190} INFO - [2026-08-12T04:36:53.884+0000] {dag.py:3211} INFO - Sync 1 DAGs
[2026-08-12T04:36:53.900+0000] {logging_mixin.py:190} INFO - [2026-08-12T04:36:53.900+0000] {dag.py:4138} INFO - Setting next_dagrun for example_bash_decorator to None, run_after=None
[2026-08-12T04:36:53.925+0000] {processor.py:208} INFO - Processing /home/airflow/.local/lib/python3.12/site-packages/airflow/example_dags/example_bash_decorator.py took 0.093 seconds
[2026-08-12T04:37:24.446+0000] {processor.py:186} INFO - Started process (PID=576) to work on /home/airflow/.local/lib/python3.12/site-packages/airflow/example_dags/example_bash_decorator.py
[2026-08-12T04:37:24.447+0000] {processor.py:914} INFO - Processing file /home/airflow/.local/lib/python3.12/site-packages/airflow/example_dags/example_bash_decorator.py for tasks to queue
[2026-08-12T04:37:24.451+0000] {logging_mixin.py:190} INFO - [2026-08-12T04:37:24.451+0000] {dagbag.py:587} INFO - Filling up the DagBag from /home/airflow/.local/lib/python3.12/site-packages/airflow/example_dags/example_bash_decorator.py
[2026-08-12T04:37:24.469+0000] {processor.py:925} INFO - DAG(s) 'example_bash_decorator' retrieved from /home/airflow/.local/lib/python3.12/site-packages/airflow/example_dags/example_bash_decorator.py
[2026-08-12T04:37:24.499+0000] {logging_mixin.py:190} INFO - [2026-08-12T04:37:24.499+0000] {dag.py:3211} INFO - Sync 1 DAGs
[2026-08-12T04:37:24.515+0000] {logging_mixin.py:190} INFO - [2026-08-12T04:37:24.514+0000] {dag.py:4138} INFO - Setting next_dagrun for example_bash_decorator to None, run_after=None
[2026-08-12T04:37:24.547+0000] {processor.py:208} INFO - Processing /home/airflow/.local/lib/python3.12/site-packages/airflow/example_dags/example_bash_decorator.py took 0.108 seconds
[2026-08-12T04:37:55.207+0000] {processor.py:186} INFO - Started process (PID=638) to work on /home/airflow/.local/lib/python3.12/site-packages/airflow/example_dags/example_bash_decorator.py
[2026-08-12T04:37:55.209+0000] {processor.py:914} INFO - Processing file /home/airflow/.local/lib/python3.12/site-packages/airflow/example_dags/example_bash_decorator.py for tasks to queue
[2026-08-12T04:37:55.211+0000] {logging_mixin.py:190} INFO - [2026-08-12T04:37:55.211+0000] {dagbag.py:587} INFO - Filling up the DagBag from /home/airflow/.local/lib/python3.12/site-packages/airflow/example_dags/example_bash_decorator.py
[2026-08-12T04:37:55.225+0000] {processor.py:925} INFO - DAG(s) 'example_bash_decorator' retrieved from /home/airflow/.local/lib/python3.12/site-packages/airflow/example_dags/example_bash_decorator.py
[2026-08-12T04:37:55.254+0000] {logging_mixin.py:190} INFO - [2026-08-12T04:37:55.254+0000] {dag.py:3211} INFO - Sync 1 DAGs
[2026-08-12T04:37:55.272+0000] {logging_mixin.py:190} INFO - [2026-08-12T04:37:55.272+0000] {dag.py:4138} INFO - Setting next_dagrun for example_bash_decorator to None, run_after=None
[2026-08-12T04:37:55.296+0000] {processor.py:208} INFO - Processing /home/airflow/.local/lib/python3.12/site-packages/airflow/example_dags/example_bash_decorator.py took 0.094 seconds
[2026-08-12T04:38:25.541+0000] {processor.py:186} INFO - Started process (PID=700) to work on /home/airflow/.local/lib/python3.12/site-packages/airflow/example_dags/example_bash_decorator.py
[2026-08-12T04:38:25.543+0000] {processor.py:914} INFO - Processing file /home/airflow/.local/lib/python3.12/site-packages/airflow/example_dags/example_bash_decorator.py for tasks to queue
[2026-08-12T04:38:25.546+0000] {logging_mixin.py:190} INFO - [2026-08-12T04:38:25.546+0000] {dagbag.py:587} INFO - Filling up the DagBag from /home/airflow/.local/lib/python3.12/site-packages/airflow/example_dags/example_bash_decorator.py
[2026-08-12T04:38:25.567+0000] {processor.py:925} INFO - DAG(s) 'example_bash_decorator' retrieved from /home/airflow/.local/lib/python3.12/site-packages/airflow/example_dags/example_bash_decorator.py
[2026-08-12T04:38:25.594+0000] {logging_mixin.py:190} INFO - [2026-08-12T04:38:25.594+0000] {dag.py:3211} INFO - Sync 1 DAGs
[2026-08-12T04:38:25.610+0000] {logging_mixin.py:190} INFO - [2026-08-12T04:38:25.610+0000] {dag.py:4138} INFO - Setting next_dagrun for example_bash_decorator to None, run_after=None
[2026-08-12T04:38:25.633+0000] {processor.py:208} INFO - Processing /home/airflow/.local/lib/python3.12/site-packages/airflow/example_dags/example_bash_decorator.py took 0.099 seconds
[2026-08-12T04:38:55.987+0000] {processor.py:186} INFO - Started process (PID=762) to work on /home/airflow/.local/lib/python3.12/site-packages/airflow/example_dags/example_bash_decorator.py
[2026-08-12T04:38:55.989+0000] {processor.py:914} INFO - Processing file /home/airflow/.local/lib/python3.12/site-packages/airflow/example_dags/example_bash_decorator.py for tasks to queue
[2026-08-12T04:38:55.993+0000] {logging_mixin.py:190} INFO - [2026-08-12T04:38:55.993+0000] {dagbag.py:587} INFO - Filling up the DagBag from /home/airflow/.local/lib/python3.12/site-packages/airflow/example_dags/example_bash_decorator.py
[2026-08-12T04:38:56.009+0000] {processor.py:925} INFO - DAG(s) 'example_bash_decorator' retrieved from /home/airflow/.local/lib/python3.12/site-packages/airflow/example_dags/example_bash_decorator.py
[2026-08-12T04:38:56.033+0000] {logging_mixin.py:190} INFO - [2026-08-12T04:38:56.032+0000] {dag.py:3211} INFO - Sync 1 DAGs
[2026-08-12T04:38:56.063+0000] {logging_mixin.py:190} INFO - [2026-08-12T04:38:56.063+0000] {dag.py:4138} INFO - Setting next_dagrun for example_bash_decorator to None, run_after=None
[2026-08-12T04:38:56.091+0000] {processor.py:208} INFO - Processing /home/airflow/.local/lib/python3.12/site-packages/airflow/example_dags/example_bash_decorator.py took 0.110 seconds
[2026-08-12T04:39:26.269+0000] {processor.py:186} INFO - Started process (PID=824) to work on /home/airflow/.local/lib/python3.12/site-packages/airflow/example_dags/example_bash_decorator.py
[2026-08-12T04:39:26.271+0000] {processor.py:914} INFO - Processing file /home/airflow/.local/lib/python3.12/site-packages/airflow/example_dags/example_bash_decorator.py for tasks to queue
[2026-08-12T04:39:26.275+0000] {logging_mixin.py:190} INFO - [2026-08-12T04:39:26.275+0000] {dagbag.py:587} INFO - Filling up the DagBag from /home/airflow/.local/lib/python3.12/site-packages/airflow/example_dags/example_bash_decorator.py
[2026-08-12T04:39:26.292+0000] {processor.py:925} INFO - DAG(s) 'example_bash_decorator' retrieved from /home/airflow/.local/lib/python3.12/site-packages/airflow/example_dags/example_bash_decorator.py
[2026-08-12T04:39:26.316+0000] {logging_mixin.py:190} INFO - [2026-08-12T04:39:26.316+0000] {dag.py:3211} INFO - Sync 1 DAGs
[2026-08-12T04:39:26.332+0000] {logging_mixin.py:190} INFO - [2026-08-12T04:39:26.332+0000] {dag.py:4138} INFO - Setting next_dagrun for example_bash_decorator to None, run_after=None
[2026-08-12T04:39:26.357+0000] {processor.py:208} INFO - Processing /home/airflow/.local/lib/python3.12/site-packages/airflow/example_dags/example_bash_decorator.py took 0.093 seconds
[2026-08-12T04:39:57.621+0000] {processor.py:186} INFO - Started process (PID=886) to work on /home/airflow/.local/lib/python3.12/site-packages/airflow/example_dags/example_bash_decorator.py
[2026-08-12T04:39:57.624+0000] {processor.py:914} INFO - Processing file /home/airflow/.local/lib/python3.12/site-packages/airflow/example_dags/example_bash_decorator.py for tasks to queue
[2026-08-12T04:39:57.628+0000] {logging_mixin.py:190} INFO - [2026-08-12T04:39:57.627+0000] {dagbag.py:587} INFO - Filling up the DagBag from /home/airflow/.local/lib/python3.12/site-packages/airflow/example_dags/example_bash_decorator.py
[2026-08-12T04:39:57.644+0000] {processor.py:925} INFO - DAG(s) 'example_bash_decorator' retrieved from /home/airflow/.local/lib/python3.12/site-packages/airflow/example_dags/example_bash_decorator.py
[2026-08-12T04:39:57.670+0000] {logging_mixin.py:190} INFO - [2026-08-12T04:39:57.669+0000] {dag.py:3211} INFO - Sync 1 DAGs
[2026-08-12T04:39:57.686+0000] {logging_mixin.py:190} INFO - [2026-08-12T04:39:57.685+0000] {dag.py:4138} INFO - Setting next_dagrun for example_bash_decorator to None, run_after=None
[2026-08-12T04:39:57.716+0000] {processor.py:208} INFO - Processing /home/airflow/.local/lib/python3.12/site-packages/airflow/example_dags/example_bash_decorator.py took 0.103 seconds
[2026-08-12T04:40:27.861+0000] {processor.py:186} INFO - Started process (PID=948) to work on /home/airflow/.local/lib/python3.12/site-packages/airflow/example_dags/example_bash_decorator.py
[2026-08-12T04:40:27.862+0000] {processor.py:914} INFO - Processing file /home/airflow/.local/lib/python3.12/site-packages/airflow/example_dags/example_bash_decorator.py for tasks to queue
[2026-08-12T04:40:27.866+0000] {logging_mixin.py:190} INFO - [2026-08-12T04:40:27.865+0000] {dagbag.py:587} INFO - Filling up the DagBag from /home/airflow/.local/lib/python3.12/site-packages/airflow/example_dags/example_bash_decorator.py
[2026-08-12T04:40:27.886+0000] {processor.py:925} INFO - DAG(s) 'example_bash_decorator' retrieved from /home/airflow/.local/lib/python3.12/site-packages/airflow/example_dags/example_bash_decorator.py
[2026-08-12T04:40:27.912+0000] {logging_mixin.py:190} INFO - [2026-08-12T04:40:27.912+0000] {dag.py:3211} INFO - Sync 1 DAGs
[2026-08-12T04:40:27.926+0000] {logging_mixin.py:190} INFO - [2026-08-12T04:40:27.926+0000] {dag.py:4138} INFO - Setting next_dagrun for example_bash_decorator to None, run_after=None
[2026-08-12T04:40:27.950+0000] {processor.py:208} INFO - Processing /home/airflow/.local/lib/python3.12/site-packages/airflow/example_dags/example_bash_decorator.py took 0.098 seconds
[2026-08-12T04:40:58.118+0000] {processor.py:186} INFO - Started process (PID=1010) to work on /home/airflow/.local/lib/python3.12/site-packages/airflow/example_dags/example_bash_decorator.py
[2026-08-12T04:40:58.119+0000] {processor.py:914} INFO - Processing file /home/airflow/.local/lib/python3.12/site-packages/airflow/example_dags/example_bash_decorator.py for tasks to queue
[2026-08-12T04:40:58.123+0000] {logging_mixin.py:190} INFO - [2026-08-12T04:40:58.122+0000] {dagbag.py:587} INFO - Filling up the DagBag from /home/airflow/.local/lib/python3.12/site-packages/airflow/example_dags/example_bash_decorator.py
[2026-08-12T04:40:58.138+0000] {processor.py:925} INFO - DAG(s) 'example_bash_decorator' retrieved from /home/airflow/.local/lib/python3.12/site-packages/airflow/example_dags/example_bash_decorator.py
[2026-08-12T04:40:58.163+0000] {logging_mixin.py:190} INFO - [2026-08-12T04:40:58.163+0000] {dag.py:3211} INFO - Sync 1 DAGs
[2026-08-12T04:40:58.180+0000] {logging_mixin.py:190} INFO - [2026-08-12T04:40:58.179+0000] {dag.py:4138} INFO - Setting next_dagrun for example_bash_decorator to None, run_after=None
[2026-08-12T04:40:58.203+0000] {processor.py:208} INFO - Processing /home/airflow/.local/lib/python3.12/site-packages/airflow/example_dags/example_bash_decorator.py took 0.091 seconds
[2026-08-12T04:41:28.721+0000] {processor.py:186} INFO - Started process (PID=1072) to work on /home/airflow/.local/lib/python3.12/site-packages/airflow/example_dags/example_bash_decorator.py
[2026-08-12T04:41:28.723+0000] {processor.py:914} INFO - Processing file /home/airflow/.local/lib/python3.12/site-packages/airflow/example_dags/example_bash_decorator.py for tasks to queue
[2026-08-12T04:41:28.728+0000] {logging_mixin.py:190} INFO - [2026-08-12T04:41:28.727+0000] {dagbag.py:587} INFO - Filling up the DagBag from /home/airflow/.local/lib/python3.12/site-packages/airflow/example_dags/example_bash_decorator.py
[2026-08-12T04:41:28.746+0000] {processor.py:925} INFO - DAG(s) 'example_bash_decorator' retrieved from /home/airflow/.local/lib/python3.12/site-packages/airflow/example_dags/example_bash_decorator.py
[2026-08-12T04:41:28.778+0000] {logging_mixin.py:190} INFO - [2026-08-12T04:41:28.778+0000] {dag.py:3211} INFO - Sync 1 DAGs
[2026-08-12T04:41:28.795+0000] {logging_mixin.py:190} INFO - [2026-08-12T04:41:28.795+0000] {dag.py:4138} INFO - Setting next_dagrun for example_bash_decorator to None, run_after=None
[2026-08-12T04:41:28.821+0000] {processor.py:208} INFO - Processing /home/airflow/.local/lib/python3.12/site-packages/airflow/example_dags/example_bash_decorator.py took 0.110 seconds
[2026-08-12T04:41:59.676+0000] {processor.py:186} INFO - Started process (PID=1134) to work on /home/airflow/.local/lib/python3.12/site-packages/airflow/example_dags/example_bash_decorator.py
[2026-08-12T04:41:59.678+0000] {processor.py:914} INFO - Processing file /home/airflow/.local/lib/python3.12/site-packages/airflow/example_dags/example_bash_decorator.py for tasks to queue
[2026-08-12T04:41:59.682+0000] {logging_mixin.py:190} INFO - [2026-08-12T04:41:59.682+0000] {dagbag.py:587} INFO - Filling up the DagBag from /home/airflow/.local/lib/python3.12/site-packages/airflow/example_dags/example_bash_decorator.py
[2026-08-12T04:41:59.697+0000] {processor.py:925} INFO - DAG(s) 'example_bash_decorator' retrieved from /home/airflow/.local/lib/python3.12/site-packages/airflow/example_dags/example_bash_decorator.py
[2026-08-12T04:41:59.729+0000] {logging_mixin.py:190} INFO - [2026-08-12T04:41:59.729+0000] {dag.py:3211} INFO - Sync 1 DAGs
[2026-08-12T04:41:59.754+0000] {logging_mixin.py:190} INFO - [2026-08-12T04:41:59.754+0000] {dag.py:4138} INFO - Setting next_dagrun for example_bash_decorator to None, run_after=None
[2026-08-12T04:41:59.784+0000] {processor.py:208} INFO - Processing /home/airflow/.local/lib/python3.12/site-packages/airflow/example_dags/example_bash_decorator.py took 0.113 seconds
[2026-08-12T04:42:30.719+0000] {processor.py:186} INFO - Started process (PID=1196) to work on /home/airflow/.local/lib/python3.12/site-packages/airflow/example_dags/example_bash_decorator.py
[2026-08-12T04:42:30.721+0000] {processor.py:914} INFO - Processing file /home/airflow/.local/lib/python3.12/site-packages/airflow/example_dags/example_bash_decorator.py for tasks to queue
[2026-08-12T04:42:30.724+0000] {logging_mixin.py:190} INFO - [2026-08-12T04:42:30.724+0000] {dagbag.py:587} INFO - Filling up the DagBag from /home/airflow/.local/lib/python3.12/site-packages/airflow/example_dags/example_bash_decorator.py
[2026-08-12T04:42:30.740+0000] {processor.py:925} INFO - DAG(s) 'example_bash_decorator' retrieved from /home/airflow/.local/lib/python3.12/site-packages/airflow/example_dags/example_bash_decorator.py
[2026-08-12T04:42:30.765+0000] {logging_mixin.py:190} INFO - [2026-08-12T04:42:30.765+0000] {dag.py:3211} INFO - Sync 1 DAGs
[2026-08-12T04:42:30.783+0000] {logging_mixin.py:190} INFO - [2026-08-12T04:42:30.782+0000] {dag.py:4138} INFO - Setting next_dagrun for example_bash_decorator to None, run_after=None
[2026-08-12T04:42:30.806+0000] {processor.py:208} INFO - Processing /home/airflow/.local/lib/python3.12/site-packages/airflow/example_dags/example_bash_decorator.py took 0.092 seconds
[2026-08-12T04:43:01.756+0000] {processor.py:186} INFO - Started process (PID=1258) to work on /home/airflow/.local/lib/python3.12/site-packages/airflow/example_dags/example_bash_decorator.py
[2026-08-12T04:43:01.758+0000] {processor.py:914} INFO - Processing file /home/airflow/.local/lib/python3.12/site-packages/airflow/example_dags/example_bash_decorator.py for tasks to queue
[2026-08-12T04:43:01.761+0000] {logging_mixin.py:190} INFO - [2026-08-12T04:43:01.760+0000] {dagbag.py:587} INFO - Filling up the DagBag from /home/airflow/.local/lib/python3.12/site-packages/airflow/example_dags/example_bash_decorator.py
[2026-08-12T04:43:01.775+0000] {processor.py:925} INFO - DAG(s) 'example_bash_decorator' retrieved from /home/airflow/.local/lib/python3.12/site-packages/airflow/example_dags/example_bash_decorator.py
[2026-08-12T04:43:01.799+0000] {logging_mixin.py:190} INFO - [2026-08-12T04:43:01.798+0000] {dag.py:3211} INFO - Sync 1 DAGs
[2026-08-12T04:43:01.812+0000] {logging_mixin.py:190} INFO - [2026-08-12T04:43:01.812+0000] {dag.py:4138} INFO - Setting next_dagrun for example_bash_decorator to None, run_after=None
[2026-08-12T04:43:01.836+0000] {processor.py:208} INFO - Processing /home/airflow/.local/lib/python3.12/site-packages/airflow/example_dags/example_bash_decorator.py took 0.085 seconds
[2026-08-12T04:43:32.596+0000] {processor.py:186} INFO - Started process (PID=1320) to work on /home/airflow/.local/lib/python3.12/site-packages/airflow/example_dags/example_bash_decorator.py
[2026-08-12T04:43:32.598+0000] {processor.py:914} INFO - Processing file /home/airflow/.local/lib/python3.12/site-packages/airflow/example_dags/example_bash_decorator.py for tasks to queue
[2026-08-12T04:43:32.602+0000] {logging_mixin.py:190} INFO - [2026-08-12T04:43:32.601+0000] {dagbag.py:587} INFO - Filling up the DagBag from /home/airflow/.local/lib/python3.12/site-packages/airflow/example_dags/example_bash_decorator.py
[2026-08-12T04:43:32.618+0000] {processor.py:925} INFO - DAG(s) 'example_bash_decorator' retrieved from /home/airflow/.local/lib/python3.12/site-packages/airflow/example_dags/example_bash_decorator.py
[2026-08-12T04:43:32.653+0000] {logging_mixin.py:190} INFO - [2026-08-12T04:43:32.653+0000] {dag.py:3211} INFO - Sync 1 DAGs
[2026-08-12T04:43:32.684+0000] {logging_mixin.py:190} INFO - [2026-08-12T04:43:32.684+0000] {dag.py:4138} INFO - Setting next_dagrun for example_bash_decorator to None, run_after=None
[2026-08-12T04:43:32.752+0000] {processor.py:208} INFO - Processing /home/airflow/.local/lib/python3.12/site-packages/airflow/example_dags/example_bash_decorator.py took 0.162 seconds
[2026-08-12T04:44:03.341+0000] {processor.py:186} INFO - Started process (PID=1382) to work on /home/airflow/.local/lib/python3.12/site-packages/airflow/example_dags/example_bash_decorator.py
[2026-08-12T04:44:03.343+0000] {processor.py:914} INFO - Processing file /home/airflow/.local/lib/python3.12/site-packages/airflow/example_dags/example_bash_decorator.py for tasks to queue
[2026-08-12T04:44:03.345+0000] {logging_mixin.py:190} INFO - [2026-08-12T04:44:03.345+0000] {dagbag.py:587} INFO - Filling up the DagBag from /home/airflow/.local/lib/python3.12/site-packages/airflow/example_dags/example_bash_decorator.py
[2026-08-12T04:44:03.360+0000] {processor.py:925} INFO - DAG(s) 'example_bash_decorator' retrieved from /home/airflow/.local/lib/python3.12/site-packages/airflow/example_dags/example_bash_decorator.py
[2026-08-12T04:44:03.385+0000] {logging_mixin.py:190} INFO - [2026-08-12T04:44:03.385+0000] {dag.py:3211} INFO - Sync 1 DAGs
[2026-08-12T04:44:03.404+0000] {logging_mixin.py:190} INFO - [2026-08-12T04:44:03.404+0000] {dag.py:4138} INFO - Setting next_dagrun for example_bash_decorator to None, run_after=None
[2026-08-12T04:44:03.426+0000] {processor.py:208} INFO - Processing /home/airflow/.local/lib/python3.12/site-packages/airflow/example_dags/example_bash_decorator.py took 0.090 seconds
[2026-08-12T04:44:33.844+0000] {processor.py:186} INFO - Started process (PID=1445) to work on /home/airflow/.local/lib/python3.12/site-packages/airflow/example_dags/example_bash_decorator.py
[2026-08-12T04:44:33.845+0000] {processor.py:914} INFO - Processing file /home/airflow/.local/lib/python3.12/site-packages/airflow/example_dags/example_bash_decorator.py for tasks to queue
[2026-08-12T04:44:33.849+0000] {logging_mixin.py:190} INFO - [2026-08-12T04:44:33.848+0000] {dagbag.py:587} INFO - Filling up the DagBag from /home/airflow/.local/lib/python3.12/site-packages/airflow/example_dags/example_bash_decorator.py
[2026-08-12T04:44:33.865+0000] {processor.py:925} INFO - DAG(s) 'example_bash_decorator' retrieved from /home/airflow/.local/lib/python3.12/site-packages/airflow/example_dags/example_bash_decorator.py
[2026-08-12T04:44:33.893+0000] {logging_mixin.py:190} INFO - [2026-08-12T04:44:33.892+0000] {dag.py:3211} INFO - Sync 1 DAGs
[2026-08-12T04:44:33.912+0000] {logging_mixin.py:190} INFO - [2026-08-12T04:44:33.911+0000] {dag.py:4138} INFO - Setting next_dagrun for example_bash_decorator to None, run_after=None
[2026-08-12T04:44:33.938+0000] {processor.py:208} INFO - Processing /home/airflow/.local/lib/python3.12/site-packages/airflow/example_dags/example_bash_decorator.py took 0.101 seconds
[2026-08-12T04:45:05.026+0000] {processor.py:186} INFO - Started process (PID=1507) to work on /home/airflow/.local/lib/python3.12/site-packages/airflow/example_dags/example_bash_decorator.py
[2026-08-12T04:45:05.028+0000] {processor.py:914} INFO - Processing file /home/airflow/.local/lib/python3.12/site-packages/airflow/example_dags/example_bash_decorator.py for tasks to queue
[2026-08-12T04:45:05.032+0000] {logging_mixin.py:190} INFO - [2026-08-12T04:45:05.032+0000] {dagbag.py:587} INFO - Filling up the DagBag from /home/airflow/.local/lib/python3.12/site-packages/airflow/example_dags/example_bash_decorator.py
[2026-08-12T04:45:05.051+0000] {processor.py:925} INFO - DAG(s) 'example_bash_decorator' retrieved from /home/airflow/.local/lib/python3.12/site-packages/airflow/example_dags/example_bash_decorator.py
[2026-08-12T04:45:05.079+0000] {logging_mixin.py:190} INFO - [2026-08-12T04:45:05.079+0000] {dag.py:3211} INFO - Sync 1 DAGs
[2026-08-12T04:45:05.099+0000] {logging_mixin.py:190} INFO - [2026-08-12T04:45:05.098+0000] {dag.py:4138} INFO - Setting next_dagrun for example_bash_decorator to None, run_after=None
[2026-08-12T04:45:05.129+0000] {processor.py:208} INFO - Processing /home/airflow/.local/lib/python3.12/site-packages/airflow/example_dags/example_bash_decorator.py took 0.111 seconds
[2026-08-12T04:45:36.323+0000] {processor.py:186} INFO - Started process (PID=1569) to work on /home/airflow/.local/lib/python3.12/site-packages/airflow/example_dags/example_bash_decorator.py
[2026-08-12T04:45:36.325+0000] {processor.py:914} INFO - Processing file /home/airflow/.local/lib/python3.12/site-packages/airflow/example_dags/example_bash_decorator.py for tasks to queue
[2026-08-12T04:45:36.329+0000] {logging_mixin.py:190} INFO - [2026-08-12T04:45:36.328+0000] {dagbag.py:587} INFO - Filling up the DagBag from /home/airflow/.local/lib/python3.12/site-packages/airflow/example_dags/example_bash_decorator.py
[2026-08-12T04:45:36.345+0000] {processor.py:925} INFO - DAG(s) 'example_bash_decorator' retrieved from /home/airflow/.local/lib/python3.12/site-packages/airflow/example_dags/example_bash_decorator.py
[2026-08-12T04:45:36.370+0000] {logging_mixin.py:190} INFO - [2026-08-12T04:45:36.370+0000] {dag.py:3211} INFO - Sync 1 DAGs
[2026-08-12T04:45:36.385+0000] {logging_mixin.py:190} INFO - [2026-08-12T04:45:36.384+0000] {dag.py:4138} INFO - Setting next_dagrun for example_bash_decorator to None, run_after=None
[2026-08-12T04:45:36.409+0000] {processor.py:208} INFO - Processing /home/airflow/.local/lib/python3.12/site-packages/airflow/example_dags/example_bash_decorator.py took 0.092 seconds
[2026-08-12T04:46:06.543+0000] {processor.py:186} INFO - Started process (PID=1631) to work on /home/airflow/.local/lib/python3.12/site-packages/airflow/example_dags/example_bash_decorator.py
[2026-08-12T04:46:06.545+0000] {processor.py:914} INFO - Processing file /home/airflow/.local/lib/python3.12/site-packages/airflow/example_dags/example_bash_decorator.py for tasks to queue
[2026-08-12T04:46:06.548+0000] {logging_mixin.py:190} INFO - [2026-08-12T04:46:06.547+0000] {dagbag.py:587} INFO - Filling up the DagBag from /home/airflow/.local/lib/python3.12/site-packages/airflow/example_dags/example_bash_decorator.py
[2026-08-12T04:46:06.576+0000] {processor.py:925} INFO - DAG(s) 'example_bash_decorator' retrieved from /home/airflow/.local/lib/python3.12/site-packages/airflow/example_dags/example_bash_decorator.py
[2026-08-12T04:46:06.600+0000] {logging_mixin.py:190} INFO - [2026-08-12T04:46:06.599+0000] {dag.py:3211} INFO - Sync 1 DAGs
[2026-08-12T04:46:06.613+0000] {logging_mixin.py:190} INFO - [2026-08-12T04:46:06.613+0000] {dag.py:4138} INFO - Setting next_dagrun for example_bash_decorator to None, run_after=None
[2026-08-12T04:46:06.637+0000] {processor.py:208} INFO - Processing /home/airflow/.local/lib/python3.12/site-packages/airflow/example_dags/example_bash_decorator.py took 0.099 seconds
[2026-08-12T04:46:36.927+0000] {processor.py:186} INFO - Started process (PID=1693) to work on /home/airflow/.local/lib/python3.12/site-packages/airflow/example_dags/example_bash_decorator.py
[2026-08-12T04:46:36.929+0000] {processor.py:914} INFO - Processing file /home/airflow/.local/lib/python3.12/site-packages/airflow/example_dags/example_bash_decorator.py for tasks to queue
[2026-08-12T04:46:36.932+0000] {logging_mixin.py:190} INFO - [2026-08-12T04:46:36.932+0000] {dagbag.py:587} INFO - Filling up the DagBag from /home/airflow/.local/lib/python3.12/site-packages/airflow/example_dags/example_bash_decorator.py
[2026-08-12T04:46:36.949+0000] {processor.py:925} INFO - DAG(s) 'example_bash_decorator' retrieved from /home/airflow/.local/lib/python3.12/site-packages/airflow/example_dags/example_bash_decorator.py
[2026-08-12T04:46:36.974+0000] {logging_mixin.py:190} INFO - [2026-08-12T04:46:36.974+0000] {dag.py:3211} INFO - Sync 1 DAGs
[2026-08-12T04:46:36.989+0000] {logging_mixin.py:190} INFO - [2026-08-12T04:46:36.989+0000] {dag.py:4138} INFO - Setting next_dagrun for example_bash_decorator to None, run_after=None
[2026-08-12T04:46:37.015+0000] {processor.py:208} INFO - Processing /home/airflow/.local/lib/python3.12/site-packages/airflow/example_dags/example_bash_decorator.py took 0.095 seconds
[2026-08-12T04:47:07.663+0000] {processor.py:186} INFO - Started process (PID=1755) to work on /home/airflow/.local/lib/python3.12/site-packages/airflow/example_dags/example_bash_decorator.py
[2026-08-12T04:47:07.665+0000] {processor.py:914} INFO - Processing file /home/airflow/.local/lib/python3.12/site-packages/airflow/example_dags/example_bash_decorator.py for tasks to queue
[2026-08-12T04:47:07.668+0000] {logging_mixin.py:190} INFO - [2026-08-12T04:47:07.668+0000] {dagbag.py:587} INFO - Filling up the DagBag from /home/airflow/.local/lib/python3.12/site-packages/airflow/example_dags/example_bash_decorator.py
[2026-08-12T04:47:07.687+0000] {processor.py:925} INFO - DAG(s) 'example_bash_decorator' retrieved from /home/airflow/.local/lib/python3.12/site-packages/airflow/example_dags/example_bash_decorator.py
[2026-08-12T04:47:07.731+0000] {logging_mixin.py:190} INFO - [2026-08-12T04:47:07.731+0000] {dag.py:3211} INFO - Sync 1 DAGs
[2026-08-12T04:47:07.744+0000] {logging_mixin.py:190} INFO - [2026-08-12T04:47:07.744+0000] {dag.py:4138} INFO - Setting next_dagrun for example_bash_decorator to None, run_after=None
[2026-08-12T04:47:07.770+0000] {processor.py:208} INFO - Processing /home/airflow/.local/lib/python3.12/site-packages/airflow/example_dags/example_bash_decorator.py took 0.113 seconds
[2026-08-12T04:47:38.052+0000] {processor.py:186} INFO - Started process (PID=1817) to work on /home/airflow/.local/lib/python3.12/site-packages/airflow/example_dags/example_bash_decorator.py
[2026-08-12T04:47:38.054+0000] {processor.py:914} INFO - Processing file /home/airflow/.local/lib/python3.12/site-packages/airflow/example_dags/example_bash_decorator.py for tasks to queue
[2026-08-12T04:47:38.058+0000] {logging_mixin.py:190} INFO - [2026-08-12T04:47:38.057+0000] {dagbag.py:587} INFO - Filling up the DagBag from /home/airflow/.local/lib/python3.12/site-packages/airflow/example_dags/example_bash_decorator.py
[2026-08-12T04:47:38.080+0000] {processor.py:925} INFO - DAG(s) 'example_bash_decorator' retrieved from /home/airflow/.local/lib/python3.12/site-packages/airflow/example_dags/example_bash_decorator.py
[2026-08-12T04:47:38.137+0000] {logging_mixin.py:190} INFO - [2026-08-12T04:47:38.137+0000] {dag.py:3211} INFO - Sync 1 DAGs
[2026-08-12T04:47:38.153+0000] {logging_mixin.py:190} INFO - [2026-08-12T04:47:38.153+0000] {dag.py:4138} INFO - Setting next_dagrun for example_bash_decorator to None, run_after=None
[2026-08-12T04:47:38.177+0000] {processor.py:208} INFO - Processing /home/airflow/.local/lib/python3.12/site-packages/airflow/example_dags/example_bash_decorator.py took 0.134 seconds
[2026-08-12T04:48:08.419+0000] {processor.py:186} INFO - Started process (PID=1879) to work on /home/airflow/.local/lib/python3.12/site-packages/airflow/example_dags/example_bash_decorator.py
[2026-08-12T04:48:08.421+0000] {processor.py:914} INFO - Processing file /home/airflow/.local/lib/python3.12/site-packages/airflow/example_dags/example_bash_decorator.py for tasks to queue
[2026-08-12T04:48:08.424+0000] {logging_mixin.py:190} INFO - [2026-08-12T04:48:08.424+0000] {dagbag.py:587} INFO - Filling up the DagBag from /home/airflow/.local/lib/python3.12/site-packages/airflow/example_dags/example_bash_decorator.py
[2026-08-12T04:48:08.441+0000] {processor.py:925} INFO - DAG(s) 'example_bash_decorator' retrieved from /home/airflow/.local/lib/python3.12/site-packages/airflow/example_dags/example_bash_decorator.py
[2026-08-12T04:48:08.470+0000] {logging_mixin.py:190} INFO - [2026-08-12T04:48:08.470+0000] {dag.py:3211} INFO - Sync 1 DAGs
[2026-08-12T04:48:08.490+0000] {logging_mixin.py:190} INFO - [2026-08-12T04:48:08.489+0000] {dag.py:4138} INFO - Setting next_dagrun for example_bash_decorator to None, run_after=None
[2026-08-12T04:48:08.516+0000] {processor.py:208} INFO - Processing /home/airflow/.local/lib/python3.12/site-packages/airflow/example_dags/example_bash_decorator.py took 0.104 seconds
