[2026-08-12T04:31:34.397+0000] {processor.py:186} INFO - Started process (PID=101) to work on /home/airflow/.local/lib/python3.12/site-packages/airflow/example_dags/example_trigger_target_dag.py
[2026-08-12T04:31:34.399+0000] {processor.py:914} INFO - Processing file /home/airflow/.local/lib/python3.12/site-packages/airflow/example_dags/example_trigger_target_dag.py for tasks to queue
[2026-08-12T04:31:34.404+0000] {logging_mixin.py:190} INFO - [2026-08-12T04:31:34.403+0000] {dagbag.py:587} INFO - Filling up the DagBag from /home/airflow/.local/lib/python3.12/site-packages/airflow/example_dags/example_trigger_target_dag.py
[2026-08-12T04:31:34.416+0000] {processor.py:925} INFO - DAG(s) 'example_trigger_target_dag' retrieved from /home/airflow/.local/lib/python3.12/site-packages/airflow/example_dags/example_trigger_target_dag.py
[2026-08-12T04:31:34.580+0000] {logging_mixin.py:190} INFO - [2026-08-12T04:31:34.580+0000] {override.py:1858} INFO - Created Permission View: can read on DAG:example_trigger_target_dag
[2026-08-12T04:31:34.595+0000] {logging_mixin.py:190} INFO - [2026-08-12T04:31:34.595+0000] {override.py:1858} INFO - Created Permission View: can edit on DAG:example_trigger_target_dag
[2026-08-12T04:31:34.613+0000] {logging_mixin.py:190} INFO - [2026-08-12T04:31:34.613+0000] {override.py:1858} INFO - Created Permission View: can delete on DAG:example_trigger_target_dag
[2026-08-12T04:31:34.615+0000] {logging_mixin.py:190} INFO - [2026-08-12T04:31:34.615+0000] {dag.py:3211} INFO - Sync 1 DAGs
[2026-08-12T04:31:34.631+0000] {logging_mixin.py:190} INFO - [2026-08-12T04:31:34.631+0000] {dag.py:3234} INFO - Creating ORM DAG for example_trigger_target_dag
[2026-08-12T04:31:34.633+0000] {logging_mixin.py:190} INFO - [2026-08-12T04:31:34.633+0000] {dag.py:4138} INFO - Setting next_dagrun for example_trigger_target_dag to None, run_after=None
[2026-08-12T04:31:34.659+0000] {processor.py:208} INFO - Processing /home/airflow/.local/lib/python3.12/site-packages/airflow/example_dags/example_trigger_target_dag.py took 0.269 seconds
[2026-08-12T04:32:04.809+0000] {processor.py:186} INFO - Started process (PID=163) to work on /home/airflow/.local/lib/python3.12/site-packages/airflow/example_dags/example_trigger_target_dag.py
[2026-08-12T04:32:04.811+0000] {processor.py:914} INFO - Processing file /home/airflow/.local/lib/python3.12/site-packages/airflow/example_dags/example_trigger_target_dag.py for tasks to queue
[2026-08-12T04:32:04.814+0000] {logging_mixin.py:190} INFO - [2026-08-12T04:32:04.814+0000] {dagbag.py:587} INFO - Filling up the DagBag from /home/airflow/.local/lib/python3.12/site-packages/airflow/example_dags/example_trigger_target_dag.py
[2026-08-12T04:32:04.823+0000] {processor.py:925} INFO - DAG(s) 'example_trigger_target_dag' retrieved from /home/airflow/.local/lib/python3.12/site-packages/airflow/example_dags/example_trigger_target_dag.py
[2026-08-12T04:32:04.848+0000] {logging_mixin.py:190} INFO - [2026-08-12T04:32:04.847+0000] {dag.py:3211} INFO - Sync 1 DAGs
[2026-08-12T04:32:04.864+0000] {logging_mixin.py:190} INFO - [2026-08-12T04:32:04.863+0000] {dag.py:4138} INFO - Setting next_dagrun for example_trigger_target_dag to None, run_after=None
[2026-08-12T04:32:04.888+0000] {processor.py:208} INFO - Processing /home/airflow/.local/lib/python3.12/site-packages/airflow/example_dags/example_trigger_target_dag.py took 0.086 seconds
[2026-08-12T04:33:21.453+0000] {processor.py:186} INFO - Started process (PID=88) to work on /home/airflow/.local/lib/python3.12/site-packages/airflow/example_dags/example_trigger_target_dag.py
[2026-08-12T04:33:21.454+0000] {processor.py:914} INFO - Processing file /home/airflow/.local/lib/python3.12/site-packages/airflow/example_dags/example_trigger_target_dag.py for tasks to queue
[2026-08-12T04:33:21.457+0000] {logging_mixin.py:190} INFO - [2026-08-12T04:33:21.457+0000] {dagbag.py:587} INFO - Filling up the DagBag from /home/airflow/.local/lib/python3.12/site-packages/airflow/example_dags/example_trigger_target_dag.py
[2026-08-12T04:33:21.466+0000] {processor.py:925} INFO - DAG(s) 'example_trigger_target_dag' retrieved from /home/airflow/.local/lib/python3.12/site-packages/airflow/example_dags/example_trigger_target_dag.py
[2026-08-12T04:33:21.489+0000] {logging_mixin.py:190} INFO - [2026-08-12T04:33:21.489+0000] {dag.py:3211} INFO - Sync 1 DAGs
[2026-08-12T04:33:21.505+0000] {logging_mixin.py:190} INFO - [2026-08-12T04:33:21.505+0000] {dag.py:4138} INFO - Setting next_dagrun for example_trigger_target_dag to None, run_after=None
[2026-08-12T04:33:21.531+0000] {processor.py:208} INFO - Processing /home/airflow/.local/lib/python3.12/site-packages/airflow/example_dags/example_trigger_target_dag.py took 0.085 seconds
[2026-08-12T04:33:52.461+0000] {processor.py:186} INFO - Started process (PID=150) to work on /home/airflow/.local/lib/python3.12/site-packages/airflow/example_dags/example_trigger_target_dag.py
[2026-08-12T04:33:52.463+0000] {processor.py:914} INFO - Processing file /home/airflow/.local/lib/python3.12/site-packages/airflow/example_dags/example_trigger_target_dag.py for tasks to queue
[2026-08-12T04:33:52.467+0000] {logging_mixin.py:190} INFO - [2026-08-12T04:33:52.466+0000] {dagbag.py:587} INFO - Filling up the DagBag from /home/airflow/.local/lib/python3.12/site-packages/airflow/example_dags/example_trigger_target_dag.py
[2026-08-12T04:33:52.477+0000] {processor.py:925} INFO - DAG(s) 'example_trigger_target_dag' retrieved from /home/airflow/.local/lib/python3.12/site-packages/airflow/example_dags/example_trigger_target_dag.py
[2026-08-12T04:33:52.496+0000] {logging_mixin.py:190} INFO - [2026-08-12T04:33:52.496+0000] {dag.py:3211} INFO - Sync 1 DAGs
[2026-08-12T04:33:52.512+0000] {logging_mixin.py:190} INFO - [2026-08-12T04:33:52.512+0000] {dag.py:4138} INFO - Setting next_dagrun for example_trigger_target_dag to None, run_after=None
[2026-08-12T04:33:52.549+0000] {processor.py:208} INFO - Processing /home/airflow/.local/lib/python3.12/site-packages/airflow/example_dags/example_trigger_target_dag.py took 0.095 seconds
[2026-08-12T04:34:22.791+0000] {processor.py:186} INFO - Started process (PID=212) to work on /home/airflow/.local/lib/python3.12/site-packages/airflow/example_dags/example_trigger_target_dag.py
[2026-08-12T04:34:22.793+0000] {processor.py:914} INFO - Processing file /home/airflow/.local/lib/python3.12/site-packages/airflow/example_dags/example_trigger_target_dag.py for tasks to queue
[2026-08-12T04:34:22.796+0000] {logging_mixin.py:190} INFO - [2026-08-12T04:34:22.796+0000] {dagbag.py:587} INFO - Filling up the DagBag from /home/airflow/.local/lib/python3.12/site-packages/airflow/example_dags/example_trigger_target_dag.py
[2026-08-12T04:34:22.805+0000] {processor.py:925} INFO - DAG(s) 'example_trigger_target_dag' retrieved from /home/airflow/.local/lib/python3.12/site-packages/airflow/example_dags/example_trigger_target_dag.py
[2026-08-12T04:34:22.829+0000] {logging_mixin.py:190} INFO - [2026-08-12T04:34:22.828+0000] {dag.py:3211} INFO - Sync 1 DAGs
[2026-08-12T04:34:22.845+0000] {logging_mixin.py:190} INFO - [2026-08-12T04:34:22.844+0000] {dag.py:4138} INFO - Setting next_dagrun for example_trigger_target_dag to None, run_after=None
[2026-08-12T04:34:22.870+0000] {processor.py:208} INFO - Processing /home/airflow/.local/lib/python3.12/site-packages/airflow/example_dags/example_trigger_target_dag.py took 0.087 seconds
[2026-08-12T04:34:53.048+0000] {processor.py:186} INFO - Started process (PID=274) to work on /home/airflow/.local/lib/python3.12/site-packages/airflow/example_dags/example_trigger_target_dag.py
[2026-08-12T04:34:53.050+0000] {processor.py:914} INFO - Processing file /home/airflow/.local/lib/python3.12/site-packages/airflow/example_dags/example_trigger_target_dag.py for tasks to queue
[2026-08-12T04:34:53.054+0000] {logging_mixin.py:190} INFO - [2026-08-12T04:34:53.053+0000] {dagbag.py:587} INFO - Filling up the DagBag from /home/airflow/.local/lib/python3.12/site-packages/airflow/example_dags/example_trigger_target_dag.py
[2026-08-12T04:34:53.067+0000] {processor.py:925} INFO - DAG(s) 'example_trigger_target_dag' retrieved from /home/airflow/.local/lib/python3.12/site-packages/airflow/example_dags/example_trigger_target_dag.py
[2026-08-12T04:34:53.091+0000] {logging_mixin.py:190} INFO - [2026-08-12T04:34:53.091+0000] {dag.py:3211} INFO - Sync 1 DAGs
[2026-08-12T04:34:53.108+0000] {logging_mixin.py:190} INFO - [2026-08-12T04:34:53.108+0000] {dag.py:4138} INFO - Setting next_dagrun for example_trigger_target_dag to None, run_after=None
[2026-08-12T04:34:53.132+0000] {processor.py:208} INFO - Processing /home/airflow/.local/lib/python3.12/site-packages/airflow/example_dags/example_trigger_target_dag.py took 0.091 seconds
[2026-08-12T04:35:23.226+0000] {processor.py:186} INFO - Started process (PID=337) to work on /home/airflow/.local/lib/python3.12/site-packages/airflow/example_dags/example_trigger_target_dag.py
[2026-08-12T04:35:23.227+0000] {processor.py:914} INFO - Processing file /home/airflow/.local/lib/python3.12/site-packages/airflow/example_dags/example_trigger_target_dag.py for tasks to queue
[2026-08-12T04:35:23.230+0000] {logging_mixin.py:190} INFO - [2026-08-12T04:35:23.229+0000] {dagbag.py:587} INFO - Filling up the DagBag from /home/airflow/.local/lib/python3.12/site-packages/airflow/example_dags/example_trigger_target_dag.py
[2026-08-12T04:35:23.237+0000] {processor.py:925} INFO - DAG(s) 'example_trigger_target_dag' retrieved from /home/airflow/.local/lib/python3.12/site-packages/airflow/example_dags/example_trigger_target_dag.py
[2026-08-12T04:35:23.259+0000] {logging_mixin.py:190} INFO - [2026-08-12T04:35:23.259+0000] {dag.py:3211} INFO - Sync 1 DAGs
[2026-08-12T04:35:23.273+0000] {logging_mixin.py:190} INFO - [2026-08-12T04:35:23.273+0000] {dag.py:4138} INFO - Setting next_dagrun for example_trigger_target_dag to None, run_after=None
[2026-08-12T04:35:23.298+0000] {processor.py:208} INFO - Processing /home/airflow/.local/lib/python3.12/site-packages/airflow/example_dags/example_trigger_target_dag.py took 0.078 seconds
[2026-08-12T04:35:53.404+0000] {processor.py:186} INFO - Started process (PID=399) to work on /home/airflow/.local/lib/python3.12/site-packages/airflow/example_dags/example_trigger_target_dag.py
[2026-08-12T04:35:53.406+0000] {processor.py:914} INFO - Processing file /home/airflow/.local/lib/python3.12/site-packages/airflow/example_dags/example_trigger_target_dag.py for tasks to queue
[2026-08-12T04:35:53.409+0000] {logging_mixin.py:190} INFO - [2026-08-12T04:35:53.409+0000] {dagbag.py:587} INFO - Filling up the DagBag from /home/airflow/.local/lib/python3.12/site-packages/airflow/example_dags/example_trigger_target_dag.py
[2026-08-12T04:35:53.418+0000] {processor.py:925} INFO - DAG(s) 'example_trigger_target_dag' retrieved from /home/airflow/.local/lib/python3.12/site-packages/airflow/example_dags/example_trigger_target_dag.py
[2026-08-12T04:35:53.438+0000] {logging_mixin.py:190} INFO - [2026-08-12T04:35:53.438+0000] {dag.py:3211} INFO - Sync 1 DAGs
[2026-08-12T04:35:53.451+0000] {logging_mixin.py:190} INFO - [2026-08-12T04:35:53.451+0000] {dag.py:4138} INFO - Setting next_dagrun for example_trigger_target_dag to None, run_after=None
[2026-08-12T04:35:53.473+0000] {processor.py:208} INFO - Processing /home/airflow/.local/lib/python3.12/site-packages/airflow/example_dags/example_trigger_target_dag.py took 0.074 seconds
[2026-08-12T04:36:23.852+0000] {processor.py:186} INFO - Started process (PID=461) to work on /home/airflow/.local/lib/python3.12/site-packages/airflow/example_dags/example_trigger_target_dag.py
[2026-08-12T04:36:23.854+0000] {processor.py:914} INFO - Processing file /home/airflow/.local/lib/python3.12/site-packages/airflow/example_dags/example_trigger_target_dag.py for tasks to queue
[2026-08-12T04:36:23.858+0000] {logging_mixin.py:190} INFO - [2026-08-12T04:36:23.857+0000] {dagbag.py:587} INFO - Filling up the DagBag from /home/airflow/.local/lib/python3.12/site-packages/airflow/example_dags/example_trigger_target_dag.py
[2026-08-12T04:36:23.867+0000] {processor.py:925} INFO - DAG(s) 'example_trigger_target_dag' retrieved from /home/airflow/.local/lib/python3.12/site-packages/airflow/example_dags/example_trigger_target_dag.py
[2026-08-12T04:36:23.891+0000] {logging_mixin.py:190} INFO - [2026-08-12T04:36:23.890+0000] {dag.py:3211} INFO - Sync 1 DAGs
[2026-08-12T04:36:23.907+0000] {logging_mixin.py:190} INFO - [2026-08-12T04:36:23.907+0000] {dag.py:4138} INFO - Setting next_dagrun for example_trigger_target_dag to None, run_after=None
[2026-08-12T04:36:23.931+0000] {processor.py:208} INFO - Processing /home/airflow/.local/lib/python3.12/site-packages/airflow/example_dags/example_trigger_target_dag.py took 0.085 seconds
[2026-08-12T04:36:54.443+0000] {processor.py:186} INFO - Started process (PID=523) to work on /home/airflow/.local/lib/python3.12/site-packages/airflow/example_dags/example_trigger_target_dag.py
[2026-08-12T04:36:54.445+0000] {processor.py:914} INFO - Processing file /home/airflow/.local/lib/python3.12/site-packages/airflow/example_dags/example_trigger_target_dag.py for tasks to queue
[2026-08-12T04:36:54.449+0000] {logging_mixin.py:190} INFO - [2026-08-12T04:36:54.449+0000] {dagbag.py:587} INFO - Filling up the DagBag from /home/airflow/.local/lib/python3.12/site-packages/airflow/example_dags/example_trigger_target_dag.py
[2026-08-12T04:36:54.462+0000] {processor.py:925} INFO - DAG(s) 'example_trigger_target_dag' retrieved from /home/airflow/.local/lib/python3.12/site-packages/airflow/example_dags/example_trigger_target_dag.py
[2026-08-12T04:36:54.483+0000] {logging_mixin.py:190} INFO - [2026-08-12T04:36:54.482+0000] {dag.py:3211} INFO - Sync 1 DAGs
[2026-08-12T04:36:54.497+0000] {logging_mixin.py:190} INFO - [2026-08-12T04:36:54.497+0000] {dag.py:4138} INFO - Setting next_dagrun for example_trigger_target_dag to None, run_after=None
[2026-08-12T04:36:54.525+0000] {processor.py:208} INFO - Processing /home/airflow/.local/lib/python3.12/site-packages/airflow/example_dags/example_trigger_target_dag.py took 0.087 seconds
[2026-08-12T04:37:25.355+0000] {processor.py:186} INFO - Started process (PID=585) to work on /home/airflow/.local/lib/python3.12/site-packages/airflow/example_dags/example_trigger_target_dag.py
[2026-08-12T04:37:25.356+0000] {processor.py:914} INFO - Processing file /home/airflow/.local/lib/python3.12/site-packages/airflow/example_dags/example_trigger_target_dag.py for tasks to queue
[2026-08-12T04:37:25.359+0000] {logging_mixin.py:190} INFO - [2026-08-12T04:37:25.359+0000] {dagbag.py:587} INFO - Filling up the DagBag from /home/airflow/.local/lib/python3.12/site-packages/airflow/example_dags/example_trigger_target_dag.py
[2026-08-12T04:37:25.370+0000] {processor.py:925} INFO - DAG(s) 'example_trigger_target_dag' retrieved from /home/airflow/.local/lib/python3.12/site-packages/airflow/example_dags/example_trigger_target_dag.py
[2026-08-12T04:37:25.390+0000] {logging_mixin.py:190} INFO - [2026-08-12T04:37:25.390+0000] {dag.py:3211} INFO - Sync 1 DAGs
[2026-08-12T04:37:25.405+0000] {logging_mixin.py:190} INFO - [2026-08-12T04:37:25.404+0000] {dag.py:4138} INFO - Setting next_dagrun for example_trigger_target_dag to None, run_after=None
[2026-08-12T04:37:25.431+0000] {processor.py:208} INFO - Processing /home/airflow/.local/lib/python3.12/site-packages/airflow/example_dags/example_trigger_target_dag.py took 0.083 seconds
[2026-08-12T04:37:55.969+0000] {processor.py:186} INFO - Started process (PID=647) to work on /home/airflow/.local/lib/python3.12/site-packages/airflow/example_dags/example_trigger_target_dag.py
[2026-08-12T04:37:55.970+0000] {processor.py:914} INFO - Processing file /home/airflow/.local/lib/python3.12/site-packages/airflow/example_dags/example_trigger_target_dag.py for tasks to queue
[2026-08-12T04:37:55.973+0000] {logging_mixin.py:190} INFO - [2026-08-12T04:37:55.973+0000] {dagbag.py:587} INFO - Filling up the DagBag from /home/airflow/.local/lib/python3.12/site-packages/airflow/example_dags/example_trigger_target_dag.py
[2026-08-12T04:37:55.982+0000] {processor.py:925} INFO - DAG(s) 'example_trigger_target_dag' retrieved from /home/airflow/.local/lib/python3.12/site-packages/airflow/example_dags/example_trigger_target_dag.py
[2026-08-12T04:37:56.002+0000] {logging_mixin.py:190} INFO - [2026-08-12T04:37:56.002+0000] {dag.py:3211} INFO - Sync 1 DAGs
[2026-08-12T04:37:56.016+0000] {logging_mixin.py:190} INFO - [2026-08-12T04:37:56.016+0000] {dag.py:4138} INFO - Setting next_dagrun for example_trigger_target_dag to None, run_after=None
[2026-08-12T04:37:56.042+0000] {processor.py:208} INFO - Processing /home/airflow/.local/lib/python3.12/site-packages/airflow/example_dags/example_trigger_target_dag.py took 0.080 seconds
[2026-08-12T04:38:26.145+0000] {processor.py:186} INFO - Started process (PID=709) to work on /home/airflow/.local/lib/python3.12/site-packages/airflow/example_dags/example_trigger_target_dag.py
[2026-08-12T04:38:26.147+0000] {processor.py:914} INFO - Processing file /home/airflow/.local/lib/python3.12/site-packages/airflow/example_dags/example_trigger_target_dag.py for tasks to queue
[2026-08-12T04:38:26.151+0000] {logging_mixin.py:190} INFO - [2026-08-12T04:38:26.150+0000] {dagbag.py:587} INFO - Filling up the DagBag from /home/airflow/.local/lib/python3.12/site-packages/airflow/example_dags/example_trigger_target_dag.py
[2026-08-12T04:38:26.160+0000] {processor.py:925} INFO - DAG(s) 'example_trigger_target_dag' retrieved from /home/airflow/.local/lib/python3.12/site-packages/airflow/example_dags/example_trigger_target_dag.py
[2026-08-12T04:38:26.183+0000] {logging_mixin.py:190} INFO - [2026-08-12T04:38:26.182+0000] {dag.py:3211} INFO - Sync 1 DAGs
[2026-08-12T04:38:26.199+0000] {logging_mixin.py:190} INFO - [2026-08-12T04:38:26.199+0000] {dag.py:4138} INFO - Setting next_dagrun for example_trigger_target_dag to None, run_after=None
[2026-08-12T04:38:26.227+0000] {processor.py:208} INFO - Processing /home/airflow/.local/lib/python3.12/site-packages/airflow/example_dags/example_trigger_target_dag.py took 0.087 seconds
[2026-08-12T04:38:56.620+0000] {processor.py:186} INFO - Started process (PID=771) to work on /home/airflow/.local/lib/python3.12/site-packages/airflow/example_dags/example_trigger_target_dag.py
[2026-08-12T04:38:56.622+0000] {processor.py:914} INFO - Processing file /home/airflow/.local/lib/python3.12/site-packages/airflow/example_dags/example_trigger_target_dag.py for tasks to queue
[2026-08-12T04:38:56.625+0000] {logging_mixin.py:190} INFO - [2026-08-12T04:38:56.625+0000] {dagbag.py:587} INFO - Filling up the DagBag from /home/airflow/.local/lib/python3.12/site-packages/airflow/example_dags/example_trigger_target_dag.py
[2026-08-12T04:38:56.639+0000] {processor.py:925} INFO - DAG(s) 'example_trigger_target_dag' retrieved from /home/airflow/.local/lib/python3.12/site-packages/airflow/example_dags/example_trigger_target_dag.py
[2026-08-12T04:38:56.662+0000] {logging_mixin.py:190} INFO - [2026-08-12T04:38:56.661+0000] {dag.py:3211} INFO - Sync 1 DAGs
[2026-08-12T04:38:56.679+0000] {logging_mixin.py:190} INFO - [2026-08-12T04:38:56.679+0000] {dag.py:4138} INFO - Setting next_dagrun for example_trigger_target_dag to None, run_after=None
[2026-08-12T04:38:56.706+0000] {processor.py:208} INFO - Processing /home/airflow/.local/lib/python3.12/site-packages/airflow/example_dags/example_trigger_target_dag.py took 0.093 seconds
[2026-08-12T04:39:26.874+0000] {processor.py:186} INFO - Started process (PID=833) to work on /home/airflow/.local/lib/python3.12/site-packages/airflow/example_dags/example_trigger_target_dag.py
[2026-08-12T04:39:26.876+0000] {processor.py:914} INFO - Processing file /home/airflow/.local/lib/python3.12/site-packages/airflow/example_dags/example_trigger_target_dag.py for tasks to queue
[2026-08-12T04:39:26.881+0000] {logging_mixin.py:190} INFO - [2026-08-12T04:39:26.881+0000] {dagbag.py:587} INFO - Filling up the DagBag from /home/airflow/.local/lib/python3.12/site-packages/airflow/example_dags/example_trigger_target_dag.py
[2026-08-12T04:39:26.891+0000] {processor.py:925} INFO - DAG(s) 'example_trigger_target_dag' retrieved from /home/airflow/.local/lib/python3.12/site-packages/airflow/example_dags/example_trigger_target_dag.py
[2026-08-12T04:39:26.917+0000] {logging_mixin.py:190} INFO - [2026-08-12T04:39:26.916+0000] {dag.py:3211} INFO - Sync 1 DAGs
[2026-08-12T04:39:26.936+0000] {logging_mixin.py:190} INFO - [2026-08-12T04:39:26.935+0000] {dag.py:4138} INFO - Setting next_dagrun for example_trigger_target_dag to None, run_after=None
[2026-08-12T04:39:26.963+0000] {processor.py:208} INFO - Processing /home/airflow/.local/lib/python3.12/site-packages/airflow/example_dags/example_trigger_target_dag.py took 0.097 seconds
[2026-08-12T04:39:58.547+0000] {processor.py:186} INFO - Started process (PID=895) to work on /home/airflow/.local/lib/python3.12/site-packages/airflow/example_dags/example_trigger_target_dag.py
[2026-08-12T04:39:58.549+0000] {processor.py:914} INFO - Processing file /home/airflow/.local/lib/python3.12/site-packages/airflow/example_dags/example_trigger_target_dag.py for tasks to queue
[2026-08-12T04:39:58.553+0000] {logging_mixin.py:190} INFO - [2026-08-12T04:39:58.552+0000] {dagbag.py:587} INFO - Filling up the DagBag from /home/airflow/.local/lib/python3.12/site-packages/airflow/example_dags/example_trigger_target_dag.py
[2026-08-12T04:39:58.562+0000] {processor.py:925} INFO - DAG(s) 'example_trigger_target_dag' retrieved from /home/airflow/.local/lib/python3.12/site-packages/airflow/example_dags/example_trigger_target_dag.py
[2026-08-12T04:39:58.585+0000] {logging_mixin.py:190} INFO - [2026-08-12T04:39:58.585+0000] {dag.py:3211} INFO - Sync 1 DAGs
[2026-08-12T04:39:58.607+0000] {logging_mixin.py:190} INFO - [2026-08-12T04:39:58.607+0000] {dag.py:4138} INFO - Setting next_dagrun for example_trigger_target_dag to None, run_after=None
[2026-08-12T04:39:58.631+0000] {processor.py:208} INFO - Processing /home/airflow/.local/lib/python3.12/site-packages/airflow/example_dags/example_trigger_target_dag.py took 0.089 seconds
[2026-08-12T04:40:28.701+0000] {processor.py:186} INFO - Started process (PID=957) to work on /home/airflow/.local/lib/python3.12/site-packages/airflow/example_dags/example_trigger_target_dag.py
[2026-08-12T04:40:28.703+0000] {processor.py:914} INFO - Processing file /home/airflow/.local/lib/python3.12/site-packages/airflow/example_dags/example_trigger_target_dag.py for tasks to queue
[2026-08-12T04:40:28.706+0000] {logging_mixin.py:190} INFO - [2026-08-12T04:40:28.706+0000] {dagbag.py:587} INFO - Filling up the DagBag from /home/airflow/.local/lib/python3.12/site-packages/airflow/example_dags/example_trigger_target_dag.py
[2026-08-12T04:40:28.716+0000] {processor.py:925} INFO - DAG(s) 'example_trigger_target_dag' retrieved from /home/airflow/.local/lib/python3.12/site-packages/airflow/example_dags/example_trigger_target_dag.py
[2026-08-12T04:40:28.740+0000] {logging_mixin.py:190} INFO - [2026-08-12T04:40:28.740+0000] {dag.py:3211} INFO - Sync 1 DAGs
[2026-08-12T04:40:28.754+0000] {logging_mixin.py:190} INFO - [2026-08-12T04:40:28.754+0000] {dag.py:4138} INFO - Setting next_dagrun for example_trigger_target_dag to None, run_after=None
[2026-08-12T04:40:28.783+0000] {processor.py:208} INFO - Processing /home/airflow/.local/lib/python3.12/site-packages/airflow/example_dags/example_trigger_target_dag.py took 0.088 seconds
[2026-08-12T04:40:58.899+0000] {processor.py:186} INFO - Started process (PID=1019) to work on /home/airflow/.local/lib/python3.12/site-packages/airflow/example_dags/example_trigger_target_dag.py
[2026-08-12T04:40:58.901+0000] {processor.py:914} INFO - Processing file /home/airflow/.local/lib/python3.12/site-packages/airflow/example_dags/example_trigger_target_dag.py for tasks to queue
[2026-08-12T04:40:58.904+0000] {logging_mixin.py:190} INFO - [2026-08-12T04:40:58.904+0000] {dagbag.py:587} INFO - Filling up the DagBag from /home/airflow/.local/lib/python3.12/site-packages/airflow/example_dags/example_trigger_target_dag.py
[2026-08-12T04:40:58.914+0000] {processor.py:925} INFO - DAG(s) 'example_trigger_target_dag' retrieved from /home/airflow/.local/lib/python3.12/site-packages/airflow/example_dags/example_trigger_target_dag.py
[2026-08-12T04:40:58.937+0000] {logging_mixin.py:190} INFO - [2026-08-12T04:40:58.936+0000] {dag.py:3211} INFO - Sync 1 DAGs
[2026-08-12T04:40:58.953+0000] {logging_mixin.py:190} INFO - [2026-08-12T04:40:58.952+0000] {dag.py:4138} INFO - Setting next_dagrun for example_trigger_target_dag to None, run_after=None
[2026-08-12T04:40:58.984+0000] {processor.py:208} INFO - Processing /home/airflow/.local/lib/python3.12/site-packages/airflow/example_dags/example_trigger_target_dag.py took 0.091 seconds
[2026-08-12T04:41:29.362+0000] {processor.py:186} INFO - Started process (PID=1081) to work on /home/airflow/.local/lib/python3.12/site-packages/airflow/example_dags/example_trigger_target_dag.py
[2026-08-12T04:41:29.364+0000] {processor.py:914} INFO - Processing file /home/airflow/.local/lib/python3.12/site-packages/airflow/example_dags/example_trigger_target_dag.py for tasks to queue
[2026-08-12T04:41:29.367+0000] {logging_mixin.py:190} INFO - [2026-08-12T04:41:29.367+0000] {dagbag.py:587} INFO - Filling up the DagBag from /home/airflow/.local/lib/python3.12/site-packages/airflow/example_dags/example_trigger_target_dag.py
[2026-08-12T04:41:29.376+0000] {processor.py:925} INFO - DAG(s) 'example_trigger_target_dag' retrieved from /home/airflow/.local/lib/python3.12/site-packages/airflow/example_dags/example_trigger_target_dag.py
[2026-08-12T04:41:29.398+0000] {logging_mixin.py:190} INFO - [2026-08-12T04:41:29.397+0000] {dag.py:3211} INFO - Sync 1 DAGs
[2026-08-12T04:41:29.413+0000] {logging_mixin.py:190} INFO - [2026-08-12T04:41:29.413+0000] {dag.py:4138} INFO - Setting next_dagrun for example_trigger_target_dag to None, run_after=None
[2026-08-12T04:41:29.437+0000] {processor.py:208} INFO - Processing /home/airflow/.local/lib/python3.12/site-packages/airflow/example_dags/example_trigger_target_dag.py took 0.080 seconds
[2026-08-12T04:42:00.385+0000] {processor.py:186} INFO - Started process (PID=1143) to work on /home/airflow/.local/lib/python3.12/site-packages/airflow/example_dags/example_trigger_target_dag.py
[2026-08-12T04:42:00.387+0000] {processor.py:914} INFO - Processing file /home/airflow/.local/lib/python3.12/site-packages/airflow/example_dags/example_trigger_target_dag.py for tasks to queue
[2026-08-12T04:42:00.390+0000] {logging_mixin.py:190} INFO - [2026-08-12T04:42:00.390+0000] {dagbag.py:587} INFO - Filling up the DagBag from /home/airflow/.local/lib/python3.12/site-packages/airflow/example_dags/example_trigger_target_dag.py
[2026-08-12T04:42:00.401+0000] {processor.py:925} INFO - DAG(s) 'example_trigger_target_dag' retrieved from /home/airflow/.local/lib/python3.12/site-packages/airflow/example_dags/example_trigger_target_dag.py
[2026-08-12T04:42:00.430+0000] {logging_mixin.py:190} INFO - [2026-08-12T04:42:00.429+0000] {dag.py:3211} INFO - Sync 1 DAGs
[2026-08-12T04:42:00.447+0000] {logging_mixin.py:190} INFO - [2026-08-12T04:42:00.447+0000] {dag.py:4138} INFO - Setting next_dagrun for example_trigger_target_dag to None, run_after=None
[2026-08-12T04:42:00.476+0000] {processor.py:208} INFO - Processing /home/airflow/.local/lib/python3.12/site-packages/airflow/example_dags/example_trigger_target_dag.py took 0.097 seconds
[2026-08-12T04:42:31.385+0000] {processor.py:186} INFO - Started process (PID=1205) to work on /home/airflow/.local/lib/python3.12/site-packages/airflow/example_dags/example_trigger_target_dag.py
[2026-08-12T04:42:31.387+0000] {processor.py:914} INFO - Processing file /home/airflow/.local/lib/python3.12/site-packages/airflow/example_dags/example_trigger_target_dag.py for tasks to queue
[2026-08-12T04:42:31.390+0000] {logging_mixin.py:190} INFO - [2026-08-12T04:42:31.389+0000] {dagbag.py:587} INFO - Filling up the DagBag from /home/airflow/.local/lib/python3.12/site-packages/airflow/example_dags/example_trigger_target_dag.py
[2026-08-12T04:42:31.399+0000] {processor.py:925} INFO - DAG(s) 'example_trigger_target_dag' retrieved from /home/airflow/.local/lib/python3.12/site-packages/airflow/example_dags/example_trigger_target_dag.py
[2026-08-12T04:42:31.421+0000] {logging_mixin.py:190} INFO - [2026-08-12T04:42:31.420+0000] {dag.py:3211} INFO - Sync 1 DAGs
[2026-08-12T04:42:31.435+0000] {logging_mixin.py:190} INFO - [2026-08-12T04:42:31.435+0000] {dag.py:4138} INFO - Setting next_dagrun for example_trigger_target_dag to None, run_after=None
[2026-08-12T04:42:31.481+0000] {processor.py:208} INFO - Processing /home/airflow/.local/lib/python3.12/site-packages/airflow/example_dags/example_trigger_target_dag.py took 0.105 seconds
[2026-08-12T04:43:02.445+0000] {processor.py:186} INFO - Started process (PID=1267) to work on /home/airflow/.local/lib/python3.12/site-packages/airflow/example_dags/example_trigger_target_dag.py
[2026-08-12T04:43:02.448+0000] {processor.py:914} INFO - Processing file /home/airflow/.local/lib/python3.12/site-packages/airflow/example_dags/example_trigger_target_dag.py for tasks to queue
[2026-08-12T04:43:02.452+0000] {logging_mixin.py:190} INFO - [2026-08-12T04:43:02.451+0000] {dagbag.py:587} INFO - Filling up the DagBag from /home/airflow/.local/lib/python3.12/site-packages/airflow/example_dags/example_trigger_target_dag.py
[2026-08-12T04:43:02.461+0000] {processor.py:925} INFO - DAG(s) 'example_trigger_target_dag' retrieved from /home/airflow/.local/lib/python3.12/site-packages/airflow/example_dags/example_trigger_target_dag.py
[2026-08-12T04:43:02.485+0000] {logging_mixin.py:190} INFO - [2026-08-12T04:43:02.485+0000] {dag.py:3211} INFO - Sync 1 DAGs
[2026-08-12T04:43:02.500+0000] {logging_mixin.py:190} INFO - [2026-08-12T04:43:02.500+0000] {dag.py:4138} INFO - Setting next_dagrun for example_trigger_target_dag to None, run_after=None
[2026-08-12T04:43:02.534+0000] {processor.py:208} INFO - Processing /home/airflow/.local/lib/python3.12/site-packages/airflow/example_dags/example_trigger_target_dag.py took 0.095 seconds
[2026-08-12T04:43:33.285+0000] {processor.py:186} INFO - Started process (PID=1329) to work on /home/airflow/.local/lib/python3.12/site-packages/airflow/example_dags/example_trigger_target_dag.py
[2026-08-12T04:43:33.287+0000] {processor.py:914} INFO - Processing file /home/airflow/.local/lib/python3.12/site-packages/airflow/example_dags/example_trigger_target_dag.py for tasks to queue
[2026-08-12T04:43:33.290+0000] {logging_mixin.py:190} INFO - [2026-08-12T04:43:33.290+0000] {dagbag.py:587} INFO - Filling up the DagBag from /home/airflow/.local/lib/python3.12/site-packages/airflow/example_dags/example_trigger_target_dag.py
[2026-08-12T04:43:33.303+0000] {processor.py:925} INFO - DAG(s) 'example_trigger_target_dag' retrieved from /home/airflow/.local/lib/python3.12/site-packages/airflow/example_dags/example_trigger_target_dag.py
[2026-08-12T04:43:33.326+0000] {logging_mixin.py:190} INFO - [2026-08-12T04:43:33.326+0000] {dag.py:3211} INFO - Sync 1 DAGs
[2026-08-12T04:43:33.341+0000] {logging_mixin.py:190} INFO - [2026-08-12T04:43:33.341+0000] {dag.py:4138} INFO - Setting next_dagrun for example_trigger_target_dag to None, run_after=None
[2026-08-12T04:43:33.383+0000] {processor.py:208} INFO - Processing /home/airflow/.local/lib/python3.12/site-packages/airflow/example_dags/example_trigger_target_dag.py took 0.103 seconds
[2026-08-12T04:44:03.908+0000] {processor.py:186} INFO - Started process (PID=1391) to work on /home/airflow/.local/lib/python3.12/site-packages/airflow/example_dags/example_trigger_target_dag.py
[2026-08-12T04:44:03.910+0000] {processor.py:914} INFO - Processing file /home/airflow/.local/lib/python3.12/site-packages/airflow/example_dags/example_trigger_target_dag.py for tasks to queue
[2026-08-12T04:44:03.913+0000] {logging_mixin.py:190} INFO - [2026-08-12T04:44:03.913+0000] {dagbag.py:587} INFO - Filling up the DagBag from /home/airflow/.local/lib/python3.12/site-packages/airflow/example_dags/example_trigger_target_dag.py
[2026-08-12T04:44:03.921+0000] {processor.py:925} INFO - DAG(s) 'example_trigger_target_dag' retrieved from /home/airflow/.local/lib/python3.12/site-packages/airflow/example_dags/example_trigger_target_dag.py
[2026-08-12T04:44:03.943+0000] {logging_mixin.py:190} INFO - [2026-08-12T04:44:03.943+0000] {dag.py:3211} INFO - Sync 1 DAGs
[2026-08-12T04:44:03.959+0000] {logging_mixin.py:190} INFO - [2026-08-12T04:44:03.958+0000] {dag.py:4138} INFO - Setting next_dagrun for example_trigger_target_dag to None, run_after=None
[2026-08-12T04:44:03.982+0000] {processor.py:208} INFO - Processing /home/airflow/.local/lib/python3.12/site-packages/airflow/example_dags/example_trigger_target_dag.py took 0.079 seconds
[2026-08-12T04:44:34.517+0000] {processor.py:186} INFO - Started process (PID=1454) to work on /home/airflow/.local/lib/python3.12/site-packages/airflow/example_dags/example_trigger_target_dag.py
[2026-08-12T04:44:34.518+0000] {processor.py:914} INFO - Processing file /home/airflow/.local/lib/python3.12/site-packages/airflow/example_dags/example_trigger_target_dag.py for tasks to queue
[2026-08-12T04:44:34.523+0000] {logging_mixin.py:190} INFO - [2026-08-12T04:44:34.523+0000] {dagbag.py:587} INFO - Filling up the DagBag from /home/airflow/.local/lib/python3.12/site-packages/airflow/example_dags/example_trigger_target_dag.py
[2026-08-12T04:44:34.531+0000] {processor.py:925} INFO - DAG(s) 'example_trigger_target_dag' retrieved from /home/airflow/.local/lib/python3.12/site-packages/airflow/example_dags/example_trigger_target_dag.py
[2026-08-12T04:44:34.559+0000] {logging_mixin.py:190} INFO - [2026-08-12T04:44:34.558+0000] {dag.py:3211} INFO - Sync 1 DAGs
[2026-08-12T04:44:34.579+0000] {logging_mixin.py:190} INFO - [2026-08-12T04:44:34.579+0000] {dag.py:4138} INFO - Setting next_dagrun for example_trigger_target_dag to None, run_after=None
[2026-08-12T04:44:34.608+0000] {processor.py:208} INFO - Processing /home/airflow/.local/lib/python3.12/site-packages/airflow/example_dags/example_trigger_target_dag.py took 0.097 seconds
[2026-08-12T04:45:05.703+0000] {processor.py:186} INFO - Started process (PID=1516) to work on /home/airflow/.local/lib/python3.12/site-packages/airflow/example_dags/example_trigger_target_dag.py
[2026-08-12T04:45:05.705+0000] {processor.py:914} INFO - Processing file /home/airflow/.local/lib/python3.12/site-packages/airflow/example_dags/example_trigger_target_dag.py for tasks to queue
[2026-08-12T04:45:05.708+0000] {logging_mixin.py:190} INFO - [2026-08-12T04:45:05.708+0000] {dagbag.py:587} INFO - Filling up the DagBag from /home/airflow/.local/lib/python3.12/site-packages/airflow/example_dags/example_trigger_target_dag.py
[2026-08-12T04:45:05.717+0000] {processor.py:925} INFO - DAG(s) 'example_trigger_target_dag' retrieved from /home/airflow/.local/lib/python3.12/site-packages/airflow/example_dags/example_trigger_target_dag.py
[2026-08-12T04:45:05.755+0000] {logging_mixin.py:190} INFO - [2026-08-12T04:45:05.755+0000] {dag.py:3211} INFO - Sync 1 DAGs
[2026-08-12T04:45:05.776+0000] {logging_mixin.py:190} INFO - [2026-08-12T04:45:05.776+0000] {dag.py:4138} INFO - Setting next_dagrun for example_trigger_target_dag to None, run_after=None
[2026-08-12T04:45:05.808+0000] {processor.py:208} INFO - Processing /home/airflow/.local/lib/python3.12/site-packages/airflow/example_dags/example_trigger_target_dag.py took 0.111 seconds
[2026-08-12T04:45:36.907+0000] {processor.py:186} INFO - Started process (PID=1578) to work on /home/airflow/.local/lib/python3.12/site-packages/airflow/example_dags/example_trigger_target_dag.py
[2026-08-12T04:45:36.909+0000] {processor.py:914} INFO - Processing file /home/airflow/.local/lib/python3.12/site-packages/airflow/example_dags/example_trigger_target_dag.py for tasks to queue
[2026-08-12T04:45:36.913+0000] {logging_mixin.py:190} INFO - [2026-08-12T04:45:36.912+0000] {dagbag.py:587} INFO - Filling up the DagBag from /home/airflow/.local/lib/python3.12/site-packages/airflow/example_dags/example_trigger_target_dag.py
[2026-08-12T04:45:36.923+0000] {processor.py:925} INFO - DAG(s) 'example_trigger_target_dag' retrieved from /home/airflow/.local/lib/python3.12/site-packages/airflow/example_dags/example_trigger_target_dag.py
[2026-08-12T04:45:36.947+0000] {logging_mixin.py:190} INFO - [2026-08-12T04:45:36.946+0000] {dag.py:3211} INFO - Sync 1 DAGs
[2026-08-12T04:45:36.962+0000] {logging_mixin.py:190} INFO - [2026-08-12T04:45:36.962+0000] {dag.py:4138} INFO - Setting next_dagrun for example_trigger_target_dag to None, run_after=None
[2026-08-12T04:45:37.007+0000] {processor.py:208} INFO - Processing /home/airflow/.local/lib/python3.12/site-packages/airflow/example_dags/example_trigger_target_dag.py took 0.106 seconds
[2026-08-12T04:46:07.135+0000] {processor.py:186} INFO - Started process (PID=1640) to work on /home/airflow/.local/lib/python3.12/site-packages/airflow/example_dags/example_trigger_target_dag.py
[2026-08-12T04:46:07.137+0000] {processor.py:914} INFO - Processing file /home/airflow/.local/lib/python3.12/site-packages/airflow/example_dags/example_trigger_target_dag.py for tasks to queue
[2026-08-12T04:46:07.140+0000] {logging_mixin.py:190} INFO - [2026-08-12T04:46:07.140+0000] {dagbag.py:587} INFO - Filling up the DagBag from /home/airflow/.local/lib/python3.12/site-packages/airflow/example_dags/example_trigger_target_dag.py
[2026-08-12T04:46:07.148+0000] {processor.py:925} INFO - DAG(s) 'example_trigger_target_dag' retrieved from /home/airflow/.local/lib/python3.12/site-packages/airflow/example_dags/example_trigger_target_dag.py
[2026-08-12T04:46:07.168+0000] {logging_mixin.py:190} INFO - [2026-08-12T04:46:07.168+0000] {dag.py:3211} INFO - Sync 1 DAGs
[2026-08-12T04:46:07.184+0000] {logging_mixin.py:190} INFO - [2026-08-12T04:46:07.184+0000] {dag.py:4138} INFO - Setting next_dagrun for example_trigger_target_dag to None, run_after=None
[2026-08-12T04:46:07.209+0000] {processor.py:208} INFO - Processing /home/airflow/.local/lib/python3.12/site-packages/airflow/example_dags/example_trigger_target_dag.py took 0.079 seconds
[2026-08-12T04:46:37.690+0000] {processor.py:186} INFO - Started process (PID=1702) to work on /home/airflow/.local/lib/python3.12/site-packages/airflow/example_dags/example_trigger_target_dag.py
[2026-08-12T04:46:37.691+0000] {processor.py:914} INFO - Processing file /home/airflow/.local/lib/python3.12/site-packages/airflow/example_dags/example_trigger_target_dag.py for tasks to queue
[2026-08-12T04:46:37.696+0000] {logging_mixin.py:190} INFO - [2026-08-12T04:46:37.695+0000] {dagbag.py:587} INFO - Filling up the DagBag from /home/airflow/.local/lib/python3.12/site-packages/airflow/example_dags/example_trigger_target_dag.py
[2026-08-12T04:46:37.705+0000] {processor.py:925} INFO - DAG(s) 'example_trigger_target_dag' retrieved from /home/airflow/.local/lib/python3.12/site-packages/airflow/example_dags/example_trigger_target_dag.py
[2026-08-12T04:46:37.727+0000] {logging_mixin.py:190} INFO - [2026-08-12T04:46:37.727+0000] {dag.py:3211} INFO - Sync 1 DAGs
[2026-08-12T04:46:37.741+0000] {logging_mixin.py:190} INFO - [2026-08-12T04:46:37.740+0000] {dag.py:4138} INFO - Setting next_dagrun for example_trigger_target_dag to None, run_after=None
[2026-08-12T04:46:37.767+0000] {processor.py:208} INFO - Processing /home/airflow/.local/lib/python3.12/site-packages/airflow/example_dags/example_trigger_target_dag.py took 0.084 seconds
[2026-08-12T04:47:08.432+0000] {processor.py:186} INFO - Started process (PID=1764) to work on /home/airflow/.local/lib/python3.12/site-packages/airflow/example_dags/example_trigger_target_dag.py
[2026-08-12T04:47:08.434+0000] {processor.py:914} INFO - Processing file /home/airflow/.local/lib/python3.12/site-packages/airflow/example_dags/example_trigger_target_dag.py for tasks to queue
[2026-08-12T04:47:08.437+0000] {logging_mixin.py:190} INFO - [2026-08-12T04:47:08.436+0000] {dagbag.py:587} INFO - Filling up the DagBag from /home/airflow/.local/lib/python3.12/site-packages/airflow/example_dags/example_trigger_target_dag.py
[2026-08-12T04:47:08.446+0000] {processor.py:925} INFO - DAG(s) 'example_trigger_target_dag' retrieved from /home/airflow/.local/lib/python3.12/site-packages/airflow/example_dags/example_trigger_target_dag.py
[2026-08-12T04:47:08.472+0000] {logging_mixin.py:190} INFO - [2026-08-12T04:47:08.472+0000] {dag.py:3211} INFO - Sync 1 DAGs
[2026-08-12T04:47:08.487+0000] {logging_mixin.py:190} INFO - [2026-08-12T04:47:08.487+0000] {dag.py:4138} INFO - Setting next_dagrun for example_trigger_target_dag to None, run_after=None
[2026-08-12T04:47:08.511+0000] {processor.py:208} INFO - Processing /home/airflow/.local/lib/python3.12/site-packages/airflow/example_dags/example_trigger_target_dag.py took 0.085 seconds
[2026-08-12T04:47:38.789+0000] {processor.py:186} INFO - Started process (PID=1826) to work on /home/airflow/.local/lib/python3.12/site-packages/airflow/example_dags/example_trigger_target_dag.py
[2026-08-12T04:47:38.791+0000] {processor.py:914} INFO - Processing file /home/airflow/.local/lib/python3.12/site-packages/airflow/example_dags/example_trigger_target_dag.py for tasks to queue
[2026-08-12T04:47:38.795+0000] {logging_mixin.py:190} INFO - [2026-08-12T04:47:38.794+0000] {dagbag.py:587} INFO - Filling up the DagBag from /home/airflow/.local/lib/python3.12/site-packages/airflow/example_dags/example_trigger_target_dag.py
[2026-08-12T04:47:38.803+0000] {processor.py:925} INFO - DAG(s) 'example_trigger_target_dag' retrieved from /home/airflow/.local/lib/python3.12/site-packages/airflow/example_dags/example_trigger_target_dag.py
[2026-08-12T04:47:38.824+0000] {logging_mixin.py:190} INFO - [2026-08-12T04:47:38.824+0000] {dag.py:3211} INFO - Sync 1 DAGs
[2026-08-12T04:47:38.838+0000] {logging_mixin.py:190} INFO - [2026-08-12T04:47:38.838+0000] {dag.py:4138} INFO - Setting next_dagrun for example_trigger_target_dag to None, run_after=None
[2026-08-12T04:47:38.861+0000] {processor.py:208} INFO - Processing /home/airflow/.local/lib/python3.12/site-packages/airflow/example_dags/example_trigger_target_dag.py took 0.078 seconds
[2026-08-12T04:48:09.300+0000] {processor.py:186} INFO - Started process (PID=1888) to work on /home/airflow/.local/lib/python3.12/site-packages/airflow/example_dags/example_trigger_target_dag.py
[2026-08-12T04:48:09.301+0000] {processor.py:914} INFO - Processing file /home/airflow/.local/lib/python3.12/site-packages/airflow/example_dags/example_trigger_target_dag.py for tasks to queue
[2026-08-12T04:48:09.304+0000] {logging_mixin.py:190} INFO - [2026-08-12T04:48:09.304+0000] {dagbag.py:587} INFO - Filling up the DagBag from /home/airflow/.local/lib/python3.12/site-packages/airflow/example_dags/example_trigger_target_dag.py
[2026-08-12T04:48:09.312+0000] {processor.py:925} INFO - DAG(s) 'example_trigger_target_dag' retrieved from /home/airflow/.local/lib/python3.12/site-packages/airflow/example_dags/example_trigger_target_dag.py
[2026-08-12T04:48:09.333+0000] {logging_mixin.py:190} INFO - [2026-08-12T04:48:09.333+0000] {dag.py:3211} INFO - Sync 1 DAGs
[2026-08-12T04:48:09.347+0000] {logging_mixin.py:190} INFO - [2026-08-12T04:48:09.346+0000] {dag.py:4138} INFO - Setting next_dagrun for example_trigger_target_dag to None, run_after=None
[2026-08-12T04:48:09.371+0000] {processor.py:208} INFO - Processing /home/airflow/.local/lib/python3.12/site-packages/airflow/example_dags/example_trigger_target_dag.py took 0.077 seconds
