[2026-08-12T04:31:36.112+0000] {processor.py:186} INFO - Started process (PID=109) to work on /home/airflow/.local/lib/python3.12/site-packages/airflow/example_dags/tutorial_dag.py
[2026-08-12T04:31:36.114+0000] {processor.py:914} INFO - Processing file /home/airflow/.local/lib/python3.12/site-packages/airflow/example_dags/tutorial_dag.py for tasks to queue
[2026-08-12T04:31:36.118+0000] {logging_mixin.py:190} INFO - [2026-08-12T04:31:36.118+0000] {dagbag.py:587} INFO - Filling up the DagBag from /home/airflow/.local/lib/python3.12/site-packages/airflow/example_dags/tutorial_dag.py
[2026-08-12T04:31:36.128+0000] {processor.py:925} INFO - DAG(s) 'tutorial_dag' retrieved from /home/airflow/.local/lib/python3.12/site-packages/airflow/example_dags/tutorial_dag.py
[2026-08-12T04:31:36.265+0000] {logging_mixin.py:190} INFO - [2026-08-12T04:31:36.264+0000] {override.py:1858} INFO - Created Permission View: can read on DAG:tutorial_dag
[2026-08-12T04:31:36.280+0000] {logging_mixin.py:190} INFO - [2026-08-12T04:31:36.280+0000] {override.py:1858} INFO - Created Permission View: can edit on DAG:tutorial_dag
[2026-08-12T04:31:36.292+0000] {logging_mixin.py:190} INFO - [2026-08-12T04:31:36.291+0000] {override.py:1858} INFO - Created Permission View: can delete on DAG:tutorial_dag
[2026-08-12T04:31:36.293+0000] {logging_mixin.py:190} INFO - [2026-08-12T04:31:36.293+0000] {dag.py:3211} INFO - Sync 1 DAGs
[2026-08-12T04:31:36.307+0000] {logging_mixin.py:190} INFO - [2026-08-12T04:31:36.306+0000] {dag.py:3234} INFO - Creating ORM DAG for tutorial_dag
[2026-08-12T04:31:36.309+0000] {logging_mixin.py:190} INFO - [2026-08-12T04:31:36.308+0000] {dag.py:4138} INFO - Setting next_dagrun for tutorial_dag to None, run_after=None
[2026-08-12T04:31:36.328+0000] {processor.py:208} INFO - Processing /home/airflow/.local/lib/python3.12/site-packages/airflow/example_dags/tutorial_dag.py took 0.224 seconds
[2026-08-12T04:32:06.388+0000] {processor.py:186} INFO - Started process (PID=171) to work on /home/airflow/.local/lib/python3.12/site-packages/airflow/example_dags/tutorial_dag.py
[2026-08-12T04:32:06.390+0000] {processor.py:914} INFO - Processing file /home/airflow/.local/lib/python3.12/site-packages/airflow/example_dags/tutorial_dag.py for tasks to queue
[2026-08-12T04:32:06.398+0000] {logging_mixin.py:190} INFO - [2026-08-12T04:32:06.397+0000] {dagbag.py:587} INFO - Filling up the DagBag from /home/airflow/.local/lib/python3.12/site-packages/airflow/example_dags/tutorial_dag.py
[2026-08-12T04:32:06.409+0000] {processor.py:925} INFO - DAG(s) 'tutorial_dag' retrieved from /home/airflow/.local/lib/python3.12/site-packages/airflow/example_dags/tutorial_dag.py
[2026-08-12T04:32:06.448+0000] {logging_mixin.py:190} INFO - [2026-08-12T04:32:06.448+0000] {dag.py:3211} INFO - Sync 1 DAGs
[2026-08-12T04:32:06.466+0000] {logging_mixin.py:190} INFO - [2026-08-12T04:32:06.466+0000] {dag.py:4138} INFO - Setting next_dagrun for tutorial_dag to None, run_after=None
[2026-08-12T04:32:06.492+0000] {processor.py:208} INFO - Processing /home/airflow/.local/lib/python3.12/site-packages/airflow/example_dags/tutorial_dag.py took 0.113 seconds
[2026-08-12T04:33:22.349+0000] {processor.py:186} INFO - Started process (PID=96) to work on /home/airflow/.local/lib/python3.12/site-packages/airflow/example_dags/tutorial_dag.py
[2026-08-12T04:33:22.352+0000] {processor.py:914} INFO - Processing file /home/airflow/.local/lib/python3.12/site-packages/airflow/example_dags/tutorial_dag.py for tasks to queue
[2026-08-12T04:33:22.358+0000] {logging_mixin.py:190} INFO - [2026-08-12T04:33:22.357+0000] {dagbag.py:587} INFO - Filling up the DagBag from /home/airflow/.local/lib/python3.12/site-packages/airflow/example_dags/tutorial_dag.py
[2026-08-12T04:33:22.372+0000] {processor.py:925} INFO - DAG(s) 'tutorial_dag' retrieved from /home/airflow/.local/lib/python3.12/site-packages/airflow/example_dags/tutorial_dag.py
[2026-08-12T04:33:22.419+0000] {logging_mixin.py:190} INFO - [2026-08-12T04:33:22.418+0000] {dag.py:3211} INFO - Sync 1 DAGs
[2026-08-12T04:33:22.442+0000] {logging_mixin.py:190} INFO - [2026-08-12T04:33:22.442+0000] {dag.py:4138} INFO - Setting next_dagrun for tutorial_dag to None, run_after=None
[2026-08-12T04:33:22.500+0000] {processor.py:208} INFO - Processing /home/airflow/.local/lib/python3.12/site-packages/airflow/example_dags/tutorial_dag.py took 0.177 seconds
[2026-08-12T04:33:53.154+0000] {processor.py:186} INFO - Started process (PID=158) to work on /home/airflow/.local/lib/python3.12/site-packages/airflow/example_dags/tutorial_dag.py
[2026-08-12T04:33:53.156+0000] {processor.py:914} INFO - Processing file /home/airflow/.local/lib/python3.12/site-packages/airflow/example_dags/tutorial_dag.py for tasks to queue
[2026-08-12T04:33:53.159+0000] {logging_mixin.py:190} INFO - [2026-08-12T04:33:53.158+0000] {dagbag.py:587} INFO - Filling up the DagBag from /home/airflow/.local/lib/python3.12/site-packages/airflow/example_dags/tutorial_dag.py
[2026-08-12T04:33:53.165+0000] {processor.py:925} INFO - DAG(s) 'tutorial_dag' retrieved from /home/airflow/.local/lib/python3.12/site-packages/airflow/example_dags/tutorial_dag.py
[2026-08-12T04:33:53.185+0000] {logging_mixin.py:190} INFO - [2026-08-12T04:33:53.185+0000] {dag.py:3211} INFO - Sync 1 DAGs
[2026-08-12T04:33:53.199+0000] {logging_mixin.py:190} INFO - [2026-08-12T04:33:53.199+0000] {dag.py:4138} INFO - Setting next_dagrun for tutorial_dag to None, run_after=None
[2026-08-12T04:33:53.239+0000] {processor.py:208} INFO - Processing /home/airflow/.local/lib/python3.12/site-packages/airflow/example_dags/tutorial_dag.py took 0.090 seconds
[2026-08-12T04:34:23.400+0000] {processor.py:186} INFO - Started process (PID=220) to work on /home/airflow/.local/lib/python3.12/site-packages/airflow/example_dags/tutorial_dag.py
[2026-08-12T04:34:23.402+0000] {processor.py:914} INFO - Processing file /home/airflow/.local/lib/python3.12/site-packages/airflow/example_dags/tutorial_dag.py for tasks to queue
[2026-08-12T04:34:23.406+0000] {logging_mixin.py:190} INFO - [2026-08-12T04:34:23.405+0000] {dagbag.py:587} INFO - Filling up the DagBag from /home/airflow/.local/lib/python3.12/site-packages/airflow/example_dags/tutorial_dag.py
[2026-08-12T04:34:23.413+0000] {processor.py:925} INFO - DAG(s) 'tutorial_dag' retrieved from /home/airflow/.local/lib/python3.12/site-packages/airflow/example_dags/tutorial_dag.py
[2026-08-12T04:34:23.439+0000] {logging_mixin.py:190} INFO - [2026-08-12T04:34:23.438+0000] {dag.py:3211} INFO - Sync 1 DAGs
[2026-08-12T04:34:23.471+0000] {logging_mixin.py:190} INFO - [2026-08-12T04:34:23.471+0000] {dag.py:4138} INFO - Setting next_dagrun for tutorial_dag to None, run_after=None
[2026-08-12T04:34:23.496+0000] {processor.py:208} INFO - Processing /home/airflow/.local/lib/python3.12/site-packages/airflow/example_dags/tutorial_dag.py took 0.101 seconds
[2026-08-12T04:34:53.823+0000] {processor.py:186} INFO - Started process (PID=282) to work on /home/airflow/.local/lib/python3.12/site-packages/airflow/example_dags/tutorial_dag.py
[2026-08-12T04:34:53.825+0000] {processor.py:914} INFO - Processing file /home/airflow/.local/lib/python3.12/site-packages/airflow/example_dags/tutorial_dag.py for tasks to queue
[2026-08-12T04:34:53.828+0000] {logging_mixin.py:190} INFO - [2026-08-12T04:34:53.828+0000] {dagbag.py:587} INFO - Filling up the DagBag from /home/airflow/.local/lib/python3.12/site-packages/airflow/example_dags/tutorial_dag.py
[2026-08-12T04:34:53.837+0000] {processor.py:925} INFO - DAG(s) 'tutorial_dag' retrieved from /home/airflow/.local/lib/python3.12/site-packages/airflow/example_dags/tutorial_dag.py
[2026-08-12T04:34:53.869+0000] {logging_mixin.py:190} INFO - [2026-08-12T04:34:53.869+0000] {dag.py:3211} INFO - Sync 1 DAGs
[2026-08-12T04:34:53.889+0000] {logging_mixin.py:190} INFO - [2026-08-12T04:34:53.889+0000] {dag.py:4138} INFO - Setting next_dagrun for tutorial_dag to None, run_after=None
[2026-08-12T04:34:53.923+0000] {processor.py:208} INFO - Processing /home/airflow/.local/lib/python3.12/site-packages/airflow/example_dags/tutorial_dag.py took 0.106 seconds
[2026-08-12T04:35:24.772+0000] {processor.py:186} INFO - Started process (PID=345) to work on /home/airflow/.local/lib/python3.12/site-packages/airflow/example_dags/tutorial_dag.py
[2026-08-12T04:35:24.774+0000] {processor.py:914} INFO - Processing file /home/airflow/.local/lib/python3.12/site-packages/airflow/example_dags/tutorial_dag.py for tasks to queue
[2026-08-12T04:35:24.777+0000] {logging_mixin.py:190} INFO - [2026-08-12T04:35:24.777+0000] {dagbag.py:587} INFO - Filling up the DagBag from /home/airflow/.local/lib/python3.12/site-packages/airflow/example_dags/tutorial_dag.py
[2026-08-12T04:35:24.786+0000] {processor.py:925} INFO - DAG(s) 'tutorial_dag' retrieved from /home/airflow/.local/lib/python3.12/site-packages/airflow/example_dags/tutorial_dag.py
[2026-08-12T04:35:24.810+0000] {logging_mixin.py:190} INFO - [2026-08-12T04:35:24.810+0000] {dag.py:3211} INFO - Sync 1 DAGs
[2026-08-12T04:35:24.825+0000] {logging_mixin.py:190} INFO - [2026-08-12T04:35:24.825+0000] {dag.py:4138} INFO - Setting next_dagrun for tutorial_dag to None, run_after=None
[2026-08-12T04:35:24.848+0000] {processor.py:208} INFO - Processing /home/airflow/.local/lib/python3.12/site-packages/airflow/example_dags/tutorial_dag.py took 0.081 seconds
[2026-08-12T04:35:55.113+0000] {processor.py:186} INFO - Started process (PID=407) to work on /home/airflow/.local/lib/python3.12/site-packages/airflow/example_dags/tutorial_dag.py
[2026-08-12T04:35:55.115+0000] {processor.py:914} INFO - Processing file /home/airflow/.local/lib/python3.12/site-packages/airflow/example_dags/tutorial_dag.py for tasks to queue
[2026-08-12T04:35:55.119+0000] {logging_mixin.py:190} INFO - [2026-08-12T04:35:55.119+0000] {dagbag.py:587} INFO - Filling up the DagBag from /home/airflow/.local/lib/python3.12/site-packages/airflow/example_dags/tutorial_dag.py
[2026-08-12T04:35:55.130+0000] {processor.py:925} INFO - DAG(s) 'tutorial_dag' retrieved from /home/airflow/.local/lib/python3.12/site-packages/airflow/example_dags/tutorial_dag.py
[2026-08-12T04:35:55.154+0000] {logging_mixin.py:190} INFO - [2026-08-12T04:35:55.153+0000] {dag.py:3211} INFO - Sync 1 DAGs
[2026-08-12T04:35:55.170+0000] {logging_mixin.py:190} INFO - [2026-08-12T04:35:55.169+0000] {dag.py:4138} INFO - Setting next_dagrun for tutorial_dag to None, run_after=None
[2026-08-12T04:35:55.195+0000] {processor.py:208} INFO - Processing /home/airflow/.local/lib/python3.12/site-packages/airflow/example_dags/tutorial_dag.py took 0.091 seconds
[2026-08-12T04:36:25.548+0000] {processor.py:186} INFO - Started process (PID=469) to work on /home/airflow/.local/lib/python3.12/site-packages/airflow/example_dags/tutorial_dag.py
[2026-08-12T04:36:25.550+0000] {processor.py:914} INFO - Processing file /home/airflow/.local/lib/python3.12/site-packages/airflow/example_dags/tutorial_dag.py for tasks to queue
[2026-08-12T04:36:25.554+0000] {logging_mixin.py:190} INFO - [2026-08-12T04:36:25.554+0000] {dagbag.py:587} INFO - Filling up the DagBag from /home/airflow/.local/lib/python3.12/site-packages/airflow/example_dags/tutorial_dag.py
[2026-08-12T04:36:25.569+0000] {processor.py:925} INFO - DAG(s) 'tutorial_dag' retrieved from /home/airflow/.local/lib/python3.12/site-packages/airflow/example_dags/tutorial_dag.py
[2026-08-12T04:36:25.596+0000] {logging_mixin.py:190} INFO - [2026-08-12T04:36:25.596+0000] {dag.py:3211} INFO - Sync 1 DAGs
[2026-08-12T04:36:25.619+0000] {logging_mixin.py:190} INFO - [2026-08-12T04:36:25.619+0000] {dag.py:4138} INFO - Setting next_dagrun for tutorial_dag to None, run_after=None
[2026-08-12T04:36:25.655+0000] {processor.py:208} INFO - Processing /home/airflow/.local/lib/python3.12/site-packages/airflow/example_dags/tutorial_dag.py took 0.115 seconds
[2026-08-12T04:36:56.078+0000] {processor.py:186} INFO - Started process (PID=531) to work on /home/airflow/.local/lib/python3.12/site-packages/airflow/example_dags/tutorial_dag.py
[2026-08-12T04:36:56.079+0000] {processor.py:914} INFO - Processing file /home/airflow/.local/lib/python3.12/site-packages/airflow/example_dags/tutorial_dag.py for tasks to queue
[2026-08-12T04:36:56.083+0000] {logging_mixin.py:190} INFO - [2026-08-12T04:36:56.083+0000] {dagbag.py:587} INFO - Filling up the DagBag from /home/airflow/.local/lib/python3.12/site-packages/airflow/example_dags/tutorial_dag.py
[2026-08-12T04:36:56.091+0000] {processor.py:925} INFO - DAG(s) 'tutorial_dag' retrieved from /home/airflow/.local/lib/python3.12/site-packages/airflow/example_dags/tutorial_dag.py
[2026-08-12T04:36:56.112+0000] {logging_mixin.py:190} INFO - [2026-08-12T04:36:56.112+0000] {dag.py:3211} INFO - Sync 1 DAGs
[2026-08-12T04:36:56.126+0000] {logging_mixin.py:190} INFO - [2026-08-12T04:36:56.126+0000] {dag.py:4138} INFO - Setting next_dagrun for tutorial_dag to None, run_after=None
[2026-08-12T04:36:56.151+0000] {processor.py:208} INFO - Processing /home/airflow/.local/lib/python3.12/site-packages/airflow/example_dags/tutorial_dag.py took 0.079 seconds
[2026-08-12T04:37:26.973+0000] {processor.py:186} INFO - Started process (PID=593) to work on /home/airflow/.local/lib/python3.12/site-packages/airflow/example_dags/tutorial_dag.py
[2026-08-12T04:37:26.975+0000] {processor.py:914} INFO - Processing file /home/airflow/.local/lib/python3.12/site-packages/airflow/example_dags/tutorial_dag.py for tasks to queue
[2026-08-12T04:37:26.978+0000] {logging_mixin.py:190} INFO - [2026-08-12T04:37:26.978+0000] {dagbag.py:587} INFO - Filling up the DagBag from /home/airflow/.local/lib/python3.12/site-packages/airflow/example_dags/tutorial_dag.py
[2026-08-12T04:37:26.987+0000] {processor.py:925} INFO - DAG(s) 'tutorial_dag' retrieved from /home/airflow/.local/lib/python3.12/site-packages/airflow/example_dags/tutorial_dag.py
[2026-08-12T04:37:27.007+0000] {logging_mixin.py:190} INFO - [2026-08-12T04:37:27.006+0000] {dag.py:3211} INFO - Sync 1 DAGs
[2026-08-12T04:37:27.019+0000] {logging_mixin.py:190} INFO - [2026-08-12T04:37:27.019+0000] {dag.py:4138} INFO - Setting next_dagrun for tutorial_dag to None, run_after=None
[2026-08-12T04:37:27.043+0000] {processor.py:208} INFO - Processing /home/airflow/.local/lib/python3.12/site-packages/airflow/example_dags/tutorial_dag.py took 0.075 seconds
[2026-08-12T04:37:57.618+0000] {processor.py:186} INFO - Started process (PID=655) to work on /home/airflow/.local/lib/python3.12/site-packages/airflow/example_dags/tutorial_dag.py
[2026-08-12T04:37:57.619+0000] {processor.py:914} INFO - Processing file /home/airflow/.local/lib/python3.12/site-packages/airflow/example_dags/tutorial_dag.py for tasks to queue
[2026-08-12T04:37:57.623+0000] {logging_mixin.py:190} INFO - [2026-08-12T04:37:57.623+0000] {dagbag.py:587} INFO - Filling up the DagBag from /home/airflow/.local/lib/python3.12/site-packages/airflow/example_dags/tutorial_dag.py
[2026-08-12T04:37:57.634+0000] {processor.py:925} INFO - DAG(s) 'tutorial_dag' retrieved from /home/airflow/.local/lib/python3.12/site-packages/airflow/example_dags/tutorial_dag.py
[2026-08-12T04:37:57.662+0000] {logging_mixin.py:190} INFO - [2026-08-12T04:37:57.662+0000] {dag.py:3211} INFO - Sync 1 DAGs
[2026-08-12T04:37:57.679+0000] {logging_mixin.py:190} INFO - [2026-08-12T04:37:57.679+0000] {dag.py:4138} INFO - Setting next_dagrun for tutorial_dag to None, run_after=None
[2026-08-12T04:37:57.717+0000] {processor.py:208} INFO - Processing /home/airflow/.local/lib/python3.12/site-packages/airflow/example_dags/tutorial_dag.py took 0.106 seconds
[2026-08-12T04:38:28.130+0000] {processor.py:186} INFO - Started process (PID=717) to work on /home/airflow/.local/lib/python3.12/site-packages/airflow/example_dags/tutorial_dag.py
[2026-08-12T04:38:28.132+0000] {processor.py:914} INFO - Processing file /home/airflow/.local/lib/python3.12/site-packages/airflow/example_dags/tutorial_dag.py for tasks to queue
[2026-08-12T04:38:28.138+0000] {logging_mixin.py:190} INFO - [2026-08-12T04:38:28.137+0000] {dagbag.py:587} INFO - Filling up the DagBag from /home/airflow/.local/lib/python3.12/site-packages/airflow/example_dags/tutorial_dag.py
[2026-08-12T04:38:28.146+0000] {processor.py:925} INFO - DAG(s) 'tutorial_dag' retrieved from /home/airflow/.local/lib/python3.12/site-packages/airflow/example_dags/tutorial_dag.py
[2026-08-12T04:38:28.170+0000] {logging_mixin.py:190} INFO - [2026-08-12T04:38:28.169+0000] {dag.py:3211} INFO - Sync 1 DAGs
[2026-08-12T04:38:28.184+0000] {logging_mixin.py:190} INFO - [2026-08-12T04:38:28.184+0000] {dag.py:4138} INFO - Setting next_dagrun for tutorial_dag to None, run_after=None
[2026-08-12T04:38:28.211+0000] {processor.py:208} INFO - Processing /home/airflow/.local/lib/python3.12/site-packages/airflow/example_dags/tutorial_dag.py took 0.087 seconds
[2026-08-12T04:38:58.525+0000] {processor.py:186} INFO - Started process (PID=779) to work on /home/airflow/.local/lib/python3.12/site-packages/airflow/example_dags/tutorial_dag.py
[2026-08-12T04:38:58.527+0000] {processor.py:914} INFO - Processing file /home/airflow/.local/lib/python3.12/site-packages/airflow/example_dags/tutorial_dag.py for tasks to queue
[2026-08-12T04:38:58.530+0000] {logging_mixin.py:190} INFO - [2026-08-12T04:38:58.530+0000] {dagbag.py:587} INFO - Filling up the DagBag from /home/airflow/.local/lib/python3.12/site-packages/airflow/example_dags/tutorial_dag.py
[2026-08-12T04:38:58.539+0000] {processor.py:925} INFO - DAG(s) 'tutorial_dag' retrieved from /home/airflow/.local/lib/python3.12/site-packages/airflow/example_dags/tutorial_dag.py
[2026-08-12T04:38:58.564+0000] {logging_mixin.py:190} INFO - [2026-08-12T04:38:58.564+0000] {dag.py:3211} INFO - Sync 1 DAGs
[2026-08-12T04:38:58.581+0000] {logging_mixin.py:190} INFO - [2026-08-12T04:38:58.581+0000] {dag.py:4138} INFO - Setting next_dagrun for tutorial_dag to None, run_after=None
[2026-08-12T04:38:58.606+0000] {processor.py:208} INFO - Processing /home/airflow/.local/lib/python3.12/site-packages/airflow/example_dags/tutorial_dag.py took 0.087 seconds
[2026-08-12T04:39:28.734+0000] {processor.py:186} INFO - Started process (PID=841) to work on /home/airflow/.local/lib/python3.12/site-packages/airflow/example_dags/tutorial_dag.py
[2026-08-12T04:39:28.736+0000] {processor.py:914} INFO - Processing file /home/airflow/.local/lib/python3.12/site-packages/airflow/example_dags/tutorial_dag.py for tasks to queue
[2026-08-12T04:39:28.740+0000] {logging_mixin.py:190} INFO - [2026-08-12T04:39:28.740+0000] {dagbag.py:587} INFO - Filling up the DagBag from /home/airflow/.local/lib/python3.12/site-packages/airflow/example_dags/tutorial_dag.py
[2026-08-12T04:39:28.749+0000] {processor.py:925} INFO - DAG(s) 'tutorial_dag' retrieved from /home/airflow/.local/lib/python3.12/site-packages/airflow/example_dags/tutorial_dag.py
[2026-08-12T04:39:28.774+0000] {logging_mixin.py:190} INFO - [2026-08-12T04:39:28.774+0000] {dag.py:3211} INFO - Sync 1 DAGs
[2026-08-12T04:39:28.806+0000] {logging_mixin.py:190} INFO - [2026-08-12T04:39:28.806+0000] {dag.py:4138} INFO - Setting next_dagrun for tutorial_dag to None, run_after=None
[2026-08-12T04:39:28.833+0000] {processor.py:208} INFO - Processing /home/airflow/.local/lib/python3.12/site-packages/airflow/example_dags/tutorial_dag.py took 0.105 seconds
[2026-08-12T04:39:59.249+0000] {processor.py:186} INFO - Started process (PID=903) to work on /home/airflow/.local/lib/python3.12/site-packages/airflow/example_dags/tutorial_dag.py
[2026-08-12T04:39:59.251+0000] {processor.py:914} INFO - Processing file /home/airflow/.local/lib/python3.12/site-packages/airflow/example_dags/tutorial_dag.py for tasks to queue
[2026-08-12T04:39:59.255+0000] {logging_mixin.py:190} INFO - [2026-08-12T04:39:59.255+0000] {dagbag.py:587} INFO - Filling up the DagBag from /home/airflow/.local/lib/python3.12/site-packages/airflow/example_dags/tutorial_dag.py
[2026-08-12T04:39:59.267+0000] {processor.py:925} INFO - DAG(s) 'tutorial_dag' retrieved from /home/airflow/.local/lib/python3.12/site-packages/airflow/example_dags/tutorial_dag.py
[2026-08-12T04:39:59.310+0000] {logging_mixin.py:190} INFO - [2026-08-12T04:39:59.308+0000] {dag.py:3211} INFO - Sync 1 DAGs
[2026-08-12T04:39:59.333+0000] {logging_mixin.py:190} INFO - [2026-08-12T04:39:59.332+0000] {dag.py:4138} INFO - Setting next_dagrun for tutorial_dag to None, run_after=None
[2026-08-12T04:39:59.366+0000] {processor.py:208} INFO - Processing /home/airflow/.local/lib/python3.12/site-packages/airflow/example_dags/tutorial_dag.py took 0.123 seconds
[2026-08-12T04:40:29.430+0000] {processor.py:186} INFO - Started process (PID=965) to work on /home/airflow/.local/lib/python3.12/site-packages/airflow/example_dags/tutorial_dag.py
[2026-08-12T04:40:29.432+0000] {processor.py:914} INFO - Processing file /home/airflow/.local/lib/python3.12/site-packages/airflow/example_dags/tutorial_dag.py for tasks to queue
[2026-08-12T04:40:29.434+0000] {logging_mixin.py:190} INFO - [2026-08-12T04:40:29.434+0000] {dagbag.py:587} INFO - Filling up the DagBag from /home/airflow/.local/lib/python3.12/site-packages/airflow/example_dags/tutorial_dag.py
[2026-08-12T04:40:29.443+0000] {processor.py:925} INFO - DAG(s) 'tutorial_dag' retrieved from /home/airflow/.local/lib/python3.12/site-packages/airflow/example_dags/tutorial_dag.py
[2026-08-12T04:40:29.465+0000] {logging_mixin.py:190} INFO - [2026-08-12T04:40:29.465+0000] {dag.py:3211} INFO - Sync 1 DAGs
[2026-08-12T04:40:29.497+0000] {logging_mixin.py:190} INFO - [2026-08-12T04:40:29.496+0000] {dag.py:4138} INFO - Setting next_dagrun for tutorial_dag to None, run_after=None
[2026-08-12T04:40:29.521+0000] {processor.py:208} INFO - Processing /home/airflow/.local/lib/python3.12/site-packages/airflow/example_dags/tutorial_dag.py took 0.097 seconds
[2026-08-12T04:40:59.679+0000] {processor.py:186} INFO - Started process (PID=1026) to work on /home/airflow/.local/lib/python3.12/site-packages/airflow/example_dags/tutorial_dag.py
[2026-08-12T04:40:59.680+0000] {processor.py:914} INFO - Processing file /home/airflow/.local/lib/python3.12/site-packages/airflow/example_dags/tutorial_dag.py for tasks to queue
[2026-08-12T04:40:59.683+0000] {logging_mixin.py:190} INFO - [2026-08-12T04:40:59.683+0000] {dagbag.py:587} INFO - Filling up the DagBag from /home/airflow/.local/lib/python3.12/site-packages/airflow/example_dags/tutorial_dag.py
[2026-08-12T04:40:59.692+0000] {processor.py:925} INFO - DAG(s) 'tutorial_dag' retrieved from /home/airflow/.local/lib/python3.12/site-packages/airflow/example_dags/tutorial_dag.py
[2026-08-12T04:40:59.721+0000] {logging_mixin.py:190} INFO - [2026-08-12T04:40:59.721+0000] {dag.py:3211} INFO - Sync 1 DAGs
[2026-08-12T04:40:59.738+0000] {logging_mixin.py:190} INFO - [2026-08-12T04:40:59.738+0000] {dag.py:4138} INFO - Setting next_dagrun for tutorial_dag to None, run_after=None
[2026-08-12T04:40:59.775+0000] {processor.py:208} INFO - Processing /home/airflow/.local/lib/python3.12/site-packages/airflow/example_dags/tutorial_dag.py took 0.102 seconds
[2026-08-12T04:41:29.935+0000] {processor.py:186} INFO - Started process (PID=1088) to work on /home/airflow/.local/lib/python3.12/site-packages/airflow/example_dags/tutorial_dag.py
[2026-08-12T04:41:29.937+0000] {processor.py:914} INFO - Processing file /home/airflow/.local/lib/python3.12/site-packages/airflow/example_dags/tutorial_dag.py for tasks to queue
[2026-08-12T04:41:29.940+0000] {logging_mixin.py:190} INFO - [2026-08-12T04:41:29.940+0000] {dagbag.py:587} INFO - Filling up the DagBag from /home/airflow/.local/lib/python3.12/site-packages/airflow/example_dags/tutorial_dag.py
[2026-08-12T04:41:29.949+0000] {processor.py:925} INFO - DAG(s) 'tutorial_dag' retrieved from /home/airflow/.local/lib/python3.12/site-packages/airflow/example_dags/tutorial_dag.py
[2026-08-12T04:41:29.984+0000] {logging_mixin.py:190} INFO - [2026-08-12T04:41:29.984+0000] {dag.py:3211} INFO - Sync 1 DAGs
[2026-08-12T04:41:30.014+0000] {logging_mixin.py:190} INFO - [2026-08-12T04:41:30.014+0000] {dag.py:4138} INFO - Setting next_dagrun for tutorial_dag to None, run_after=None
[2026-08-12T04:41:30.038+0000] {processor.py:208} INFO - Processing /home/airflow/.local/lib/python3.12/site-packages/airflow/example_dags/tutorial_dag.py took 0.108 seconds
[2026-08-12T04:42:00.915+0000] {processor.py:186} INFO - Started process (PID=1150) to work on /home/airflow/.local/lib/python3.12/site-packages/airflow/example_dags/tutorial_dag.py
[2026-08-12T04:42:00.917+0000] {processor.py:914} INFO - Processing file /home/airflow/.local/lib/python3.12/site-packages/airflow/example_dags/tutorial_dag.py for tasks to queue
[2026-08-12T04:42:00.921+0000] {logging_mixin.py:190} INFO - [2026-08-12T04:42:00.921+0000] {dagbag.py:587} INFO - Filling up the DagBag from /home/airflow/.local/lib/python3.12/site-packages/airflow/example_dags/tutorial_dag.py
[2026-08-12T04:42:00.933+0000] {processor.py:925} INFO - DAG(s) 'tutorial_dag' retrieved from /home/airflow/.local/lib/python3.12/site-packages/airflow/example_dags/tutorial_dag.py
[2026-08-12T04:42:00.956+0000] {logging_mixin.py:190} INFO - [2026-08-12T04:42:00.956+0000] {dag.py:3211} INFO - Sync 1 DAGs
[2026-08-12T04:42:00.975+0000] {logging_mixin.py:190} INFO - [2026-08-12T04:42:00.975+0000] {dag.py:4138} INFO - Setting next_dagrun for tutorial_dag to None, run_after=None
[2026-08-12T04:42:01.003+0000] {processor.py:208} INFO - Processing /home/airflow/.local/lib/python3.12/site-packages/airflow/example_dags/tutorial_dag.py took 0.098 seconds
[2026-08-12T04:42:31.928+0000] {processor.py:186} INFO - Started process (PID=1212) to work on /home/airflow/.local/lib/python3.12/site-packages/airflow/example_dags/tutorial_dag.py
[2026-08-12T04:42:31.929+0000] {processor.py:914} INFO - Processing file /home/airflow/.local/lib/python3.12/site-packages/airflow/example_dags/tutorial_dag.py for tasks to queue
[2026-08-12T04:42:31.932+0000] {logging_mixin.py:190} INFO - [2026-08-12T04:42:31.932+0000] {dagbag.py:587} INFO - Filling up the DagBag from /home/airflow/.local/lib/python3.12/site-packages/airflow/example_dags/tutorial_dag.py
[2026-08-12T04:42:31.944+0000] {processor.py:925} INFO - DAG(s) 'tutorial_dag' retrieved from /home/airflow/.local/lib/python3.12/site-packages/airflow/example_dags/tutorial_dag.py
[2026-08-12T04:42:31.970+0000] {logging_mixin.py:190} INFO - [2026-08-12T04:42:31.970+0000] {dag.py:3211} INFO - Sync 1 DAGs
[2026-08-12T04:42:31.983+0000] {logging_mixin.py:190} INFO - [2026-08-12T04:42:31.983+0000] {dag.py:4138} INFO - Setting next_dagrun for tutorial_dag to None, run_after=None
[2026-08-12T04:42:32.007+0000] {processor.py:208} INFO - Processing /home/airflow/.local/lib/python3.12/site-packages/airflow/example_dags/tutorial_dag.py took 0.084 seconds
[2026-08-12T04:43:03.112+0000] {processor.py:186} INFO - Started process (PID=1274) to work on /home/airflow/.local/lib/python3.12/site-packages/airflow/example_dags/tutorial_dag.py
[2026-08-12T04:43:03.114+0000] {processor.py:914} INFO - Processing file /home/airflow/.local/lib/python3.12/site-packages/airflow/example_dags/tutorial_dag.py for tasks to queue
[2026-08-12T04:43:03.118+0000] {logging_mixin.py:190} INFO - [2026-08-12T04:43:03.117+0000] {dagbag.py:587} INFO - Filling up the DagBag from /home/airflow/.local/lib/python3.12/site-packages/airflow/example_dags/tutorial_dag.py
[2026-08-12T04:43:03.125+0000] {processor.py:925} INFO - DAG(s) 'tutorial_dag' retrieved from /home/airflow/.local/lib/python3.12/site-packages/airflow/example_dags/tutorial_dag.py
[2026-08-12T04:43:03.145+0000] {logging_mixin.py:190} INFO - [2026-08-12T04:43:03.145+0000] {dag.py:3211} INFO - Sync 1 DAGs
[2026-08-12T04:43:03.161+0000] {logging_mixin.py:190} INFO - [2026-08-12T04:43:03.160+0000] {dag.py:4138} INFO - Setting next_dagrun for tutorial_dag to None, run_after=None
[2026-08-12T04:43:03.186+0000] {processor.py:208} INFO - Processing /home/airflow/.local/lib/python3.12/site-packages/airflow/example_dags/tutorial_dag.py took 0.080 seconds
[2026-08-12T04:43:34.127+0000] {processor.py:186} INFO - Started process (PID=1337) to work on /home/airflow/.local/lib/python3.12/site-packages/airflow/example_dags/tutorial_dag.py
[2026-08-12T04:43:34.128+0000] {processor.py:914} INFO - Processing file /home/airflow/.local/lib/python3.12/site-packages/airflow/example_dags/tutorial_dag.py for tasks to queue
[2026-08-12T04:43:34.131+0000] {logging_mixin.py:190} INFO - [2026-08-12T04:43:34.131+0000] {dagbag.py:587} INFO - Filling up the DagBag from /home/airflow/.local/lib/python3.12/site-packages/airflow/example_dags/tutorial_dag.py
[2026-08-12T04:43:34.139+0000] {processor.py:925} INFO - DAG(s) 'tutorial_dag' retrieved from /home/airflow/.local/lib/python3.12/site-packages/airflow/example_dags/tutorial_dag.py
[2026-08-12T04:43:34.161+0000] {logging_mixin.py:190} INFO - [2026-08-12T04:43:34.161+0000] {dag.py:3211} INFO - Sync 1 DAGs
[2026-08-12T04:43:34.176+0000] {logging_mixin.py:190} INFO - [2026-08-12T04:43:34.175+0000] {dag.py:4138} INFO - Setting next_dagrun for tutorial_dag to None, run_after=None
[2026-08-12T04:43:34.200+0000] {processor.py:208} INFO - Processing /home/airflow/.local/lib/python3.12/site-packages/airflow/example_dags/tutorial_dag.py took 0.079 seconds
[2026-08-12T04:44:04.534+0000] {processor.py:186} INFO - Started process (PID=1399) to work on /home/airflow/.local/lib/python3.12/site-packages/airflow/example_dags/tutorial_dag.py
[2026-08-12T04:44:04.536+0000] {processor.py:914} INFO - Processing file /home/airflow/.local/lib/python3.12/site-packages/airflow/example_dags/tutorial_dag.py for tasks to queue
[2026-08-12T04:44:04.540+0000] {logging_mixin.py:190} INFO - [2026-08-12T04:44:04.540+0000] {dagbag.py:587} INFO - Filling up the DagBag from /home/airflow/.local/lib/python3.12/site-packages/airflow/example_dags/tutorial_dag.py
[2026-08-12T04:44:04.549+0000] {processor.py:925} INFO - DAG(s) 'tutorial_dag' retrieved from /home/airflow/.local/lib/python3.12/site-packages/airflow/example_dags/tutorial_dag.py
[2026-08-12T04:44:04.570+0000] {logging_mixin.py:190} INFO - [2026-08-12T04:44:04.570+0000] {dag.py:3211} INFO - Sync 1 DAGs
[2026-08-12T04:44:04.585+0000] {logging_mixin.py:190} INFO - [2026-08-12T04:44:04.585+0000] {dag.py:4138} INFO - Setting next_dagrun for tutorial_dag to None, run_after=None
[2026-08-12T04:44:04.609+0000] {processor.py:208} INFO - Processing /home/airflow/.local/lib/python3.12/site-packages/airflow/example_dags/tutorial_dag.py took 0.081 seconds
[2026-08-12T04:44:35.115+0000] {processor.py:186} INFO - Started process (PID=1462) to work on /home/airflow/.local/lib/python3.12/site-packages/airflow/example_dags/tutorial_dag.py
[2026-08-12T04:44:35.117+0000] {processor.py:914} INFO - Processing file /home/airflow/.local/lib/python3.12/site-packages/airflow/example_dags/tutorial_dag.py for tasks to queue
[2026-08-12T04:44:35.121+0000] {logging_mixin.py:190} INFO - [2026-08-12T04:44:35.120+0000] {dagbag.py:587} INFO - Filling up the DagBag from /home/airflow/.local/lib/python3.12/site-packages/airflow/example_dags/tutorial_dag.py
[2026-08-12T04:44:35.129+0000] {processor.py:925} INFO - DAG(s) 'tutorial_dag' retrieved from /home/airflow/.local/lib/python3.12/site-packages/airflow/example_dags/tutorial_dag.py
[2026-08-12T04:44:35.151+0000] {logging_mixin.py:190} INFO - [2026-08-12T04:44:35.151+0000] {dag.py:3211} INFO - Sync 1 DAGs
[2026-08-12T04:44:35.168+0000] {logging_mixin.py:190} INFO - [2026-08-12T04:44:35.168+0000] {dag.py:4138} INFO - Setting next_dagrun for tutorial_dag to None, run_after=None
[2026-08-12T04:44:35.195+0000] {processor.py:208} INFO - Processing /home/airflow/.local/lib/python3.12/site-packages/airflow/example_dags/tutorial_dag.py took 0.085 seconds
[2026-08-12T04:45:06.398+0000] {processor.py:186} INFO - Started process (PID=1524) to work on /home/airflow/.local/lib/python3.12/site-packages/airflow/example_dags/tutorial_dag.py
[2026-08-12T04:45:06.399+0000] {processor.py:914} INFO - Processing file /home/airflow/.local/lib/python3.12/site-packages/airflow/example_dags/tutorial_dag.py for tasks to queue
[2026-08-12T04:45:06.402+0000] {logging_mixin.py:190} INFO - [2026-08-12T04:45:06.402+0000] {dagbag.py:587} INFO - Filling up the DagBag from /home/airflow/.local/lib/python3.12/site-packages/airflow/example_dags/tutorial_dag.py
[2026-08-12T04:45:06.411+0000] {processor.py:925} INFO - DAG(s) 'tutorial_dag' retrieved from /home/airflow/.local/lib/python3.12/site-packages/airflow/example_dags/tutorial_dag.py
[2026-08-12T04:45:06.435+0000] {logging_mixin.py:190} INFO - [2026-08-12T04:45:06.434+0000] {dag.py:3211} INFO - Sync 1 DAGs
[2026-08-12T04:45:06.451+0000] {logging_mixin.py:190} INFO - [2026-08-12T04:45:06.451+0000] {dag.py:4138} INFO - Setting next_dagrun for tutorial_dag to None, run_after=None
[2026-08-12T04:45:06.476+0000] {processor.py:208} INFO - Processing /home/airflow/.local/lib/python3.12/site-packages/airflow/example_dags/tutorial_dag.py took 0.084 seconds
[2026-08-12T04:45:37.606+0000] {processor.py:186} INFO - Started process (PID=1586) to work on /home/airflow/.local/lib/python3.12/site-packages/airflow/example_dags/tutorial_dag.py
[2026-08-12T04:45:37.608+0000] {processor.py:914} INFO - Processing file /home/airflow/.local/lib/python3.12/site-packages/airflow/example_dags/tutorial_dag.py for tasks to queue
[2026-08-12T04:45:37.611+0000] {logging_mixin.py:190} INFO - [2026-08-12T04:45:37.611+0000] {dagbag.py:587} INFO - Filling up the DagBag from /home/airflow/.local/lib/python3.12/site-packages/airflow/example_dags/tutorial_dag.py
[2026-08-12T04:45:37.621+0000] {processor.py:925} INFO - DAG(s) 'tutorial_dag' retrieved from /home/airflow/.local/lib/python3.12/site-packages/airflow/example_dags/tutorial_dag.py
[2026-08-12T04:45:37.643+0000] {logging_mixin.py:190} INFO - [2026-08-12T04:45:37.643+0000] {dag.py:3211} INFO - Sync 1 DAGs
[2026-08-12T04:45:37.658+0000] {logging_mixin.py:190} INFO - [2026-08-12T04:45:37.657+0000] {dag.py:4138} INFO - Setting next_dagrun for tutorial_dag to None, run_after=None
[2026-08-12T04:45:37.689+0000] {processor.py:208} INFO - Processing /home/airflow/.local/lib/python3.12/site-packages/airflow/example_dags/tutorial_dag.py took 0.089 seconds
[2026-08-12T04:46:07.869+0000] {processor.py:186} INFO - Started process (PID=1648) to work on /home/airflow/.local/lib/python3.12/site-packages/airflow/example_dags/tutorial_dag.py
[2026-08-12T04:46:07.871+0000] {processor.py:914} INFO - Processing file /home/airflow/.local/lib/python3.12/site-packages/airflow/example_dags/tutorial_dag.py for tasks to queue
[2026-08-12T04:46:07.875+0000] {logging_mixin.py:190} INFO - [2026-08-12T04:46:07.874+0000] {dagbag.py:587} INFO - Filling up the DagBag from /home/airflow/.local/lib/python3.12/site-packages/airflow/example_dags/tutorial_dag.py
[2026-08-12T04:46:07.882+0000] {processor.py:925} INFO - DAG(s) 'tutorial_dag' retrieved from /home/airflow/.local/lib/python3.12/site-packages/airflow/example_dags/tutorial_dag.py
[2026-08-12T04:46:07.904+0000] {logging_mixin.py:190} INFO - [2026-08-12T04:46:07.903+0000] {dag.py:3211} INFO - Sync 1 DAGs
[2026-08-12T04:46:07.922+0000] {logging_mixin.py:190} INFO - [2026-08-12T04:46:07.921+0000] {dag.py:4138} INFO - Setting next_dagrun for tutorial_dag to None, run_after=None
[2026-08-12T04:46:07.950+0000] {processor.py:208} INFO - Processing /home/airflow/.local/lib/python3.12/site-packages/airflow/example_dags/tutorial_dag.py took 0.086 seconds
[2026-08-12T04:46:38.443+0000] {processor.py:186} INFO - Started process (PID=1710) to work on /home/airflow/.local/lib/python3.12/site-packages/airflow/example_dags/tutorial_dag.py
[2026-08-12T04:46:38.445+0000] {processor.py:914} INFO - Processing file /home/airflow/.local/lib/python3.12/site-packages/airflow/example_dags/tutorial_dag.py for tasks to queue
[2026-08-12T04:46:38.449+0000] {logging_mixin.py:190} INFO - [2026-08-12T04:46:38.448+0000] {dagbag.py:587} INFO - Filling up the DagBag from /home/airflow/.local/lib/python3.12/site-packages/airflow/example_dags/tutorial_dag.py
[2026-08-12T04:46:38.458+0000] {processor.py:925} INFO - DAG(s) 'tutorial_dag' retrieved from /home/airflow/.local/lib/python3.12/site-packages/airflow/example_dags/tutorial_dag.py
[2026-08-12T04:46:38.481+0000] {logging_mixin.py:190} INFO - [2026-08-12T04:46:38.481+0000] {dag.py:3211} INFO - Sync 1 DAGs
[2026-08-12T04:46:38.498+0000] {logging_mixin.py:190} INFO - [2026-08-12T04:46:38.497+0000] {dag.py:4138} INFO - Setting next_dagrun for tutorial_dag to None, run_after=None
[2026-08-12T04:46:38.523+0000] {processor.py:208} INFO - Processing /home/airflow/.local/lib/python3.12/site-packages/airflow/example_dags/tutorial_dag.py took 0.087 seconds
[2026-08-12T04:47:09.288+0000] {processor.py:186} INFO - Started process (PID=1772) to work on /home/airflow/.local/lib/python3.12/site-packages/airflow/example_dags/tutorial_dag.py
[2026-08-12T04:47:09.290+0000] {processor.py:914} INFO - Processing file /home/airflow/.local/lib/python3.12/site-packages/airflow/example_dags/tutorial_dag.py for tasks to queue
[2026-08-12T04:47:09.294+0000] {logging_mixin.py:190} INFO - [2026-08-12T04:47:09.293+0000] {dagbag.py:587} INFO - Filling up the DagBag from /home/airflow/.local/lib/python3.12/site-packages/airflow/example_dags/tutorial_dag.py
[2026-08-12T04:47:09.302+0000] {processor.py:925} INFO - DAG(s) 'tutorial_dag' retrieved from /home/airflow/.local/lib/python3.12/site-packages/airflow/example_dags/tutorial_dag.py
[2026-08-12T04:47:09.325+0000] {logging_mixin.py:190} INFO - [2026-08-12T04:47:09.325+0000] {dag.py:3211} INFO - Sync 1 DAGs
[2026-08-12T04:47:09.343+0000] {logging_mixin.py:190} INFO - [2026-08-12T04:47:09.343+0000] {dag.py:4138} INFO - Setting next_dagrun for tutorial_dag to None, run_after=None
[2026-08-12T04:47:09.370+0000] {processor.py:208} INFO - Processing /home/airflow/.local/lib/python3.12/site-packages/airflow/example_dags/tutorial_dag.py took 0.087 seconds
[2026-08-12T04:47:40.611+0000] {processor.py:186} INFO - Started process (PID=1834) to work on /home/airflow/.local/lib/python3.12/site-packages/airflow/example_dags/tutorial_dag.py
[2026-08-12T04:47:40.615+0000] {processor.py:914} INFO - Processing file /home/airflow/.local/lib/python3.12/site-packages/airflow/example_dags/tutorial_dag.py for tasks to queue
[2026-08-12T04:47:40.618+0000] {logging_mixin.py:190} INFO - [2026-08-12T04:47:40.618+0000] {dagbag.py:587} INFO - Filling up the DagBag from /home/airflow/.local/lib/python3.12/site-packages/airflow/example_dags/tutorial_dag.py
[2026-08-12T04:47:40.631+0000] {processor.py:925} INFO - DAG(s) 'tutorial_dag' retrieved from /home/airflow/.local/lib/python3.12/site-packages/airflow/example_dags/tutorial_dag.py
[2026-08-12T04:47:40.655+0000] {logging_mixin.py:190} INFO - [2026-08-12T04:47:40.655+0000] {dag.py:3211} INFO - Sync 1 DAGs
[2026-08-12T04:47:40.672+0000] {logging_mixin.py:190} INFO - [2026-08-12T04:47:40.671+0000] {dag.py:4138} INFO - Setting next_dagrun for tutorial_dag to None, run_after=None
[2026-08-12T04:47:40.699+0000] {processor.py:208} INFO - Processing /home/airflow/.local/lib/python3.12/site-packages/airflow/example_dags/tutorial_dag.py took 0.095 seconds
[2026-08-12T04:48:10.894+0000] {processor.py:186} INFO - Started process (PID=1896) to work on /home/airflow/.local/lib/python3.12/site-packages/airflow/example_dags/tutorial_dag.py
[2026-08-12T04:48:10.896+0000] {processor.py:914} INFO - Processing file /home/airflow/.local/lib/python3.12/site-packages/airflow/example_dags/tutorial_dag.py for tasks to queue
[2026-08-12T04:48:10.899+0000] {logging_mixin.py:190} INFO - [2026-08-12T04:48:10.899+0000] {dagbag.py:587} INFO - Filling up the DagBag from /home/airflow/.local/lib/python3.12/site-packages/airflow/example_dags/tutorial_dag.py
[2026-08-12T04:48:10.907+0000] {processor.py:925} INFO - DAG(s) 'tutorial_dag' retrieved from /home/airflow/.local/lib/python3.12/site-packages/airflow/example_dags/tutorial_dag.py
[2026-08-12T04:48:10.932+0000] {logging_mixin.py:190} INFO - [2026-08-12T04:48:10.931+0000] {dag.py:3211} INFO - Sync 1 DAGs
[2026-08-12T04:48:10.948+0000] {logging_mixin.py:190} INFO - [2026-08-12T04:48:10.948+0000] {dag.py:4138} INFO - Setting next_dagrun for tutorial_dag to None, run_after=None
[2026-08-12T04:48:10.975+0000] {processor.py:208} INFO - Processing /home/airflow/.local/lib/python3.12/site-packages/airflow/example_dags/tutorial_dag.py took 0.086 seconds
