[2026-08-12T04:31:35.763+0000] {processor.py:186} INFO - Started process (PID=107) to work on /home/airflow/.local/lib/python3.12/site-packages/airflow/example_dags/tutorial.py
[2026-08-12T04:31:35.765+0000] {processor.py:914} INFO - Processing file /home/airflow/.local/lib/python3.12/site-packages/airflow/example_dags/tutorial.py for tasks to queue
[2026-08-12T04:31:35.769+0000] {logging_mixin.py:190} INFO - [2026-08-12T04:31:35.769+0000] {dagbag.py:587} INFO - Filling up the DagBag from /home/airflow/.local/lib/python3.12/site-packages/airflow/example_dags/tutorial.py
[2026-08-12T04:31:35.782+0000] {processor.py:925} INFO - DAG(s) 'tutorial' retrieved from /home/airflow/.local/lib/python3.12/site-packages/airflow/example_dags/tutorial.py
[2026-08-12T04:31:35.940+0000] {logging_mixin.py:190} INFO - [2026-08-12T04:31:35.939+0000] {override.py:1858} INFO - Created Permission View: can read on DAG:tutorial
[2026-08-12T04:31:35.956+0000] {logging_mixin.py:190} INFO - [2026-08-12T04:31:35.955+0000] {override.py:1858} INFO - Created Permission View: can edit on DAG:tutorial
[2026-08-12T04:31:35.969+0000] {logging_mixin.py:190} INFO - [2026-08-12T04:31:35.968+0000] {override.py:1858} INFO - Created Permission View: can delete on DAG:tutorial
[2026-08-12T04:31:35.971+0000] {logging_mixin.py:190} INFO - [2026-08-12T04:31:35.970+0000] {dag.py:3211} INFO - Sync 1 DAGs
[2026-08-12T04:31:36.001+0000] {logging_mixin.py:190} INFO - [2026-08-12T04:31:36.001+0000] {dag.py:3234} INFO - Creating ORM DAG for tutorial
[2026-08-12T04:31:36.025+0000] {logging_mixin.py:190} INFO - [2026-08-12T04:31:36.024+0000] {dag.py:4138} INFO - Setting next_dagrun for tutorial to 2026-08-11 00:00:00+00:00, run_after=2026-08-12 00:00:00+00:00
[2026-08-12T04:31:36.053+0000] {processor.py:208} INFO - Processing /home/airflow/.local/lib/python3.12/site-packages/airflow/example_dags/tutorial.py took 0.297 seconds
[2026-08-12T04:32:06.242+0000] {processor.py:186} INFO - Started process (PID=169) to work on /home/airflow/.local/lib/python3.12/site-packages/airflow/example_dags/tutorial.py
[2026-08-12T04:32:06.243+0000] {processor.py:914} INFO - Processing file /home/airflow/.local/lib/python3.12/site-packages/airflow/example_dags/tutorial.py for tasks to queue
[2026-08-12T04:32:06.247+0000] {logging_mixin.py:190} INFO - [2026-08-12T04:32:06.246+0000] {dagbag.py:587} INFO - Filling up the DagBag from /home/airflow/.local/lib/python3.12/site-packages/airflow/example_dags/tutorial.py
[2026-08-12T04:32:06.257+0000] {processor.py:925} INFO - DAG(s) 'tutorial' retrieved from /home/airflow/.local/lib/python3.12/site-packages/airflow/example_dags/tutorial.py
[2026-08-12T04:32:06.280+0000] {logging_mixin.py:190} INFO - [2026-08-12T04:32:06.279+0000] {dag.py:3211} INFO - Sync 1 DAGs
[2026-08-12T04:32:06.306+0000] {logging_mixin.py:190} INFO - [2026-08-12T04:32:06.305+0000] {dag.py:4138} INFO - Setting next_dagrun for tutorial to 2026-08-11 00:00:00+00:00, run_after=2026-08-12 00:00:00+00:00
[2026-08-12T04:32:06.331+0000] {processor.py:208} INFO - Processing /home/airflow/.local/lib/python3.12/site-packages/airflow/example_dags/tutorial.py took 0.097 seconds
[2026-08-12T04:33:22.095+0000] {processor.py:186} INFO - Started process (PID=94) to work on /home/airflow/.local/lib/python3.12/site-packages/airflow/example_dags/tutorial.py
[2026-08-12T04:33:22.097+0000] {processor.py:914} INFO - Processing file /home/airflow/.local/lib/python3.12/site-packages/airflow/example_dags/tutorial.py for tasks to queue
[2026-08-12T04:33:22.107+0000] {logging_mixin.py:190} INFO - [2026-08-12T04:33:22.106+0000] {dagbag.py:587} INFO - Filling up the DagBag from /home/airflow/.local/lib/python3.12/site-packages/airflow/example_dags/tutorial.py
[2026-08-12T04:33:22.129+0000] {processor.py:925} INFO - DAG(s) 'tutorial' retrieved from /home/airflow/.local/lib/python3.12/site-packages/airflow/example_dags/tutorial.py
[2026-08-12T04:33:22.178+0000] {logging_mixin.py:190} INFO - [2026-08-12T04:33:22.178+0000] {dag.py:3211} INFO - Sync 1 DAGs
[2026-08-12T04:33:22.221+0000] {logging_mixin.py:190} INFO - [2026-08-12T04:33:22.221+0000] {dag.py:4138} INFO - Setting next_dagrun for tutorial to 2026-08-11 00:00:00+00:00, run_after=2026-08-12 00:00:00+00:00
[2026-08-12T04:33:22.266+0000] {processor.py:208} INFO - Processing /home/airflow/.local/lib/python3.12/site-packages/airflow/example_dags/tutorial.py took 0.177 seconds
[2026-08-12T04:33:52.888+0000] {processor.py:186} INFO - Started process (PID=156) to work on /home/airflow/.local/lib/python3.12/site-packages/airflow/example_dags/tutorial.py
[2026-08-12T04:33:52.889+0000] {processor.py:914} INFO - Processing file /home/airflow/.local/lib/python3.12/site-packages/airflow/example_dags/tutorial.py for tasks to queue
[2026-08-12T04:33:52.892+0000] {logging_mixin.py:190} INFO - [2026-08-12T04:33:52.892+0000] {dagbag.py:587} INFO - Filling up the DagBag from /home/airflow/.local/lib/python3.12/site-packages/airflow/example_dags/tutorial.py
[2026-08-12T04:33:52.900+0000] {processor.py:925} INFO - DAG(s) 'tutorial' retrieved from /home/airflow/.local/lib/python3.12/site-packages/airflow/example_dags/tutorial.py
[2026-08-12T04:33:52.924+0000] {logging_mixin.py:190} INFO - [2026-08-12T04:33:52.924+0000] {dag.py:3211} INFO - Sync 1 DAGs
[2026-08-12T04:33:52.947+0000] {logging_mixin.py:190} INFO - [2026-08-12T04:33:52.947+0000] {dag.py:4138} INFO - Setting next_dagrun for tutorial to 2026-08-11 00:00:00+00:00, run_after=2026-08-12 00:00:00+00:00
[2026-08-12T04:33:52.978+0000] {processor.py:208} INFO - Processing /home/airflow/.local/lib/python3.12/site-packages/airflow/example_dags/tutorial.py took 0.097 seconds
[2026-08-12T04:34:23.279+0000] {processor.py:186} INFO - Started process (PID=218) to work on /home/airflow/.local/lib/python3.12/site-packages/airflow/example_dags/tutorial.py
[2026-08-12T04:34:23.281+0000] {processor.py:914} INFO - Processing file /home/airflow/.local/lib/python3.12/site-packages/airflow/example_dags/tutorial.py for tasks to queue
[2026-08-12T04:34:23.284+0000] {logging_mixin.py:190} INFO - [2026-08-12T04:34:23.283+0000] {dagbag.py:587} INFO - Filling up the DagBag from /home/airflow/.local/lib/python3.12/site-packages/airflow/example_dags/tutorial.py
[2026-08-12T04:34:23.293+0000] {processor.py:925} INFO - DAG(s) 'tutorial' retrieved from /home/airflow/.local/lib/python3.12/site-packages/airflow/example_dags/tutorial.py
[2026-08-12T04:34:23.315+0000] {logging_mixin.py:190} INFO - [2026-08-12T04:34:23.314+0000] {dag.py:3211} INFO - Sync 1 DAGs
[2026-08-12T04:34:23.340+0000] {logging_mixin.py:190} INFO - [2026-08-12T04:34:23.340+0000] {dag.py:4138} INFO - Setting next_dagrun for tutorial to 2026-08-11 00:00:00+00:00, run_after=2026-08-12 00:00:00+00:00
[2026-08-12T04:34:23.363+0000] {processor.py:208} INFO - Processing /home/airflow/.local/lib/python3.12/site-packages/airflow/example_dags/tutorial.py took 0.089 seconds
[2026-08-12T04:34:53.701+0000] {processor.py:186} INFO - Started process (PID=280) to work on /home/airflow/.local/lib/python3.12/site-packages/airflow/example_dags/tutorial.py
[2026-08-12T04:34:53.703+0000] {processor.py:914} INFO - Processing file /home/airflow/.local/lib/python3.12/site-packages/airflow/example_dags/tutorial.py for tasks to queue
[2026-08-12T04:34:53.706+0000] {logging_mixin.py:190} INFO - [2026-08-12T04:34:53.706+0000] {dagbag.py:587} INFO - Filling up the DagBag from /home/airflow/.local/lib/python3.12/site-packages/airflow/example_dags/tutorial.py
[2026-08-12T04:34:53.716+0000] {processor.py:925} INFO - DAG(s) 'tutorial' retrieved from /home/airflow/.local/lib/python3.12/site-packages/airflow/example_dags/tutorial.py
[2026-08-12T04:34:53.739+0000] {logging_mixin.py:190} INFO - [2026-08-12T04:34:53.738+0000] {dag.py:3211} INFO - Sync 1 DAGs
[2026-08-12T04:34:53.763+0000] {logging_mixin.py:190} INFO - [2026-08-12T04:34:53.762+0000] {dag.py:4138} INFO - Setting next_dagrun for tutorial to 2026-08-11 00:00:00+00:00, run_after=2026-08-12 00:00:00+00:00
[2026-08-12T04:34:53.789+0000] {processor.py:208} INFO - Processing /home/airflow/.local/lib/python3.12/site-packages/airflow/example_dags/tutorial.py took 0.093 seconds
[2026-08-12T04:35:24.642+0000] {processor.py:186} INFO - Started process (PID=343) to work on /home/airflow/.local/lib/python3.12/site-packages/airflow/example_dags/tutorial.py
[2026-08-12T04:35:24.644+0000] {processor.py:914} INFO - Processing file /home/airflow/.local/lib/python3.12/site-packages/airflow/example_dags/tutorial.py for tasks to queue
[2026-08-12T04:35:24.648+0000] {logging_mixin.py:190} INFO - [2026-08-12T04:35:24.647+0000] {dagbag.py:587} INFO - Filling up the DagBag from /home/airflow/.local/lib/python3.12/site-packages/airflow/example_dags/tutorial.py
[2026-08-12T04:35:24.656+0000] {processor.py:925} INFO - DAG(s) 'tutorial' retrieved from /home/airflow/.local/lib/python3.12/site-packages/airflow/example_dags/tutorial.py
[2026-08-12T04:35:24.678+0000] {logging_mixin.py:190} INFO - [2026-08-12T04:35:24.678+0000] {dag.py:3211} INFO - Sync 1 DAGs
[2026-08-12T04:35:24.706+0000] {logging_mixin.py:190} INFO - [2026-08-12T04:35:24.705+0000] {dag.py:4138} INFO - Setting next_dagrun for tutorial to 2026-08-11 00:00:00+00:00, run_after=2026-08-12 00:00:00+00:00
[2026-08-12T04:35:24.730+0000] {processor.py:208} INFO - Processing /home/airflow/.local/lib/python3.12/site-packages/airflow/example_dags/tutorial.py took 0.093 seconds
[2026-08-12T04:35:54.966+0000] {processor.py:186} INFO - Started process (PID=405) to work on /home/airflow/.local/lib/python3.12/site-packages/airflow/example_dags/tutorial.py
[2026-08-12T04:35:54.968+0000] {processor.py:914} INFO - Processing file /home/airflow/.local/lib/python3.12/site-packages/airflow/example_dags/tutorial.py for tasks to queue
[2026-08-12T04:35:54.971+0000] {logging_mixin.py:190} INFO - [2026-08-12T04:35:54.971+0000] {dagbag.py:587} INFO - Filling up the DagBag from /home/airflow/.local/lib/python3.12/site-packages/airflow/example_dags/tutorial.py
[2026-08-12T04:35:54.981+0000] {processor.py:925} INFO - DAG(s) 'tutorial' retrieved from /home/airflow/.local/lib/python3.12/site-packages/airflow/example_dags/tutorial.py
[2026-08-12T04:35:55.004+0000] {logging_mixin.py:190} INFO - [2026-08-12T04:35:55.003+0000] {dag.py:3211} INFO - Sync 1 DAGs
[2026-08-12T04:35:55.036+0000] {logging_mixin.py:190} INFO - [2026-08-12T04:35:55.036+0000] {dag.py:4138} INFO - Setting next_dagrun for tutorial to 2026-08-11 00:00:00+00:00, run_after=2026-08-12 00:00:00+00:00
[2026-08-12T04:35:55.066+0000] {processor.py:208} INFO - Processing /home/airflow/.local/lib/python3.12/site-packages/airflow/example_dags/tutorial.py took 0.106 seconds
[2026-08-12T04:36:25.374+0000] {processor.py:186} INFO - Started process (PID=467) to work on /home/airflow/.local/lib/python3.12/site-packages/airflow/example_dags/tutorial.py
[2026-08-12T04:36:25.375+0000] {processor.py:914} INFO - Processing file /home/airflow/.local/lib/python3.12/site-packages/airflow/example_dags/tutorial.py for tasks to queue
[2026-08-12T04:36:25.380+0000] {logging_mixin.py:190} INFO - [2026-08-12T04:36:25.379+0000] {dagbag.py:587} INFO - Filling up the DagBag from /home/airflow/.local/lib/python3.12/site-packages/airflow/example_dags/tutorial.py
[2026-08-12T04:36:25.389+0000] {processor.py:925} INFO - DAG(s) 'tutorial' retrieved from /home/airflow/.local/lib/python3.12/site-packages/airflow/example_dags/tutorial.py
[2026-08-12T04:36:25.419+0000] {logging_mixin.py:190} INFO - [2026-08-12T04:36:25.418+0000] {dag.py:3211} INFO - Sync 1 DAGs
[2026-08-12T04:36:25.464+0000] {logging_mixin.py:190} INFO - [2026-08-12T04:36:25.463+0000] {dag.py:4138} INFO - Setting next_dagrun for tutorial to 2026-08-11 00:00:00+00:00, run_after=2026-08-12 00:00:00+00:00
[2026-08-12T04:36:25.503+0000] {processor.py:208} INFO - Processing /home/airflow/.local/lib/python3.12/site-packages/airflow/example_dags/tutorial.py took 0.136 seconds
[2026-08-12T04:36:55.948+0000] {processor.py:186} INFO - Started process (PID=529) to work on /home/airflow/.local/lib/python3.12/site-packages/airflow/example_dags/tutorial.py
[2026-08-12T04:36:55.950+0000] {processor.py:914} INFO - Processing file /home/airflow/.local/lib/python3.12/site-packages/airflow/example_dags/tutorial.py for tasks to queue
[2026-08-12T04:36:55.953+0000] {logging_mixin.py:190} INFO - [2026-08-12T04:36:55.953+0000] {dagbag.py:587} INFO - Filling up the DagBag from /home/airflow/.local/lib/python3.12/site-packages/airflow/example_dags/tutorial.py
[2026-08-12T04:36:55.963+0000] {processor.py:925} INFO - DAG(s) 'tutorial' retrieved from /home/airflow/.local/lib/python3.12/site-packages/airflow/example_dags/tutorial.py
[2026-08-12T04:36:55.987+0000] {logging_mixin.py:190} INFO - [2026-08-12T04:36:55.986+0000] {dag.py:3211} INFO - Sync 1 DAGs
[2026-08-12T04:36:56.013+0000] {logging_mixin.py:190} INFO - [2026-08-12T04:36:56.013+0000] {dag.py:4138} INFO - Setting next_dagrun for tutorial to 2026-08-11 00:00:00+00:00, run_after=2026-08-12 00:00:00+00:00
[2026-08-12T04:36:56.037+0000] {processor.py:208} INFO - Processing /home/airflow/.local/lib/python3.12/site-packages/airflow/example_dags/tutorial.py took 0.095 seconds
[2026-08-12T04:37:26.842+0000] {processor.py:186} INFO - Started process (PID=591) to work on /home/airflow/.local/lib/python3.12/site-packages/airflow/example_dags/tutorial.py
[2026-08-12T04:37:26.844+0000] {processor.py:914} INFO - Processing file /home/airflow/.local/lib/python3.12/site-packages/airflow/example_dags/tutorial.py for tasks to queue
[2026-08-12T04:37:26.848+0000] {logging_mixin.py:190} INFO - [2026-08-12T04:37:26.848+0000] {dagbag.py:587} INFO - Filling up the DagBag from /home/airflow/.local/lib/python3.12/site-packages/airflow/example_dags/tutorial.py
[2026-08-12T04:37:26.856+0000] {processor.py:925} INFO - DAG(s) 'tutorial' retrieved from /home/airflow/.local/lib/python3.12/site-packages/airflow/example_dags/tutorial.py
[2026-08-12T04:37:26.878+0000] {logging_mixin.py:190} INFO - [2026-08-12T04:37:26.877+0000] {dag.py:3211} INFO - Sync 1 DAGs
[2026-08-12T04:37:26.902+0000] {logging_mixin.py:190} INFO - [2026-08-12T04:37:26.901+0000] {dag.py:4138} INFO - Setting next_dagrun for tutorial to 2026-08-11 00:00:00+00:00, run_after=2026-08-12 00:00:00+00:00
[2026-08-12T04:37:26.926+0000] {processor.py:208} INFO - Processing /home/airflow/.local/lib/python3.12/site-packages/airflow/example_dags/tutorial.py took 0.090 seconds
[2026-08-12T04:37:57.483+0000] {processor.py:186} INFO - Started process (PID=653) to work on /home/airflow/.local/lib/python3.12/site-packages/airflow/example_dags/tutorial.py
[2026-08-12T04:37:57.485+0000] {processor.py:914} INFO - Processing file /home/airflow/.local/lib/python3.12/site-packages/airflow/example_dags/tutorial.py for tasks to queue
[2026-08-12T04:37:57.488+0000] {logging_mixin.py:190} INFO - [2026-08-12T04:37:57.488+0000] {dagbag.py:587} INFO - Filling up the DagBag from /home/airflow/.local/lib/python3.12/site-packages/airflow/example_dags/tutorial.py
[2026-08-12T04:37:57.496+0000] {processor.py:925} INFO - DAG(s) 'tutorial' retrieved from /home/airflow/.local/lib/python3.12/site-packages/airflow/example_dags/tutorial.py
[2026-08-12T04:37:57.518+0000] {logging_mixin.py:190} INFO - [2026-08-12T04:37:57.518+0000] {dag.py:3211} INFO - Sync 1 DAGs
[2026-08-12T04:37:57.545+0000] {logging_mixin.py:190} INFO - [2026-08-12T04:37:57.545+0000] {dag.py:4138} INFO - Setting next_dagrun for tutorial to 2026-08-11 00:00:00+00:00, run_after=2026-08-12 00:00:00+00:00
[2026-08-12T04:37:57.574+0000] {processor.py:208} INFO - Processing /home/airflow/.local/lib/python3.12/site-packages/airflow/example_dags/tutorial.py took 0.097 seconds
[2026-08-12T04:38:27.934+0000] {processor.py:186} INFO - Started process (PID=715) to work on /home/airflow/.local/lib/python3.12/site-packages/airflow/example_dags/tutorial.py
[2026-08-12T04:38:27.937+0000] {processor.py:914} INFO - Processing file /home/airflow/.local/lib/python3.12/site-packages/airflow/example_dags/tutorial.py for tasks to queue
[2026-08-12T04:38:27.955+0000] {logging_mixin.py:190} INFO - [2026-08-12T04:38:27.954+0000] {dagbag.py:587} INFO - Filling up the DagBag from /home/airflow/.local/lib/python3.12/site-packages/airflow/example_dags/tutorial.py
[2026-08-12T04:38:27.965+0000] {processor.py:925} INFO - DAG(s) 'tutorial' retrieved from /home/airflow/.local/lib/python3.12/site-packages/airflow/example_dags/tutorial.py
[2026-08-12T04:38:27.991+0000] {logging_mixin.py:190} INFO - [2026-08-12T04:38:27.991+0000] {dag.py:3211} INFO - Sync 1 DAGs
[2026-08-12T04:38:28.016+0000] {logging_mixin.py:190} INFO - [2026-08-12T04:38:28.016+0000] {dag.py:4138} INFO - Setting next_dagrun for tutorial to 2026-08-11 00:00:00+00:00, run_after=2026-08-12 00:00:00+00:00
[2026-08-12T04:38:28.058+0000] {processor.py:208} INFO - Processing /home/airflow/.local/lib/python3.12/site-packages/airflow/example_dags/tutorial.py took 0.132 seconds
[2026-08-12T04:38:58.273+0000] {processor.py:186} INFO - Started process (PID=777) to work on /home/airflow/.local/lib/python3.12/site-packages/airflow/example_dags/tutorial.py
[2026-08-12T04:38:58.275+0000] {processor.py:914} INFO - Processing file /home/airflow/.local/lib/python3.12/site-packages/airflow/example_dags/tutorial.py for tasks to queue
[2026-08-12T04:38:58.278+0000] {logging_mixin.py:190} INFO - [2026-08-12T04:38:58.277+0000] {dagbag.py:587} INFO - Filling up the DagBag from /home/airflow/.local/lib/python3.12/site-packages/airflow/example_dags/tutorial.py
[2026-08-12T04:38:58.287+0000] {processor.py:925} INFO - DAG(s) 'tutorial' retrieved from /home/airflow/.local/lib/python3.12/site-packages/airflow/example_dags/tutorial.py
[2026-08-12T04:38:58.310+0000] {logging_mixin.py:190} INFO - [2026-08-12T04:38:58.309+0000] {dag.py:3211} INFO - Sync 1 DAGs
[2026-08-12T04:38:58.333+0000] {logging_mixin.py:190} INFO - [2026-08-12T04:38:58.333+0000] {dag.py:4138} INFO - Setting next_dagrun for tutorial to 2026-08-11 00:00:00+00:00, run_after=2026-08-12 00:00:00+00:00
[2026-08-12T04:38:58.360+0000] {processor.py:208} INFO - Processing /home/airflow/.local/lib/python3.12/site-packages/airflow/example_dags/tutorial.py took 0.095 seconds
[2026-08-12T04:39:28.461+0000] {processor.py:186} INFO - Started process (PID=838) to work on /home/airflow/.local/lib/python3.12/site-packages/airflow/example_dags/tutorial.py
[2026-08-12T04:39:28.463+0000] {processor.py:914} INFO - Processing file /home/airflow/.local/lib/python3.12/site-packages/airflow/example_dags/tutorial.py for tasks to queue
[2026-08-12T04:39:28.466+0000] {logging_mixin.py:190} INFO - [2026-08-12T04:39:28.466+0000] {dagbag.py:587} INFO - Filling up the DagBag from /home/airflow/.local/lib/python3.12/site-packages/airflow/example_dags/tutorial.py
[2026-08-12T04:39:28.474+0000] {processor.py:925} INFO - DAG(s) 'tutorial' retrieved from /home/airflow/.local/lib/python3.12/site-packages/airflow/example_dags/tutorial.py
[2026-08-12T04:39:28.494+0000] {logging_mixin.py:190} INFO - [2026-08-12T04:39:28.494+0000] {dag.py:3211} INFO - Sync 1 DAGs
[2026-08-12T04:39:28.515+0000] {logging_mixin.py:190} INFO - [2026-08-12T04:39:28.514+0000] {dag.py:4138} INFO - Setting next_dagrun for tutorial to 2026-08-11 00:00:00+00:00, run_after=2026-08-12 00:00:00+00:00
[2026-08-12T04:39:28.538+0000] {processor.py:208} INFO - Processing /home/airflow/.local/lib/python3.12/site-packages/airflow/example_dags/tutorial.py took 0.082 seconds
[2026-08-12T04:39:58.948+0000] {processor.py:186} INFO - Started process (PID=900) to work on /home/airflow/.local/lib/python3.12/site-packages/airflow/example_dags/tutorial.py
[2026-08-12T04:39:58.950+0000] {processor.py:914} INFO - Processing file /home/airflow/.local/lib/python3.12/site-packages/airflow/example_dags/tutorial.py for tasks to queue
[2026-08-12T04:39:58.953+0000] {logging_mixin.py:190} INFO - [2026-08-12T04:39:58.953+0000] {dagbag.py:587} INFO - Filling up the DagBag from /home/airflow/.local/lib/python3.12/site-packages/airflow/example_dags/tutorial.py
[2026-08-12T04:39:58.963+0000] {processor.py:925} INFO - DAG(s) 'tutorial' retrieved from /home/airflow/.local/lib/python3.12/site-packages/airflow/example_dags/tutorial.py
[2026-08-12T04:39:58.992+0000] {logging_mixin.py:190} INFO - [2026-08-12T04:39:58.991+0000] {dag.py:3211} INFO - Sync 1 DAGs
[2026-08-12T04:39:59.019+0000] {logging_mixin.py:190} INFO - [2026-08-12T04:39:59.018+0000] {dag.py:4138} INFO - Setting next_dagrun for tutorial to 2026-08-11 00:00:00+00:00, run_after=2026-08-12 00:00:00+00:00
[2026-08-12T04:39:59.051+0000] {processor.py:208} INFO - Processing /home/airflow/.local/lib/python3.12/site-packages/airflow/example_dags/tutorial.py took 0.109 seconds
[2026-08-12T04:40:29.161+0000] {processor.py:186} INFO - Started process (PID=962) to work on /home/airflow/.local/lib/python3.12/site-packages/airflow/example_dags/tutorial.py
[2026-08-12T04:40:29.163+0000] {processor.py:914} INFO - Processing file /home/airflow/.local/lib/python3.12/site-packages/airflow/example_dags/tutorial.py for tasks to queue
[2026-08-12T04:40:29.167+0000] {logging_mixin.py:190} INFO - [2026-08-12T04:40:29.167+0000] {dagbag.py:587} INFO - Filling up the DagBag from /home/airflow/.local/lib/python3.12/site-packages/airflow/example_dags/tutorial.py
[2026-08-12T04:40:29.177+0000] {processor.py:925} INFO - DAG(s) 'tutorial' retrieved from /home/airflow/.local/lib/python3.12/site-packages/airflow/example_dags/tutorial.py
[2026-08-12T04:40:29.200+0000] {logging_mixin.py:190} INFO - [2026-08-12T04:40:29.200+0000] {dag.py:3211} INFO - Sync 1 DAGs
[2026-08-12T04:40:29.228+0000] {logging_mixin.py:190} INFO - [2026-08-12T04:40:29.228+0000] {dag.py:4138} INFO - Setting next_dagrun for tutorial to 2026-08-11 00:00:00+00:00, run_after=2026-08-12 00:00:00+00:00
[2026-08-12T04:40:29.261+0000] {processor.py:208} INFO - Processing /home/airflow/.local/lib/python3.12/site-packages/airflow/example_dags/tutorial.py took 0.109 seconds
[2026-08-12T04:40:59.346+0000] {processor.py:186} INFO - Started process (PID=1024) to work on /home/airflow/.local/lib/python3.12/site-packages/airflow/example_dags/tutorial.py
[2026-08-12T04:40:59.348+0000] {processor.py:914} INFO - Processing file /home/airflow/.local/lib/python3.12/site-packages/airflow/example_dags/tutorial.py for tasks to queue
[2026-08-12T04:40:59.351+0000] {logging_mixin.py:190} INFO - [2026-08-12T04:40:59.351+0000] {dagbag.py:587} INFO - Filling up the DagBag from /home/airflow/.local/lib/python3.12/site-packages/airflow/example_dags/tutorial.py
[2026-08-12T04:40:59.361+0000] {processor.py:925} INFO - DAG(s) 'tutorial' retrieved from /home/airflow/.local/lib/python3.12/site-packages/airflow/example_dags/tutorial.py
[2026-08-12T04:40:59.387+0000] {logging_mixin.py:190} INFO - [2026-08-12T04:40:59.386+0000] {dag.py:3211} INFO - Sync 1 DAGs
[2026-08-12T04:40:59.413+0000] {logging_mixin.py:190} INFO - [2026-08-12T04:40:59.412+0000] {dag.py:4138} INFO - Setting next_dagrun for tutorial to 2026-08-11 00:00:00+00:00, run_after=2026-08-12 00:00:00+00:00
[2026-08-12T04:40:59.501+0000] {processor.py:208} INFO - Processing /home/airflow/.local/lib/python3.12/site-packages/airflow/example_dags/tutorial.py took 0.162 seconds
[2026-08-12T04:41:29.759+0000] {processor.py:186} INFO - Started process (PID=1086) to work on /home/airflow/.local/lib/python3.12/site-packages/airflow/example_dags/tutorial.py
[2026-08-12T04:41:29.761+0000] {processor.py:914} INFO - Processing file /home/airflow/.local/lib/python3.12/site-packages/airflow/example_dags/tutorial.py for tasks to queue
[2026-08-12T04:41:29.765+0000] {logging_mixin.py:190} INFO - [2026-08-12T04:41:29.765+0000] {dagbag.py:587} INFO - Filling up the DagBag from /home/airflow/.local/lib/python3.12/site-packages/airflow/example_dags/tutorial.py
[2026-08-12T04:41:29.776+0000] {processor.py:925} INFO - DAG(s) 'tutorial' retrieved from /home/airflow/.local/lib/python3.12/site-packages/airflow/example_dags/tutorial.py
[2026-08-12T04:41:29.814+0000] {logging_mixin.py:190} INFO - [2026-08-12T04:41:29.814+0000] {dag.py:3211} INFO - Sync 1 DAGs
[2026-08-12T04:41:29.859+0000] {logging_mixin.py:190} INFO - [2026-08-12T04:41:29.858+0000] {dag.py:4138} INFO - Setting next_dagrun for tutorial to 2026-08-11 00:00:00+00:00, run_after=2026-08-12 00:00:00+00:00
[2026-08-12T04:41:29.892+0000] {processor.py:208} INFO - Processing /home/airflow/.local/lib/python3.12/site-packages/airflow/example_dags/tutorial.py took 0.141 seconds
[2026-08-12T04:42:00.778+0000] {processor.py:186} INFO - Started process (PID=1148) to work on /home/airflow/.local/lib/python3.12/site-packages/airflow/example_dags/tutorial.py
[2026-08-12T04:42:00.781+0000] {processor.py:914} INFO - Processing file /home/airflow/.local/lib/python3.12/site-packages/airflow/example_dags/tutorial.py for tasks to queue
[2026-08-12T04:42:00.785+0000] {logging_mixin.py:190} INFO - [2026-08-12T04:42:00.785+0000] {dagbag.py:587} INFO - Filling up the DagBag from /home/airflow/.local/lib/python3.12/site-packages/airflow/example_dags/tutorial.py
[2026-08-12T04:42:00.794+0000] {processor.py:925} INFO - DAG(s) 'tutorial' retrieved from /home/airflow/.local/lib/python3.12/site-packages/airflow/example_dags/tutorial.py
[2026-08-12T04:42:00.817+0000] {logging_mixin.py:190} INFO - [2026-08-12T04:42:00.817+0000] {dag.py:3211} INFO - Sync 1 DAGs
[2026-08-12T04:42:00.841+0000] {logging_mixin.py:190} INFO - [2026-08-12T04:42:00.841+0000] {dag.py:4138} INFO - Setting next_dagrun for tutorial to 2026-08-11 00:00:00+00:00, run_after=2026-08-12 00:00:00+00:00
[2026-08-12T04:42:00.870+0000] {processor.py:208} INFO - Processing /home/airflow/.local/lib/python3.12/site-packages/airflow/example_dags/tutorial.py took 0.098 seconds
[2026-08-12T04:42:31.810+0000] {processor.py:186} INFO - Started process (PID=1210) to work on /home/airflow/.local/lib/python3.12/site-packages/airflow/example_dags/tutorial.py
[2026-08-12T04:42:31.811+0000] {processor.py:914} INFO - Processing file /home/airflow/.local/lib/python3.12/site-packages/airflow/example_dags/tutorial.py for tasks to queue
[2026-08-12T04:42:31.814+0000] {logging_mixin.py:190} INFO - [2026-08-12T04:42:31.814+0000] {dagbag.py:587} INFO - Filling up the DagBag from /home/airflow/.local/lib/python3.12/site-packages/airflow/example_dags/tutorial.py
[2026-08-12T04:42:31.822+0000] {processor.py:925} INFO - DAG(s) 'tutorial' retrieved from /home/airflow/.local/lib/python3.12/site-packages/airflow/example_dags/tutorial.py
[2026-08-12T04:42:31.841+0000] {logging_mixin.py:190} INFO - [2026-08-12T04:42:31.841+0000] {dag.py:3211} INFO - Sync 1 DAGs
[2026-08-12T04:42:31.860+0000] {logging_mixin.py:190} INFO - [2026-08-12T04:42:31.860+0000] {dag.py:4138} INFO - Setting next_dagrun for tutorial to 2026-08-11 00:00:00+00:00, run_after=2026-08-12 00:00:00+00:00
[2026-08-12T04:42:31.883+0000] {processor.py:208} INFO - Processing /home/airflow/.local/lib/python3.12/site-packages/airflow/example_dags/tutorial.py took 0.079 seconds
[2026-08-12T04:43:02.880+0000] {processor.py:186} INFO - Started process (PID=1272) to work on /home/airflow/.local/lib/python3.12/site-packages/airflow/example_dags/tutorial.py
[2026-08-12T04:43:02.883+0000] {processor.py:914} INFO - Processing file /home/airflow/.local/lib/python3.12/site-packages/airflow/example_dags/tutorial.py for tasks to queue
[2026-08-12T04:43:02.887+0000] {logging_mixin.py:190} INFO - [2026-08-12T04:43:02.887+0000] {dagbag.py:587} INFO - Filling up the DagBag from /home/airflow/.local/lib/python3.12/site-packages/airflow/example_dags/tutorial.py
[2026-08-12T04:43:02.898+0000] {processor.py:925} INFO - DAG(s) 'tutorial' retrieved from /home/airflow/.local/lib/python3.12/site-packages/airflow/example_dags/tutorial.py
[2026-08-12T04:43:02.937+0000] {logging_mixin.py:190} INFO - [2026-08-12T04:43:02.937+0000] {dag.py:3211} INFO - Sync 1 DAGs
[2026-08-12T04:43:02.975+0000] {logging_mixin.py:190} INFO - [2026-08-12T04:43:02.975+0000] {dag.py:4138} INFO - Setting next_dagrun for tutorial to 2026-08-11 00:00:00+00:00, run_after=2026-08-12 00:00:00+00:00
[2026-08-12T04:43:03.069+0000] {processor.py:208} INFO - Processing /home/airflow/.local/lib/python3.12/site-packages/airflow/example_dags/tutorial.py took 0.195 seconds
[2026-08-12T04:43:33.966+0000] {processor.py:186} INFO - Started process (PID=1335) to work on /home/airflow/.local/lib/python3.12/site-packages/airflow/example_dags/tutorial.py
[2026-08-12T04:43:33.967+0000] {processor.py:914} INFO - Processing file /home/airflow/.local/lib/python3.12/site-packages/airflow/example_dags/tutorial.py for tasks to queue
[2026-08-12T04:43:33.971+0000] {logging_mixin.py:190} INFO - [2026-08-12T04:43:33.970+0000] {dagbag.py:587} INFO - Filling up the DagBag from /home/airflow/.local/lib/python3.12/site-packages/airflow/example_dags/tutorial.py
[2026-08-12T04:43:33.983+0000] {processor.py:925} INFO - DAG(s) 'tutorial' retrieved from /home/airflow/.local/lib/python3.12/site-packages/airflow/example_dags/tutorial.py
[2026-08-12T04:43:34.024+0000] {logging_mixin.py:190} INFO - [2026-08-12T04:43:34.023+0000] {dag.py:3211} INFO - Sync 1 DAGs
[2026-08-12T04:43:34.054+0000] {logging_mixin.py:190} INFO - [2026-08-12T04:43:34.054+0000] {dag.py:4138} INFO - Setting next_dagrun for tutorial to 2026-08-11 00:00:00+00:00, run_after=2026-08-12 00:00:00+00:00
[2026-08-12T04:43:34.085+0000] {processor.py:208} INFO - Processing /home/airflow/.local/lib/python3.12/site-packages/airflow/example_dags/tutorial.py took 0.126 seconds
[2026-08-12T04:44:04.298+0000] {processor.py:186} INFO - Started process (PID=1397) to work on /home/airflow/.local/lib/python3.12/site-packages/airflow/example_dags/tutorial.py
[2026-08-12T04:44:04.300+0000] {processor.py:914} INFO - Processing file /home/airflow/.local/lib/python3.12/site-packages/airflow/example_dags/tutorial.py for tasks to queue
[2026-08-12T04:44:04.303+0000] {logging_mixin.py:190} INFO - [2026-08-12T04:44:04.303+0000] {dagbag.py:587} INFO - Filling up the DagBag from /home/airflow/.local/lib/python3.12/site-packages/airflow/example_dags/tutorial.py
[2026-08-12T04:44:04.312+0000] {processor.py:925} INFO - DAG(s) 'tutorial' retrieved from /home/airflow/.local/lib/python3.12/site-packages/airflow/example_dags/tutorial.py
[2026-08-12T04:44:04.334+0000] {logging_mixin.py:190} INFO - [2026-08-12T04:44:04.334+0000] {dag.py:3211} INFO - Sync 1 DAGs
[2026-08-12T04:44:04.357+0000] {logging_mixin.py:190} INFO - [2026-08-12T04:44:04.357+0000] {dag.py:4138} INFO - Setting next_dagrun for tutorial to 2026-08-11 00:00:00+00:00, run_after=2026-08-12 00:00:00+00:00
[2026-08-12T04:44:04.382+0000] {processor.py:208} INFO - Processing /home/airflow/.local/lib/python3.12/site-packages/airflow/example_dags/tutorial.py took 0.090 seconds
[2026-08-12T04:44:34.855+0000] {processor.py:186} INFO - Started process (PID=1459) to work on /home/airflow/.local/lib/python3.12/site-packages/airflow/example_dags/tutorial.py
[2026-08-12T04:44:34.857+0000] {processor.py:914} INFO - Processing file /home/airflow/.local/lib/python3.12/site-packages/airflow/example_dags/tutorial.py for tasks to queue
[2026-08-12T04:44:34.860+0000] {logging_mixin.py:190} INFO - [2026-08-12T04:44:34.859+0000] {dagbag.py:587} INFO - Filling up the DagBag from /home/airflow/.local/lib/python3.12/site-packages/airflow/example_dags/tutorial.py
[2026-08-12T04:44:34.868+0000] {processor.py:925} INFO - DAG(s) 'tutorial' retrieved from /home/airflow/.local/lib/python3.12/site-packages/airflow/example_dags/tutorial.py
[2026-08-12T04:44:34.890+0000] {logging_mixin.py:190} INFO - [2026-08-12T04:44:34.890+0000] {dag.py:3211} INFO - Sync 1 DAGs
[2026-08-12T04:44:34.912+0000] {logging_mixin.py:190} INFO - [2026-08-12T04:44:34.912+0000] {dag.py:4138} INFO - Setting next_dagrun for tutorial to 2026-08-11 00:00:00+00:00, run_after=2026-08-12 00:00:00+00:00
[2026-08-12T04:44:34.942+0000] {processor.py:208} INFO - Processing /home/airflow/.local/lib/python3.12/site-packages/airflow/example_dags/tutorial.py took 0.093 seconds
[2026-08-12T04:45:06.268+0000] {processor.py:186} INFO - Started process (PID=1522) to work on /home/airflow/.local/lib/python3.12/site-packages/airflow/example_dags/tutorial.py
[2026-08-12T04:45:06.270+0000] {processor.py:914} INFO - Processing file /home/airflow/.local/lib/python3.12/site-packages/airflow/example_dags/tutorial.py for tasks to queue
[2026-08-12T04:45:06.274+0000] {logging_mixin.py:190} INFO - [2026-08-12T04:45:06.274+0000] {dagbag.py:587} INFO - Filling up the DagBag from /home/airflow/.local/lib/python3.12/site-packages/airflow/example_dags/tutorial.py
[2026-08-12T04:45:06.283+0000] {processor.py:925} INFO - DAG(s) 'tutorial' retrieved from /home/airflow/.local/lib/python3.12/site-packages/airflow/example_dags/tutorial.py
[2026-08-12T04:45:06.308+0000] {logging_mixin.py:190} INFO - [2026-08-12T04:45:06.308+0000] {dag.py:3211} INFO - Sync 1 DAGs
[2026-08-12T04:45:06.333+0000] {logging_mixin.py:190} INFO - [2026-08-12T04:45:06.332+0000] {dag.py:4138} INFO - Setting next_dagrun for tutorial to 2026-08-11 00:00:00+00:00, run_after=2026-08-12 00:00:00+00:00
[2026-08-12T04:45:06.359+0000] {processor.py:208} INFO - Processing /home/airflow/.local/lib/python3.12/site-packages/airflow/example_dags/tutorial.py took 0.097 seconds
[2026-08-12T04:45:37.480+0000] {processor.py:186} INFO - Started process (PID=1584) to work on /home/airflow/.local/lib/python3.12/site-packages/airflow/example_dags/tutorial.py
[2026-08-12T04:45:37.482+0000] {processor.py:914} INFO - Processing file /home/airflow/.local/lib/python3.12/site-packages/airflow/example_dags/tutorial.py for tasks to queue
[2026-08-12T04:45:37.486+0000] {logging_mixin.py:190} INFO - [2026-08-12T04:45:37.486+0000] {dagbag.py:587} INFO - Filling up the DagBag from /home/airflow/.local/lib/python3.12/site-packages/airflow/example_dags/tutorial.py
[2026-08-12T04:45:37.495+0000] {processor.py:925} INFO - DAG(s) 'tutorial' retrieved from /home/airflow/.local/lib/python3.12/site-packages/airflow/example_dags/tutorial.py
[2026-08-12T04:45:37.517+0000] {logging_mixin.py:190} INFO - [2026-08-12T04:45:37.517+0000] {dag.py:3211} INFO - Sync 1 DAGs
[2026-08-12T04:45:37.545+0000] {logging_mixin.py:190} INFO - [2026-08-12T04:45:37.544+0000] {dag.py:4138} INFO - Setting next_dagrun for tutorial to 2026-08-11 00:00:00+00:00, run_after=2026-08-12 00:00:00+00:00
[2026-08-12T04:45:37.568+0000] {processor.py:208} INFO - Processing /home/airflow/.local/lib/python3.12/site-packages/airflow/example_dags/tutorial.py took 0.094 seconds
[2026-08-12T04:46:07.724+0000] {processor.py:186} INFO - Started process (PID=1646) to work on /home/airflow/.local/lib/python3.12/site-packages/airflow/example_dags/tutorial.py
[2026-08-12T04:46:07.726+0000] {processor.py:914} INFO - Processing file /home/airflow/.local/lib/python3.12/site-packages/airflow/example_dags/tutorial.py for tasks to queue
[2026-08-12T04:46:07.729+0000] {logging_mixin.py:190} INFO - [2026-08-12T04:46:07.728+0000] {dagbag.py:587} INFO - Filling up the DagBag from /home/airflow/.local/lib/python3.12/site-packages/airflow/example_dags/tutorial.py
[2026-08-12T04:46:07.738+0000] {processor.py:925} INFO - DAG(s) 'tutorial' retrieved from /home/airflow/.local/lib/python3.12/site-packages/airflow/example_dags/tutorial.py
[2026-08-12T04:46:07.762+0000] {logging_mixin.py:190} INFO - [2026-08-12T04:46:07.762+0000] {dag.py:3211} INFO - Sync 1 DAGs
[2026-08-12T04:46:07.788+0000] {logging_mixin.py:190} INFO - [2026-08-12T04:46:07.788+0000] {dag.py:4138} INFO - Setting next_dagrun for tutorial to 2026-08-11 00:00:00+00:00, run_after=2026-08-12 00:00:00+00:00
[2026-08-12T04:46:07.828+0000] {processor.py:208} INFO - Processing /home/airflow/.local/lib/python3.12/site-packages/airflow/example_dags/tutorial.py took 0.111 seconds
[2026-08-12T04:46:38.318+0000] {processor.py:186} INFO - Started process (PID=1708) to work on /home/airflow/.local/lib/python3.12/site-packages/airflow/example_dags/tutorial.py
[2026-08-12T04:46:38.320+0000] {processor.py:914} INFO - Processing file /home/airflow/.local/lib/python3.12/site-packages/airflow/example_dags/tutorial.py for tasks to queue
[2026-08-12T04:46:38.323+0000] {logging_mixin.py:190} INFO - [2026-08-12T04:46:38.322+0000] {dagbag.py:587} INFO - Filling up the DagBag from /home/airflow/.local/lib/python3.12/site-packages/airflow/example_dags/tutorial.py
[2026-08-12T04:46:38.331+0000] {processor.py:925} INFO - DAG(s) 'tutorial' retrieved from /home/airflow/.local/lib/python3.12/site-packages/airflow/example_dags/tutorial.py
[2026-08-12T04:46:38.353+0000] {logging_mixin.py:190} INFO - [2026-08-12T04:46:38.353+0000] {dag.py:3211} INFO - Sync 1 DAGs
[2026-08-12T04:46:38.376+0000] {logging_mixin.py:190} INFO - [2026-08-12T04:46:38.376+0000] {dag.py:4138} INFO - Setting next_dagrun for tutorial to 2026-08-11 00:00:00+00:00, run_after=2026-08-12 00:00:00+00:00
[2026-08-12T04:46:38.402+0000] {processor.py:208} INFO - Processing /home/airflow/.local/lib/python3.12/site-packages/airflow/example_dags/tutorial.py took 0.090 seconds
[2026-08-12T04:47:09.149+0000] {processor.py:186} INFO - Started process (PID=1770) to work on /home/airflow/.local/lib/python3.12/site-packages/airflow/example_dags/tutorial.py
[2026-08-12T04:47:09.151+0000] {processor.py:914} INFO - Processing file /home/airflow/.local/lib/python3.12/site-packages/airflow/example_dags/tutorial.py for tasks to queue
[2026-08-12T04:47:09.154+0000] {logging_mixin.py:190} INFO - [2026-08-12T04:47:09.153+0000] {dagbag.py:587} INFO - Filling up the DagBag from /home/airflow/.local/lib/python3.12/site-packages/airflow/example_dags/tutorial.py
[2026-08-12T04:47:09.162+0000] {processor.py:925} INFO - DAG(s) 'tutorial' retrieved from /home/airflow/.local/lib/python3.12/site-packages/airflow/example_dags/tutorial.py
[2026-08-12T04:47:09.186+0000] {logging_mixin.py:190} INFO - [2026-08-12T04:47:09.186+0000] {dag.py:3211} INFO - Sync 1 DAGs
[2026-08-12T04:47:09.224+0000] {logging_mixin.py:190} INFO - [2026-08-12T04:47:09.224+0000] {dag.py:4138} INFO - Setting next_dagrun for tutorial to 2026-08-11 00:00:00+00:00, run_after=2026-08-12 00:00:00+00:00
[2026-08-12T04:47:09.249+0000] {processor.py:208} INFO - Processing /home/airflow/.local/lib/python3.12/site-packages/airflow/example_dags/tutorial.py took 0.105 seconds
[2026-08-12T04:47:40.416+0000] {processor.py:186} INFO - Started process (PID=1832) to work on /home/airflow/.local/lib/python3.12/site-packages/airflow/example_dags/tutorial.py
[2026-08-12T04:47:40.418+0000] {processor.py:914} INFO - Processing file /home/airflow/.local/lib/python3.12/site-packages/airflow/example_dags/tutorial.py for tasks to queue
[2026-08-12T04:47:40.421+0000] {logging_mixin.py:190} INFO - [2026-08-12T04:47:40.420+0000] {dagbag.py:587} INFO - Filling up the DagBag from /home/airflow/.local/lib/python3.12/site-packages/airflow/example_dags/tutorial.py
[2026-08-12T04:47:40.429+0000] {processor.py:925} INFO - DAG(s) 'tutorial' retrieved from /home/airflow/.local/lib/python3.12/site-packages/airflow/example_dags/tutorial.py
[2026-08-12T04:47:40.452+0000] {logging_mixin.py:190} INFO - [2026-08-12T04:47:40.452+0000] {dag.py:3211} INFO - Sync 1 DAGs
[2026-08-12T04:47:40.482+0000] {logging_mixin.py:190} INFO - [2026-08-12T04:47:40.482+0000] {dag.py:4138} INFO - Setting next_dagrun for tutorial to 2026-08-11 00:00:00+00:00, run_after=2026-08-12 00:00:00+00:00
[2026-08-12T04:47:40.520+0000] {processor.py:208} INFO - Processing /home/airflow/.local/lib/python3.12/site-packages/airflow/example_dags/tutorial.py took 0.110 seconds
[2026-08-12T04:48:10.611+0000] {processor.py:186} INFO - Started process (PID=1893) to work on /home/airflow/.local/lib/python3.12/site-packages/airflow/example_dags/tutorial.py
[2026-08-12T04:48:10.612+0000] {processor.py:914} INFO - Processing file /home/airflow/.local/lib/python3.12/site-packages/airflow/example_dags/tutorial.py for tasks to queue
[2026-08-12T04:48:10.616+0000] {logging_mixin.py:190} INFO - [2026-08-12T04:48:10.616+0000] {dagbag.py:587} INFO - Filling up the DagBag from /home/airflow/.local/lib/python3.12/site-packages/airflow/example_dags/tutorial.py
[2026-08-12T04:48:10.627+0000] {processor.py:925} INFO - DAG(s) 'tutorial' retrieved from /home/airflow/.local/lib/python3.12/site-packages/airflow/example_dags/tutorial.py
[2026-08-12T04:48:10.653+0000] {logging_mixin.py:190} INFO - [2026-08-12T04:48:10.653+0000] {dag.py:3211} INFO - Sync 1 DAGs
[2026-08-12T04:48:10.679+0000] {logging_mixin.py:190} INFO - [2026-08-12T04:48:10.679+0000] {dag.py:4138} INFO - Setting next_dagrun for tutorial to 2026-08-11 00:00:00+00:00, run_after=2026-08-12 00:00:00+00:00
[2026-08-12T04:48:10.712+0000] {processor.py:208} INFO - Processing /home/airflow/.local/lib/python3.12/site-packages/airflow/example_dags/tutorial.py took 0.113 seconds
