[2026-08-12T04:31:32.070+0000] {processor.py:186} INFO - Started process (PID=87) to work on /home/airflow/.local/lib/python3.12/site-packages/airflow/example_dags/tutorial_taskflow_api.py
[2026-08-12T04:31:32.073+0000] {processor.py:914} INFO - Processing file /home/airflow/.local/lib/python3.12/site-packages/airflow/example_dags/tutorial_taskflow_api.py for tasks to queue
[2026-08-12T04:31:32.077+0000] {logging_mixin.py:190} INFO - [2026-08-12T04:31:32.077+0000] {dagbag.py:587} INFO - Filling up the DagBag from /home/airflow/.local/lib/python3.12/site-packages/airflow/example_dags/tutorial_taskflow_api.py
[2026-08-12T04:31:32.091+0000] {processor.py:925} INFO - DAG(s) 'tutorial_taskflow_api' retrieved from /home/airflow/.local/lib/python3.12/site-packages/airflow/example_dags/tutorial_taskflow_api.py
[2026-08-12T04:31:32.240+0000] {logging_mixin.py:190} INFO - [2026-08-12T04:31:32.239+0000] {override.py:1858} INFO - Created Permission View: can read on DAG:tutorial_taskflow_api
[2026-08-12T04:31:32.258+0000] {logging_mixin.py:190} INFO - [2026-08-12T04:31:32.258+0000] {override.py:1858} INFO - Created Permission View: can edit on DAG:tutorial_taskflow_api
[2026-08-12T04:31:32.275+0000] {logging_mixin.py:190} INFO - [2026-08-12T04:31:32.274+0000] {override.py:1858} INFO - Created Permission View: can delete on DAG:tutorial_taskflow_api
[2026-08-12T04:31:32.289+0000] {logging_mixin.py:190} INFO - [2026-08-12T04:31:32.288+0000] {dag.py:3211} INFO - Sync 1 DAGs
[2026-08-12T04:31:32.305+0000] {logging_mixin.py:190} INFO - [2026-08-12T04:31:32.305+0000] {dag.py:3234} INFO - Creating ORM DAG for tutorial_taskflow_api
[2026-08-12T04:31:32.308+0000] {logging_mixin.py:190} INFO - [2026-08-12T04:31:32.307+0000] {dag.py:4138} INFO - Setting next_dagrun for tutorial_taskflow_api to None, run_after=None
[2026-08-12T04:31:32.339+0000] {processor.py:208} INFO - Processing /home/airflow/.local/lib/python3.12/site-packages/airflow/example_dags/tutorial_taskflow_api.py took 0.279 seconds
[2026-08-12T04:32:02.604+0000] {processor.py:186} INFO - Started process (PID=149) to work on /home/airflow/.local/lib/python3.12/site-packages/airflow/example_dags/tutorial_taskflow_api.py
[2026-08-12T04:32:02.607+0000] {processor.py:914} INFO - Processing file /home/airflow/.local/lib/python3.12/site-packages/airflow/example_dags/tutorial_taskflow_api.py for tasks to queue
[2026-08-12T04:32:02.611+0000] {logging_mixin.py:190} INFO - [2026-08-12T04:32:02.610+0000] {dagbag.py:587} INFO - Filling up the DagBag from /home/airflow/.local/lib/python3.12/site-packages/airflow/example_dags/tutorial_taskflow_api.py
[2026-08-12T04:32:02.624+0000] {processor.py:925} INFO - DAG(s) 'tutorial_taskflow_api' retrieved from /home/airflow/.local/lib/python3.12/site-packages/airflow/example_dags/tutorial_taskflow_api.py
[2026-08-12T04:32:02.648+0000] {logging_mixin.py:190} INFO - [2026-08-12T04:32:02.647+0000] {dag.py:3211} INFO - Sync 1 DAGs
[2026-08-12T04:32:02.664+0000] {logging_mixin.py:190} INFO - [2026-08-12T04:32:02.663+0000] {dag.py:4138} INFO - Setting next_dagrun for tutorial_taskflow_api to None, run_after=None
[2026-08-12T04:32:02.702+0000] {processor.py:208} INFO - Processing /home/airflow/.local/lib/python3.12/site-packages/airflow/example_dags/tutorial_taskflow_api.py took 0.107 seconds
[2026-08-12T04:33:20.140+0000] {processor.py:186} INFO - Started process (PID=74) to work on /home/airflow/.local/lib/python3.12/site-packages/airflow/example_dags/tutorial_taskflow_api.py
[2026-08-12T04:33:20.142+0000] {processor.py:914} INFO - Processing file /home/airflow/.local/lib/python3.12/site-packages/airflow/example_dags/tutorial_taskflow_api.py for tasks to queue
[2026-08-12T04:33:20.147+0000] {logging_mixin.py:190} INFO - [2026-08-12T04:33:20.147+0000] {dagbag.py:587} INFO - Filling up the DagBag from /home/airflow/.local/lib/python3.12/site-packages/airflow/example_dags/tutorial_taskflow_api.py
[2026-08-12T04:33:20.161+0000] {processor.py:925} INFO - DAG(s) 'tutorial_taskflow_api' retrieved from /home/airflow/.local/lib/python3.12/site-packages/airflow/example_dags/tutorial_taskflow_api.py
[2026-08-12T04:33:20.195+0000] {logging_mixin.py:190} INFO - [2026-08-12T04:33:20.194+0000] {dag.py:3211} INFO - Sync 1 DAGs
[2026-08-12T04:33:20.215+0000] {logging_mixin.py:190} INFO - [2026-08-12T04:33:20.215+0000] {dag.py:4138} INFO - Setting next_dagrun for tutorial_taskflow_api to None, run_after=None
[2026-08-12T04:33:20.253+0000] {processor.py:208} INFO - Processing /home/airflow/.local/lib/python3.12/site-packages/airflow/example_dags/tutorial_taskflow_api.py took 0.123 seconds
[2026-08-12T04:33:51.096+0000] {processor.py:186} INFO - Started process (PID=136) to work on /home/airflow/.local/lib/python3.12/site-packages/airflow/example_dags/tutorial_taskflow_api.py
[2026-08-12T04:33:51.098+0000] {processor.py:914} INFO - Processing file /home/airflow/.local/lib/python3.12/site-packages/airflow/example_dags/tutorial_taskflow_api.py for tasks to queue
[2026-08-12T04:33:51.101+0000] {logging_mixin.py:190} INFO - [2026-08-12T04:33:51.101+0000] {dagbag.py:587} INFO - Filling up the DagBag from /home/airflow/.local/lib/python3.12/site-packages/airflow/example_dags/tutorial_taskflow_api.py
[2026-08-12T04:33:51.110+0000] {processor.py:925} INFO - DAG(s) 'tutorial_taskflow_api' retrieved from /home/airflow/.local/lib/python3.12/site-packages/airflow/example_dags/tutorial_taskflow_api.py
[2026-08-12T04:33:51.145+0000] {logging_mixin.py:190} INFO - [2026-08-12T04:33:51.137+0000] {dag.py:3211} INFO - Sync 1 DAGs
[2026-08-12T04:33:51.178+0000] {logging_mixin.py:190} INFO - [2026-08-12T04:33:51.178+0000] {dag.py:4138} INFO - Setting next_dagrun for tutorial_taskflow_api to None, run_after=None
[2026-08-12T04:33:51.218+0000] {processor.py:208} INFO - Processing /home/airflow/.local/lib/python3.12/site-packages/airflow/example_dags/tutorial_taskflow_api.py took 0.129 seconds
[2026-08-12T04:34:21.283+0000] {processor.py:186} INFO - Started process (PID=198) to work on /home/airflow/.local/lib/python3.12/site-packages/airflow/example_dags/tutorial_taskflow_api.py
[2026-08-12T04:34:21.286+0000] {processor.py:914} INFO - Processing file /home/airflow/.local/lib/python3.12/site-packages/airflow/example_dags/tutorial_taskflow_api.py for tasks to queue
[2026-08-12T04:34:21.290+0000] {logging_mixin.py:190} INFO - [2026-08-12T04:34:21.290+0000] {dagbag.py:587} INFO - Filling up the DagBag from /home/airflow/.local/lib/python3.12/site-packages/airflow/example_dags/tutorial_taskflow_api.py
[2026-08-12T04:34:21.303+0000] {processor.py:925} INFO - DAG(s) 'tutorial_taskflow_api' retrieved from /home/airflow/.local/lib/python3.12/site-packages/airflow/example_dags/tutorial_taskflow_api.py
[2026-08-12T04:34:21.327+0000] {logging_mixin.py:190} INFO - [2026-08-12T04:34:21.327+0000] {dag.py:3211} INFO - Sync 1 DAGs
[2026-08-12T04:34:21.343+0000] {logging_mixin.py:190} INFO - [2026-08-12T04:34:21.343+0000] {dag.py:4138} INFO - Setting next_dagrun for tutorial_taskflow_api to None, run_after=None
[2026-08-12T04:34:21.369+0000] {processor.py:208} INFO - Processing /home/airflow/.local/lib/python3.12/site-packages/airflow/example_dags/tutorial_taskflow_api.py took 0.091 seconds
[2026-08-12T04:34:51.510+0000] {processor.py:186} INFO - Started process (PID=259) to work on /home/airflow/.local/lib/python3.12/site-packages/airflow/example_dags/tutorial_taskflow_api.py
[2026-08-12T04:34:51.512+0000] {processor.py:914} INFO - Processing file /home/airflow/.local/lib/python3.12/site-packages/airflow/example_dags/tutorial_taskflow_api.py for tasks to queue
[2026-08-12T04:34:51.516+0000] {logging_mixin.py:190} INFO - [2026-08-12T04:34:51.516+0000] {dagbag.py:587} INFO - Filling up the DagBag from /home/airflow/.local/lib/python3.12/site-packages/airflow/example_dags/tutorial_taskflow_api.py
[2026-08-12T04:34:51.526+0000] {processor.py:925} INFO - DAG(s) 'tutorial_taskflow_api' retrieved from /home/airflow/.local/lib/python3.12/site-packages/airflow/example_dags/tutorial_taskflow_api.py
[2026-08-12T04:34:51.565+0000] {logging_mixin.py:190} INFO - [2026-08-12T04:34:51.564+0000] {dag.py:3211} INFO - Sync 1 DAGs
[2026-08-12T04:34:51.581+0000] {logging_mixin.py:190} INFO - [2026-08-12T04:34:51.581+0000] {dag.py:4138} INFO - Setting next_dagrun for tutorial_taskflow_api to None, run_after=None
[2026-08-12T04:34:51.607+0000] {processor.py:208} INFO - Processing /home/airflow/.local/lib/python3.12/site-packages/airflow/example_dags/tutorial_taskflow_api.py took 0.105 seconds
[2026-08-12T04:35:21.924+0000] {processor.py:186} INFO - Started process (PID=322) to work on /home/airflow/.local/lib/python3.12/site-packages/airflow/example_dags/tutorial_taskflow_api.py
[2026-08-12T04:35:21.926+0000] {processor.py:914} INFO - Processing file /home/airflow/.local/lib/python3.12/site-packages/airflow/example_dags/tutorial_taskflow_api.py for tasks to queue
[2026-08-12T04:35:21.929+0000] {logging_mixin.py:190} INFO - [2026-08-12T04:35:21.928+0000] {dagbag.py:587} INFO - Filling up the DagBag from /home/airflow/.local/lib/python3.12/site-packages/airflow/example_dags/tutorial_taskflow_api.py
[2026-08-12T04:35:21.937+0000] {processor.py:925} INFO - DAG(s) 'tutorial_taskflow_api' retrieved from /home/airflow/.local/lib/python3.12/site-packages/airflow/example_dags/tutorial_taskflow_api.py
[2026-08-12T04:35:21.957+0000] {logging_mixin.py:190} INFO - [2026-08-12T04:35:21.957+0000] {dag.py:3211} INFO - Sync 1 DAGs
[2026-08-12T04:35:21.971+0000] {logging_mixin.py:190} INFO - [2026-08-12T04:35:21.971+0000] {dag.py:4138} INFO - Setting next_dagrun for tutorial_taskflow_api to None, run_after=None
[2026-08-12T04:35:22.007+0000] {processor.py:208} INFO - Processing /home/airflow/.local/lib/python3.12/site-packages/airflow/example_dags/tutorial_taskflow_api.py took 0.089 seconds
[2026-08-12T04:35:52.381+0000] {processor.py:186} INFO - Started process (PID=384) to work on /home/airflow/.local/lib/python3.12/site-packages/airflow/example_dags/tutorial_taskflow_api.py
[2026-08-12T04:35:52.383+0000] {processor.py:914} INFO - Processing file /home/airflow/.local/lib/python3.12/site-packages/airflow/example_dags/tutorial_taskflow_api.py for tasks to queue
[2026-08-12T04:35:52.386+0000] {logging_mixin.py:190} INFO - [2026-08-12T04:35:52.386+0000] {dagbag.py:587} INFO - Filling up the DagBag from /home/airflow/.local/lib/python3.12/site-packages/airflow/example_dags/tutorial_taskflow_api.py
[2026-08-12T04:35:52.396+0000] {processor.py:925} INFO - DAG(s) 'tutorial_taskflow_api' retrieved from /home/airflow/.local/lib/python3.12/site-packages/airflow/example_dags/tutorial_taskflow_api.py
[2026-08-12T04:35:52.417+0000] {logging_mixin.py:190} INFO - [2026-08-12T04:35:52.417+0000] {dag.py:3211} INFO - Sync 1 DAGs
[2026-08-12T04:35:52.434+0000] {logging_mixin.py:190} INFO - [2026-08-12T04:35:52.434+0000] {dag.py:4138} INFO - Setting next_dagrun for tutorial_taskflow_api to None, run_after=None
[2026-08-12T04:35:52.468+0000] {processor.py:208} INFO - Processing /home/airflow/.local/lib/python3.12/site-packages/airflow/example_dags/tutorial_taskflow_api.py took 0.092 seconds
[2026-08-12T04:36:22.873+0000] {processor.py:186} INFO - Started process (PID=446) to work on /home/airflow/.local/lib/python3.12/site-packages/airflow/example_dags/tutorial_taskflow_api.py
[2026-08-12T04:36:22.875+0000] {processor.py:914} INFO - Processing file /home/airflow/.local/lib/python3.12/site-packages/airflow/example_dags/tutorial_taskflow_api.py for tasks to queue
[2026-08-12T04:36:22.878+0000] {logging_mixin.py:190} INFO - [2026-08-12T04:36:22.878+0000] {dagbag.py:587} INFO - Filling up the DagBag from /home/airflow/.local/lib/python3.12/site-packages/airflow/example_dags/tutorial_taskflow_api.py
[2026-08-12T04:36:22.889+0000] {processor.py:925} INFO - DAG(s) 'tutorial_taskflow_api' retrieved from /home/airflow/.local/lib/python3.12/site-packages/airflow/example_dags/tutorial_taskflow_api.py
[2026-08-12T04:36:22.910+0000] {logging_mixin.py:190} INFO - [2026-08-12T04:36:22.910+0000] {dag.py:3211} INFO - Sync 1 DAGs
[2026-08-12T04:36:22.925+0000] {logging_mixin.py:190} INFO - [2026-08-12T04:36:22.925+0000] {dag.py:4138} INFO - Setting next_dagrun for tutorial_taskflow_api to None, run_after=None
[2026-08-12T04:36:22.949+0000] {processor.py:208} INFO - Processing /home/airflow/.local/lib/python3.12/site-packages/airflow/example_dags/tutorial_taskflow_api.py took 0.085 seconds
[2026-08-12T04:36:53.412+0000] {processor.py:186} INFO - Started process (PID=508) to work on /home/airflow/.local/lib/python3.12/site-packages/airflow/example_dags/tutorial_taskflow_api.py
[2026-08-12T04:36:53.414+0000] {processor.py:914} INFO - Processing file /home/airflow/.local/lib/python3.12/site-packages/airflow/example_dags/tutorial_taskflow_api.py for tasks to queue
[2026-08-12T04:36:53.417+0000] {logging_mixin.py:190} INFO - [2026-08-12T04:36:53.417+0000] {dagbag.py:587} INFO - Filling up the DagBag from /home/airflow/.local/lib/python3.12/site-packages/airflow/example_dags/tutorial_taskflow_api.py
[2026-08-12T04:36:53.426+0000] {processor.py:925} INFO - DAG(s) 'tutorial_taskflow_api' retrieved from /home/airflow/.local/lib/python3.12/site-packages/airflow/example_dags/tutorial_taskflow_api.py
[2026-08-12T04:36:53.448+0000] {logging_mixin.py:190} INFO - [2026-08-12T04:36:53.448+0000] {dag.py:3211} INFO - Sync 1 DAGs
[2026-08-12T04:36:53.462+0000] {logging_mixin.py:190} INFO - [2026-08-12T04:36:53.462+0000] {dag.py:4138} INFO - Setting next_dagrun for tutorial_taskflow_api to None, run_after=None
[2026-08-12T04:36:53.487+0000] {processor.py:208} INFO - Processing /home/airflow/.local/lib/python3.12/site-packages/airflow/example_dags/tutorial_taskflow_api.py took 0.081 seconds
[2026-08-12T04:37:23.961+0000] {processor.py:186} INFO - Started process (PID=570) to work on /home/airflow/.local/lib/python3.12/site-packages/airflow/example_dags/tutorial_taskflow_api.py
[2026-08-12T04:37:23.963+0000] {processor.py:914} INFO - Processing file /home/airflow/.local/lib/python3.12/site-packages/airflow/example_dags/tutorial_taskflow_api.py for tasks to queue
[2026-08-12T04:37:23.966+0000] {logging_mixin.py:190} INFO - [2026-08-12T04:37:23.965+0000] {dagbag.py:587} INFO - Filling up the DagBag from /home/airflow/.local/lib/python3.12/site-packages/airflow/example_dags/tutorial_taskflow_api.py
[2026-08-12T04:37:23.975+0000] {processor.py:925} INFO - DAG(s) 'tutorial_taskflow_api' retrieved from /home/airflow/.local/lib/python3.12/site-packages/airflow/example_dags/tutorial_taskflow_api.py
[2026-08-12T04:37:24.001+0000] {logging_mixin.py:190} INFO - [2026-08-12T04:37:24.001+0000] {dag.py:3211} INFO - Sync 1 DAGs
[2026-08-12T04:37:24.021+0000] {logging_mixin.py:190} INFO - [2026-08-12T04:37:24.021+0000] {dag.py:4138} INFO - Setting next_dagrun for tutorial_taskflow_api to None, run_after=None
[2026-08-12T04:37:24.054+0000] {processor.py:208} INFO - Processing /home/airflow/.local/lib/python3.12/site-packages/airflow/example_dags/tutorial_taskflow_api.py took 0.100 seconds
[2026-08-12T04:37:54.891+0000] {processor.py:186} INFO - Started process (PID=633) to work on /home/airflow/.local/lib/python3.12/site-packages/airflow/example_dags/tutorial_taskflow_api.py
[2026-08-12T04:37:54.892+0000] {processor.py:914} INFO - Processing file /home/airflow/.local/lib/python3.12/site-packages/airflow/example_dags/tutorial_taskflow_api.py for tasks to queue
[2026-08-12T04:37:54.897+0000] {logging_mixin.py:190} INFO - [2026-08-12T04:37:54.896+0000] {dagbag.py:587} INFO - Filling up the DagBag from /home/airflow/.local/lib/python3.12/site-packages/airflow/example_dags/tutorial_taskflow_api.py
[2026-08-12T04:37:54.908+0000] {processor.py:925} INFO - DAG(s) 'tutorial_taskflow_api' retrieved from /home/airflow/.local/lib/python3.12/site-packages/airflow/example_dags/tutorial_taskflow_api.py
[2026-08-12T04:37:54.939+0000] {logging_mixin.py:190} INFO - [2026-08-12T04:37:54.939+0000] {dag.py:3211} INFO - Sync 1 DAGs
[2026-08-12T04:37:54.960+0000] {logging_mixin.py:190} INFO - [2026-08-12T04:37:54.960+0000] {dag.py:4138} INFO - Setting next_dagrun for tutorial_taskflow_api to None, run_after=None
[2026-08-12T04:37:54.987+0000] {processor.py:208} INFO - Processing /home/airflow/.local/lib/python3.12/site-packages/airflow/example_dags/tutorial_taskflow_api.py took 0.104 seconds
[2026-08-12T04:38:25.160+0000] {processor.py:186} INFO - Started process (PID=695) to work on /home/airflow/.local/lib/python3.12/site-packages/airflow/example_dags/tutorial_taskflow_api.py
[2026-08-12T04:38:25.162+0000] {processor.py:914} INFO - Processing file /home/airflow/.local/lib/python3.12/site-packages/airflow/example_dags/tutorial_taskflow_api.py for tasks to queue
[2026-08-12T04:38:25.166+0000] {logging_mixin.py:190} INFO - [2026-08-12T04:38:25.165+0000] {dagbag.py:587} INFO - Filling up the DagBag from /home/airflow/.local/lib/python3.12/site-packages/airflow/example_dags/tutorial_taskflow_api.py
[2026-08-12T04:38:25.176+0000] {processor.py:925} INFO - DAG(s) 'tutorial_taskflow_api' retrieved from /home/airflow/.local/lib/python3.12/site-packages/airflow/example_dags/tutorial_taskflow_api.py
[2026-08-12T04:38:25.197+0000] {logging_mixin.py:190} INFO - [2026-08-12T04:38:25.197+0000] {dag.py:3211} INFO - Sync 1 DAGs
[2026-08-12T04:38:25.213+0000] {logging_mixin.py:190} INFO - [2026-08-12T04:38:25.212+0000] {dag.py:4138} INFO - Setting next_dagrun for tutorial_taskflow_api to None, run_after=None
[2026-08-12T04:38:25.238+0000] {processor.py:208} INFO - Processing /home/airflow/.local/lib/python3.12/site-packages/airflow/example_dags/tutorial_taskflow_api.py took 0.083 seconds
[2026-08-12T04:38:55.520+0000] {processor.py:186} INFO - Started process (PID=757) to work on /home/airflow/.local/lib/python3.12/site-packages/airflow/example_dags/tutorial_taskflow_api.py
[2026-08-12T04:38:55.522+0000] {processor.py:914} INFO - Processing file /home/airflow/.local/lib/python3.12/site-packages/airflow/example_dags/tutorial_taskflow_api.py for tasks to queue
[2026-08-12T04:38:55.526+0000] {logging_mixin.py:190} INFO - [2026-08-12T04:38:55.526+0000] {dagbag.py:587} INFO - Filling up the DagBag from /home/airflow/.local/lib/python3.12/site-packages/airflow/example_dags/tutorial_taskflow_api.py
[2026-08-12T04:38:55.540+0000] {processor.py:925} INFO - DAG(s) 'tutorial_taskflow_api' retrieved from /home/airflow/.local/lib/python3.12/site-packages/airflow/example_dags/tutorial_taskflow_api.py
[2026-08-12T04:38:55.564+0000] {logging_mixin.py:190} INFO - [2026-08-12T04:38:55.564+0000] {dag.py:3211} INFO - Sync 1 DAGs
[2026-08-12T04:38:55.586+0000] {logging_mixin.py:190} INFO - [2026-08-12T04:38:55.585+0000] {dag.py:4138} INFO - Setting next_dagrun for tutorial_taskflow_api to None, run_after=None
[2026-08-12T04:38:55.610+0000] {processor.py:208} INFO - Processing /home/airflow/.local/lib/python3.12/site-packages/airflow/example_dags/tutorial_taskflow_api.py took 0.096 seconds
[2026-08-12T04:39:25.885+0000] {processor.py:186} INFO - Started process (PID=819) to work on /home/airflow/.local/lib/python3.12/site-packages/airflow/example_dags/tutorial_taskflow_api.py
[2026-08-12T04:39:25.888+0000] {processor.py:914} INFO - Processing file /home/airflow/.local/lib/python3.12/site-packages/airflow/example_dags/tutorial_taskflow_api.py for tasks to queue
[2026-08-12T04:39:25.891+0000] {logging_mixin.py:190} INFO - [2026-08-12T04:39:25.891+0000] {dagbag.py:587} INFO - Filling up the DagBag from /home/airflow/.local/lib/python3.12/site-packages/airflow/example_dags/tutorial_taskflow_api.py
[2026-08-12T04:39:25.900+0000] {processor.py:925} INFO - DAG(s) 'tutorial_taskflow_api' retrieved from /home/airflow/.local/lib/python3.12/site-packages/airflow/example_dags/tutorial_taskflow_api.py
[2026-08-12T04:39:25.924+0000] {logging_mixin.py:190} INFO - [2026-08-12T04:39:25.924+0000] {dag.py:3211} INFO - Sync 1 DAGs
[2026-08-12T04:39:25.941+0000] {logging_mixin.py:190} INFO - [2026-08-12T04:39:25.941+0000] {dag.py:4138} INFO - Setting next_dagrun for tutorial_taskflow_api to None, run_after=None
[2026-08-12T04:39:25.965+0000] {processor.py:208} INFO - Processing /home/airflow/.local/lib/python3.12/site-packages/airflow/example_dags/tutorial_taskflow_api.py took 0.086 seconds
[2026-08-12T04:39:57.017+0000] {processor.py:186} INFO - Started process (PID=881) to work on /home/airflow/.local/lib/python3.12/site-packages/airflow/example_dags/tutorial_taskflow_api.py
[2026-08-12T04:39:57.019+0000] {processor.py:914} INFO - Processing file /home/airflow/.local/lib/python3.12/site-packages/airflow/example_dags/tutorial_taskflow_api.py for tasks to queue
[2026-08-12T04:39:57.023+0000] {logging_mixin.py:190} INFO - [2026-08-12T04:39:57.023+0000] {dagbag.py:587} INFO - Filling up the DagBag from /home/airflow/.local/lib/python3.12/site-packages/airflow/example_dags/tutorial_taskflow_api.py
[2026-08-12T04:39:57.031+0000] {processor.py:925} INFO - DAG(s) 'tutorial_taskflow_api' retrieved from /home/airflow/.local/lib/python3.12/site-packages/airflow/example_dags/tutorial_taskflow_api.py
[2026-08-12T04:39:57.067+0000] {logging_mixin.py:190} INFO - [2026-08-12T04:39:57.067+0000] {dag.py:3211} INFO - Sync 1 DAGs
[2026-08-12T04:39:57.082+0000] {logging_mixin.py:190} INFO - [2026-08-12T04:39:57.082+0000] {dag.py:4138} INFO - Setting next_dagrun for tutorial_taskflow_api to None, run_after=None
[2026-08-12T04:39:57.112+0000] {processor.py:208} INFO - Processing /home/airflow/.local/lib/python3.12/site-packages/airflow/example_dags/tutorial_taskflow_api.py took 0.101 seconds
[2026-08-12T04:40:27.332+0000] {processor.py:186} INFO - Started process (PID=943) to work on /home/airflow/.local/lib/python3.12/site-packages/airflow/example_dags/tutorial_taskflow_api.py
[2026-08-12T04:40:27.333+0000] {processor.py:914} INFO - Processing file /home/airflow/.local/lib/python3.12/site-packages/airflow/example_dags/tutorial_taskflow_api.py for tasks to queue
[2026-08-12T04:40:27.336+0000] {logging_mixin.py:190} INFO - [2026-08-12T04:40:27.336+0000] {dagbag.py:587} INFO - Filling up the DagBag from /home/airflow/.local/lib/python3.12/site-packages/airflow/example_dags/tutorial_taskflow_api.py
[2026-08-12T04:40:27.345+0000] {processor.py:925} INFO - DAG(s) 'tutorial_taskflow_api' retrieved from /home/airflow/.local/lib/python3.12/site-packages/airflow/example_dags/tutorial_taskflow_api.py
[2026-08-12T04:40:27.367+0000] {logging_mixin.py:190} INFO - [2026-08-12T04:40:27.366+0000] {dag.py:3211} INFO - Sync 1 DAGs
[2026-08-12T04:40:27.380+0000] {logging_mixin.py:190} INFO - [2026-08-12T04:40:27.380+0000] {dag.py:4138} INFO - Setting next_dagrun for tutorial_taskflow_api to None, run_after=None
[2026-08-12T04:40:27.409+0000] {processor.py:208} INFO - Processing /home/airflow/.local/lib/python3.12/site-packages/airflow/example_dags/tutorial_taskflow_api.py took 0.082 seconds
[2026-08-12T04:40:57.837+0000] {processor.py:186} INFO - Started process (PID=1005) to work on /home/airflow/.local/lib/python3.12/site-packages/airflow/example_dags/tutorial_taskflow_api.py
[2026-08-12T04:40:57.839+0000] {processor.py:914} INFO - Processing file /home/airflow/.local/lib/python3.12/site-packages/airflow/example_dags/tutorial_taskflow_api.py for tasks to queue
[2026-08-12T04:40:57.842+0000] {logging_mixin.py:190} INFO - [2026-08-12T04:40:57.842+0000] {dagbag.py:587} INFO - Filling up the DagBag from /home/airflow/.local/lib/python3.12/site-packages/airflow/example_dags/tutorial_taskflow_api.py
[2026-08-12T04:40:57.852+0000] {processor.py:925} INFO - DAG(s) 'tutorial_taskflow_api' retrieved from /home/airflow/.local/lib/python3.12/site-packages/airflow/example_dags/tutorial_taskflow_api.py
[2026-08-12T04:40:57.873+0000] {logging_mixin.py:190} INFO - [2026-08-12T04:40:57.873+0000] {dag.py:3211} INFO - Sync 1 DAGs
[2026-08-12T04:40:57.888+0000] {logging_mixin.py:190} INFO - [2026-08-12T04:40:57.888+0000] {dag.py:4138} INFO - Setting next_dagrun for tutorial_taskflow_api to None, run_after=None
[2026-08-12T04:40:57.917+0000] {processor.py:208} INFO - Processing /home/airflow/.local/lib/python3.12/site-packages/airflow/example_dags/tutorial_taskflow_api.py took 0.085 seconds
[2026-08-12T04:41:28.380+0000] {processor.py:186} INFO - Started process (PID=1067) to work on /home/airflow/.local/lib/python3.12/site-packages/airflow/example_dags/tutorial_taskflow_api.py
[2026-08-12T04:41:28.382+0000] {processor.py:914} INFO - Processing file /home/airflow/.local/lib/python3.12/site-packages/airflow/example_dags/tutorial_taskflow_api.py for tasks to queue
[2026-08-12T04:41:28.386+0000] {logging_mixin.py:190} INFO - [2026-08-12T04:41:28.386+0000] {dagbag.py:587} INFO - Filling up the DagBag from /home/airflow/.local/lib/python3.12/site-packages/airflow/example_dags/tutorial_taskflow_api.py
[2026-08-12T04:41:28.396+0000] {processor.py:925} INFO - DAG(s) 'tutorial_taskflow_api' retrieved from /home/airflow/.local/lib/python3.12/site-packages/airflow/example_dags/tutorial_taskflow_api.py
[2026-08-12T04:41:28.419+0000] {logging_mixin.py:190} INFO - [2026-08-12T04:41:28.418+0000] {dag.py:3211} INFO - Sync 1 DAGs
[2026-08-12T04:41:28.436+0000] {logging_mixin.py:190} INFO - [2026-08-12T04:41:28.435+0000] {dag.py:4138} INFO - Setting next_dagrun for tutorial_taskflow_api to None, run_after=None
[2026-08-12T04:41:28.461+0000] {processor.py:208} INFO - Processing /home/airflow/.local/lib/python3.12/site-packages/airflow/example_dags/tutorial_taskflow_api.py took 0.089 seconds
[2026-08-12T04:41:59.355+0000] {processor.py:186} INFO - Started process (PID=1129) to work on /home/airflow/.local/lib/python3.12/site-packages/airflow/example_dags/tutorial_taskflow_api.py
[2026-08-12T04:41:59.357+0000] {processor.py:914} INFO - Processing file /home/airflow/.local/lib/python3.12/site-packages/airflow/example_dags/tutorial_taskflow_api.py for tasks to queue
[2026-08-12T04:41:59.361+0000] {logging_mixin.py:190} INFO - [2026-08-12T04:41:59.361+0000] {dagbag.py:587} INFO - Filling up the DagBag from /home/airflow/.local/lib/python3.12/site-packages/airflow/example_dags/tutorial_taskflow_api.py
[2026-08-12T04:41:59.375+0000] {processor.py:925} INFO - DAG(s) 'tutorial_taskflow_api' retrieved from /home/airflow/.local/lib/python3.12/site-packages/airflow/example_dags/tutorial_taskflow_api.py
[2026-08-12T04:41:59.404+0000] {logging_mixin.py:190} INFO - [2026-08-12T04:41:59.404+0000] {dag.py:3211} INFO - Sync 1 DAGs
[2026-08-12T04:41:59.420+0000] {logging_mixin.py:190} INFO - [2026-08-12T04:41:59.420+0000] {dag.py:4138} INFO - Setting next_dagrun for tutorial_taskflow_api to None, run_after=None
[2026-08-12T04:41:59.449+0000] {processor.py:208} INFO - Processing /home/airflow/.local/lib/python3.12/site-packages/airflow/example_dags/tutorial_taskflow_api.py took 0.100 seconds
[2026-08-12T04:42:30.412+0000] {processor.py:186} INFO - Started process (PID=1191) to work on /home/airflow/.local/lib/python3.12/site-packages/airflow/example_dags/tutorial_taskflow_api.py
[2026-08-12T04:42:30.414+0000] {processor.py:914} INFO - Processing file /home/airflow/.local/lib/python3.12/site-packages/airflow/example_dags/tutorial_taskflow_api.py for tasks to queue
[2026-08-12T04:42:30.418+0000] {logging_mixin.py:190} INFO - [2026-08-12T04:42:30.417+0000] {dagbag.py:587} INFO - Filling up the DagBag from /home/airflow/.local/lib/python3.12/site-packages/airflow/example_dags/tutorial_taskflow_api.py
[2026-08-12T04:42:30.427+0000] {processor.py:925} INFO - DAG(s) 'tutorial_taskflow_api' retrieved from /home/airflow/.local/lib/python3.12/site-packages/airflow/example_dags/tutorial_taskflow_api.py
[2026-08-12T04:42:30.451+0000] {logging_mixin.py:190} INFO - [2026-08-12T04:42:30.451+0000] {dag.py:3211} INFO - Sync 1 DAGs
[2026-08-12T04:42:30.465+0000] {logging_mixin.py:190} INFO - [2026-08-12T04:42:30.465+0000] {dag.py:4138} INFO - Setting next_dagrun for tutorial_taskflow_api to None, run_after=None
[2026-08-12T04:42:30.493+0000] {processor.py:208} INFO - Processing /home/airflow/.local/lib/python3.12/site-packages/airflow/example_dags/tutorial_taskflow_api.py took 0.087 seconds
[2026-08-12T04:43:01.399+0000] {processor.py:186} INFO - Started process (PID=1253) to work on /home/airflow/.local/lib/python3.12/site-packages/airflow/example_dags/tutorial_taskflow_api.py
[2026-08-12T04:43:01.401+0000] {processor.py:914} INFO - Processing file /home/airflow/.local/lib/python3.12/site-packages/airflow/example_dags/tutorial_taskflow_api.py for tasks to queue
[2026-08-12T04:43:01.404+0000] {logging_mixin.py:190} INFO - [2026-08-12T04:43:01.403+0000] {dagbag.py:587} INFO - Filling up the DagBag from /home/airflow/.local/lib/python3.12/site-packages/airflow/example_dags/tutorial_taskflow_api.py
[2026-08-12T04:43:01.413+0000] {processor.py:925} INFO - DAG(s) 'tutorial_taskflow_api' retrieved from /home/airflow/.local/lib/python3.12/site-packages/airflow/example_dags/tutorial_taskflow_api.py
[2026-08-12T04:43:01.448+0000] {logging_mixin.py:190} INFO - [2026-08-12T04:43:01.447+0000] {dag.py:3211} INFO - Sync 1 DAGs
[2026-08-12T04:43:01.477+0000] {logging_mixin.py:190} INFO - [2026-08-12T04:43:01.477+0000] {dag.py:4138} INFO - Setting next_dagrun for tutorial_taskflow_api to None, run_after=None
[2026-08-12T04:43:01.529+0000] {processor.py:208} INFO - Processing /home/airflow/.local/lib/python3.12/site-packages/airflow/example_dags/tutorial_taskflow_api.py took 0.136 seconds
[2026-08-12T04:43:32.293+0000] {processor.py:186} INFO - Started process (PID=1315) to work on /home/airflow/.local/lib/python3.12/site-packages/airflow/example_dags/tutorial_taskflow_api.py
[2026-08-12T04:43:32.295+0000] {processor.py:914} INFO - Processing file /home/airflow/.local/lib/python3.12/site-packages/airflow/example_dags/tutorial_taskflow_api.py for tasks to queue
[2026-08-12T04:43:32.300+0000] {logging_mixin.py:190} INFO - [2026-08-12T04:43:32.299+0000] {dagbag.py:587} INFO - Filling up the DagBag from /home/airflow/.local/lib/python3.12/site-packages/airflow/example_dags/tutorial_taskflow_api.py
[2026-08-12T04:43:32.308+0000] {processor.py:925} INFO - DAG(s) 'tutorial_taskflow_api' retrieved from /home/airflow/.local/lib/python3.12/site-packages/airflow/example_dags/tutorial_taskflow_api.py
[2026-08-12T04:43:32.330+0000] {logging_mixin.py:190} INFO - [2026-08-12T04:43:32.330+0000] {dag.py:3211} INFO - Sync 1 DAGs
[2026-08-12T04:43:32.344+0000] {logging_mixin.py:190} INFO - [2026-08-12T04:43:32.344+0000] {dag.py:4138} INFO - Setting next_dagrun for tutorial_taskflow_api to None, run_after=None
[2026-08-12T04:43:32.374+0000] {processor.py:208} INFO - Processing /home/airflow/.local/lib/python3.12/site-packages/airflow/example_dags/tutorial_taskflow_api.py took 0.089 seconds
[2026-08-12T04:44:03.035+0000] {processor.py:186} INFO - Started process (PID=1377) to work on /home/airflow/.local/lib/python3.12/site-packages/airflow/example_dags/tutorial_taskflow_api.py
[2026-08-12T04:44:03.037+0000] {processor.py:914} INFO - Processing file /home/airflow/.local/lib/python3.12/site-packages/airflow/example_dags/tutorial_taskflow_api.py for tasks to queue
[2026-08-12T04:44:03.040+0000] {logging_mixin.py:190} INFO - [2026-08-12T04:44:03.039+0000] {dagbag.py:587} INFO - Filling up the DagBag from /home/airflow/.local/lib/python3.12/site-packages/airflow/example_dags/tutorial_taskflow_api.py
[2026-08-12T04:44:03.050+0000] {processor.py:925} INFO - DAG(s) 'tutorial_taskflow_api' retrieved from /home/airflow/.local/lib/python3.12/site-packages/airflow/example_dags/tutorial_taskflow_api.py
[2026-08-12T04:44:03.070+0000] {logging_mixin.py:190} INFO - [2026-08-12T04:44:03.070+0000] {dag.py:3211} INFO - Sync 1 DAGs
[2026-08-12T04:44:03.086+0000] {logging_mixin.py:190} INFO - [2026-08-12T04:44:03.086+0000] {dag.py:4138} INFO - Setting next_dagrun for tutorial_taskflow_api to None, run_after=None
[2026-08-12T04:44:03.110+0000] {processor.py:208} INFO - Processing /home/airflow/.local/lib/python3.12/site-packages/airflow/example_dags/tutorial_taskflow_api.py took 0.080 seconds
[2026-08-12T04:44:33.500+0000] {processor.py:186} INFO - Started process (PID=1440) to work on /home/airflow/.local/lib/python3.12/site-packages/airflow/example_dags/tutorial_taskflow_api.py
[2026-08-12T04:44:33.501+0000] {processor.py:914} INFO - Processing file /home/airflow/.local/lib/python3.12/site-packages/airflow/example_dags/tutorial_taskflow_api.py for tasks to queue
[2026-08-12T04:44:33.505+0000] {logging_mixin.py:190} INFO - [2026-08-12T04:44:33.504+0000] {dagbag.py:587} INFO - Filling up the DagBag from /home/airflow/.local/lib/python3.12/site-packages/airflow/example_dags/tutorial_taskflow_api.py
[2026-08-12T04:44:33.513+0000] {processor.py:925} INFO - DAG(s) 'tutorial_taskflow_api' retrieved from /home/airflow/.local/lib/python3.12/site-packages/airflow/example_dags/tutorial_taskflow_api.py
[2026-08-12T04:44:33.546+0000] {logging_mixin.py:190} INFO - [2026-08-12T04:44:33.545+0000] {dag.py:3211} INFO - Sync 1 DAGs
[2026-08-12T04:44:33.562+0000] {logging_mixin.py:190} INFO - [2026-08-12T04:44:33.562+0000] {dag.py:4138} INFO - Setting next_dagrun for tutorial_taskflow_api to None, run_after=None
[2026-08-12T04:44:33.600+0000] {processor.py:208} INFO - Processing /home/airflow/.local/lib/python3.12/site-packages/airflow/example_dags/tutorial_taskflow_api.py took 0.105 seconds
[2026-08-12T04:45:04.700+0000] {processor.py:186} INFO - Started process (PID=1502) to work on /home/airflow/.local/lib/python3.12/site-packages/airflow/example_dags/tutorial_taskflow_api.py
[2026-08-12T04:45:04.702+0000] {processor.py:914} INFO - Processing file /home/airflow/.local/lib/python3.12/site-packages/airflow/example_dags/tutorial_taskflow_api.py for tasks to queue
[2026-08-12T04:45:04.710+0000] {logging_mixin.py:190} INFO - [2026-08-12T04:45:04.709+0000] {dagbag.py:587} INFO - Filling up the DagBag from /home/airflow/.local/lib/python3.12/site-packages/airflow/example_dags/tutorial_taskflow_api.py
[2026-08-12T04:45:04.726+0000] {processor.py:925} INFO - DAG(s) 'tutorial_taskflow_api' retrieved from /home/airflow/.local/lib/python3.12/site-packages/airflow/example_dags/tutorial_taskflow_api.py
[2026-08-12T04:45:04.752+0000] {logging_mixin.py:190} INFO - [2026-08-12T04:45:04.751+0000] {dag.py:3211} INFO - Sync 1 DAGs
[2026-08-12T04:45:04.767+0000] {logging_mixin.py:190} INFO - [2026-08-12T04:45:04.767+0000] {dag.py:4138} INFO - Setting next_dagrun for tutorial_taskflow_api to None, run_after=None
[2026-08-12T04:45:04.797+0000] {processor.py:208} INFO - Processing /home/airflow/.local/lib/python3.12/site-packages/airflow/example_dags/tutorial_taskflow_api.py took 0.101 seconds
[2026-08-12T04:45:35.815+0000] {processor.py:186} INFO - Started process (PID=1564) to work on /home/airflow/.local/lib/python3.12/site-packages/airflow/example_dags/tutorial_taskflow_api.py
[2026-08-12T04:45:35.821+0000] {processor.py:914} INFO - Processing file /home/airflow/.local/lib/python3.12/site-packages/airflow/example_dags/tutorial_taskflow_api.py for tasks to queue
[2026-08-12T04:45:35.825+0000] {logging_mixin.py:190} INFO - [2026-08-12T04:45:35.824+0000] {dagbag.py:587} INFO - Filling up the DagBag from /home/airflow/.local/lib/python3.12/site-packages/airflow/example_dags/tutorial_taskflow_api.py
[2026-08-12T04:45:35.836+0000] {processor.py:925} INFO - DAG(s) 'tutorial_taskflow_api' retrieved from /home/airflow/.local/lib/python3.12/site-packages/airflow/example_dags/tutorial_taskflow_api.py
[2026-08-12T04:45:35.859+0000] {logging_mixin.py:190} INFO - [2026-08-12T04:45:35.859+0000] {dag.py:3211} INFO - Sync 1 DAGs
[2026-08-12T04:45:35.874+0000] {logging_mixin.py:190} INFO - [2026-08-12T04:45:35.874+0000] {dag.py:4138} INFO - Setting next_dagrun for tutorial_taskflow_api to None, run_after=None
[2026-08-12T04:45:35.903+0000] {processor.py:208} INFO - Processing /home/airflow/.local/lib/python3.12/site-packages/airflow/example_dags/tutorial_taskflow_api.py took 0.096 seconds
[2026-08-12T04:46:06.011+0000] {processor.py:186} INFO - Started process (PID=1626) to work on /home/airflow/.local/lib/python3.12/site-packages/airflow/example_dags/tutorial_taskflow_api.py
[2026-08-12T04:46:06.013+0000] {processor.py:914} INFO - Processing file /home/airflow/.local/lib/python3.12/site-packages/airflow/example_dags/tutorial_taskflow_api.py for tasks to queue
[2026-08-12T04:46:06.016+0000] {logging_mixin.py:190} INFO - [2026-08-12T04:46:06.016+0000] {dagbag.py:587} INFO - Filling up the DagBag from /home/airflow/.local/lib/python3.12/site-packages/airflow/example_dags/tutorial_taskflow_api.py
[2026-08-12T04:46:06.026+0000] {processor.py:925} INFO - DAG(s) 'tutorial_taskflow_api' retrieved from /home/airflow/.local/lib/python3.12/site-packages/airflow/example_dags/tutorial_taskflow_api.py
[2026-08-12T04:46:06.054+0000] {logging_mixin.py:190} INFO - [2026-08-12T04:46:06.053+0000] {dag.py:3211} INFO - Sync 1 DAGs
[2026-08-12T04:46:06.069+0000] {logging_mixin.py:190} INFO - [2026-08-12T04:46:06.068+0000] {dag.py:4138} INFO - Setting next_dagrun for tutorial_taskflow_api to None, run_after=None
[2026-08-12T04:46:06.097+0000] {processor.py:208} INFO - Processing /home/airflow/.local/lib/python3.12/site-packages/airflow/example_dags/tutorial_taskflow_api.py took 0.092 seconds
[2026-08-12T04:46:36.577+0000] {processor.py:186} INFO - Started process (PID=1688) to work on /home/airflow/.local/lib/python3.12/site-packages/airflow/example_dags/tutorial_taskflow_api.py
[2026-08-12T04:46:36.579+0000] {processor.py:914} INFO - Processing file /home/airflow/.local/lib/python3.12/site-packages/airflow/example_dags/tutorial_taskflow_api.py for tasks to queue
[2026-08-12T04:46:36.582+0000] {logging_mixin.py:190} INFO - [2026-08-12T04:46:36.582+0000] {dagbag.py:587} INFO - Filling up the DagBag from /home/airflow/.local/lib/python3.12/site-packages/airflow/example_dags/tutorial_taskflow_api.py
[2026-08-12T04:46:36.590+0000] {processor.py:925} INFO - DAG(s) 'tutorial_taskflow_api' retrieved from /home/airflow/.local/lib/python3.12/site-packages/airflow/example_dags/tutorial_taskflow_api.py
[2026-08-12T04:46:36.614+0000] {logging_mixin.py:190} INFO - [2026-08-12T04:46:36.614+0000] {dag.py:3211} INFO - Sync 1 DAGs
[2026-08-12T04:46:36.630+0000] {logging_mixin.py:190} INFO - [2026-08-12T04:46:36.629+0000] {dag.py:4138} INFO - Setting next_dagrun for tutorial_taskflow_api to None, run_after=None
[2026-08-12T04:46:36.655+0000] {processor.py:208} INFO - Processing /home/airflow/.local/lib/python3.12/site-packages/airflow/example_dags/tutorial_taskflow_api.py took 0.085 seconds
[2026-08-12T04:47:07.165+0000] {processor.py:186} INFO - Started process (PID=1750) to work on /home/airflow/.local/lib/python3.12/site-packages/airflow/example_dags/tutorial_taskflow_api.py
[2026-08-12T04:47:07.167+0000] {processor.py:914} INFO - Processing file /home/airflow/.local/lib/python3.12/site-packages/airflow/example_dags/tutorial_taskflow_api.py for tasks to queue
[2026-08-12T04:47:07.171+0000] {logging_mixin.py:190} INFO - [2026-08-12T04:47:07.171+0000] {dagbag.py:587} INFO - Filling up the DagBag from /home/airflow/.local/lib/python3.12/site-packages/airflow/example_dags/tutorial_taskflow_api.py
[2026-08-12T04:47:07.183+0000] {processor.py:925} INFO - DAG(s) 'tutorial_taskflow_api' retrieved from /home/airflow/.local/lib/python3.12/site-packages/airflow/example_dags/tutorial_taskflow_api.py
[2026-08-12T04:47:07.208+0000] {logging_mixin.py:190} INFO - [2026-08-12T04:47:07.208+0000] {dag.py:3211} INFO - Sync 1 DAGs
[2026-08-12T04:47:07.223+0000] {logging_mixin.py:190} INFO - [2026-08-12T04:47:07.223+0000] {dag.py:4138} INFO - Setting next_dagrun for tutorial_taskflow_api to None, run_after=None
[2026-08-12T04:47:07.262+0000] {processor.py:208} INFO - Processing /home/airflow/.local/lib/python3.12/site-packages/airflow/example_dags/tutorial_taskflow_api.py took 0.107 seconds
[2026-08-12T04:47:37.451+0000] {processor.py:186} INFO - Started process (PID=1812) to work on /home/airflow/.local/lib/python3.12/site-packages/airflow/example_dags/tutorial_taskflow_api.py
[2026-08-12T04:47:37.452+0000] {processor.py:914} INFO - Processing file /home/airflow/.local/lib/python3.12/site-packages/airflow/example_dags/tutorial_taskflow_api.py for tasks to queue
[2026-08-12T04:47:37.456+0000] {logging_mixin.py:190} INFO - [2026-08-12T04:47:37.455+0000] {dagbag.py:587} INFO - Filling up the DagBag from /home/airflow/.local/lib/python3.12/site-packages/airflow/example_dags/tutorial_taskflow_api.py
[2026-08-12T04:47:37.468+0000] {processor.py:925} INFO - DAG(s) 'tutorial_taskflow_api' retrieved from /home/airflow/.local/lib/python3.12/site-packages/airflow/example_dags/tutorial_taskflow_api.py
[2026-08-12T04:47:37.511+0000] {logging_mixin.py:190} INFO - [2026-08-12T04:47:37.511+0000] {dag.py:3211} INFO - Sync 1 DAGs
[2026-08-12T04:47:37.529+0000] {logging_mixin.py:190} INFO - [2026-08-12T04:47:37.529+0000] {dag.py:4138} INFO - Setting next_dagrun for tutorial_taskflow_api to None, run_after=None
[2026-08-12T04:47:37.561+0000] {processor.py:208} INFO - Processing /home/airflow/.local/lib/python3.12/site-packages/airflow/example_dags/tutorial_taskflow_api.py took 0.116 seconds
[2026-08-12T04:48:07.729+0000] {processor.py:186} INFO - Started process (PID=1873) to work on /home/airflow/.local/lib/python3.12/site-packages/airflow/example_dags/tutorial_taskflow_api.py
[2026-08-12T04:48:07.731+0000] {processor.py:914} INFO - Processing file /home/airflow/.local/lib/python3.12/site-packages/airflow/example_dags/tutorial_taskflow_api.py for tasks to queue
[2026-08-12T04:48:07.734+0000] {logging_mixin.py:190} INFO - [2026-08-12T04:48:07.733+0000] {dagbag.py:587} INFO - Filling up the DagBag from /home/airflow/.local/lib/python3.12/site-packages/airflow/example_dags/tutorial_taskflow_api.py
[2026-08-12T04:48:07.741+0000] {processor.py:925} INFO - DAG(s) 'tutorial_taskflow_api' retrieved from /home/airflow/.local/lib/python3.12/site-packages/airflow/example_dags/tutorial_taskflow_api.py
[2026-08-12T04:48:07.762+0000] {logging_mixin.py:190} INFO - [2026-08-12T04:48:07.762+0000] {dag.py:3211} INFO - Sync 1 DAGs
[2026-08-12T04:48:07.776+0000] {logging_mixin.py:190} INFO - [2026-08-12T04:48:07.776+0000] {dag.py:4138} INFO - Setting next_dagrun for tutorial_taskflow_api to None, run_after=None
[2026-08-12T04:48:07.799+0000] {processor.py:208} INFO - Processing /home/airflow/.local/lib/python3.12/site-packages/airflow/example_dags/tutorial_taskflow_api.py took 0.075 seconds
