[2026-08-12T04:31:32.389+0000] {processor.py:186} INFO - Started process (PID=89) to work on /home/airflow/.local/lib/python3.12/site-packages/airflow/example_dags/tutorial_objectstorage.py
[2026-08-12T04:31:32.392+0000] {processor.py:914} INFO - Processing file /home/airflow/.local/lib/python3.12/site-packages/airflow/example_dags/tutorial_objectstorage.py for tasks to queue
[2026-08-12T04:31:32.410+0000] {logging_mixin.py:190} INFO - [2026-08-12T04:31:32.409+0000] {dagbag.py:587} INFO - Filling up the DagBag from /home/airflow/.local/lib/python3.12/site-packages/airflow/example_dags/tutorial_objectstorage.py
[2026-08-12T04:31:32.433+0000] {processor.py:925} INFO - DAG(s) 'tutorial_objectstorage' retrieved from /home/airflow/.local/lib/python3.12/site-packages/airflow/example_dags/tutorial_objectstorage.py
[2026-08-12T04:31:32.574+0000] {logging_mixin.py:190} INFO - [2026-08-12T04:31:32.573+0000] {override.py:1858} INFO - Created Permission View: can read on DAG:tutorial_objectstorage
[2026-08-12T04:31:32.589+0000] {logging_mixin.py:190} INFO - [2026-08-12T04:31:32.588+0000] {override.py:1858} INFO - Created Permission View: can edit on DAG:tutorial_objectstorage
[2026-08-12T04:31:32.603+0000] {logging_mixin.py:190} INFO - [2026-08-12T04:31:32.602+0000] {override.py:1858} INFO - Created Permission View: can delete on DAG:tutorial_objectstorage
[2026-08-12T04:31:32.604+0000] {logging_mixin.py:190} INFO - [2026-08-12T04:31:32.604+0000] {dag.py:3211} INFO - Sync 1 DAGs
[2026-08-12T04:31:32.617+0000] {logging_mixin.py:190} INFO - [2026-08-12T04:31:32.617+0000] {dag.py:3234} INFO - Creating ORM DAG for tutorial_objectstorage
[2026-08-12T04:31:32.619+0000] {logging_mixin.py:190} INFO - [2026-08-12T04:31:32.619+0000] {dag.py:4138} INFO - Setting next_dagrun for tutorial_objectstorage to None, run_after=None
[2026-08-12T04:31:32.643+0000] {processor.py:208} INFO - Processing /home/airflow/.local/lib/python3.12/site-packages/airflow/example_dags/tutorial_objectstorage.py took 0.265 seconds
[2026-08-12T04:32:02.875+0000] {processor.py:186} INFO - Started process (PID=151) to work on /home/airflow/.local/lib/python3.12/site-packages/airflow/example_dags/tutorial_objectstorage.py
[2026-08-12T04:32:02.876+0000] {processor.py:914} INFO - Processing file /home/airflow/.local/lib/python3.12/site-packages/airflow/example_dags/tutorial_objectstorage.py for tasks to queue
[2026-08-12T04:32:02.880+0000] {logging_mixin.py:190} INFO - [2026-08-12T04:32:02.879+0000] {dagbag.py:587} INFO - Filling up the DagBag from /home/airflow/.local/lib/python3.12/site-packages/airflow/example_dags/tutorial_objectstorage.py
[2026-08-12T04:32:02.904+0000] {processor.py:925} INFO - DAG(s) 'tutorial_objectstorage' retrieved from /home/airflow/.local/lib/python3.12/site-packages/airflow/example_dags/tutorial_objectstorage.py
[2026-08-12T04:32:02.927+0000] {logging_mixin.py:190} INFO - [2026-08-12T04:32:02.927+0000] {dag.py:3211} INFO - Sync 1 DAGs
[2026-08-12T04:32:02.951+0000] {logging_mixin.py:190} INFO - [2026-08-12T04:32:02.947+0000] {dag.py:4138} INFO - Setting next_dagrun for tutorial_objectstorage to None, run_after=None
[2026-08-12T04:32:02.994+0000] {processor.py:208} INFO - Processing /home/airflow/.local/lib/python3.12/site-packages/airflow/example_dags/tutorial_objectstorage.py took 0.124 seconds
[2026-08-12T04:33:20.311+0000] {processor.py:186} INFO - Started process (PID=76) to work on /home/airflow/.local/lib/python3.12/site-packages/airflow/example_dags/tutorial_objectstorage.py
[2026-08-12T04:33:20.313+0000] {processor.py:914} INFO - Processing file /home/airflow/.local/lib/python3.12/site-packages/airflow/example_dags/tutorial_objectstorage.py for tasks to queue
[2026-08-12T04:33:20.317+0000] {logging_mixin.py:190} INFO - [2026-08-12T04:33:20.317+0000] {dagbag.py:587} INFO - Filling up the DagBag from /home/airflow/.local/lib/python3.12/site-packages/airflow/example_dags/tutorial_objectstorage.py
[2026-08-12T04:33:20.330+0000] {processor.py:925} INFO - DAG(s) 'tutorial_objectstorage' retrieved from /home/airflow/.local/lib/python3.12/site-packages/airflow/example_dags/tutorial_objectstorage.py
[2026-08-12T04:33:20.363+0000] {logging_mixin.py:190} INFO - [2026-08-12T04:33:20.362+0000] {dag.py:3211} INFO - Sync 1 DAGs
[2026-08-12T04:33:20.391+0000] {logging_mixin.py:190} INFO - [2026-08-12T04:33:20.390+0000] {dag.py:4138} INFO - Setting next_dagrun for tutorial_objectstorage to None, run_after=None
[2026-08-12T04:33:20.424+0000] {processor.py:208} INFO - Processing /home/airflow/.local/lib/python3.12/site-packages/airflow/example_dags/tutorial_objectstorage.py took 0.122 seconds
[2026-08-12T04:33:51.405+0000] {processor.py:186} INFO - Started process (PID=138) to work on /home/airflow/.local/lib/python3.12/site-packages/airflow/example_dags/tutorial_objectstorage.py
[2026-08-12T04:33:51.407+0000] {processor.py:914} INFO - Processing file /home/airflow/.local/lib/python3.12/site-packages/airflow/example_dags/tutorial_objectstorage.py for tasks to queue
[2026-08-12T04:33:51.411+0000] {logging_mixin.py:190} INFO - [2026-08-12T04:33:51.411+0000] {dagbag.py:587} INFO - Filling up the DagBag from /home/airflow/.local/lib/python3.12/site-packages/airflow/example_dags/tutorial_objectstorage.py
[2026-08-12T04:33:51.423+0000] {processor.py:925} INFO - DAG(s) 'tutorial_objectstorage' retrieved from /home/airflow/.local/lib/python3.12/site-packages/airflow/example_dags/tutorial_objectstorage.py
[2026-08-12T04:33:51.449+0000] {logging_mixin.py:190} INFO - [2026-08-12T04:33:51.449+0000] {dag.py:3211} INFO - Sync 1 DAGs
[2026-08-12T04:33:51.466+0000] {logging_mixin.py:190} INFO - [2026-08-12T04:33:51.466+0000] {dag.py:4138} INFO - Setting next_dagrun for tutorial_objectstorage to None, run_after=None
[2026-08-12T04:33:51.493+0000] {processor.py:208} INFO - Processing /home/airflow/.local/lib/python3.12/site-packages/airflow/example_dags/tutorial_objectstorage.py took 0.094 seconds
[2026-08-12T04:34:21.538+0000] {processor.py:186} INFO - Started process (PID=200) to work on /home/airflow/.local/lib/python3.12/site-packages/airflow/example_dags/tutorial_objectstorage.py
[2026-08-12T04:34:21.539+0000] {processor.py:914} INFO - Processing file /home/airflow/.local/lib/python3.12/site-packages/airflow/example_dags/tutorial_objectstorage.py for tasks to queue
[2026-08-12T04:34:21.543+0000] {logging_mixin.py:190} INFO - [2026-08-12T04:34:21.543+0000] {dagbag.py:587} INFO - Filling up the DagBag from /home/airflow/.local/lib/python3.12/site-packages/airflow/example_dags/tutorial_objectstorage.py
[2026-08-12T04:34:21.554+0000] {processor.py:925} INFO - DAG(s) 'tutorial_objectstorage' retrieved from /home/airflow/.local/lib/python3.12/site-packages/airflow/example_dags/tutorial_objectstorage.py
[2026-08-12T04:34:21.579+0000] {logging_mixin.py:190} INFO - [2026-08-12T04:34:21.578+0000] {dag.py:3211} INFO - Sync 1 DAGs
[2026-08-12T04:34:21.593+0000] {logging_mixin.py:190} INFO - [2026-08-12T04:34:21.593+0000] {dag.py:4138} INFO - Setting next_dagrun for tutorial_objectstorage to None, run_after=None
[2026-08-12T04:34:21.619+0000] {processor.py:208} INFO - Processing /home/airflow/.local/lib/python3.12/site-packages/airflow/example_dags/tutorial_objectstorage.py took 0.087 seconds
[2026-08-12T04:34:51.813+0000] {processor.py:186} INFO - Started process (PID=262) to work on /home/airflow/.local/lib/python3.12/site-packages/airflow/example_dags/tutorial_objectstorage.py
[2026-08-12T04:34:51.815+0000] {processor.py:914} INFO - Processing file /home/airflow/.local/lib/python3.12/site-packages/airflow/example_dags/tutorial_objectstorage.py for tasks to queue
[2026-08-12T04:34:51.819+0000] {logging_mixin.py:190} INFO - [2026-08-12T04:34:51.818+0000] {dagbag.py:587} INFO - Filling up the DagBag from /home/airflow/.local/lib/python3.12/site-packages/airflow/example_dags/tutorial_objectstorage.py
[2026-08-12T04:34:51.832+0000] {processor.py:925} INFO - DAG(s) 'tutorial_objectstorage' retrieved from /home/airflow/.local/lib/python3.12/site-packages/airflow/example_dags/tutorial_objectstorage.py
[2026-08-12T04:34:51.858+0000] {logging_mixin.py:190} INFO - [2026-08-12T04:34:51.858+0000] {dag.py:3211} INFO - Sync 1 DAGs
[2026-08-12T04:34:51.875+0000] {logging_mixin.py:190} INFO - [2026-08-12T04:34:51.874+0000] {dag.py:4138} INFO - Setting next_dagrun for tutorial_objectstorage to None, run_after=None
[2026-08-12T04:34:51.903+0000] {processor.py:208} INFO - Processing /home/airflow/.local/lib/python3.12/site-packages/airflow/example_dags/tutorial_objectstorage.py took 0.099 seconds
[2026-08-12T04:35:22.050+0000] {processor.py:186} INFO - Started process (PID=324) to work on /home/airflow/.local/lib/python3.12/site-packages/airflow/example_dags/tutorial_objectstorage.py
[2026-08-12T04:35:22.052+0000] {processor.py:914} INFO - Processing file /home/airflow/.local/lib/python3.12/site-packages/airflow/example_dags/tutorial_objectstorage.py for tasks to queue
[2026-08-12T04:35:22.055+0000] {logging_mixin.py:190} INFO - [2026-08-12T04:35:22.055+0000] {dagbag.py:587} INFO - Filling up the DagBag from /home/airflow/.local/lib/python3.12/site-packages/airflow/example_dags/tutorial_objectstorage.py
[2026-08-12T04:35:22.065+0000] {processor.py:925} INFO - DAG(s) 'tutorial_objectstorage' retrieved from /home/airflow/.local/lib/python3.12/site-packages/airflow/example_dags/tutorial_objectstorage.py
[2026-08-12T04:35:22.084+0000] {logging_mixin.py:190} INFO - [2026-08-12T04:35:22.084+0000] {dag.py:3211} INFO - Sync 1 DAGs
[2026-08-12T04:35:22.097+0000] {logging_mixin.py:190} INFO - [2026-08-12T04:35:22.097+0000] {dag.py:4138} INFO - Setting next_dagrun for tutorial_objectstorage to None, run_after=None
[2026-08-12T04:35:22.120+0000] {processor.py:208} INFO - Processing /home/airflow/.local/lib/python3.12/site-packages/airflow/example_dags/tutorial_objectstorage.py took 0.076 seconds
[2026-08-12T04:35:52.522+0000] {processor.py:186} INFO - Started process (PID=386) to work on /home/airflow/.local/lib/python3.12/site-packages/airflow/example_dags/tutorial_objectstorage.py
[2026-08-12T04:35:52.524+0000] {processor.py:914} INFO - Processing file /home/airflow/.local/lib/python3.12/site-packages/airflow/example_dags/tutorial_objectstorage.py for tasks to queue
[2026-08-12T04:35:52.528+0000] {logging_mixin.py:190} INFO - [2026-08-12T04:35:52.528+0000] {dagbag.py:587} INFO - Filling up the DagBag from /home/airflow/.local/lib/python3.12/site-packages/airflow/example_dags/tutorial_objectstorage.py
[2026-08-12T04:35:52.538+0000] {processor.py:925} INFO - DAG(s) 'tutorial_objectstorage' retrieved from /home/airflow/.local/lib/python3.12/site-packages/airflow/example_dags/tutorial_objectstorage.py
[2026-08-12T04:35:52.560+0000] {logging_mixin.py:190} INFO - [2026-08-12T04:35:52.559+0000] {dag.py:3211} INFO - Sync 1 DAGs
[2026-08-12T04:35:52.574+0000] {logging_mixin.py:190} INFO - [2026-08-12T04:35:52.574+0000] {dag.py:4138} INFO - Setting next_dagrun for tutorial_objectstorage to None, run_after=None
[2026-08-12T04:35:52.597+0000] {processor.py:208} INFO - Processing /home/airflow/.local/lib/python3.12/site-packages/airflow/example_dags/tutorial_objectstorage.py took 0.083 seconds
[2026-08-12T04:36:22.989+0000] {processor.py:186} INFO - Started process (PID=448) to work on /home/airflow/.local/lib/python3.12/site-packages/airflow/example_dags/tutorial_objectstorage.py
[2026-08-12T04:36:22.990+0000] {processor.py:914} INFO - Processing file /home/airflow/.local/lib/python3.12/site-packages/airflow/example_dags/tutorial_objectstorage.py for tasks to queue
[2026-08-12T04:36:22.994+0000] {logging_mixin.py:190} INFO - [2026-08-12T04:36:22.993+0000] {dagbag.py:587} INFO - Filling up the DagBag from /home/airflow/.local/lib/python3.12/site-packages/airflow/example_dags/tutorial_objectstorage.py
[2026-08-12T04:36:23.003+0000] {processor.py:925} INFO - DAG(s) 'tutorial_objectstorage' retrieved from /home/airflow/.local/lib/python3.12/site-packages/airflow/example_dags/tutorial_objectstorage.py
[2026-08-12T04:36:23.024+0000] {logging_mixin.py:190} INFO - [2026-08-12T04:36:23.024+0000] {dag.py:3211} INFO - Sync 1 DAGs
[2026-08-12T04:36:23.039+0000] {logging_mixin.py:190} INFO - [2026-08-12T04:36:23.039+0000] {dag.py:4138} INFO - Setting next_dagrun for tutorial_objectstorage to None, run_after=None
[2026-08-12T04:36:23.062+0000] {processor.py:208} INFO - Processing /home/airflow/.local/lib/python3.12/site-packages/airflow/example_dags/tutorial_objectstorage.py took 0.079 seconds
[2026-08-12T04:36:53.541+0000] {processor.py:186} INFO - Started process (PID=510) to work on /home/airflow/.local/lib/python3.12/site-packages/airflow/example_dags/tutorial_objectstorage.py
[2026-08-12T04:36:53.543+0000] {processor.py:914} INFO - Processing file /home/airflow/.local/lib/python3.12/site-packages/airflow/example_dags/tutorial_objectstorage.py for tasks to queue
[2026-08-12T04:36:53.546+0000] {logging_mixin.py:190} INFO - [2026-08-12T04:36:53.546+0000] {dagbag.py:587} INFO - Filling up the DagBag from /home/airflow/.local/lib/python3.12/site-packages/airflow/example_dags/tutorial_objectstorage.py
[2026-08-12T04:36:53.559+0000] {processor.py:925} INFO - DAG(s) 'tutorial_objectstorage' retrieved from /home/airflow/.local/lib/python3.12/site-packages/airflow/example_dags/tutorial_objectstorage.py
[2026-08-12T04:36:53.586+0000] {logging_mixin.py:190} INFO - [2026-08-12T04:36:53.585+0000] {dag.py:3211} INFO - Sync 1 DAGs
[2026-08-12T04:36:53.600+0000] {logging_mixin.py:190} INFO - [2026-08-12T04:36:53.600+0000] {dag.py:4138} INFO - Setting next_dagrun for tutorial_objectstorage to None, run_after=None
[2026-08-12T04:36:53.625+0000] {processor.py:208} INFO - Processing /home/airflow/.local/lib/python3.12/site-packages/airflow/example_dags/tutorial_objectstorage.py took 0.102 seconds
[2026-08-12T04:37:24.099+0000] {processor.py:186} INFO - Started process (PID=572) to work on /home/airflow/.local/lib/python3.12/site-packages/airflow/example_dags/tutorial_objectstorage.py
[2026-08-12T04:37:24.102+0000] {processor.py:914} INFO - Processing file /home/airflow/.local/lib/python3.12/site-packages/airflow/example_dags/tutorial_objectstorage.py for tasks to queue
[2026-08-12T04:37:24.106+0000] {logging_mixin.py:190} INFO - [2026-08-12T04:37:24.105+0000] {dagbag.py:587} INFO - Filling up the DagBag from /home/airflow/.local/lib/python3.12/site-packages/airflow/example_dags/tutorial_objectstorage.py
[2026-08-12T04:37:24.118+0000] {processor.py:925} INFO - DAG(s) 'tutorial_objectstorage' retrieved from /home/airflow/.local/lib/python3.12/site-packages/airflow/example_dags/tutorial_objectstorage.py
[2026-08-12T04:37:24.143+0000] {logging_mixin.py:190} INFO - [2026-08-12T04:37:24.143+0000] {dag.py:3211} INFO - Sync 1 DAGs
[2026-08-12T04:37:24.158+0000] {logging_mixin.py:190} INFO - [2026-08-12T04:37:24.157+0000] {dag.py:4138} INFO - Setting next_dagrun for tutorial_objectstorage to None, run_after=None
[2026-08-12T04:37:24.189+0000] {processor.py:208} INFO - Processing /home/airflow/.local/lib/python3.12/site-packages/airflow/example_dags/tutorial_objectstorage.py took 0.101 seconds
[2026-08-12T04:37:55.022+0000] {processor.py:186} INFO - Started process (PID=635) to work on /home/airflow/.local/lib/python3.12/site-packages/airflow/example_dags/tutorial_objectstorage.py
[2026-08-12T04:37:55.023+0000] {processor.py:914} INFO - Processing file /home/airflow/.local/lib/python3.12/site-packages/airflow/example_dags/tutorial_objectstorage.py for tasks to queue
[2026-08-12T04:37:55.026+0000] {logging_mixin.py:190} INFO - [2026-08-12T04:37:55.026+0000] {dagbag.py:587} INFO - Filling up the DagBag from /home/airflow/.local/lib/python3.12/site-packages/airflow/example_dags/tutorial_objectstorage.py
[2026-08-12T04:37:55.036+0000] {processor.py:925} INFO - DAG(s) 'tutorial_objectstorage' retrieved from /home/airflow/.local/lib/python3.12/site-packages/airflow/example_dags/tutorial_objectstorage.py
[2026-08-12T04:37:55.058+0000] {logging_mixin.py:190} INFO - [2026-08-12T04:37:55.057+0000] {dag.py:3211} INFO - Sync 1 DAGs
[2026-08-12T04:37:55.073+0000] {logging_mixin.py:190} INFO - [2026-08-12T04:37:55.072+0000] {dag.py:4138} INFO - Setting next_dagrun for tutorial_objectstorage to None, run_after=None
[2026-08-12T04:37:55.099+0000] {processor.py:208} INFO - Processing /home/airflow/.local/lib/python3.12/site-packages/airflow/example_dags/tutorial_objectstorage.py took 0.083 seconds
[2026-08-12T04:38:25.323+0000] {processor.py:186} INFO - Started process (PID=697) to work on /home/airflow/.local/lib/python3.12/site-packages/airflow/example_dags/tutorial_objectstorage.py
[2026-08-12T04:38:25.324+0000] {processor.py:914} INFO - Processing file /home/airflow/.local/lib/python3.12/site-packages/airflow/example_dags/tutorial_objectstorage.py for tasks to queue
[2026-08-12T04:38:25.328+0000] {logging_mixin.py:190} INFO - [2026-08-12T04:38:25.327+0000] {dagbag.py:587} INFO - Filling up the DagBag from /home/airflow/.local/lib/python3.12/site-packages/airflow/example_dags/tutorial_objectstorage.py
[2026-08-12T04:38:25.340+0000] {processor.py:925} INFO - DAG(s) 'tutorial_objectstorage' retrieved from /home/airflow/.local/lib/python3.12/site-packages/airflow/example_dags/tutorial_objectstorage.py
[2026-08-12T04:38:25.363+0000] {logging_mixin.py:190} INFO - [2026-08-12T04:38:25.363+0000] {dag.py:3211} INFO - Sync 1 DAGs
[2026-08-12T04:38:25.386+0000] {logging_mixin.py:190} INFO - [2026-08-12T04:38:25.386+0000] {dag.py:4138} INFO - Setting next_dagrun for tutorial_objectstorage to None, run_after=None
[2026-08-12T04:38:25.412+0000] {processor.py:208} INFO - Processing /home/airflow/.local/lib/python3.12/site-packages/airflow/example_dags/tutorial_objectstorage.py took 0.096 seconds
[2026-08-12T04:38:55.716+0000] {processor.py:186} INFO - Started process (PID=759) to work on /home/airflow/.local/lib/python3.12/site-packages/airflow/example_dags/tutorial_objectstorage.py
[2026-08-12T04:38:55.718+0000] {processor.py:914} INFO - Processing file /home/airflow/.local/lib/python3.12/site-packages/airflow/example_dags/tutorial_objectstorage.py for tasks to queue
[2026-08-12T04:38:55.722+0000] {logging_mixin.py:190} INFO - [2026-08-12T04:38:55.721+0000] {dagbag.py:587} INFO - Filling up the DagBag from /home/airflow/.local/lib/python3.12/site-packages/airflow/example_dags/tutorial_objectstorage.py
[2026-08-12T04:38:55.733+0000] {processor.py:925} INFO - DAG(s) 'tutorial_objectstorage' retrieved from /home/airflow/.local/lib/python3.12/site-packages/airflow/example_dags/tutorial_objectstorage.py
[2026-08-12T04:38:55.757+0000] {logging_mixin.py:190} INFO - [2026-08-12T04:38:55.757+0000] {dag.py:3211} INFO - Sync 1 DAGs
[2026-08-12T04:38:55.789+0000] {logging_mixin.py:190} INFO - [2026-08-12T04:38:55.788+0000] {dag.py:4138} INFO - Setting next_dagrun for tutorial_objectstorage to None, run_after=None
[2026-08-12T04:38:55.818+0000] {processor.py:208} INFO - Processing /home/airflow/.local/lib/python3.12/site-packages/airflow/example_dags/tutorial_objectstorage.py took 0.108 seconds
[2026-08-12T04:39:26.053+0000] {processor.py:186} INFO - Started process (PID=821) to work on /home/airflow/.local/lib/python3.12/site-packages/airflow/example_dags/tutorial_objectstorage.py
[2026-08-12T04:39:26.056+0000] {processor.py:914} INFO - Processing file /home/airflow/.local/lib/python3.12/site-packages/airflow/example_dags/tutorial_objectstorage.py for tasks to queue
[2026-08-12T04:39:26.059+0000] {logging_mixin.py:190} INFO - [2026-08-12T04:39:26.059+0000] {dagbag.py:587} INFO - Filling up the DagBag from /home/airflow/.local/lib/python3.12/site-packages/airflow/example_dags/tutorial_objectstorage.py
[2026-08-12T04:39:26.073+0000] {processor.py:925} INFO - DAG(s) 'tutorial_objectstorage' retrieved from /home/airflow/.local/lib/python3.12/site-packages/airflow/example_dags/tutorial_objectstorage.py
[2026-08-12T04:39:26.096+0000] {logging_mixin.py:190} INFO - [2026-08-12T04:39:26.095+0000] {dag.py:3211} INFO - Sync 1 DAGs
[2026-08-12T04:39:26.111+0000] {logging_mixin.py:190} INFO - [2026-08-12T04:39:26.111+0000] {dag.py:4138} INFO - Setting next_dagrun for tutorial_objectstorage to None, run_after=None
[2026-08-12T04:39:26.140+0000] {processor.py:208} INFO - Processing /home/airflow/.local/lib/python3.12/site-packages/airflow/example_dags/tutorial_objectstorage.py took 0.095 seconds
[2026-08-12T04:39:57.166+0000] {processor.py:186} INFO - Started process (PID=883) to work on /home/airflow/.local/lib/python3.12/site-packages/airflow/example_dags/tutorial_objectstorage.py
[2026-08-12T04:39:57.168+0000] {processor.py:914} INFO - Processing file /home/airflow/.local/lib/python3.12/site-packages/airflow/example_dags/tutorial_objectstorage.py for tasks to queue
[2026-08-12T04:39:57.172+0000] {logging_mixin.py:190} INFO - [2026-08-12T04:39:57.171+0000] {dagbag.py:587} INFO - Filling up the DagBag from /home/airflow/.local/lib/python3.12/site-packages/airflow/example_dags/tutorial_objectstorage.py
[2026-08-12T04:39:57.189+0000] {processor.py:925} INFO - DAG(s) 'tutorial_objectstorage' retrieved from /home/airflow/.local/lib/python3.12/site-packages/airflow/example_dags/tutorial_objectstorage.py
[2026-08-12T04:39:57.226+0000] {logging_mixin.py:190} INFO - [2026-08-12T04:39:57.226+0000] {dag.py:3211} INFO - Sync 1 DAGs
[2026-08-12T04:39:57.246+0000] {logging_mixin.py:190} INFO - [2026-08-12T04:39:57.246+0000] {dag.py:4138} INFO - Setting next_dagrun for tutorial_objectstorage to None, run_after=None
[2026-08-12T04:39:57.277+0000] {processor.py:208} INFO - Processing /home/airflow/.local/lib/python3.12/site-packages/airflow/example_dags/tutorial_objectstorage.py took 0.117 seconds
[2026-08-12T04:40:27.453+0000] {processor.py:186} INFO - Started process (PID=944) to work on /home/airflow/.local/lib/python3.12/site-packages/airflow/example_dags/tutorial_objectstorage.py
[2026-08-12T04:40:27.455+0000] {processor.py:914} INFO - Processing file /home/airflow/.local/lib/python3.12/site-packages/airflow/example_dags/tutorial_objectstorage.py for tasks to queue
[2026-08-12T04:40:27.459+0000] {logging_mixin.py:190} INFO - [2026-08-12T04:40:27.459+0000] {dagbag.py:587} INFO - Filling up the DagBag from /home/airflow/.local/lib/python3.12/site-packages/airflow/example_dags/tutorial_objectstorage.py
[2026-08-12T04:40:27.469+0000] {processor.py:925} INFO - DAG(s) 'tutorial_objectstorage' retrieved from /home/airflow/.local/lib/python3.12/site-packages/airflow/example_dags/tutorial_objectstorage.py
[2026-08-12T04:40:27.491+0000] {logging_mixin.py:190} INFO - [2026-08-12T04:40:27.491+0000] {dag.py:3211} INFO - Sync 1 DAGs
[2026-08-12T04:40:27.505+0000] {logging_mixin.py:190} INFO - [2026-08-12T04:40:27.505+0000] {dag.py:4138} INFO - Setting next_dagrun for tutorial_objectstorage to None, run_after=None
[2026-08-12T04:40:27.530+0000] {processor.py:208} INFO - Processing /home/airflow/.local/lib/python3.12/site-packages/airflow/example_dags/tutorial_objectstorage.py took 0.083 seconds
[2026-08-12T04:40:57.958+0000] {processor.py:186} INFO - Started process (PID=1007) to work on /home/airflow/.local/lib/python3.12/site-packages/airflow/example_dags/tutorial_objectstorage.py
[2026-08-12T04:40:57.960+0000] {processor.py:914} INFO - Processing file /home/airflow/.local/lib/python3.12/site-packages/airflow/example_dags/tutorial_objectstorage.py for tasks to queue
[2026-08-12T04:40:57.965+0000] {logging_mixin.py:190} INFO - [2026-08-12T04:40:57.964+0000] {dagbag.py:587} INFO - Filling up the DagBag from /home/airflow/.local/lib/python3.12/site-packages/airflow/example_dags/tutorial_objectstorage.py
[2026-08-12T04:40:57.976+0000] {processor.py:925} INFO - DAG(s) 'tutorial_objectstorage' retrieved from /home/airflow/.local/lib/python3.12/site-packages/airflow/example_dags/tutorial_objectstorage.py
[2026-08-12T04:40:57.998+0000] {logging_mixin.py:190} INFO - [2026-08-12T04:40:57.998+0000] {dag.py:3211} INFO - Sync 1 DAGs
[2026-08-12T04:40:58.012+0000] {logging_mixin.py:190} INFO - [2026-08-12T04:40:58.012+0000] {dag.py:4138} INFO - Setting next_dagrun for tutorial_objectstorage to None, run_after=None
[2026-08-12T04:40:58.038+0000] {processor.py:208} INFO - Processing /home/airflow/.local/lib/python3.12/site-packages/airflow/example_dags/tutorial_objectstorage.py took 0.088 seconds
[2026-08-12T04:41:28.501+0000] {processor.py:186} INFO - Started process (PID=1069) to work on /home/airflow/.local/lib/python3.12/site-packages/airflow/example_dags/tutorial_objectstorage.py
[2026-08-12T04:41:28.503+0000] {processor.py:914} INFO - Processing file /home/airflow/.local/lib/python3.12/site-packages/airflow/example_dags/tutorial_objectstorage.py for tasks to queue
[2026-08-12T04:41:28.506+0000] {logging_mixin.py:190} INFO - [2026-08-12T04:41:28.506+0000] {dagbag.py:587} INFO - Filling up the DagBag from /home/airflow/.local/lib/python3.12/site-packages/airflow/example_dags/tutorial_objectstorage.py
[2026-08-12T04:41:28.518+0000] {processor.py:925} INFO - DAG(s) 'tutorial_objectstorage' retrieved from /home/airflow/.local/lib/python3.12/site-packages/airflow/example_dags/tutorial_objectstorage.py
[2026-08-12T04:41:28.540+0000] {logging_mixin.py:190} INFO - [2026-08-12T04:41:28.540+0000] {dag.py:3211} INFO - Sync 1 DAGs
[2026-08-12T04:41:28.574+0000] {logging_mixin.py:190} INFO - [2026-08-12T04:41:28.574+0000] {dag.py:4138} INFO - Setting next_dagrun for tutorial_objectstorage to None, run_after=None
[2026-08-12T04:41:28.601+0000] {processor.py:208} INFO - Processing /home/airflow/.local/lib/python3.12/site-packages/airflow/example_dags/tutorial_objectstorage.py took 0.107 seconds
[2026-08-12T04:41:59.496+0000] {processor.py:186} INFO - Started process (PID=1131) to work on /home/airflow/.local/lib/python3.12/site-packages/airflow/example_dags/tutorial_objectstorage.py
[2026-08-12T04:41:59.498+0000] {processor.py:914} INFO - Processing file /home/airflow/.local/lib/python3.12/site-packages/airflow/example_dags/tutorial_objectstorage.py for tasks to queue
[2026-08-12T04:41:59.502+0000] {logging_mixin.py:190} INFO - [2026-08-12T04:41:59.501+0000] {dagbag.py:587} INFO - Filling up the DagBag from /home/airflow/.local/lib/python3.12/site-packages/airflow/example_dags/tutorial_objectstorage.py
[2026-08-12T04:41:59.513+0000] {processor.py:925} INFO - DAG(s) 'tutorial_objectstorage' retrieved from /home/airflow/.local/lib/python3.12/site-packages/airflow/example_dags/tutorial_objectstorage.py
[2026-08-12T04:41:59.538+0000] {logging_mixin.py:190} INFO - [2026-08-12T04:41:59.538+0000] {dag.py:3211} INFO - Sync 1 DAGs
[2026-08-12T04:41:59.553+0000] {logging_mixin.py:190} INFO - [2026-08-12T04:41:59.553+0000] {dag.py:4138} INFO - Setting next_dagrun for tutorial_objectstorage to None, run_after=None
[2026-08-12T04:41:59.584+0000] {processor.py:208} INFO - Processing /home/airflow/.local/lib/python3.12/site-packages/airflow/example_dags/tutorial_objectstorage.py took 0.094 seconds
[2026-08-12T04:42:30.549+0000] {processor.py:186} INFO - Started process (PID=1193) to work on /home/airflow/.local/lib/python3.12/site-packages/airflow/example_dags/tutorial_objectstorage.py
[2026-08-12T04:42:30.551+0000] {processor.py:914} INFO - Processing file /home/airflow/.local/lib/python3.12/site-packages/airflow/example_dags/tutorial_objectstorage.py for tasks to queue
[2026-08-12T04:42:30.554+0000] {logging_mixin.py:190} INFO - [2026-08-12T04:42:30.554+0000] {dagbag.py:587} INFO - Filling up the DagBag from /home/airflow/.local/lib/python3.12/site-packages/airflow/example_dags/tutorial_objectstorage.py
[2026-08-12T04:42:30.565+0000] {processor.py:925} INFO - DAG(s) 'tutorial_objectstorage' retrieved from /home/airflow/.local/lib/python3.12/site-packages/airflow/example_dags/tutorial_objectstorage.py
[2026-08-12T04:42:30.589+0000] {logging_mixin.py:190} INFO - [2026-08-12T04:42:30.589+0000] {dag.py:3211} INFO - Sync 1 DAGs
[2026-08-12T04:42:30.604+0000] {logging_mixin.py:190} INFO - [2026-08-12T04:42:30.604+0000] {dag.py:4138} INFO - Setting next_dagrun for tutorial_objectstorage to None, run_after=None
[2026-08-12T04:42:30.627+0000] {processor.py:208} INFO - Processing /home/airflow/.local/lib/python3.12/site-packages/airflow/example_dags/tutorial_objectstorage.py took 0.085 seconds
[2026-08-12T04:43:01.569+0000] {processor.py:186} INFO - Started process (PID=1255) to work on /home/airflow/.local/lib/python3.12/site-packages/airflow/example_dags/tutorial_objectstorage.py
[2026-08-12T04:43:01.571+0000] {processor.py:914} INFO - Processing file /home/airflow/.local/lib/python3.12/site-packages/airflow/example_dags/tutorial_objectstorage.py for tasks to queue
[2026-08-12T04:43:01.574+0000] {logging_mixin.py:190} INFO - [2026-08-12T04:43:01.573+0000] {dagbag.py:587} INFO - Filling up the DagBag from /home/airflow/.local/lib/python3.12/site-packages/airflow/example_dags/tutorial_objectstorage.py
[2026-08-12T04:43:01.585+0000] {processor.py:925} INFO - DAG(s) 'tutorial_objectstorage' retrieved from /home/airflow/.local/lib/python3.12/site-packages/airflow/example_dags/tutorial_objectstorage.py
[2026-08-12T04:43:01.607+0000] {logging_mixin.py:190} INFO - [2026-08-12T04:43:01.607+0000] {dag.py:3211} INFO - Sync 1 DAGs
[2026-08-12T04:43:01.626+0000] {logging_mixin.py:190} INFO - [2026-08-12T04:43:01.626+0000] {dag.py:4138} INFO - Setting next_dagrun for tutorial_objectstorage to None, run_after=None
[2026-08-12T04:43:01.652+0000] {processor.py:208} INFO - Processing /home/airflow/.local/lib/python3.12/site-packages/airflow/example_dags/tutorial_objectstorage.py took 0.090 seconds
[2026-08-12T04:43:32.411+0000] {processor.py:186} INFO - Started process (PID=1317) to work on /home/airflow/.local/lib/python3.12/site-packages/airflow/example_dags/tutorial_objectstorage.py
[2026-08-12T04:43:32.412+0000] {processor.py:914} INFO - Processing file /home/airflow/.local/lib/python3.12/site-packages/airflow/example_dags/tutorial_objectstorage.py for tasks to queue
[2026-08-12T04:43:32.416+0000] {logging_mixin.py:190} INFO - [2026-08-12T04:43:32.416+0000] {dagbag.py:587} INFO - Filling up the DagBag from /home/airflow/.local/lib/python3.12/site-packages/airflow/example_dags/tutorial_objectstorage.py
[2026-08-12T04:43:32.430+0000] {processor.py:925} INFO - DAG(s) 'tutorial_objectstorage' retrieved from /home/airflow/.local/lib/python3.12/site-packages/airflow/example_dags/tutorial_objectstorage.py
[2026-08-12T04:43:32.454+0000] {logging_mixin.py:190} INFO - [2026-08-12T04:43:32.454+0000] {dag.py:3211} INFO - Sync 1 DAGs
[2026-08-12T04:43:32.470+0000] {logging_mixin.py:190} INFO - [2026-08-12T04:43:32.469+0000] {dag.py:4138} INFO - Setting next_dagrun for tutorial_objectstorage to None, run_after=None
[2026-08-12T04:43:32.496+0000] {processor.py:208} INFO - Processing /home/airflow/.local/lib/python3.12/site-packages/airflow/example_dags/tutorial_objectstorage.py took 0.092 seconds
[2026-08-12T04:44:03.149+0000] {processor.py:186} INFO - Started process (PID=1379) to work on /home/airflow/.local/lib/python3.12/site-packages/airflow/example_dags/tutorial_objectstorage.py
[2026-08-12T04:44:03.151+0000] {processor.py:914} INFO - Processing file /home/airflow/.local/lib/python3.12/site-packages/airflow/example_dags/tutorial_objectstorage.py for tasks to queue
[2026-08-12T04:44:03.155+0000] {logging_mixin.py:190} INFO - [2026-08-12T04:44:03.155+0000] {dagbag.py:587} INFO - Filling up the DagBag from /home/airflow/.local/lib/python3.12/site-packages/airflow/example_dags/tutorial_objectstorage.py
[2026-08-12T04:44:03.167+0000] {processor.py:925} INFO - DAG(s) 'tutorial_objectstorage' retrieved from /home/airflow/.local/lib/python3.12/site-packages/airflow/example_dags/tutorial_objectstorage.py
[2026-08-12T04:44:03.189+0000] {logging_mixin.py:190} INFO - [2026-08-12T04:44:03.189+0000] {dag.py:3211} INFO - Sync 1 DAGs
[2026-08-12T04:44:03.204+0000] {logging_mixin.py:190} INFO - [2026-08-12T04:44:03.204+0000] {dag.py:4138} INFO - Setting next_dagrun for tutorial_objectstorage to None, run_after=None
[2026-08-12T04:44:03.241+0000] {processor.py:208} INFO - Processing /home/airflow/.local/lib/python3.12/site-packages/airflow/example_dags/tutorial_objectstorage.py took 0.098 seconds
[2026-08-12T04:44:33.653+0000] {processor.py:186} INFO - Started process (PID=1442) to work on /home/airflow/.local/lib/python3.12/site-packages/airflow/example_dags/tutorial_objectstorage.py
[2026-08-12T04:44:33.654+0000] {processor.py:914} INFO - Processing file /home/airflow/.local/lib/python3.12/site-packages/airflow/example_dags/tutorial_objectstorage.py for tasks to queue
[2026-08-12T04:44:33.658+0000] {logging_mixin.py:190} INFO - [2026-08-12T04:44:33.657+0000] {dagbag.py:587} INFO - Filling up the DagBag from /home/airflow/.local/lib/python3.12/site-packages/airflow/example_dags/tutorial_objectstorage.py
[2026-08-12T04:44:33.670+0000] {processor.py:925} INFO - DAG(s) 'tutorial_objectstorage' retrieved from /home/airflow/.local/lib/python3.12/site-packages/airflow/example_dags/tutorial_objectstorage.py
[2026-08-12T04:44:33.695+0000] {logging_mixin.py:190} INFO - [2026-08-12T04:44:33.695+0000] {dag.py:3211} INFO - Sync 1 DAGs
[2026-08-12T04:44:33.718+0000] {logging_mixin.py:190} INFO - [2026-08-12T04:44:33.718+0000] {dag.py:4138} INFO - Setting next_dagrun for tutorial_objectstorage to None, run_after=None
[2026-08-12T04:44:33.747+0000] {processor.py:208} INFO - Processing /home/airflow/.local/lib/python3.12/site-packages/airflow/example_dags/tutorial_objectstorage.py took 0.101 seconds
[2026-08-12T04:45:04.847+0000] {processor.py:186} INFO - Started process (PID=1504) to work on /home/airflow/.local/lib/python3.12/site-packages/airflow/example_dags/tutorial_objectstorage.py
[2026-08-12T04:45:04.850+0000] {processor.py:914} INFO - Processing file /home/airflow/.local/lib/python3.12/site-packages/airflow/example_dags/tutorial_objectstorage.py for tasks to queue
[2026-08-12T04:45:04.853+0000] {logging_mixin.py:190} INFO - [2026-08-12T04:45:04.853+0000] {dagbag.py:587} INFO - Filling up the DagBag from /home/airflow/.local/lib/python3.12/site-packages/airflow/example_dags/tutorial_objectstorage.py
[2026-08-12T04:45:04.864+0000] {processor.py:925} INFO - DAG(s) 'tutorial_objectstorage' retrieved from /home/airflow/.local/lib/python3.12/site-packages/airflow/example_dags/tutorial_objectstorage.py
[2026-08-12T04:45:04.887+0000] {logging_mixin.py:190} INFO - [2026-08-12T04:45:04.887+0000] {dag.py:3211} INFO - Sync 1 DAGs
[2026-08-12T04:45:04.905+0000] {logging_mixin.py:190} INFO - [2026-08-12T04:45:04.904+0000] {dag.py:4138} INFO - Setting next_dagrun for tutorial_objectstorage to None, run_after=None
[2026-08-12T04:45:04.936+0000] {processor.py:208} INFO - Processing /home/airflow/.local/lib/python3.12/site-packages/airflow/example_dags/tutorial_objectstorage.py took 0.108 seconds
[2026-08-12T04:45:36.079+0000] {processor.py:186} INFO - Started process (PID=1566) to work on /home/airflow/.local/lib/python3.12/site-packages/airflow/example_dags/tutorial_objectstorage.py
[2026-08-12T04:45:36.081+0000] {processor.py:914} INFO - Processing file /home/airflow/.local/lib/python3.12/site-packages/airflow/example_dags/tutorial_objectstorage.py for tasks to queue
[2026-08-12T04:45:36.084+0000] {logging_mixin.py:190} INFO - [2026-08-12T04:45:36.083+0000] {dagbag.py:587} INFO - Filling up the DagBag from /home/airflow/.local/lib/python3.12/site-packages/airflow/example_dags/tutorial_objectstorage.py
[2026-08-12T04:45:36.094+0000] {processor.py:925} INFO - DAG(s) 'tutorial_objectstorage' retrieved from /home/airflow/.local/lib/python3.12/site-packages/airflow/example_dags/tutorial_objectstorage.py
[2026-08-12T04:45:36.114+0000] {logging_mixin.py:190} INFO - [2026-08-12T04:45:36.114+0000] {dag.py:3211} INFO - Sync 1 DAGs
[2026-08-12T04:45:36.129+0000] {logging_mixin.py:190} INFO - [2026-08-12T04:45:36.129+0000] {dag.py:4138} INFO - Setting next_dagrun for tutorial_objectstorage to None, run_after=None
[2026-08-12T04:45:36.155+0000] {processor.py:208} INFO - Processing /home/airflow/.local/lib/python3.12/site-packages/airflow/example_dags/tutorial_objectstorage.py took 0.081 seconds
[2026-08-12T04:46:06.285+0000] {processor.py:186} INFO - Started process (PID=1628) to work on /home/airflow/.local/lib/python3.12/site-packages/airflow/example_dags/tutorial_objectstorage.py
[2026-08-12T04:46:06.288+0000] {processor.py:914} INFO - Processing file /home/airflow/.local/lib/python3.12/site-packages/airflow/example_dags/tutorial_objectstorage.py for tasks to queue
[2026-08-12T04:46:06.292+0000] {logging_mixin.py:190} INFO - [2026-08-12T04:46:06.291+0000] {dagbag.py:587} INFO - Filling up the DagBag from /home/airflow/.local/lib/python3.12/site-packages/airflow/example_dags/tutorial_objectstorage.py
[2026-08-12T04:46:06.307+0000] {processor.py:925} INFO - DAG(s) 'tutorial_objectstorage' retrieved from /home/airflow/.local/lib/python3.12/site-packages/airflow/example_dags/tutorial_objectstorage.py
[2026-08-12T04:46:06.329+0000] {logging_mixin.py:190} INFO - [2026-08-12T04:46:06.329+0000] {dag.py:3211} INFO - Sync 1 DAGs
[2026-08-12T04:46:06.345+0000] {logging_mixin.py:190} INFO - [2026-08-12T04:46:06.344+0000] {dag.py:4138} INFO - Setting next_dagrun for tutorial_objectstorage to None, run_after=None
[2026-08-12T04:46:06.368+0000] {processor.py:208} INFO - Processing /home/airflow/.local/lib/python3.12/site-packages/airflow/example_dags/tutorial_objectstorage.py took 0.090 seconds
[2026-08-12T04:46:36.699+0000] {processor.py:186} INFO - Started process (PID=1690) to work on /home/airflow/.local/lib/python3.12/site-packages/airflow/example_dags/tutorial_objectstorage.py
[2026-08-12T04:46:36.700+0000] {processor.py:914} INFO - Processing file /home/airflow/.local/lib/python3.12/site-packages/airflow/example_dags/tutorial_objectstorage.py for tasks to queue
[2026-08-12T04:46:36.703+0000] {logging_mixin.py:190} INFO - [2026-08-12T04:46:36.703+0000] {dagbag.py:587} INFO - Filling up the DagBag from /home/airflow/.local/lib/python3.12/site-packages/airflow/example_dags/tutorial_objectstorage.py
[2026-08-12T04:46:36.713+0000] {processor.py:925} INFO - DAG(s) 'tutorial_objectstorage' retrieved from /home/airflow/.local/lib/python3.12/site-packages/airflow/example_dags/tutorial_objectstorage.py
[2026-08-12T04:46:36.733+0000] {logging_mixin.py:190} INFO - [2026-08-12T04:46:36.733+0000] {dag.py:3211} INFO - Sync 1 DAGs
[2026-08-12T04:46:36.748+0000] {logging_mixin.py:190} INFO - [2026-08-12T04:46:36.748+0000] {dag.py:4138} INFO - Setting next_dagrun for tutorial_objectstorage to None, run_after=None
[2026-08-12T04:46:36.772+0000] {processor.py:208} INFO - Processing /home/airflow/.local/lib/python3.12/site-packages/airflow/example_dags/tutorial_objectstorage.py took 0.079 seconds
[2026-08-12T04:47:07.416+0000] {processor.py:186} INFO - Started process (PID=1752) to work on /home/airflow/.local/lib/python3.12/site-packages/airflow/example_dags/tutorial_objectstorage.py
[2026-08-12T04:47:07.418+0000] {processor.py:914} INFO - Processing file /home/airflow/.local/lib/python3.12/site-packages/airflow/example_dags/tutorial_objectstorage.py for tasks to queue
[2026-08-12T04:47:07.421+0000] {logging_mixin.py:190} INFO - [2026-08-12T04:47:07.421+0000] {dagbag.py:587} INFO - Filling up the DagBag from /home/airflow/.local/lib/python3.12/site-packages/airflow/example_dags/tutorial_objectstorage.py
[2026-08-12T04:47:07.432+0000] {processor.py:925} INFO - DAG(s) 'tutorial_objectstorage' retrieved from /home/airflow/.local/lib/python3.12/site-packages/airflow/example_dags/tutorial_objectstorage.py
[2026-08-12T04:47:07.453+0000] {logging_mixin.py:190} INFO - [2026-08-12T04:47:07.452+0000] {dag.py:3211} INFO - Sync 1 DAGs
[2026-08-12T04:47:07.468+0000] {logging_mixin.py:190} INFO - [2026-08-12T04:47:07.468+0000] {dag.py:4138} INFO - Setting next_dagrun for tutorial_objectstorage to None, run_after=None
[2026-08-12T04:47:07.492+0000] {processor.py:208} INFO - Processing /home/airflow/.local/lib/python3.12/site-packages/airflow/example_dags/tutorial_objectstorage.py took 0.082 seconds
[2026-08-12T04:47:37.752+0000] {processor.py:186} INFO - Started process (PID=1814) to work on /home/airflow/.local/lib/python3.12/site-packages/airflow/example_dags/tutorial_objectstorage.py
[2026-08-12T04:47:37.754+0000] {processor.py:914} INFO - Processing file /home/airflow/.local/lib/python3.12/site-packages/airflow/example_dags/tutorial_objectstorage.py for tasks to queue
[2026-08-12T04:47:37.757+0000] {logging_mixin.py:190} INFO - [2026-08-12T04:47:37.756+0000] {dagbag.py:587} INFO - Filling up the DagBag from /home/airflow/.local/lib/python3.12/site-packages/airflow/example_dags/tutorial_objectstorage.py
[2026-08-12T04:47:37.768+0000] {processor.py:925} INFO - DAG(s) 'tutorial_objectstorage' retrieved from /home/airflow/.local/lib/python3.12/site-packages/airflow/example_dags/tutorial_objectstorage.py
[2026-08-12T04:47:37.795+0000] {logging_mixin.py:190} INFO - [2026-08-12T04:47:37.794+0000] {dag.py:3211} INFO - Sync 1 DAGs
[2026-08-12T04:47:37.812+0000] {logging_mixin.py:190} INFO - [2026-08-12T04:47:37.812+0000] {dag.py:4138} INFO - Setting next_dagrun for tutorial_objectstorage to None, run_after=None
[2026-08-12T04:47:37.839+0000] {processor.py:208} INFO - Processing /home/airflow/.local/lib/python3.12/site-packages/airflow/example_dags/tutorial_objectstorage.py took 0.092 seconds
[2026-08-12T04:48:07.973+0000] {processor.py:186} INFO - Started process (PID=1876) to work on /home/airflow/.local/lib/python3.12/site-packages/airflow/example_dags/tutorial_objectstorage.py
[2026-08-12T04:48:07.975+0000] {processor.py:914} INFO - Processing file /home/airflow/.local/lib/python3.12/site-packages/airflow/example_dags/tutorial_objectstorage.py for tasks to queue
[2026-08-12T04:48:07.978+0000] {logging_mixin.py:190} INFO - [2026-08-12T04:48:07.978+0000] {dagbag.py:587} INFO - Filling up the DagBag from /home/airflow/.local/lib/python3.12/site-packages/airflow/example_dags/tutorial_objectstorage.py
[2026-08-12T04:48:07.988+0000] {processor.py:925} INFO - DAG(s) 'tutorial_objectstorage' retrieved from /home/airflow/.local/lib/python3.12/site-packages/airflow/example_dags/tutorial_objectstorage.py
[2026-08-12T04:48:08.008+0000] {logging_mixin.py:190} INFO - [2026-08-12T04:48:08.008+0000] {dag.py:3211} INFO - Sync 1 DAGs
[2026-08-12T04:48:08.021+0000] {logging_mixin.py:190} INFO - [2026-08-12T04:48:08.021+0000] {dag.py:4138} INFO - Setting next_dagrun for tutorial_objectstorage to None, run_after=None
[2026-08-12T04:48:08.050+0000] {processor.py:208} INFO - Processing /home/airflow/.local/lib/python3.12/site-packages/airflow/example_dags/tutorial_objectstorage.py took 0.081 seconds
